2026-04-05 13:25:47.081520: I external/local_tsl/tsl/cuda/cudart_stub.cc:32] Could not find cuda drivers on your machine, GPU will not be used.
2026-04-05 13:25:47.085894: I external/local_tsl/tsl/cuda/cudart_stub.cc:32] Could not find cuda drivers on your machine, GPU will not be used.
2026-04-05 13:25:47.129161: I tensorflow/core/platform/cpu_feature_guard.cc:210] This TensorFlow binary is optimized to use available CPU instructions in performance-critical operations.
To enable the following instructions: AVX2 FMA, in other operations, rebuild TensorFlow with the appropriate compiler flags.
2026-04-05 13:25:47.800876: W tensorflow/compiler/tf2tensorrt/utils/py_utils.cc:38] TF-TRT Warning: Could not find TensorRT
2026-04-05 13:25:48.578626: I external/local_xla/xla/stream_executor/cuda/cuda_executor.cc:984] could not open file to read NUMA node: /sys/bus/pci/devices/0000:01:00.0/numa_node
Your kernel may have been built without NUMA support.
2026-04-05 13:25:48.579378: W tensorflow/core/common_runtime/gpu/gpu_device.cc:2251] Cannot dlopen some GPU libraries. Please make sure the missing libraries mentioned above are installed properly if you would like to use GPU. Follow the guide at https://www.tensorflow.org/install/gpu for how to download and setup the required libraries for your platform.
Skipping registering GPU devices...
⏳ Loading models...
❌ Direct load error: <class 'keras.src.models.functional.Functional'> could not be deserialized properly. Please ensure that components that are Python object instances (layers, models, etc.) returned by `get_config()` are explicitly deserialized in the model's `from_config()` method.

config={'module': 'keras.src.models.functional', 'class_name': 'Functional', 'config': {'name': 'CardioRetina_v2', 'trainable': True, 'layers': [{'module': 'keras.layers', 'class_name': 'InputLayer', 'config': {'batch_shape': [None, 240, 240, 3], 'dtype': 'float32', 'sparse': False, 'ragged': False, 'name': 'input_layer_3', 'optional': False}, 'registered_name': None, 'name': 'input_layer_3', 'inbound_nodes': []}, {'module': 'keras.src.models.functional', 'class_name': 'Functional', 'config': {'name': 'efficientnetb1', 'trainable': True, 'layers': [{'module': 'keras.layers', 'class_name': 'InputLayer', 'config': {'batch_shape': [None, 240, 240, 3], 'dtype': 'float32', 'sparse': False, 'ragged': False, 'name': 'input_layer_2', 'optional': False}, 'registered_name': None, 'name': 'input_layer_2', 'inbound_nodes': []}, {'module': 'keras.layers', 'class_name': 'Rescaling', 'config': {'name': 'rescaling_2', 'trainable': False, 'dtype': {'module': 'keras', 'class_name': 'DTypePolicy', 'config': {'name': 'float32'}, 'registered_name': None}, 'scale': 0.00392156862745098, 'offset': 0.0}, 'registered_name': None, 'build_config': {'input_shape': [None, 240, 240, 3]}, 'name': 'rescaling_2', 'inbound_nodes': [{'args': [{'class_name': '__keras_tensor__', 'config': {'shape': [None, 240, 240, 3], 'dtype': 'float32', 'keras_history': ['input_layer_2', 0, 0]}}], 'kwargs': {}}]}, {'module': 'keras.layers', 'class_name': 'Normalization', 'config': {'name': 'normalization_1', 'trainable': False, 'dtype': {'module': 'keras', 'class_name': 'DTypePolicy', 'config': {'name': 'float32'}, 'registered_name': None}, 'axis': [3], 'invert': False, 'mean': None, 'variance': None}, 'registered_name': None, 'build_config': {'input_shape': [None, 240, 240, 3]}, 'name': 'normalization_1', 'inbound_nodes': [{'args': [{'class_name': '__keras_tensor__', 'config': {'shape': [None, 240, 240, 3], 'dtype': 'float32', 'keras_history': ['rescaling_2', 0, 0]}}], 'kwargs': {}}]}, {'module': 'keras.layers', 'class_name': 'Rescaling', 'config': {'name': 'rescaling_3', 'trainable': False, 'dtype': {'module': 'keras', 'class_name': 'DTypePolicy', 'config': {'name': 'float32'}, 'registered_name': None}, 'scale': [2.0896918976428642, 2.1128856368212916, 2.1081851067789197], 'offset': 0.0}, 'registered_name': None, 'build_config': {'input_shape': [None, 240, 240, 3]}, 'name': 'rescaling_3', 'inbound_nodes': [{'args': [{'class_name': '__keras_tensor__', 'config': {'shape': [None, 240, 240, 3], 'dtype': 'float32', 'keras_history': ['normalization_1', 0, 0]}}], 'kwargs': {}}]}, {'module': 'keras.layers', 'class_name': 'ZeroPadding2D', 'config': {'name': 'stem_conv_pad', 'trainable': False, 'dtype': {'module': 'keras', 'class_name': 'DTypePolicy', 'config': {'name': 'float32'}, 'registered_name': None}, 'padding': [[0, 1], [0, 1]], 'data_format': 'channels_last'}, 'registered_name': None, 'build_config': {'input_shape': [None, 240, 240, 3]}, 'name': 'stem_conv_pad', 'inbound_nodes': [{'args': [{'class_name': '__keras_tensor__', 'config': {'shape': [None, 240, 240, 3], 'dtype': 'float32', 'keras_history': ['rescaling_3', 0, 0]}}], 'kwargs': {}}]}, {'module': 'keras.layers', 'class_name': 'Conv2D', 'config': {'name': 'stem_conv', 'trainable': False, 'dtype': {'module': 'keras', 'class_name': 'DTypePolicy', 'config': {'name': 'float32'}, 'registered_name': None}, 'filters': 32, 'kernel_size': [3, 3], 'strides': [2, 2], 'padding': 'valid', 'data_format': 'channels_last', 'dilation_rate': [1, 1], 'groups': 1, 'activation': 'linear', 'use_bias': False, 'kernel_initializer': {'module': 'keras.initializers', 'class_name': 'VarianceScaling', 'config': {'seed': None, 'scale': 2.0, 'mode': 'fan_out', 'distribution': 'truncated_normal'}, 'registered_name': None}, 'bias_initializer': {'module': 'keras.initializers', 'class_name': 'Zeros', 'config': {}, 'registered_name': None}, 'kernel_regularizer': None, 'bias_regularizer': None, 'activity_regularizer': None, 'kernel_constraint': None, 'bias_constraint': None}, 'registered_name': None, 'build_config': {'input_shape': [None, 241, 241, 3]}, 'name': 'stem_conv', 'inbound_nodes': [{'args': [{'class_name': '__keras_tensor__', 'config': {'shape': [None, 241, 241, 3], 'dtype': 'float32', 'keras_history': ['stem_conv_pad', 0, 0]}}], 'kwargs': {}}]}, {'module': 'keras.layers', 'class_name': 'BatchNormalization', 'config': {'name': 'stem_bn', 'trainable': False, 'dtype': {'module': 'keras', 'class_name': 'DTypePolicy', 'config': {'name': 'float32'}, 'registered_name': None}, 'axis': 3, 'momentum': 0.99, 'epsilon': 0.001, 'center': True, 'scale': True, 'beta_initializer': {'module': 'keras.initializers', 'class_name': 'Zeros', 'config': {}, 'registered_name': None}, 'gamma_initializer': {'module': 'keras.initializers', 'class_name': 'Ones', 'config': {}, 'registered_name': None}, 'moving_mean_initializer': {'module': 'keras.initializers', 'class_name': 'Zeros', 'config': {}, 'registered_name': None}, 'moving_variance_initializer': {'module': 'keras.initializers', 'class_name': 'Ones', 'config': {}, 'registered_name': None}, 'beta_regularizer': None, 'gamma_regularizer': None, 'beta_constraint': None, 'gamma_constraint': None, 'synchronized': False}, 'registered_name': None, 'build_config': {'input_shape': [None, 120, 120, 32]}, 'name': 'stem_bn', 'inbound_nodes': [{'args': [{'class_name': '__keras_tensor__', 'config': {'shape': [None, 120, 120, 32], 'dtype': 'float32', 'keras_history': ['stem_conv', 0, 0]}}], 'kwargs': {'mask': None}}]}, {'module': 'keras.layers', 'class_name': 'Activation', 'config': {'name': 'stem_activation', 'trainable': False, 'dtype': {'module': 'keras', 'class_name': 'DTypePolicy', 'config': {'name': 'float32'}, 'registered_name': None}, 'activation': 'silu'}, 'registered_name': None, 'name': 'stem_activation', 'inbound_nodes': [{'args': [{'class_name': '__keras_tensor__', 'config': {'shape': [None, 120, 120, 32], 'dtype': 'float32', 'keras_history': ['stem_bn', 0, 0]}}], 'kwargs': {}}]}, {'module': 'keras.layers', 'class_name': 'DepthwiseConv2D', 'config': {'name': 'block1a_dwconv', 'trainable': False, 'dtype': {'module': 'keras', 'class_name': 'DTypePolicy', 'config': {'name': 'float32'}, 'registered_name': None}, 'depth_multiplier': 1, 'kernel_size': [3, 3], 'strides': [1, 1], 'padding': 'same', 'data_format': 'channels_last', 'dilation_rate': [1, 1], 'activation': 'linear', 'use_bias': False, 'depthwise_initializer': {'module': 'keras.initializers', 'class_name': 'VarianceScaling', 'config': {'seed': None, 'scale': 2.0, 'mode': 'fan_out', 'distribution': 'truncated_normal'}, 'registered_name': None}, 'bias_initializer': {'module': 'keras.initializers', 'class_name': 'Zeros', 'config': {}, 'registered_name': None}, 'depthwise_regularizer': None, 'bias_regularizer': None, 'activity_regularizer': None, 'depthwise_constraint': None, 'bias_constraint': None}, 'registered_name': None, 'build_config': {'input_shape': [None, 120, 120, 32]}, 'name': 'block1a_dwconv', 'inbound_nodes': [{'args': [{'class_name': '__keras_tensor__', 'config': {'shape': [None, 120, 120, 32], 'dtype': 'float32', 'keras_history': ['stem_activation', 0, 0]}}], 'kwargs': {}}]}, {'module': 'keras.layers', 'class_name': 'BatchNormalization', 'config': {'name': 'block1a_bn', 'trainable': False, 'dtype': {'module': 'keras', 'class_name': 'DTypePolicy', 'config': {'name': 'float32'}, 'registered_name': None}, 'axis': 3, 'momentum': 0.99, 'epsilon': 0.001, 'center': True, 'scale': True, 'beta_initializer': {'module': 'keras.initializers', 'class_name': 'Zeros', 'config': {}, 'registered_name': None}, 'gamma_initializer': {'module': 'keras.initializers', 'class_name': 'Ones', 'config': {}, 'registered_name': None}, 'moving_mean_initializer': {'module': 'keras.initializers', 'class_name': 'Zeros', 'config': {}, 'registered_name': None}, 'moving_variance_initializer': {'module': 'keras.initializers', 'class_name': 'Ones', 'config': {}, 'registered_name': None}, 'beta_regularizer': None, 'gamma_regularizer': None, 'beta_constraint': None, 'gamma_constraint': None, 'synchronized': False}, 'registered_name': None, 'build_config': {'input_shape': [None, 120, 120, 32]}, 'name': 'block1a_bn', 'inbound_nodes': [{'args': [{'class_name': '__keras_tensor__', 'config': {'shape': [None, 120, 120, 32], 'dtype': 'float32', 'keras_history': ['block1a_dwconv', 0, 0]}}], 'kwargs': {'mask': None}}]}, {'module': 'keras.layers', 'class_name': 'Activation', 'config': {'name': 'block1a_activation', 'trainable': False, 'dtype': {'module': 'keras', 'class_name': 'DTypePolicy', 'config': {'name': 'float32'}, 'registered_name': None}, 'activation': 'silu'}, 'registered_name': None, 'name': 'block1a_activation', 'inbound_nodes': [{'args': [{'class_name': '__keras_tensor__', 'config': {'shape': [None, 120, 120, 32], 'dtype': 'float32', 'keras_history': ['block1a_bn', 0, 0]}}], 'kwargs': {}}]}, {'module': 'keras.layers', 'class_name': 'GlobalAveragePooling2D', 'config': {'name': 'block1a_se_squeeze', 'trainable': False, 'dtype': {'module': 'keras', 'class_name': 'DTypePolicy', 'config': {'name': 'float32'}, 'registered_name': None}, 'data_format': 'channels_last', 'keepdims': False}, 'registered_name': None, 'name': 'block1a_se_squeeze', 'inbound_nodes': [{'args': [{'class_name': '__keras_tensor__', 'config': {'shape': [None, 120, 120, 32], 'dtype': 'float32', 'keras_history': ['block1a_activation', 0, 0]}}], 'kwargs': {}}]}, {'module': 'keras.layers', 'class_name': 'Reshape', 'config': {'name': 'block1a_se_reshape', 'trainable': False, 'dtype': {'module': 'keras', 'class_name': 'DTypePolicy', 'config': {'name': 'float32'}, 'registered_name': None}, 'target_shape': [1, 1, 32]}, 'registered_name': None, 'name': 'block1a_se_reshape', 'inbound_nodes': [{'args': [{'class_name': '__keras_tensor__', 'config': {'shape': [None, 32], 'dtype': 'float32', 'keras_history': ['block1a_se_squeeze', 0, 0]}}], 'kwargs': {}}]}, {'module': 'keras.layers', 'class_name': 'Conv2D', 'config': {'name': 'block1a_se_reduce', 'trainable': False, 'dtype': {'module': 'keras', 'class_name': 'DTypePolicy', 'config': {'name': 'float32'}, 'registered_name': None}, 'filters': 8, 'kernel_size': [1, 1], 'strides': [1, 1], 'padding': 'same', 'data_format': 'channels_last', 'dilation_rate': [1, 1], 'groups': 1, 'activation': 'silu', 'use_bias': True, 'kernel_initializer': {'module': 'keras.initializers', 'class_name': 'VarianceScaling', 'config': {'seed': None, 'scale': 2.0, 'mode': 'fan_out', 'distribution': 'truncated_normal'}, 'registered_name': None}, 'bias_initializer': {'module': 'keras.initializers', 'class_name': 'Zeros', 'config': {}, 'registered_name': None}, 'kernel_regularizer': None, 'bias_regularizer': None, 'activity_regularizer': None, 'kernel_constraint': None, 'bias_constraint': None}, 'registered_name': None, 'build_config': {'input_shape': [None, 1, 1, 32]}, 'name': 'block1a_se_reduce', 'inbound_nodes': [{'args': [{'class_name': '__keras_tensor__', 'config': {'shape': [None, 1, 1, 32], 'dtype': 'float32', 'keras_history': ['block1a_se_reshape', 0, 0]}}], 'kwargs': {}}]}, {'module': 'keras.layers', 'class_name': 'Conv2D', 'config': {'name': 'block1a_se_expand', 'trainable': False, 'dtype': {'module': 'keras', 'class_name': 'DTypePolicy', 'config': {'name': 'float32'}, 'registered_name': None}, 'filters': 32, 'kernel_size': [1, 1], 'strides': [1, 1], 'padding': 'same', 'data_format': 'channels_last', 'dilation_rate': [1, 1], 'groups': 1, 'activation': 'sigmoid', 'use_bias': True, 'kernel_initializer': {'module': 'keras.initializers', 'class_name': 'VarianceScaling', 'config': {'seed': None, 'scale': 2.0, 'mode': 'fan_out', 'distribution': 'truncated_normal'}, 'registered_name': None}, 'bias_initializer': {'module': 'keras.initializers', 'class_name': 'Zeros', 'config': {}, 'registered_name': None}, 'kernel_regularizer': None, 'bias_regularizer': None, 'activity_regularizer': None, 'kernel_constraint': None, 'bias_constraint': None}, 'registered_name': None, 'build_config': {'input_shape': [None, 1, 1, 8]}, 'name': 'block1a_se_expand', 'inbound_nodes': [{'args': [{'class_name': '__keras_tensor__', 'config': {'shape': [None, 1, 1, 8], 'dtype': 'float32', 'keras_history': ['block1a_se_reduce', 0, 0]}}], 'kwargs': {}}]}, {'module': 'keras.layers', 'class_name': 'Multiply', 'config': {'name': 'block1a_se_excite', 'trainable': False, 'dtype': {'module': 'keras', 'class_name': 'DTypePolicy', 'config': {'name': 'float32'}, 'registered_name': None}}, 'registered_name': None, 'build_config': {'input_shape': [[None, 120, 120, 32], [None, 1, 1, 32]]}, 'name': 'block1a_se_excite', 'inbound_nodes': [{'args': [[{'class_name': '__keras_tensor__', 'config': {'shape': [None, 120, 120, 32], 'dtype': 'float32', 'keras_history': ['block1a_activation', 0, 0]}}, {'class_name': '__keras_tensor__', 'config': {'shape': [None, 1, 1, 32], 'dtype': 'float32', 'keras_history': ['block1a_se_expand', 0, 0]}}]], 'kwargs': {}}]}, {'module': 'keras.layers', 'class_name': 'Conv2D', 'config': {'name': 'block1a_project_conv', 'trainable': False, 'dtype': {'module': 'keras', 'class_name': 'DTypePolicy', 'config': {'name': 'float32'}, 'registered_name': None}, 'filters': 16, 'kernel_size': [1, 1], 'strides': [1, 1], 'padding': 'same', 'data_format': 'channels_last', 'dilation_rate': [1, 1], 'groups': 1, 'activation': 'linear', 'use_bias': False, 'kernel_initializer': {'module': 'keras.initializers', 'class_name': 'VarianceScaling', 'config': {'seed': None, 'scale': 2.0, 'mode': 'fan_out', 'distribution': 'truncated_normal'}, 'registered_name': None}, 'bias_initializer': {'module': 'keras.initializers', 'class_name': 'Zeros', 'config': {}, 'registered_name': None}, 'kernel_regularizer': None, 'bias_regularizer': None, 'activity_regularizer': None, 'kernel_constraint': None, 'bias_constraint': None}, 'registered_name': None, 'build_config': {'input_shape': [None, 120, 120, 32]}, 'name': 'block1a_project_conv', 'inbound_nodes': [{'args': [{'class_name': '__keras_tensor__', 'config': {'shape': [None, 120, 120, 32], 'dtype': 'float32', 'keras_history': ['block1a_se_excite', 0, 0]}}], 'kwargs': {}}]}, {'module': 'keras.layers', 'class_name': 'BatchNormalization', 'config': {'name': 'block1a_project_bn', 'trainable': False, 'dtype': {'module': 'keras', 'class_name': 'DTypePolicy', 'config': {'name': 'float32'}, 'registered_name': None}, 'axis': 3, 'momentum': 0.99, 'epsilon': 0.001, 'center': True, 'scale': True, 'beta_initializer': {'module': 'keras.initializers', 'class_name': 'Zeros', 'config': {}, 'registered_name': None}, 'gamma_initializer': {'module': 'keras.initializers', 'class_name': 'Ones', 'config': {}, 'registered_name': None}, 'moving_mean_initializer': {'module': 'keras.initializers', 'class_name': 'Zeros', 'config': {}, 'registered_name': None}, 'moving_variance_initializer': {'module': 'keras.initializers', 'class_name': 'Ones', 'config': {}, 'registered_name': None}, 'beta_regularizer': None, 'gamma_regularizer': None, 'beta_constraint': None, 'gamma_constraint': None, 'synchronized': False}, 'registered_name': None, 'build_config': {'input_shape': [None, 120, 120, 16]}, 'name': 'block1a_project_bn', 'inbound_nodes': [{'args': [{'class_name': '__keras_tensor__', 'config': {'shape': [None, 120, 120, 16], 'dtype': 'float32', 'keras_history': ['block1a_project_conv', 0, 0]}}], 'kwargs': {'mask': None}}]}, {'module': 'keras.layers', 'class_name': 'DepthwiseConv2D', 'config': {'name': 'block1b_dwconv', 'trainable': False, 'dtype': {'module': 'keras', 'class_name': 'DTypePolicy', 'config': {'name': 'float32'}, 'registered_name': None}, 'depth_multiplier': 1, 'kernel_size': [3, 3], 'strides': [1, 1], 'padding': 'same', 'data_format': 'channels_last', 'dilation_rate': [1, 1], 'activation': 'linear', 'use_bias': False, 'depthwise_initializer': {'module': 'keras.initializers', 'class_name': 'VarianceScaling', 'config': {'seed': None, 'scale': 2.0, 'mode': 'fan_out', 'distribution': 'truncated_normal'}, 'registered_name': None}, 'bias_initializer': {'module': 'keras.initializers', 'class_name': 'Zeros', 'config': {}, 'registered_name': None}, 'depthwise_regularizer': None, 'bias_regularizer': None, 'activity_regularizer': None, 'depthwise_constraint': None, 'bias_constraint': None}, 'registered_name': None, 'build_config': {'input_shape': [None, 120, 120, 16]}, 'name': 'block1b_dwconv', 'inbound_nodes': [{'args': [{'class_name': '__keras_tensor__', 'config': {'shape': [None, 120, 120, 16], 'dtype': 'float32', 'keras_history': ['block1a_project_bn', 0, 0]}}], 'kwargs': {}}]}, {'module': 'keras.layers', 'class_name': 'BatchNormalization', 'config': {'name': 'block1b_bn', 'trainable': False, 'dtype': {'module': 'keras', 'class_name': 'DTypePolicy', 'config': {'name': 'float32'}, 'registered_name': None}, 'axis': 3, 'momentum': 0.99, 'epsilon': 0.001, 'center': True, 'scale': True, 'beta_initializer': {'module': 'keras.initializers', 'class_name': 'Zeros', 'config': {}, 'registered_name': None}, 'gamma_initializer': {'module': 'keras.initializers', 'class_name': 'Ones', 'config': {}, 'registered_name': None}, 'moving_mean_initializer': {'module': 'keras.initializers', 'class_name': 'Zeros', 'config': {}, 'registered_name': None}, 'moving_variance_initializer': {'module': 'keras.initializers', 'class_name': 'Ones', 'config': {}, 'registered_name': None}, 'beta_regularizer': None, 'gamma_regularizer': None, 'beta_constraint': None, 'gamma_constraint': None, 'synchronized': False}, 'registered_name': None, 'build_config': {'input_shape': [None, 120, 120, 16]}, 'name': 'block1b_bn', 'inbound_nodes': [{'args': [{'class_name': '__keras_tensor__', 'config': {'shape': [None, 120, 120, 16], 'dtype': 'float32', 'keras_history': ['block1b_dwconv', 0, 0]}}], 'kwargs': {'mask': None}}]}, {'module': 'keras.layers', 'class_name': 'Activation', 'config': {'name': 'block1b_activation', 'trainable': False, 'dtype': {'module': 'keras', 'class_name': 'DTypePolicy', 'config': {'name': 'float32'}, 'registered_name': None}, 'activation': 'silu'}, 'registered_name': None, 'name': 'block1b_activation', 'inbound_nodes': [{'args': [{'class_name': '__keras_tensor__', 'config': {'shape': [None, 120, 120, 16], 'dtype': 'float32', 'keras_history': ['block1b_bn', 0, 0]}}], 'kwargs': {}}]}, {'module': 'keras.layers', 'class_name': 'GlobalAveragePooling2D', 'config': {'name': 'block1b_se_squeeze', 'trainable': False, 'dtype': {'module': 'keras', 'class_name': 'DTypePolicy', 'config': {'name': 'float32'}, 'registered_name': None}, 'data_format': 'channels_last', 'keepdims': False}, 'registered_name': None, 'name': 'block1b_se_squeeze', 'inbound_nodes': [{'args': [{'class_name': '__keras_tensor__', 'config': {'shape': [None, 120, 120, 16], 'dtype': 'float32', 'keras_history': ['block1b_activation', 0, 0]}}], 'kwargs': {}}]}, {'module': 'keras.layers', 'class_name': 'Reshape', 'config': {'name': 'block1b_se_reshape', 'trainable': False, 'dtype': {'module': 'keras', 'class_name': 'DTypePolicy', 'config': {'name': 'float32'}, 'registered_name': None}, 'target_shape': [1, 1, 16]}, 'registered_name': None, 'name': 'block1b_se_reshape', 'inbound_nodes': [{'args': [{'class_name': '__keras_tensor__', 'config': {'shape': [None, 16], 'dtype': 'float32', 'keras_history': ['block1b_se_squeeze', 0, 0]}}], 'kwargs': {}}]}, {'module': 'keras.layers', 'class_name': 'Conv2D', 'config': {'name': 'block1b_se_reduce', 'trainable': False, 'dtype': {'module': 'keras', 'class_name': 'DTypePolicy', 'config': {'name': 'float32'}, 'registered_name': None}, 'filters': 4, 'kernel_size': [1, 1], 'strides': [1, 1], 'padding': 'same', 'data_format': 'channels_last', 'dilation_rate': [1, 1], 'groups': 1, 'activation': 'silu', 'use_bias': True, 'kernel_initializer': {'module': 'keras.initializers', 'class_name': 'VarianceScaling', 'config': {'seed': None, 'scale': 2.0, 'mode': 'fan_out', 'distribution': 'truncated_normal'}, 'registered_name': None}, 'bias_initializer': {'module': 'keras.initializers', 'class_name': 'Zeros', 'config': {}, 'registered_name': None}, 'kernel_regularizer': None, 'bias_regularizer': None, 'activity_regularizer': None, 'kernel_constraint': None, 'bias_constraint': None}, 'registered_name': None, 'build_config': {'input_shape': [None, 1, 1, 16]}, 'name': 'block1b_se_reduce', 'inbound_nodes': [{'args': [{'class_name': '__keras_tensor__', 'config': {'shape': [None, 1, 1, 16], 'dtype': 'float32', 'keras_history': ['block1b_se_reshape', 0, 0]}}], 'kwargs': {}}]}, {'module': 'keras.layers', 'class_name': 'Conv2D', 'config': {'name': 'block1b_se_expand', 'trainable': False, 'dtype': {'module': 'keras', 'class_name': 'DTypePolicy', 'config': {'name': 'float32'}, 'registered_name': None}, 'filters': 16, 'kernel_size': [1, 1], 'strides': [1, 1], 'padding': 'same', 'data_format': 'channels_last', 'dilation_rate': [1, 1], 'groups': 1, 'activation': 'sigmoid', 'use_bias': True, 'kernel_initializer': {'module': 'keras.initializers', 'class_name': 'VarianceScaling', 'config': {'seed': None, 'scale': 2.0, 'mode': 'fan_out', 'distribution': 'truncated_normal'}, 'registered_name': None}, 'bias_initializer': {'module': 'keras.initializers', 'class_name': 'Zeros', 'config': {}, 'registered_name': None}, 'kernel_regularizer': None, 'bias_regularizer': None, 'activity_regularizer': None, 'kernel_constraint': None, 'bias_constraint': None}, 'registered_name': None, 'build_config': {'input_shape': [None, 1, 1, 4]}, 'name': 'block1b_se_expand', 'inbound_nodes': [{'args': [{'class_name': '__keras_tensor__', 'config': {'shape': [None, 1, 1, 4], 'dtype': 'float32', 'keras_history': ['block1b_se_reduce', 0, 0]}}], 'kwargs': {}}]}, {'module': 'keras.layers', 'class_name': 'Multiply', 'config': {'name': 'block1b_se_excite', 'trainable': False, 'dtype': {'module': 'keras', 'class_name': 'DTypePolicy', 'config': {'name': 'float32'}, 'registered_name': None}}, 'registered_name': None, 'build_config': {'input_shape': [[None, 120, 120, 16], [None, 1, 1, 16]]}, 'name': 'block1b_se_excite', 'inbound_nodes': [{'args': [[{'class_name': '__keras_tensor__', 'config': {'shape': [None, 120, 120, 16], 'dtype': 'float32', 'keras_history': ['block1b_activation', 0, 0]}}, {'class_name': '__keras_tensor__', 'config': {'shape': [None, 1, 1, 16], 'dtype': 'float32', 'keras_history': ['block1b_se_expand', 0, 0]}}]], 'kwargs': {}}]}, {'module': 'keras.layers', 'class_name': 'Conv2D', 'config': {'name': 'block1b_project_conv', 'trainable': False, 'dtype': {'module': 'keras', 'class_name': 'DTypePolicy', 'config': {'name': 'float32'}, 'registered_name': None}, 'filters': 16, 'kernel_size': [1, 1], 'strides': [1, 1], 'padding': 'same', 'data_format': 'channels_last', 'dilation_rate': [1, 1], 'groups': 1, 'activation': 'linear', 'use_bias': False, 'kernel_initializer': {'module': 'keras.initializers', 'class_name': 'VarianceScaling', 'config': {'seed': None, 'scale': 2.0, 'mode': 'fan_out', 'distribution': 'truncated_normal'}, 'registered_name': None}, 'bias_initializer': {'module': 'keras.initializers', 'class_name': 'Zeros', 'config': {}, 'registered_name': None}, 'kernel_regularizer': None, 'bias_regularizer': None, 'activity_regularizer': None, 'kernel_constraint': None, 'bias_constraint': None}, 'registered_name': None, 'build_config': {'input_shape': [None, 120, 120, 16]}, 'name': 'block1b_project_conv', 'inbound_nodes': [{'args': [{'class_name': '__keras_tensor__', 'config': {'shape': [None, 120, 120, 16], 'dtype': 'float32', 'keras_history': ['block1b_se_excite', 0, 0]}}], 'kwargs': {}}]}, {'module': 'keras.layers', 'class_name': 'BatchNormalization', 'config': {'name': 'block1b_project_bn', 'trainable': False, 'dtype': {'module': 'keras', 'class_name': 'DTypePolicy', 'config': {'name': 'float32'}, 'registered_name': None}, 'axis': 3, 'momentum': 0.99, 'epsilon': 0.001, 'center': True, 'scale': True, 'beta_initializer': {'module': 'keras.initializers', 'class_name': 'Zeros', 'config': {}, 'registered_name': None}, 'gamma_initializer': {'module': 'keras.initializers', 'class_name': 'Ones', 'config': {}, 'registered_name': None}, 'moving_mean_initializer': {'module': 'keras.initializers', 'class_name': 'Zeros', 'config': {}, 'registered_name': None}, 'moving_variance_initializer': {'module': 'keras.initializers', 'class_name': 'Ones', 'config': {}, 'registered_name': None}, 'beta_regularizer': None, 'gamma_regularizer': None, 'beta_constraint': None, 'gamma_constraint': None, 'synchronized': False}, 'registered_name': None, 'build_config': {'input_shape': [None, 120, 120, 16]}, 'name': 'block1b_project_bn', 'inbound_nodes': [{'args': [{'class_name': '__keras_tensor__', 'config': {'shape': [None, 120, 120, 16], 'dtype': 'float32', 'keras_history': ['block1b_project_conv', 0, 0]}}], 'kwargs': {'mask': None}}]}, {'module': 'keras.layers', 'class_name': 'Dropout', 'config': {'name': 'block1b_drop', 'trainable': False, 'dtype': {'module': 'keras', 'class_name': 'DTypePolicy', 'config': {'name': 'float32'}, 'registered_name': None}, 'rate': 0.008695652173913044, 'seed': None, 'noise_shape': [None, 1, 1, 1]}, 'registered_name': None, 'name': 'block1b_drop', 'inbound_nodes': [{'args': [{'class_name': '__keras_tensor__', 'config': {'shape': [None, 120, 120, 16], 'dtype': 'float32', 'keras_history': ['block1b_project_bn', 0, 0]}}], 'kwargs': {'training': False}}]}, {'module': 'keras.layers', 'class_name': 'Add', 'config': {'name': 'block1b_add', 'trainable': False, 'dtype': {'module': 'keras', 'class_name': 'DTypePolicy', 'config': {'name': 'float32'}, 'registered_name': None}}, 'registered_name': None, 'build_config': {'input_shape': [[None, 120, 120, 16], [None, 120, 120, 16]]}, 'name': 'block1b_add', 'inbound_nodes': [{'args': [[{'class_name': '__keras_tensor__', 'config': {'shape': [None, 120, 120, 16], 'dtype': 'float32', 'keras_history': ['block1b_drop', 0, 0]}}, {'class_name': '__keras_tensor__', 'config': {'shape': [None, 120, 120, 16], 'dtype': 'float32', 'keras_history': ['block1a_project_bn', 0, 0]}}]], 'kwargs': {}}]}, {'module': 'keras.layers', 'class_name': 'Conv2D', 'config': {'name': 'block2a_expand_conv', 'trainable': False, 'dtype': {'module': 'keras', 'class_name': 'DTypePolicy', 'config': {'name': 'float32'}, 'registered_name': None}, 'filters': 96, 'kernel_size': [1, 1], 'strides': [1, 1], 'padding': 'same', 'data_format': 'channels_last', 'dilation_rate': [1, 1], 'groups': 1, 'activation': 'linear', 'use_bias': False, 'kernel_initializer': {'module': 'keras.initializers', 'class_name': 'VarianceScaling', 'config': {'seed': None, 'scale': 2.0, 'mode': 'fan_out', 'distribution': 'truncated_normal'}, 'registered_name': None}, 'bias_initializer': {'module': 'keras.initializers', 'class_name': 'Zeros', 'config': {}, 'registered_name': None}, 'kernel_regularizer': None, 'bias_regularizer': None, 'activity_regularizer': None, 'kernel_constraint': None, 'bias_constraint': None}, 'registered_name': None, 'build_config': {'input_shape': [None, 120, 120, 16]}, 'name': 'block2a_expand_conv', 'inbound_nodes': [{'args': [{'class_name': '__keras_tensor__', 'config': {'shape': [None, 120, 120, 16], 'dtype': 'float32', 'keras_history': ['block1b_add', 0, 0]}}], 'kwargs': {}}]}, {'module': 'keras.layers', 'class_name': 'BatchNormalization', 'config': {'name': 'block2a_expand_bn', 'trainable': False, 'dtype': {'module': 'keras', 'class_name': 'DTypePolicy', 'config': {'name': 'float32'}, 'registered_name': None}, 'axis': 3, 'momentum': 0.99, 'epsilon': 0.001, 'center': True, 'scale': True, 'beta_initializer': {'module': 'keras.initializers', 'class_name': 'Zeros', 'config': {}, 'registered_name': None}, 'gamma_initializer': {'module': 'keras.initializers', 'class_name': 'Ones', 'config': {}, 'registered_name': None}, 'moving_mean_initializer': {'module': 'keras.initializers', 'class_name': 'Zeros', 'config': {}, 'registered_name': None}, 'moving_variance_initializer': {'module': 'keras.initializers', 'class_name': 'Ones', 'config': {}, 'registered_name': None}, 'beta_regularizer': None, 'gamma_regularizer': None, 'beta_constraint': None, 'gamma_constraint': None, 'synchronized': False}, 'registered_name': None, 'build_config': {'input_shape': [None, 120, 120, 96]}, 'name': 'block2a_expand_bn', 'inbound_nodes': [{'args': [{'class_name': '__keras_tensor__', 'config': {'shape': [None, 120, 120, 96], 'dtype': 'float32', 'keras_history': ['block2a_expand_conv', 0, 0]}}], 'kwargs': {'mask': None}}]}, {'module': 'keras.layers', 'class_name': 'Activation', 'config': {'name': 'block2a_expand_activation', 'trainable': False, 'dtype': {'module': 'keras', 'class_name': 'DTypePolicy', 'config': {'name': 'float32'}, 'registered_name': None}, 'activation': 'silu'}, 'registered_name': None, 'name': 'block2a_expand_activation', 'inbound_nodes': [{'args': [{'class_name': '__keras_tensor__', 'config': {'shape': [None, 120, 120, 96], 'dtype': 'float32', 'keras_history': ['block2a_expand_bn', 0, 0]}}], 'kwargs': {}}]}, {'module': 'keras.layers', 'class_name': 'ZeroPadding2D', 'config': {'name': 'block2a_dwconv_pad', 'trainable': False, 'dtype': {'module': 'keras', 'class_name': 'DTypePolicy', 'config': {'name': 'float32'}, 'registered_name': None}, 'padding': [[0, 1], [0, 1]], 'data_format': 'channels_last'}, 'registered_name': None, 'build_config': {'input_shape': [None, 120, 120, 96]}, 'name': 'block2a_dwconv_pad', 'inbound_nodes': [{'args': [{'class_name': '__keras_tensor__', 'config': {'shape': [None, 120, 120, 96], 'dtype': 'float32', 'keras_history': ['block2a_expand_activation', 0, 0]}}], 'kwargs': {}}]}, {'module': 'keras.layers', 'class_name': 'DepthwiseConv2D', 'config': {'name': 'block2a_dwconv', 'trainable': False, 'dtype': {'module': 'keras', 'class_name': 'DTypePolicy', 'config': {'name': 'float32'}, 'registered_name': None}, 'depth_multiplier': 1, 'kernel_size': [3, 3], 'strides': [2, 2], 'padding': 'valid', 'data_format': 'channels_last', 'dilation_rate': [1, 1], 'activation': 'linear', 'use_bias': False, 'depthwise_initializer': {'module': 'keras.initializers', 'class_name': 'VarianceScaling', 'config': {'seed': None, 'scale': 2.0, 'mode': 'fan_out', 'distribution': 'truncated_normal'}, 'registered_name': None}, 'bias_initializer': {'module': 'keras.initializers', 'class_name': 'Zeros', 'config': {}, 'registered_name': None}, 'depthwise_regularizer': None, 'bias_regularizer': None, 'activity_regularizer': None, 'depthwise_constraint': None, 'bias_constraint': None}, 'registered_name': None, 'build_config': {'input_shape': [None, 121, 121, 96]}, 'name': 'block2a_dwconv', 'inbound_nodes': [{'args': [{'class_name': '__keras_tensor__', 'config': {'shape': [None, 121, 121, 96], 'dtype': 'float32', 'keras_history': ['block2a_dwconv_pad', 0, 0]}}], 'kwargs': {}}]}, {'module': 'keras.layers', 'class_name': 'BatchNormalization', 'config': {'name': 'block2a_bn', 'trainable': False, 'dtype': {'module': 'keras', 'class_name': 'DTypePolicy', 'config': {'name': 'float32'}, 'registered_name': None}, 'axis': 3, 'momentum': 0.99, 'epsilon': 0.001, 'center': True, 'scale': True, 'beta_initializer': {'module': 'keras.initializers', 'class_name': 'Zeros', 'config': {}, 'registered_name': None}, 'gamma_initializer': {'module': 'keras.initializers', 'class_name': 'Ones', 'config': {}, 'registered_name': None}, 'moving_mean_initializer': {'module': 'keras.initializers', 'class_name': 'Zeros', 'config': {}, 'registered_name': None}, 'moving_variance_initializer': {'module': 'keras.initializers', 'class_name': 'Ones', 'config': {}, 'registered_name': None}, 'beta_regularizer': None, 'gamma_regularizer': None, 'beta_constraint': None, 'gamma_constraint': None, 'synchronized': False}, 'registered_name': None, 'build_config': {'input_shape': [None, 60, 60, 96]}, 'name': 'block2a_bn', 'inbound_nodes': [{'args': [{'class_name': '__keras_tensor__', 'config': {'shape': [None, 60, 60, 96], 'dtype': 'float32', 'keras_history': ['block2a_dwconv', 0, 0]}}], 'kwargs': {'mask': None}}]}, {'module': 'keras.layers', 'class_name': 'Activation', 'config': {'name': 'block2a_activation', 'trainable': False, 'dtype': {'module': 'keras', 'class_name': 'DTypePolicy', 'config': {'name': 'float32'}, 'registered_name': None}, 'activation': 'silu'}, 'registered_name': None, 'name': 'block2a_activation', 'inbound_nodes': [{'args': [{'class_name': '__keras_tensor__', 'config': {'shape': [None, 60, 60, 96], 'dtype': 'float32', 'keras_history': ['block2a_bn', 0, 0]}}], 'kwargs': {}}]}, {'module': 'keras.layers', 'class_name': 'GlobalAveragePooling2D', 'config': {'name': 'block2a_se_squeeze', 'trainable': False, 'dtype': {'module': 'keras', 'class_name': 'DTypePolicy', 'config': {'name': 'float32'}, 'registered_name': None}, 'data_format': 'channels_last', 'keepdims': False}, 'registered_name': None, 'name': 'block2a_se_squeeze', 'inbound_nodes': [{'args': [{'class_name': '__keras_tensor__', 'config': {'shape': [None, 60, 60, 96], 'dtype': 'float32', 'keras_history': ['block2a_activation', 0, 0]}}], 'kwargs': {}}]}, {'module': 'keras.layers', 'class_name': 'Reshape', 'config': {'name': 'block2a_se_reshape', 'trainable': False, 'dtype': {'module': 'keras', 'class_name': 'DTypePolicy', 'config': {'name': 'float32'}, 'registered_name': None}, 'target_shape': [1, 1, 96]}, 'registered_name': None, 'name': 'block2a_se_reshape', 'inbound_nodes': [{'args': [{'class_name': '__keras_tensor__', 'config': {'shape': [None, 96], 'dtype': 'float32', 'keras_history': ['block2a_se_squeeze', 0, 0]}}], 'kwargs': {}}]}, {'module': 'keras.layers', 'class_name': 'Conv2D', 'config': {'name': 'block2a_se_reduce', 'trainable': False, 'dtype': {'module': 'keras', 'class_name': 'DTypePolicy', 'config': {'name': 'float32'}, 'registered_name': None}, 'filters': 4, 'kernel_size': [1, 1], 'strides': [1, 1], 'padding': 'same', 'data_format': 'channels_last', 'dilation_rate': [1, 1], 'groups': 1, 'activation': 'silu', 'use_bias': True, 'kernel_initializer': {'module': 'keras.initializers', 'class_name': 'VarianceScaling', 'config': {'seed': None, 'scale': 2.0, 'mode': 'fan_out', 'distribution': 'truncated_normal'}, 'registered_name': None}, 'bias_initializer': {'module': 'keras.initializers', 'class_name': 'Zeros', 'config': {}, 'registered_name': None}, 'kernel_regularizer': None, 'bias_regularizer': None, 'activity_regularizer': None, 'kernel_constraint': None, 'bias_constraint': None}, 'registered_name': None, 'build_config': {'input_shape': [None, 1, 1, 96]}, 'name': 'block2a_se_reduce', 'inbound_nodes': [{'args': [{'class_name': '__keras_tensor__', 'config': {'shape': [None, 1, 1, 96], 'dtype': 'float32', 'keras_history': ['block2a_se_reshape', 0, 0]}}], 'kwargs': {}}]}, {'module': 'keras.layers', 'class_name': 'Conv2D', 'config': {'name': 'block2a_se_expand', 'trainable': False, 'dtype': {'module': 'keras', 'class_name': 'DTypePolicy', 'config': {'name': 'float32'}, 'registered_name': None}, 'filters': 96, 'kernel_size': [1, 1], 'strides': [1, 1], 'padding': 'same', 'data_format': 'channels_last', 'dilation_rate': [1, 1], 'groups': 1, 'activation': 'sigmoid', 'use_bias': True, 'kernel_initializer': {'module': 'keras.initializers', 'class_name': 'VarianceScaling', 'config': {'seed': None, 'scale': 2.0, 'mode': 'fan_out', 'distribution': 'truncated_normal'}, 'registered_name': None}, 'bias_initializer': {'module': 'keras.initializers', 'class_name': 'Zeros', 'config': {}, 'registered_name': None}, 'kernel_regularizer': None, 'bias_regularizer': None, 'activity_regularizer': None, 'kernel_constraint': None, 'bias_constraint': None}, 'registered_name': None, 'build_config': {'input_shape': [None, 1, 1, 4]}, 'name': 'block2a_se_expand', 'inbound_nodes': [{'args': [{'class_name': '__keras_tensor__', 'config': {'shape': [None, 1, 1, 4], 'dtype': 'float32', 'keras_history': ['block2a_se_reduce', 0, 0]}}], 'kwargs': {}}]}, {'module': 'keras.layers', 'class_name': 'Multiply', 'config': {'name': 'block2a_se_excite', 'trainable': False, 'dtype': {'module': 'keras', 'class_name': 'DTypePolicy', 'config': {'name': 'float32'}, 'registered_name': None}}, 'registered_name': None, 'build_config': {'input_shape': [[None, 60, 60, 96], [None, 1, 1, 96]]}, 'name': 'block2a_se_excite', 'inbound_nodes': [{'args': [[{'class_name': '__keras_tensor__', 'config': {'shape': [None, 60, 60, 96], 'dtype': 'float32', 'keras_history': ['block2a_activation', 0, 0]}}, {'class_name': '__keras_tensor__', 'config': {'shape': [None, 1, 1, 96], 'dtype': 'float32', 'keras_history': ['block2a_se_expand', 0, 0]}}]], 'kwargs': {}}]}, {'module': 'keras.layers', 'class_name': 'Conv2D', 'config': {'name': 'block2a_project_conv', 'trainable': False, 'dtype': {'module': 'keras', 'class_name': 'DTypePolicy', 'config': {'name': 'float32'}, 'registered_name': None}, 'filters': 24, 'kernel_size': [1, 1], 'strides': [1, 1], 'padding': 'same', 'data_format': 'channels_last', 'dilation_rate': [1, 1], 'groups': 1, 'activation': 'linear', 'use_bias': False, 'kernel_initializer': {'module': 'keras.initializers', 'class_name': 'VarianceScaling', 'config': {'seed': None, 'scale': 2.0, 'mode': 'fan_out', 'distribution': 'truncated_normal'}, 'registered_name': None}, 'bias_initializer': {'module': 'keras.initializers', 'class_name': 'Zeros', 'config': {}, 'registered_name': None}, 'kernel_regularizer': None, 'bias_regularizer': None, 'activity_regularizer': None, 'kernel_constraint': None, 'bias_constraint': None}, 'registered_name': None, 'build_config': {'input_shape': [None, 60, 60, 96]}, 'name': 'block2a_project_conv', 'inbound_nodes': [{'args': [{'class_name': '__keras_tensor__', 'config': {'shape': [None, 60, 60, 96], 'dtype': 'float32', 'keras_history': ['block2a_se_excite', 0, 0]}}], 'kwargs': {}}]}, {'module': 'keras.layers', 'class_name': 'BatchNormalization', 'config': {'name': 'block2a_project_bn', 'trainable': False, 'dtype': {'module': 'keras', 'class_name': 'DTypePolicy', 'config': {'name': 'float32'}, 'registered_name': None}, 'axis': 3, 'momentum': 0.99, 'epsilon': 0.001, 'center': True, 'scale': True, 'beta_initializer': {'module': 'keras.initializers', 'class_name': 'Zeros', 'config': {}, 'registered_name': None}, 'gamma_initializer': {'module': 'keras.initializers', 'class_name': 'Ones', 'config': {}, 'registered_name': None}, 'moving_mean_initializer': {'module': 'keras.initializers', 'class_name': 'Zeros', 'config': {}, 'registered_name': None}, 'moving_variance_initializer': {'module': 'keras.initializers', 'class_name': 'Ones', 'config': {}, 'registered_name': None}, 'beta_regularizer': None, 'gamma_regularizer': None, 'beta_constraint': None, 'gamma_constraint': None, 'synchronized': False}, 'registered_name': None, 'build_config': {'input_shape': [None, 60, 60, 24]}, 'name': 'block2a_project_bn', 'inbound_nodes': [{'args': [{'class_name': '__keras_tensor__', 'config': {'shape': [None, 60, 60, 24], 'dtype': 'float32', 'keras_history': ['block2a_project_conv', 0, 0]}}], 'kwargs': {'mask': None}}]}, {'module': 'keras.layers', 'class_name': 'Conv2D', 'config': {'name': 'block2b_expand_conv', 'trainable': False, 'dtype': {'module': 'keras', 'class_name': 'DTypePolicy', 'config': {'name': 'float32'}, 'registered_name': None}, 'filters': 144, 'kernel_size': [1, 1], 'strides': [1, 1], 'padding': 'same', 'data_format': 'channels_last', 'dilation_rate': [1, 1], 'groups': 1, 'activation': 'linear', 'use_bias': False, 'kernel_initializer': {'module': 'keras.initializers', 'class_name': 'VarianceScaling', 'config': {'seed': None, 'scale': 2.0, 'mode': 'fan_out', 'distribution': 'truncated_normal'}, 'registered_name': None}, 'bias_initializer': {'module': 'keras.initializers', 'class_name': 'Zeros', 'config': {}, 'registered_name': None}, 'kernel_regularizer': None, 'bias_regularizer': None, 'activity_regularizer': None, 'kernel_constraint': None, 'bias_constraint': None}, 'registered_name': None, 'build_config': {'input_shape': [None, 60, 60, 24]}, 'name': 'block2b_expand_conv', 'inbound_nodes': [{'args': [{'class_name': '__keras_tensor__', 'config': {'shape': [None, 60, 60, 24], 'dtype': 'float32', 'keras_history': ['block2a_project_bn', 0, 0]}}], 'kwargs': {}}]}, {'module': 'keras.layers', 'class_name': 'BatchNormalization', 'config': {'name': 'block2b_expand_bn', 'trainable': False, 'dtype': {'module': 'keras', 'class_name': 'DTypePolicy', 'config': {'name': 'float32'}, 'registered_name': None}, 'axis': 3, 'momentum': 0.99, 'epsilon': 0.001, 'center': True, 'scale': True, 'beta_initializer': {'module': 'keras.initializers', 'class_name': 'Zeros', 'config': {}, 'registered_name': None}, 'gamma_initializer': {'module': 'keras.initializers', 'class_name': 'Ones', 'config': {}, 'registered_name': None}, 'moving_mean_initializer': {'module': 'keras.initializers', 'class_name': 'Zeros', 'config': {}, 'registered_name': None}, 'moving_variance_initializer': {'module': 'keras.initializers', 'class_name': 'Ones', 'config': {}, 'registered_name': None}, 'beta_regularizer': None, 'gamma_regularizer': None, 'beta_constraint': None, 'gamma_constraint': None, 'synchronized': False}, 'registered_name': None, 'build_config': {'input_shape': [None, 60, 60, 144]}, 'name': 'block2b_expand_bn', 'inbound_nodes': [{'args': [{'class_name': '__keras_tensor__', 'config': {'shape': [None, 60, 60, 144], 'dtype': 'float32', 'keras_history': ['block2b_expand_conv', 0, 0]}}], 'kwargs': {'mask': None}}]}, {'module': 'keras.layers', 'class_name': 'Activation', 'config': {'name': 'block2b_expand_activation', 'trainable': False, 'dtype': {'module': 'keras', 'class_name': 'DTypePolicy', 'config': {'name': 'float32'}, 'registered_name': None}, 'activation': 'silu'}, 'registered_name': None, 'name': 'block2b_expand_activation', 'inbound_nodes': [{'args': [{'class_name': '__keras_tensor__', 'config': {'shape': [None, 60, 60, 144], 'dtype': 'float32', 'keras_history': ['block2b_expand_bn', 0, 0]}}], 'kwargs': {}}]}, {'module': 'keras.layers', 'class_name': 'DepthwiseConv2D', 'config': {'name': 'block2b_dwconv', 'trainable': False, 'dtype': {'module': 'keras', 'class_name': 'DTypePolicy', 'config': {'name': 'float32'}, 'registered_name': None}, 'depth_multiplier': 1, 'kernel_size': [3, 3], 'strides': [1, 1], 'padding': 'same', 'data_format': 'channels_last', 'dilation_rate': [1, 1], 'activation': 'linear', 'use_bias': False, 'depthwise_initializer': {'module': 'keras.initializers', 'class_name': 'VarianceScaling', 'config': {'seed': None, 'scale': 2.0, 'mode': 'fan_out', 'distribution': 'truncated_normal'}, 'registered_name': None}, 'bias_initializer': {'module': 'keras.initializers', 'class_name': 'Zeros', 'config': {}, 'registered_name': None}, 'depthwise_regularizer': None, 'bias_regularizer': None, 'activity_regularizer': None, 'depthwise_constraint': None, 'bias_constraint': None}, 'registered_name': None, 'build_config': {'input_shape': [None, 60, 60, 144]}, 'name': 'block2b_dwconv', 'inbound_nodes': [{'args': [{'class_name': '__keras_tensor__', 'config': {'shape': [None, 60, 60, 144], 'dtype': 'float32', 'keras_history': ['block2b_expand_activation', 0, 0]}}], 'kwargs': {}}]}, {'module': 'keras.layers', 'class_name': 'BatchNormalization', 'config': {'name': 'block2b_bn', 'trainable': False, 'dtype': {'module': 'keras', 'class_name': 'DTypePolicy', 'config': {'name': 'float32'}, 'registered_name': None}, 'axis': 3, 'momentum': 0.99, 'epsilon': 0.001, 'center': True, 'scale': True, 'beta_initializer': {'module': 'keras.initializers', 'class_name': 'Zeros', 'config': {}, 'registered_name': None}, 'gamma_initializer': {'module': 'keras.initializers', 'class_name': 'Ones', 'config': {}, 'registered_name': None}, 'moving_mean_initializer': {'module': 'keras.initializers', 'class_name': 'Zeros', 'config': {}, 'registered_name': None}, 'moving_variance_initializer': {'module': 'keras.initializers', 'class_name': 'Ones', 'config': {}, 'registered_name': None}, 'beta_regularizer': None, 'gamma_regularizer': None, 'beta_constraint': None, 'gamma_constraint': None, 'synchronized': False}, 'registered_name': None, 'build_config': {'input_shape': [None, 60, 60, 144]}, 'name': 'block2b_bn', 'inbound_nodes': [{'args': [{'class_name': '__keras_tensor__', 'config': {'shape': [None, 60, 60, 144], 'dtype': 'float32', 'keras_history': ['block2b_dwconv', 0, 0]}}], 'kwargs': {'mask': None}}]}, {'module': 'keras.layers', 'class_name': 'Activation', 'config': {'name': 'block2b_activation', 'trainable': False, 'dtype': {'module': 'keras', 'class_name': 'DTypePolicy', 'config': {'name': 'float32'}, 'registered_name': None}, 'activation': 'silu'}, 'registered_name': None, 'name': 'block2b_activation', 'inbound_nodes': [{'args': [{'class_name': '__keras_tensor__', 'config': {'shape': [None, 60, 60, 144], 'dtype': 'float32', 'keras_history': ['block2b_bn', 0, 0]}}], 'kwargs': {}}]}, {'module': 'keras.layers', 'class_name': 'GlobalAveragePooling2D', 'config': {'name': 'block2b_se_squeeze', 'trainable': False, 'dtype': {'module': 'keras', 'class_name': 'DTypePolicy', 'config': {'name': 'float32'}, 'registered_name': None}, 'data_format': 'channels_last', 'keepdims': False}, 'registered_name': None, 'name': 'block2b_se_squeeze', 'inbound_nodes': [{'args': [{'class_name': '__keras_tensor__', 'config': {'shape': [None, 60, 60, 144], 'dtype': 'float32', 'keras_history': ['block2b_activation', 0, 0]}}], 'kwargs': {}}]}, {'module': 'keras.layers', 'class_name': 'Reshape', 'config': {'name': 'block2b_se_reshape', 'trainable': False, 'dtype': {'module': 'keras', 'class_name': 'DTypePolicy', 'config': {'name': 'float32'}, 'registered_name': None}, 'target_shape': [1, 1, 144]}, 'registered_name': None, 'name': 'block2b_se_reshape', 'inbound_nodes': [{'args': [{'class_name': '__keras_tensor__', 'config': {'shape': [None, 144], 'dtype': 'float32', 'keras_history': ['block2b_se_squeeze', 0, 0]}}], 'kwargs': {}}]}, {'module': 'keras.layers', 'class_name': 'Conv2D', 'config': {'name': 'block2b_se_reduce', 'trainable': False, 'dtype': {'module': 'keras', 'class_name': 'DTypePolicy', 'config': {'name': 'float32'}, 'registered_name': None}, 'filters': 6, 'kernel_size': [1, 1], 'strides': [1, 1], 'padding': 'same', 'data_format': 'channels_last', 'dilation_rate': [1, 1], 'groups': 1, 'activation': 'silu', 'use_bias': True, 'kernel_initializer': {'module': 'keras.initializers', 'class_name': 'VarianceScaling', 'config': {'seed': None, 'scale': 2.0, 'mode': 'fan_out', 'distribution': 'truncated_normal'}, 'registered_name': None}, 'bias_initializer': {'module': 'keras.initializers', 'class_name': 'Zeros', 'config': {}, 'registered_name': None}, 'kernel_regularizer': None, 'bias_regularizer': None, 'activity_regularizer': None, 'kernel_constraint': None, 'bias_constraint': None}, 'registered_name': None, 'build_config': {'input_shape': [None, 1, 1, 144]}, 'name': 'block2b_se_reduce', 'inbound_nodes': [{'args': [{'class_name': '__keras_tensor__', 'config': {'shape': [None, 1, 1, 144], 'dtype': 'float32', 'keras_history': ['block2b_se_reshape', 0, 0]}}], 'kwargs': {}}]}, {'module': 'keras.layers', 'class_name': 'Conv2D', 'config': {'name': 'block2b_se_expand', 'trainable': False, 'dtype': {'module': 'keras', 'class_name': 'DTypePolicy', 'config': {'name': 'float32'}, 'registered_name': None}, 'filters': 144, 'kernel_size': [1, 1], 'strides': [1, 1], 'padding': 'same', 'data_format': 'channels_last', 'dilation_rate': [1, 1], 'groups': 1, 'activation': 'sigmoid', 'use_bias': True, 'kernel_initializer': {'module': 'keras.initializers', 'class_name': 'VarianceScaling', 'config': {'seed': None, 'scale': 2.0, 'mode': 'fan_out', 'distribution': 'truncated_normal'}, 'registered_name': None}, 'bias_initializer': {'module': 'keras.initializers', 'class_name': 'Zeros', 'config': {}, 'registered_name': None}, 'kernel_regularizer': None, 'bias_regularizer': None, 'activity_regularizer': None, 'kernel_constraint': None, 'bias_constraint': None}, 'registered_name': None, 'build_config': {'input_shape': [None, 1, 1, 6]}, 'name': 'block2b_se_expand', 'inbound_nodes': [{'args': [{'class_name': '__keras_tensor__', 'config': {'shape': [None, 1, 1, 6], 'dtype': 'float32', 'keras_history': ['block2b_se_reduce', 0, 0]}}], 'kwargs': {}}]}, {'module': 'keras.layers', 'class_name': 'Multiply', 'config': {'name': 'block2b_se_excite', 'trainable': False, 'dtype': {'module': 'keras', 'class_name': 'DTypePolicy', 'config': {'name': 'float32'}, 'registered_name': None}}, 'registered_name': None, 'build_config': {'input_shape': [[None, 60, 60, 144], [None, 1, 1, 144]]}, 'name': 'block2b_se_excite', 'inbound_nodes': [{'args': [[{'class_name': '__keras_tensor__', 'config': {'shape': [None, 60, 60, 144], 'dtype': 'float32', 'keras_history': ['block2b_activation', 0, 0]}}, {'class_name': '__keras_tensor__', 'config': {'shape': [None, 1, 1, 144], 'dtype': 'float32', 'keras_history': ['block2b_se_expand', 0, 0]}}]], 'kwargs': {}}]}, {'module': 'keras.layers', 'class_name': 'Conv2D', 'config': {'name': 'block2b_project_conv', 'trainable': False, 'dtype': {'module': 'keras', 'class_name': 'DTypePolicy', 'config': {'name': 'float32'}, 'registered_name': None}, 'filters': 24, 'kernel_size': [1, 1], 'strides': [1, 1], 'padding': 'same', 'data_format': 'channels_last', 'dilation_rate': [1, 1], 'groups': 1, 'activation': 'linear', 'use_bias': False, 'kernel_initializer': {'module': 'keras.initializers', 'class_name': 'VarianceScaling', 'config': {'seed': None, 'scale': 2.0, 'mode': 'fan_out', 'distribution': 'truncated_normal'}, 'registered_name': None}, 'bias_initializer': {'module': 'keras.initializers', 'class_name': 'Zeros', 'config': {}, 'registered_name': None}, 'kernel_regularizer': None, 'bias_regularizer': None, 'activity_regularizer': None, 'kernel_constraint': None, 'bias_constraint': None}, 'registered_name': None, 'build_config': {'input_shape': [None, 60, 60, 144]}, 'name': 'block2b_project_conv', 'inbound_nodes': [{'args': [{'class_name': '__keras_tensor__', 'config': {'shape': [None, 60, 60, 144], 'dtype': 'float32', 'keras_history': ['block2b_se_excite', 0, 0]}}], 'kwargs': {}}]}, {'module': 'keras.layers', 'class_name': 'BatchNormalization', 'config': {'name': 'block2b_project_bn', 'trainable': False, 'dtype': {'module': 'keras', 'class_name': 'DTypePolicy', 'config': {'name': 'float32'}, 'registered_name': None}, 'axis': 3, 'momentum': 0.99, 'epsilon': 0.001, 'center': True, 'scale': True, 'beta_initializer': {'module': 'keras.initializers', 'class_name': 'Zeros', 'config': {}, 'registered_name': None}, 'gamma_initializer': {'module': 'keras.initializers', 'class_name': 'Ones', 'config': {}, 'registered_name': None}, 'moving_mean_initializer': {'module': 'keras.initializers', 'class_name': 'Zeros', 'config': {}, 'registered_name': None}, 'moving_variance_initializer': {'module': 'keras.initializers', 'class_name': 'Ones', 'config': {}, 'registered_name': None}, 'beta_regularizer': None, 'gamma_regularizer': None, 'beta_constraint': None, 'gamma_constraint': None, 'synchronized': False}, 'registered_name': None, 'build_config': {'input_shape': [None, 60, 60, 24]}, 'name': 'block2b_project_bn', 'inbound_nodes': [{'args': [{'class_name': '__keras_tensor__', 'config': {'shape': [None, 60, 60, 24], 'dtype': 'float32', 'keras_history': ['block2b_project_conv', 0, 0]}}], 'kwargs': {'mask': None}}]}, {'module': 'keras.layers', 'class_name': 'Dropout', 'config': {'name': 'block2b_drop', 'trainable': False, 'dtype': {'module': 'keras', 'class_name': 'DTypePolicy', 'config': {'name': 'float32'}, 'registered_name': None}, 'rate': 0.026086956521739136, 'seed': None, 'noise_shape': [None, 1, 1, 1]}, 'registered_name': None, 'name': 'block2b_drop', 'inbound_nodes': [{'args': [{'class_name': '__keras_tensor__', 'config': {'shape': [None, 60, 60, 24], 'dtype': 'float32', 'keras_history': ['block2b_project_bn', 0, 0]}}], 'kwargs': {'training': False}}]}, {'module': 'keras.layers', 'class_name': 'Add', 'config': {'name': 'block2b_add', 'trainable': False, 'dtype': {'module': 'keras', 'class_name': 'DTypePolicy', 'config': {'name': 'float32'}, 'registered_name': None}}, 'registered_name': None, 'build_config': {'input_shape': [[None, 60, 60, 24], [None, 60, 60, 24]]}, 'name': 'block2b_add', 'inbound_nodes': [{'args': [[{'class_name': '__keras_tensor__', 'config': {'shape': [None, 60, 60, 24], 'dtype': 'float32', 'keras_history': ['block2b_drop', 0, 0]}}, {'class_name': '__keras_tensor__', 'config': {'shape': [None, 60, 60, 24], 'dtype': 'float32', 'keras_history': ['block2a_project_bn', 0, 0]}}]], 'kwargs': {}}]}, {'module': 'keras.layers', 'class_name': 'Conv2D', 'config': {'name': 'block2c_expand_conv', 'trainable': False, 'dtype': {'module': 'keras', 'class_name': 'DTypePolicy', 'config': {'name': 'float32'}, 'registered_name': None}, 'filters': 144, 'kernel_size': [1, 1], 'strides': [1, 1], 'padding': 'same', 'data_format': 'channels_last', 'dilation_rate': [1, 1], 'groups': 1, 'activation': 'linear', 'use_bias': False, 'kernel_initializer': {'module': 'keras.initializers', 'class_name': 'VarianceScaling', 'config': {'seed': None, 'scale': 2.0, 'mode': 'fan_out', 'distribution': 'truncated_normal'}, 'registered_name': None}, 'bias_initializer': {'module': 'keras.initializers', 'class_name': 'Zeros', 'config': {}, 'registered_name': None}, 'kernel_regularizer': None, 'bias_regularizer': None, 'activity_regularizer': None, 'kernel_constraint': None, 'bias_constraint': None}, 'registered_name': None, 'build_config': {'input_shape': [None, 60, 60, 24]}, 'name': 'block2c_expand_conv', 'inbound_nodes': [{'args': [{'class_name': '__keras_tensor__', 'config': {'shape': [None, 60, 60, 24], 'dtype': 'float32', 'keras_history': ['block2b_add', 0, 0]}}], 'kwargs': {}}]}, {'module': 'keras.layers', 'class_name': 'BatchNormalization', 'config': {'name': 'block2c_expand_bn', 'trainable': False, 'dtype': {'module': 'keras', 'class_name': 'DTypePolicy', 'config': {'name': 'float32'}, 'registered_name': None}, 'axis': 3, 'momentum': 0.99, 'epsilon': 0.001, 'center': True, 'scale': True, 'beta_initializer': {'module': 'keras.initializers', 'class_name': 'Zeros', 'config': {}, 'registered_name': None}, 'gamma_initializer': {'module': 'keras.initializers', 'class_name': 'Ones', 'config': {}, 'registered_name': None}, 'moving_mean_initializer': {'module': 'keras.initializers', 'class_name': 'Zeros', 'config': {}, 'registered_name': None}, 'moving_variance_initializer': {'module': 'keras.initializers', 'class_name': 'Ones', 'config': {}, 'registered_name': None}, 'beta_regularizer': None, 'gamma_regularizer': None, 'beta_constraint': None, 'gamma_constraint': None, 'synchronized': False}, 'registered_name': None, 'build_config': {'input_shape': [None, 60, 60, 144]}, 'name': 'block2c_expand_bn', 'inbound_nodes': [{'args': [{'class_name': '__keras_tensor__', 'config': {'shape': [None, 60, 60, 144], 'dtype': 'float32', 'keras_history': ['block2c_expand_conv', 0, 0]}}], 'kwargs': {'mask': None}}]}, {'module': 'keras.layers', 'class_name': 'Activation', 'config': {'name': 'block2c_expand_activation', 'trainable': False, 'dtype': {'module': 'keras', 'class_name': 'DTypePolicy', 'config': {'name': 'float32'}, 'registered_name': None}, 'activation': 'silu'}, 'registered_name': None, 'name': 'block2c_expand_activation', 'inbound_nodes': [{'args': [{'class_name': '__keras_tensor__', 'config': {'shape': [None, 60, 60, 144], 'dtype': 'float32', 'keras_history': ['block2c_expand_bn', 0, 0]}}], 'kwargs': {}}]}, {'module': 'keras.layers', 'class_name': 'DepthwiseConv2D', 'config': {'name': 'block2c_dwconv', 'trainable': False, 'dtype': {'module': 'keras', 'class_name': 'DTypePolicy', 'config': {'name': 'float32'}, 'registered_name': None}, 'depth_multiplier': 1, 'kernel_size': [3, 3], 'strides': [1, 1], 'padding': 'same', 'data_format': 'channels_last', 'dilation_rate': [1, 1], 'activation': 'linear', 'use_bias': False, 'depthwise_initializer': {'module': 'keras.initializers', 'class_name': 'VarianceScaling', 'config': {'seed': None, 'scale': 2.0, 'mode': 'fan_out', 'distribution': 'truncated_normal'}, 'registered_name': None}, 'bias_initializer': {'module': 'keras.initializers', 'class_name': 'Zeros', 'config': {}, 'registered_name': None}, 'depthwise_regularizer': None, 'bias_regularizer': None, 'activity_regularizer': None, 'depthwise_constraint': None, 'bias_constraint': None}, 'registered_name': None, 'build_config': {'input_shape': [None, 60, 60, 144]}, 'name': 'block2c_dwconv', 'inbound_nodes': [{'args': [{'class_name': '__keras_tensor__', 'config': {'shape': [None, 60, 60, 144], 'dtype': 'float32', 'keras_history': ['block2c_expand_activation', 0, 0]}}], 'kwargs': {}}]}, {'module': 'keras.layers', 'class_name': 'BatchNormalization', 'config': {'name': 'block2c_bn', 'trainable': False, 'dtype': {'module': 'keras', 'class_name': 'DTypePolicy', 'config': {'name': 'float32'}, 'registered_name': None}, 'axis': 3, 'momentum': 0.99, 'epsilon': 0.001, 'center': True, 'scale': True, 'beta_initializer': {'module': 'keras.initializers', 'class_name': 'Zeros', 'config': {}, 'registered_name': None}, 'gamma_initializer': {'module': 'keras.initializers', 'class_name': 'Ones', 'config': {}, 'registered_name': None}, 'moving_mean_initializer': {'module': 'keras.initializers', 'class_name': 'Zeros', 'config': {}, 'registered_name': None}, 'moving_variance_initializer': {'module': 'keras.initializers', 'class_name': 'Ones', 'config': {}, 'registered_name': None}, 'beta_regularizer': None, 'gamma_regularizer': None, 'beta_constraint': None, 'gamma_constraint': None, 'synchronized': False}, 'registered_name': None, 'build_config': {'input_shape': [None, 60, 60, 144]}, 'name': 'block2c_bn', 'inbound_nodes': [{'args': [{'class_name': '__keras_tensor__', 'config': {'shape': [None, 60, 60, 144], 'dtype': 'float32', 'keras_history': ['block2c_dwconv', 0, 0]}}], 'kwargs': {'mask': None}}]}, {'module': 'keras.layers', 'class_name': 'Activation', 'config': {'name': 'block2c_activation', 'trainable': False, 'dtype': {'module': 'keras', 'class_name': 'DTypePolicy', 'config': {'name': 'float32'}, 'registered_name': None}, 'activation': 'silu'}, 'registered_name': None, 'name': 'block2c_activation', 'inbound_nodes': [{'args': [{'class_name': '__keras_tensor__', 'config': {'shape': [None, 60, 60, 144], 'dtype': 'float32', 'keras_history': ['block2c_bn', 0, 0]}}], 'kwargs': {}}]}, {'module': 'keras.layers', 'class_name': 'GlobalAveragePooling2D', 'config': {'name': 'block2c_se_squeeze', 'trainable': False, 'dtype': {'module': 'keras', 'class_name': 'DTypePolicy', 'config': {'name': 'float32'}, 'registered_name': None}, 'data_format': 'channels_last', 'keepdims': False}, 'registered_name': None, 'name': 'block2c_se_squeeze', 'inbound_nodes': [{'args': [{'class_name': '__keras_tensor__', 'config': {'shape': [None, 60, 60, 144], 'dtype': 'float32', 'keras_history': ['block2c_activation', 0, 0]}}], 'kwargs': {}}]}, {'module': 'keras.layers', 'class_name': 'Reshape', 'config': {'name': 'block2c_se_reshape', 'trainable': False, 'dtype': {'module': 'keras', 'class_name': 'DTypePolicy', 'config': {'name': 'float32'}, 'registered_name': None}, 'target_shape': [1, 1, 144]}, 'registered_name': None, 'name': 'block2c_se_reshape', 'inbound_nodes': [{'args': [{'class_name': '__keras_tensor__', 'config': {'shape': [None, 144], 'dtype': 'float32', 'keras_history': ['block2c_se_squeeze', 0, 0]}}], 'kwargs': {}}]}, {'module': 'keras.layers', 'class_name': 'Conv2D', 'config': {'name': 'block2c_se_reduce', 'trainable': False, 'dtype': {'module': 'keras', 'class_name': 'DTypePolicy', 'config': {'name': 'float32'}, 'registered_name': None}, 'filters': 6, 'kernel_size': [1, 1], 'strides': [1, 1], 'padding': 'same', 'data_format': 'channels_last', 'dilation_rate': [1, 1], 'groups': 1, 'activation': 'silu', 'use_bias': True, 'kernel_initializer': {'module': 'keras.initializers', 'class_name': 'VarianceScaling', 'config': {'seed': None, 'scale': 2.0, 'mode': 'fan_out', 'distribution': 'truncated_normal'}, 'registered_name': None}, 'bias_initializer': {'module': 'keras.initializers', 'class_name': 'Zeros', 'config': {}, 'registered_name': None}, 'kernel_regularizer': None, 'bias_regularizer': None, 'activity_regularizer': None, 'kernel_constraint': None, 'bias_constraint': None}, 'registered_name': None, 'build_config': {'input_shape': [None, 1, 1, 144]}, 'name': 'block2c_se_reduce', 'inbound_nodes': [{'args': [{'class_name': '__keras_tensor__', 'config': {'shape': [None, 1, 1, 144], 'dtype': 'float32', 'keras_history': ['block2c_se_reshape', 0, 0]}}], 'kwargs': {}}]}, {'module': 'keras.layers', 'class_name': 'Conv2D', 'config': {'name': 'block2c_se_expand', 'trainable': False, 'dtype': {'module': 'keras', 'class_name': 'DTypePolicy', 'config': {'name': 'float32'}, 'registered_name': None}, 'filters': 144, 'kernel_size': [1, 1], 'strides': [1, 1], 'padding': 'same', 'data_format': 'channels_last', 'dilation_rate': [1, 1], 'groups': 1, 'activation': 'sigmoid', 'use_bias': True, 'kernel_initializer': {'module': 'keras.initializers', 'class_name': 'VarianceScaling', 'config': {'seed': None, 'scale': 2.0, 'mode': 'fan_out', 'distribution': 'truncated_normal'}, 'registered_name': None}, 'bias_initializer': {'module': 'keras.initializers', 'class_name': 'Zeros', 'config': {}, 'registered_name': None}, 'kernel_regularizer': None, 'bias_regularizer': None, 'activity_regularizer': None, 'kernel_constraint': None, 'bias_constraint': None}, 'registered_name': None, 'build_config': {'input_shape': [None, 1, 1, 6]}, 'name': 'block2c_se_expand', 'inbound_nodes': [{'args': [{'class_name': '__keras_tensor__', 'config': {'shape': [None, 1, 1, 6], 'dtype': 'float32', 'keras_history': ['block2c_se_reduce', 0, 0]}}], 'kwargs': {}}]}, {'module': 'keras.layers', 'class_name': 'Multiply', 'config': {'name': 'block2c_se_excite', 'trainable': False, 'dtype': {'module': 'keras', 'class_name': 'DTypePolicy', 'config': {'name': 'float32'}, 'registered_name': None}}, 'registered_name': None, 'build_config': {'input_shape': [[None, 60, 60, 144], [None, 1, 1, 144]]}, 'name': 'block2c_se_excite', 'inbound_nodes': [{'args': [[{'class_name': '__keras_tensor__', 'config': {'shape': [None, 60, 60, 144], 'dtype': 'float32', 'keras_history': ['block2c_activation', 0, 0]}}, {'class_name': '__keras_tensor__', 'config': {'shape': [None, 1, 1, 144], 'dtype': 'float32', 'keras_history': ['block2c_se_expand', 0, 0]}}]], 'kwargs': {}}]}, {'module': 'keras.layers', 'class_name': 'Conv2D', 'config': {'name': 'block2c_project_conv', 'trainable': False, 'dtype': {'module': 'keras', 'class_name': 'DTypePolicy', 'config': {'name': 'float32'}, 'registered_name': None}, 'filters': 24, 'kernel_size': [1, 1], 'strides': [1, 1], 'padding': 'same', 'data_format': 'channels_last', 'dilation_rate': [1, 1], 'groups': 1, 'activation': 'linear', 'use_bias': False, 'kernel_initializer': {'module': 'keras.initializers', 'class_name': 'VarianceScaling', 'config': {'seed': None, 'scale': 2.0, 'mode': 'fan_out', 'distribution': 'truncated_normal'}, 'registered_name': None}, 'bias_initializer': {'module': 'keras.initializers', 'class_name': 'Zeros', 'config': {}, 'registered_name': None}, 'kernel_regularizer': None, 'bias_regularizer': None, 'activity_regularizer': None, 'kernel_constraint': None, 'bias_constraint': None}, 'registered_name': None, 'build_config': {'input_shape': [None, 60, 60, 144]}, 'name': 'block2c_project_conv', 'inbound_nodes': [{'args': [{'class_name': '__keras_tensor__', 'config': {'shape': [None, 60, 60, 144], 'dtype': 'float32', 'keras_history': ['block2c_se_excite', 0, 0]}}], 'kwargs': {}}]}, {'module': 'keras.layers', 'class_name': 'BatchNormalization', 'config': {'name': 'block2c_project_bn', 'trainable': False, 'dtype': {'module': 'keras', 'class_name': 'DTypePolicy', 'config': {'name': 'float32'}, 'registered_name': None}, 'axis': 3, 'momentum': 0.99, 'epsilon': 0.001, 'center': True, 'scale': True, 'beta_initializer': {'module': 'keras.initializers', 'class_name': 'Zeros', 'config': {}, 'registered_name': None}, 'gamma_initializer': {'module': 'keras.initializers', 'class_name': 'Ones', 'config': {}, 'registered_name': None}, 'moving_mean_initializer': {'module': 'keras.initializers', 'class_name': 'Zeros', 'config': {}, 'registered_name': None}, 'moving_variance_initializer': {'module': 'keras.initializers', 'class_name': 'Ones', 'config': {}, 'registered_name': None}, 'beta_regularizer': None, 'gamma_regularizer': None, 'beta_constraint': None, 'gamma_constraint': None, 'synchronized': False}, 'registered_name': None, 'build_config': {'input_shape': [None, 60, 60, 24]}, 'name': 'block2c_project_bn', 'inbound_nodes': [{'args': [{'class_name': '__keras_tensor__', 'config': {'shape': [None, 60, 60, 24], 'dtype': 'float32', 'keras_history': ['block2c_project_conv', 0, 0]}}], 'kwargs': {'mask': None}}]}, {'module': 'keras.layers', 'class_name': 'Dropout', 'config': {'name': 'block2c_drop', 'trainable': False, 'dtype': {'module': 'keras', 'class_name': 'DTypePolicy', 'config': {'name': 'float32'}, 'registered_name': None}, 'rate': 0.034782608695652174, 'seed': None, 'noise_shape': [None, 1, 1, 1]}, 'registered_name': None, 'name': 'block2c_drop', 'inbound_nodes': [{'args': [{'class_name': '__keras_tensor__', 'config': {'shape': [None, 60, 60, 24], 'dtype': 'float32', 'keras_history': ['block2c_project_bn', 0, 0]}}], 'kwargs': {'training': False}}]}, {'module': 'keras.layers', 'class_name': 'Add', 'config': {'name': 'block2c_add', 'trainable': False, 'dtype': {'module': 'keras', 'class_name': 'DTypePolicy', 'config': {'name': 'float32'}, 'registered_name': None}}, 'registered_name': None, 'build_config': {'input_shape': [[None, 60, 60, 24], [None, 60, 60, 24]]}, 'name': 'block2c_add', 'inbound_nodes': [{'args': [[{'class_name': '__keras_tensor__', 'config': {'shape': [None, 60, 60, 24], 'dtype': 'float32', 'keras_history': ['block2c_drop', 0, 0]}}, {'class_name': '__keras_tensor__', 'config': {'shape': [None, 60, 60, 24], 'dtype': 'float32', 'keras_history': ['block2b_add', 0, 0]}}]], 'kwargs': {}}]}, {'module': 'keras.layers', 'class_name': 'Conv2D', 'config': {'name': 'block3a_expand_conv', 'trainable': False, 'dtype': {'module': 'keras', 'class_name': 'DTypePolicy', 'config': {'name': 'float32'}, 'registered_name': None}, 'filters': 144, 'kernel_size': [1, 1], 'strides': [1, 1], 'padding': 'same', 'data_format': 'channels_last', 'dilation_rate': [1, 1], 'groups': 1, 'activation': 'linear', 'use_bias': False, 'kernel_initializer': {'module': 'keras.initializers', 'class_name': 'VarianceScaling', 'config': {'seed': None, 'scale': 2.0, 'mode': 'fan_out', 'distribution': 'truncated_normal'}, 'registered_name': None}, 'bias_initializer': {'module': 'keras.initializers', 'class_name': 'Zeros', 'config': {}, 'registered_name': None}, 'kernel_regularizer': None, 'bias_regularizer': None, 'activity_regularizer': None, 'kernel_constraint': None, 'bias_constraint': None}, 'registered_name': None, 'build_config': {'input_shape': [None, 60, 60, 24]}, 'name': 'block3a_expand_conv', 'inbound_nodes': [{'args': [{'class_name': '__keras_tensor__', 'config': {'shape': [None, 60, 60, 24], 'dtype': 'float32', 'keras_history': ['block2c_add', 0, 0]}}], 'kwargs': {}}]}, {'module': 'keras.layers', 'class_name': 'BatchNormalization', 'config': {'name': 'block3a_expand_bn', 'trainable': False, 'dtype': {'module': 'keras', 'class_name': 'DTypePolicy', 'config': {'name': 'float32'}, 'registered_name': None}, 'axis': 3, 'momentum': 0.99, 'epsilon': 0.001, 'center': True, 'scale': True, 'beta_initializer': {'module': 'keras.initializers', 'class_name': 'Zeros', 'config': {}, 'registered_name': None}, 'gamma_initializer': {'module': 'keras.initializers', 'class_name': 'Ones', 'config': {}, 'registered_name': None}, 'moving_mean_initializer': {'module': 'keras.initializers', 'class_name': 'Zeros', 'config': {}, 'registered_name': None}, 'moving_variance_initializer': {'module': 'keras.initializers', 'class_name': 'Ones', 'config': {}, 'registered_name': None}, 'beta_regularizer': None, 'gamma_regularizer': None, 'beta_constraint': None, 'gamma_constraint': None, 'synchronized': False}, 'registered_name': None, 'build_config': {'input_shape': [None, 60, 60, 144]}, 'name': 'block3a_expand_bn', 'inbound_nodes': [{'args': [{'class_name': '__keras_tensor__', 'config': {'shape': [None, 60, 60, 144], 'dtype': 'float32', 'keras_history': ['block3a_expand_conv', 0, 0]}}], 'kwargs': {'mask': None}}]}, {'module': 'keras.layers', 'class_name': 'Activation', 'config': {'name': 'block3a_expand_activation', 'trainable': False, 'dtype': {'module': 'keras', 'class_name': 'DTypePolicy', 'config': {'name': 'float32'}, 'registered_name': None}, 'activation': 'silu'}, 'registered_name': None, 'name': 'block3a_expand_activation', 'inbound_nodes': [{'args': [{'class_name': '__keras_tensor__', 'config': {'shape': [None, 60, 60, 144], 'dtype': 'float32', 'keras_history': ['block3a_expand_bn', 0, 0]}}], 'kwargs': {}}]}, {'module': 'keras.layers', 'class_name': 'ZeroPadding2D', 'config': {'name': 'block3a_dwconv_pad', 'trainable': False, 'dtype': {'module': 'keras', 'class_name': 'DTypePolicy', 'config': {'name': 'float32'}, 'registered_name': None}, 'padding': [[1, 2], [1, 2]], 'data_format': 'channels_last'}, 'registered_name': None, 'build_config': {'input_shape': [None, 60, 60, 144]}, 'name': 'block3a_dwconv_pad', 'inbound_nodes': [{'args': [{'class_name': '__keras_tensor__', 'config': {'shape': [None, 60, 60, 144], 'dtype': 'float32', 'keras_history': ['block3a_expand_activation', 0, 0]}}], 'kwargs': {}}]}, {'module': 'keras.layers', 'class_name': 'DepthwiseConv2D', 'config': {'name': 'block3a_dwconv', 'trainable': False, 'dtype': {'module': 'keras', 'class_name': 'DTypePolicy', 'config': {'name': 'float32'}, 'registered_name': None}, 'depth_multiplier': 1, 'kernel_size': [5, 5], 'strides': [2, 2], 'padding': 'valid', 'data_format': 'channels_last', 'dilation_rate': [1, 1], 'activation': 'linear', 'use_bias': False, 'depthwise_initializer': {'module': 'keras.initializers', 'class_name': 'VarianceScaling', 'config': {'seed': None, 'scale': 2.0, 'mode': 'fan_out', 'distribution': 'truncated_normal'}, 'registered_name': None}, 'bias_initializer': {'module': 'keras.initializers', 'class_name': 'Zeros', 'config': {}, 'registered_name': None}, 'depthwise_regularizer': None, 'bias_regularizer': None, 'activity_regularizer': None, 'depthwise_constraint': None, 'bias_constraint': None}, 'registered_name': None, 'build_config': {'input_shape': [None, 63, 63, 144]}, 'name': 'block3a_dwconv', 'inbound_nodes': [{'args': [{'class_name': '__keras_tensor__', 'config': {'shape': [None, 63, 63, 144], 'dtype': 'float32', 'keras_history': ['block3a_dwconv_pad', 0, 0]}}], 'kwargs': {}}]}, {'module': 'keras.layers', 'class_name': 'BatchNormalization', 'config': {'name': 'block3a_bn', 'trainable': False, 'dtype': {'module': 'keras', 'class_name': 'DTypePolicy', 'config': {'name': 'float32'}, 'registered_name': None}, 'axis': 3, 'momentum': 0.99, 'epsilon': 0.001, 'center': True, 'scale': True, 'beta_initializer': {'module': 'keras.initializers', 'class_name': 'Zeros', 'config': {}, 'registered_name': None}, 'gamma_initializer': {'module': 'keras.initializers', 'class_name': 'Ones', 'config': {}, 'registered_name': None}, 'moving_mean_initializer': {'module': 'keras.initializers', 'class_name': 'Zeros', 'config': {}, 'registered_name': None}, 'moving_variance_initializer': {'module': 'keras.initializers', 'class_name': 'Ones', 'config': {}, 'registered_name': None}, 'beta_regularizer': None, 'gamma_regularizer': None, 'beta_constraint': None, 'gamma_constraint': None, 'synchronized': False}, 'registered_name': None, 'build_config': {'input_shape': [None, 30, 30, 144]}, 'name': 'block3a_bn', 'inbound_nodes': [{'args': [{'class_name': '__keras_tensor__', 'config': {'shape': [None, 30, 30, 144], 'dtype': 'float32', 'keras_history': ['block3a_dwconv', 0, 0]}}], 'kwargs': {'mask': None}}]}, {'module': 'keras.layers', 'class_name': 'Activation', 'config': {'name': 'block3a_activation', 'trainable': False, 'dtype': {'module': 'keras', 'class_name': 'DTypePolicy', 'config': {'name': 'float32'}, 'registered_name': None}, 'activation': 'silu'}, 'registered_name': None, 'name': 'block3a_activation', 'inbound_nodes': [{'args': [{'class_name': '__keras_tensor__', 'config': {'shape': [None, 30, 30, 144], 'dtype': 'float32', 'keras_history': ['block3a_bn', 0, 0]}}], 'kwargs': {}}]}, {'module': 'keras.layers', 'class_name': 'GlobalAveragePooling2D', 'config': {'name': 'block3a_se_squeeze', 'trainable': False, 'dtype': {'module': 'keras', 'class_name': 'DTypePolicy', 'config': {'name': 'float32'}, 'registered_name': None}, 'data_format': 'channels_last', 'keepdims': False}, 'registered_name': None, 'name': 'block3a_se_squeeze', 'inbound_nodes': [{'args': [{'class_name': '__keras_tensor__', 'config': {'shape': [None, 30, 30, 144], 'dtype': 'float32', 'keras_history': ['block3a_activation', 0, 0]}}], 'kwargs': {}}]}, {'module': 'keras.layers', 'class_name': 'Reshape', 'config': {'name': 'block3a_se_reshape', 'trainable': False, 'dtype': {'module': 'keras', 'class_name': 'DTypePolicy', 'config': {'name': 'float32'}, 'registered_name': None}, 'target_shape': [1, 1, 144]}, 'registered_name': None, 'name': 'block3a_se_reshape', 'inbound_nodes': [{'args': [{'class_name': '__keras_tensor__', 'config': {'shape': [None, 144], 'dtype': 'float32', 'keras_history': ['block3a_se_squeeze', 0, 0]}}], 'kwargs': {}}]}, {'module': 'keras.layers', 'class_name': 'Conv2D', 'config': {'name': 'block3a_se_reduce', 'trainable': False, 'dtype': {'module': 'keras', 'class_name': 'DTypePolicy', 'config': {'name': 'float32'}, 'registered_name': None}, 'filters': 6, 'kernel_size': [1, 1], 'strides': [1, 1], 'padding': 'same', 'data_format': 'channels_last', 'dilation_rate': [1, 1], 'groups': 1, 'activation': 'silu', 'use_bias': True, 'kernel_initializer': {'module': 'keras.initializers', 'class_name': 'VarianceScaling', 'config': {'seed': None, 'scale': 2.0, 'mode': 'fan_out', 'distribution': 'truncated_normal'}, 'registered_name': None}, 'bias_initializer': {'module': 'keras.initializers', 'class_name': 'Zeros', 'config': {}, 'registered_name': None}, 'kernel_regularizer': None, 'bias_regularizer': None, 'activity_regularizer': None, 'kernel_constraint': None, 'bias_constraint': None}, 'registered_name': None, 'build_config': {'input_shape': [None, 1, 1, 144]}, 'name': 'block3a_se_reduce', 'inbound_nodes': [{'args': [{'class_name': '__keras_tensor__', 'config': {'shape': [None, 1, 1, 144], 'dtype': 'float32', 'keras_history': ['block3a_se_reshape', 0, 0]}}], 'kwargs': {}}]}, {'module': 'keras.layers', 'class_name': 'Conv2D', 'config': {'name': 'block3a_se_expand', 'trainable': False, 'dtype': {'module': 'keras', 'class_name': 'DTypePolicy', 'config': {'name': 'float32'}, 'registered_name': None}, 'filters': 144, 'kernel_size': [1, 1], 'strides': [1, 1], 'padding': 'same', 'data_format': 'channels_last', 'dilation_rate': [1, 1], 'groups': 1, 'activation': 'sigmoid', 'use_bias': True, 'kernel_initializer': {'module': 'keras.initializers', 'class_name': 'VarianceScaling', 'config': {'seed': None, 'scale': 2.0, 'mode': 'fan_out', 'distribution': 'truncated_normal'}, 'registered_name': None}, 'bias_initializer': {'module': 'keras.initializers', 'class_name': 'Zeros', 'config': {}, 'registered_name': None}, 'kernel_regularizer': None, 'bias_regularizer': None, 'activity_regularizer': None, 'kernel_constraint': None, 'bias_constraint': None}, 'registered_name': None, 'build_config': {'input_shape': [None, 1, 1, 6]}, 'name': 'block3a_se_expand', 'inbound_nodes': [{'args': [{'class_name': '__keras_tensor__', 'config': {'shape': [None, 1, 1, 6], 'dtype': 'float32', 'keras_history': ['block3a_se_reduce', 0, 0]}}], 'kwargs': {}}]}, {'module': 'keras.layers', 'class_name': 'Multiply', 'config': {'name': 'block3a_se_excite', 'trainable': False, 'dtype': {'module': 'keras', 'class_name': 'DTypePolicy', 'config': {'name': 'float32'}, 'registered_name': None}}, 'registered_name': None, 'build_config': {'input_shape': [[None, 30, 30, 144], [None, 1, 1, 144]]}, 'name': 'block3a_se_excite', 'inbound_nodes': [{'args': [[{'class_name': '__keras_tensor__', 'config': {'shape': [None, 30, 30, 144], 'dtype': 'float32', 'keras_history': ['block3a_activation', 0, 0]}}, {'class_name': '__keras_tensor__', 'config': {'shape': [None, 1, 1, 144], 'dtype': 'float32', 'keras_history': ['block3a_se_expand', 0, 0]}}]], 'kwargs': {}}]}, {'module': 'keras.layers', 'class_name': 'Conv2D', 'config': {'name': 'block3a_project_conv', 'trainable': False, 'dtype': {'module': 'keras', 'class_name': 'DTypePolicy', 'config': {'name': 'float32'}, 'registered_name': None}, 'filters': 40, 'kernel_size': [1, 1], 'strides': [1, 1], 'padding': 'same', 'data_format': 'channels_last', 'dilation_rate': [1, 1], 'groups': 1, 'activation': 'linear', 'use_bias': False, 'kernel_initializer': {'module': 'keras.initializers', 'class_name': 'VarianceScaling', 'config': {'seed': None, 'scale': 2.0, 'mode': 'fan_out', 'distribution': 'truncated_normal'}, 'registered_name': None}, 'bias_initializer': {'module': 'keras.initializers', 'class_name': 'Zeros', 'config': {}, 'registered_name': None}, 'kernel_regularizer': None, 'bias_regularizer': None, 'activity_regularizer': None, 'kernel_constraint': None, 'bias_constraint': None}, 'registered_name': None, 'build_config': {'input_shape': [None, 30, 30, 144]}, 'name': 'block3a_project_conv', 'inbound_nodes': [{'args': [{'class_name': '__keras_tensor__', 'config': {'shape': [None, 30, 30, 144], 'dtype': 'float32', 'keras_history': ['block3a_se_excite', 0, 0]}}], 'kwargs': {}}]}, {'module': 'keras.layers', 'class_name': 'BatchNormalization', 'config': {'name': 'block3a_project_bn', 'trainable': False, 'dtype': {'module': 'keras', 'class_name': 'DTypePolicy', 'config': {'name': 'float32'}, 'registered_name': None}, 'axis': 3, 'momentum': 0.99, 'epsilon': 0.001, 'center': True, 'scale': True, 'beta_initializer': {'module': 'keras.initializers', 'class_name': 'Zeros', 'config': {}, 'registered_name': None}, 'gamma_initializer': {'module': 'keras.initializers', 'class_name': 'Ones', 'config': {}, 'registered_name': None}, 'moving_mean_initializer': {'module': 'keras.initializers', 'class_name': 'Zeros', 'config': {}, 'registered_name': None}, 'moving_variance_initializer': {'module': 'keras.initializers', 'class_name': 'Ones', 'config': {}, 'registered_name': None}, 'beta_regularizer': None, 'gamma_regularizer': None, 'beta_constraint': None, 'gamma_constraint': None, 'synchronized': False}, 'registered_name': None, 'build_config': {'input_shape': [None, 30, 30, 40]}, 'name': 'block3a_project_bn', 'inbound_nodes': [{'args': [{'class_name': '__keras_tensor__', 'config': {'shape': [None, 30, 30, 40], 'dtype': 'float32', 'keras_history': ['block3a_project_conv', 0, 0]}}], 'kwargs': {'mask': None}}]}, {'module': 'keras.layers', 'class_name': 'Conv2D', 'config': {'name': 'block3b_expand_conv', 'trainable': False, 'dtype': {'module': 'keras', 'class_name': 'DTypePolicy', 'config': {'name': 'float32'}, 'registered_name': None}, 'filters': 240, 'kernel_size': [1, 1], 'strides': [1, 1], 'padding': 'same', 'data_format': 'channels_last', 'dilation_rate': [1, 1], 'groups': 1, 'activation': 'linear', 'use_bias': False, 'kernel_initializer': {'module': 'keras.initializers', 'class_name': 'VarianceScaling', 'config': {'seed': None, 'scale': 2.0, 'mode': 'fan_out', 'distribution': 'truncated_normal'}, 'registered_name': None}, 'bias_initializer': {'module': 'keras.initializers', 'class_name': 'Zeros', 'config': {}, 'registered_name': None}, 'kernel_regularizer': None, 'bias_regularizer': None, 'activity_regularizer': None, 'kernel_constraint': None, 'bias_constraint': None}, 'registered_name': None, 'build_config': {'input_shape': [None, 30, 30, 40]}, 'name': 'block3b_expand_conv', 'inbound_nodes': [{'args': [{'class_name': '__keras_tensor__', 'config': {'shape': [None, 30, 30, 40], 'dtype': 'float32', 'keras_history': ['block3a_project_bn', 0, 0]}}], 'kwargs': {}}]}, {'module': 'keras.layers', 'class_name': 'BatchNormalization', 'config': {'name': 'block3b_expand_bn', 'trainable': False, 'dtype': {'module': 'keras', 'class_name': 'DTypePolicy', 'config': {'name': 'float32'}, 'registered_name': None}, 'axis': 3, 'momentum': 0.99, 'epsilon': 0.001, 'center': True, 'scale': True, 'beta_initializer': {'module': 'keras.initializers', 'class_name': 'Zeros', 'config': {}, 'registered_name': None}, 'gamma_initializer': {'module': 'keras.initializers', 'class_name': 'Ones', 'config': {}, 'registered_name': None}, 'moving_mean_initializer': {'module': 'keras.initializers', 'class_name': 'Zeros', 'config': {}, 'registered_name': None}, 'moving_variance_initializer': {'module': 'keras.initializers', 'class_name': 'Ones', 'config': {}, 'registered_name': None}, 'beta_regularizer': None, 'gamma_regularizer': None, 'beta_constraint': None, 'gamma_constraint': None, 'synchronized': False}, 'registered_name': None, 'build_config': {'input_shape': [None, 30, 30, 240]}, 'name': 'block3b_expand_bn', 'inbound_nodes': [{'args': [{'class_name': '__keras_tensor__', 'config': {'shape': [None, 30, 30, 240], 'dtype': 'float32', 'keras_history': ['block3b_expand_conv', 0, 0]}}], 'kwargs': {'mask': None}}]}, {'module': 'keras.layers', 'class_name': 'Activation', 'config': {'name': 'block3b_expand_activation', 'trainable': False, 'dtype': {'module': 'keras', 'class_name': 'DTypePolicy', 'config': {'name': 'float32'}, 'registered_name': None}, 'activation': 'silu'}, 'registered_name': None, 'name': 'block3b_expand_activation', 'inbound_nodes': [{'args': [{'class_name': '__keras_tensor__', 'config': {'shape': [None, 30, 30, 240], 'dtype': 'float32', 'keras_history': ['block3b_expand_bn', 0, 0]}}], 'kwargs': {}}]}, {'module': 'keras.layers', 'class_name': 'DepthwiseConv2D', 'config': {'name': 'block3b_dwconv', 'trainable': False, 'dtype': {'module': 'keras', 'class_name': 'DTypePolicy', 'config': {'name': 'float32'}, 'registered_name': None}, 'depth_multiplier': 1, 'kernel_size': [5, 5], 'strides': [1, 1], 'padding': 'same', 'data_format': 'channels_last', 'dilation_rate': [1, 1], 'activation': 'linear', 'use_bias': False, 'depthwise_initializer': {'module': 'keras.initializers', 'class_name': 'VarianceScaling', 'config': {'seed': None, 'scale': 2.0, 'mode': 'fan_out', 'distribution': 'truncated_normal'}, 'registered_name': None}, 'bias_initializer': {'module': 'keras.initializers', 'class_name': 'Zeros', 'config': {}, 'registered_name': None}, 'depthwise_regularizer': None, 'bias_regularizer': None, 'activity_regularizer': None, 'depthwise_constraint': None, 'bias_constraint': None}, 'registered_name': None, 'build_config': {'input_shape': [None, 30, 30, 240]}, 'name': 'block3b_dwconv', 'inbound_nodes': [{'args': [{'class_name': '__keras_tensor__', 'config': {'shape': [None, 30, 30, 240], 'dtype': 'float32', 'keras_history': ['block3b_expand_activation', 0, 0]}}], 'kwargs': {}}]}, {'module': 'keras.layers', 'class_name': 'BatchNormalization', 'config': {'name': 'block3b_bn', 'trainable': False, 'dtype': {'module': 'keras', 'class_name': 'DTypePolicy', 'config': {'name': 'float32'}, 'registered_name': None}, 'axis': 3, 'momentum': 0.99, 'epsilon': 0.001, 'center': True, 'scale': True, 'beta_initializer': {'module': 'keras.initializers', 'class_name': 'Zeros', 'config': {}, 'registered_name': None}, 'gamma_initializer': {'module': 'keras.initializers', 'class_name': 'Ones', 'config': {}, 'registered_name': None}, 'moving_mean_initializer': {'module': 'keras.initializers', 'class_name': 'Zeros', 'config': {}, 'registered_name': None}, 'moving_variance_initializer': {'module': 'keras.initializers', 'class_name': 'Ones', 'config': {}, 'registered_name': None}, 'beta_regularizer': None, 'gamma_regularizer': None, 'beta_constraint': None, 'gamma_constraint': None, 'synchronized': False}, 'registered_name': None, 'build_config': {'input_shape': [None, 30, 30, 240]}, 'name': 'block3b_bn', 'inbound_nodes': [{'args': [{'class_name': '__keras_tensor__', 'config': {'shape': [None, 30, 30, 240], 'dtype': 'float32', 'keras_history': ['block3b_dwconv', 0, 0]}}], 'kwargs': {'mask': None}}]}, {'module': 'keras.layers', 'class_name': 'Activation', 'config': {'name': 'block3b_activation', 'trainable': False, 'dtype': {'module': 'keras', 'class_name': 'DTypePolicy', 'config': {'name': 'float32'}, 'registered_name': None}, 'activation': 'silu'}, 'registered_name': None, 'name': 'block3b_activation', 'inbound_nodes': [{'args': [{'class_name': '__keras_tensor__', 'config': {'shape': [None, 30, 30, 240], 'dtype': 'float32', 'keras_history': ['block3b_bn', 0, 0]}}], 'kwargs': {}}]}, {'module': 'keras.layers', 'class_name': 'GlobalAveragePooling2D', 'config': {'name': 'block3b_se_squeeze', 'trainable': False, 'dtype': {'module': 'keras', 'class_name': 'DTypePolicy', 'config': {'name': 'float32'}, 'registered_name': None}, 'data_format': 'channels_last', 'keepdims': False}, 'registered_name': None, 'name': 'block3b_se_squeeze', 'inbound_nodes': [{'args': [{'class_name': '__keras_tensor__', 'config': {'shape': [None, 30, 30, 240], 'dtype': 'float32', 'keras_history': ['block3b_activation', 0, 0]}}], 'kwargs': {}}]}, {'module': 'keras.layers', 'class_name': 'Reshape', 'config': {'name': 'block3b_se_reshape', 'trainable': False, 'dtype': {'module': 'keras', 'class_name': 'DTypePolicy', 'config': {'name': 'float32'}, 'registered_name': None}, 'target_shape': [1, 1, 240]}, 'registered_name': None, 'name': 'block3b_se_reshape', 'inbound_nodes': [{'args': [{'class_name': '__keras_tensor__', 'config': {'shape': [None, 240], 'dtype': 'float32', 'keras_history': ['block3b_se_squeeze', 0, 0]}}], 'kwargs': {}}]}, {'module': 'keras.layers', 'class_name': 'Conv2D', 'config': {'name': 'block3b_se_reduce', 'trainable': False, 'dtype': {'module': 'keras', 'class_name': 'DTypePolicy', 'config': {'name': 'float32'}, 'registered_name': None}, 'filters': 10, 'kernel_size': [1, 1], 'strides': [1, 1], 'padding': 'same', 'data_format': 'channels_last', 'dilation_rate': [1, 1], 'groups': 1, 'activation': 'silu', 'use_bias': True, 'kernel_initializer': {'module': 'keras.initializers', 'class_name': 'VarianceScaling', 'config': {'seed': None, 'scale': 2.0, 'mode': 'fan_out', 'distribution': 'truncated_normal'}, 'registered_name': None}, 'bias_initializer': {'module': 'keras.initializers', 'class_name': 'Zeros', 'config': {}, 'registered_name': None}, 'kernel_regularizer': None, 'bias_regularizer': None, 'activity_regularizer': None, 'kernel_constraint': None, 'bias_constraint': None}, 'registered_name': None, 'build_config': {'input_shape': [None, 1, 1, 240]}, 'name': 'block3b_se_reduce', 'inbound_nodes': [{'args': [{'class_name': '__keras_tensor__', 'config': {'shape': [None, 1, 1, 240], 'dtype': 'float32', 'keras_history': ['block3b_se_reshape', 0, 0]}}], 'kwargs': {}}]}, {'module': 'keras.layers', 'class_name': 'Conv2D', 'config': {'name': 'block3b_se_expand', 'trainable': False, 'dtype': {'module': 'keras', 'class_name': 'DTypePolicy', 'config': {'name': 'float32'}, 'registered_name': None}, 'filters': 240, 'kernel_size': [1, 1], 'strides': [1, 1], 'padding': 'same', 'data_format': 'channels_last', 'dilation_rate': [1, 1], 'groups': 1, 'activation': 'sigmoid', 'use_bias': True, 'kernel_initializer': {'module': 'keras.initializers', 'class_name': 'VarianceScaling', 'config': {'seed': None, 'scale': 2.0, 'mode': 'fan_out', 'distribution': 'truncated_normal'}, 'registered_name': None}, 'bias_initializer': {'module': 'keras.initializers', 'class_name': 'Zeros', 'config': {}, 'registered_name': None}, 'kernel_regularizer': None, 'bias_regularizer': None, 'activity_regularizer': None, 'kernel_constraint': None, 'bias_constraint': None}, 'registered_name': None, 'build_config': {'input_shape': [None, 1, 1, 10]}, 'name': 'block3b_se_expand', 'inbound_nodes': [{'args': [{'class_name': '__keras_tensor__', 'config': {'shape': [None, 1, 1, 10], 'dtype': 'float32', 'keras_history': ['block3b_se_reduce', 0, 0]}}], 'kwargs': {}}]}, {'module': 'keras.layers', 'class_name': 'Multiply', 'config': {'name': 'block3b_se_excite', 'trainable': False, 'dtype': {'module': 'keras', 'class_name': 'DTypePolicy', 'config': {'name': 'float32'}, 'registered_name': None}}, 'registered_name': None, 'build_config': {'input_shape': [[None, 30, 30, 240], [None, 1, 1, 240]]}, 'name': 'block3b_se_excite', 'inbound_nodes': [{'args': [[{'class_name': '__keras_tensor__', 'config': {'shape': [None, 30, 30, 240], 'dtype': 'float32', 'keras_history': ['block3b_activation', 0, 0]}}, {'class_name': '__keras_tensor__', 'config': {'shape': [None, 1, 1, 240], 'dtype': 'float32', 'keras_history': ['block3b_se_expand', 0, 0]}}]], 'kwargs': {}}]}, {'module': 'keras.layers', 'class_name': 'Conv2D', 'config': {'name': 'block3b_project_conv', 'trainable': False, 'dtype': {'module': 'keras', 'class_name': 'DTypePolicy', 'config': {'name': 'float32'}, 'registered_name': None}, 'filters': 40, 'kernel_size': [1, 1], 'strides': [1, 1], 'padding': 'same', 'data_format': 'channels_last', 'dilation_rate': [1, 1], 'groups': 1, 'activation': 'linear', 'use_bias': False, 'kernel_initializer': {'module': 'keras.initializers', 'class_name': 'VarianceScaling', 'config': {'seed': None, 'scale': 2.0, 'mode': 'fan_out', 'distribution': 'truncated_normal'}, 'registered_name': None}, 'bias_initializer': {'module': 'keras.initializers', 'class_name': 'Zeros', 'config': {}, 'registered_name': None}, 'kernel_regularizer': None, 'bias_regularizer': None, 'activity_regularizer': None, 'kernel_constraint': None, 'bias_constraint': None}, 'registered_name': None, 'build_config': {'input_shape': [None, 30, 30, 240]}, 'name': 'block3b_project_conv', 'inbound_nodes': [{'args': [{'class_name': '__keras_tensor__', 'config': {'shape': [None, 30, 30, 240], 'dtype': 'float32', 'keras_history': ['block3b_se_excite', 0, 0]}}], 'kwargs': {}}]}, {'module': 'keras.layers', 'class_name': 'BatchNormalization', 'config': {'name': 'block3b_project_bn', 'trainable': False, 'dtype': {'module': 'keras', 'class_name': 'DTypePolicy', 'config': {'name': 'float32'}, 'registered_name': None}, 'axis': 3, 'momentum': 0.99, 'epsilon': 0.001, 'center': True, 'scale': True, 'beta_initializer': {'module': 'keras.initializers', 'class_name': 'Zeros', 'config': {}, 'registered_name': None}, 'gamma_initializer': {'module': 'keras.initializers', 'class_name': 'Ones', 'config': {}, 'registered_name': None}, 'moving_mean_initializer': {'module': 'keras.initializers', 'class_name': 'Zeros', 'config': {}, 'registered_name': None}, 'moving_variance_initializer': {'module': 'keras.initializers', 'class_name': 'Ones', 'config': {}, 'registered_name': None}, 'beta_regularizer': None, 'gamma_regularizer': None, 'beta_constraint': None, 'gamma_constraint': None, 'synchronized': False}, 'registered_name': None, 'build_config': {'input_shape': [None, 30, 30, 40]}, 'name': 'block3b_project_bn', 'inbound_nodes': [{'args': [{'class_name': '__keras_tensor__', 'config': {'shape': [None, 30, 30, 40], 'dtype': 'float32', 'keras_history': ['block3b_project_conv', 0, 0]}}], 'kwargs': {'mask': None}}]}, {'module': 'keras.layers', 'class_name': 'Dropout', 'config': {'name': 'block3b_drop', 'trainable': False, 'dtype': {'module': 'keras', 'class_name': 'DTypePolicy', 'config': {'name': 'float32'}, 'registered_name': None}, 'rate': 0.05217391304347827, 'seed': None, 'noise_shape': [None, 1, 1, 1]}, 'registered_name': None, 'name': 'block3b_drop', 'inbound_nodes': [{'args': [{'class_name': '__keras_tensor__', 'config': {'shape': [None, 30, 30, 40], 'dtype': 'float32', 'keras_history': ['block3b_project_bn', 0, 0]}}], 'kwargs': {'training': False}}]}, {'module': 'keras.layers', 'class_name': 'Add', 'config': {'name': 'block3b_add', 'trainable': False, 'dtype': {'module': 'keras', 'class_name': 'DTypePolicy', 'config': {'name': 'float32'}, 'registered_name': None}}, 'registered_name': None, 'build_config': {'input_shape': [[None, 30, 30, 40], [None, 30, 30, 40]]}, 'name': 'block3b_add', 'inbound_nodes': [{'args': [[{'class_name': '__keras_tensor__', 'config': {'shape': [None, 30, 30, 40], 'dtype': 'float32', 'keras_history': ['block3b_drop', 0, 0]}}, {'class_name': '__keras_tensor__', 'config': {'shape': [None, 30, 30, 40], 'dtype': 'float32', 'keras_history': ['block3a_project_bn', 0, 0]}}]], 'kwargs': {}}]}, {'module': 'keras.layers', 'class_name': 'Conv2D', 'config': {'name': 'block3c_expand_conv', 'trainable': False, 'dtype': {'module': 'keras', 'class_name': 'DTypePolicy', 'config': {'name': 'float32'}, 'registered_name': None}, 'filters': 240, 'kernel_size': [1, 1], 'strides': [1, 1], 'padding': 'same', 'data_format': 'channels_last', 'dilation_rate': [1, 1], 'groups': 1, 'activation': 'linear', 'use_bias': False, 'kernel_initializer': {'module': 'keras.initializers', 'class_name': 'VarianceScaling', 'config': {'seed': None, 'scale': 2.0, 'mode': 'fan_out', 'distribution': 'truncated_normal'}, 'registered_name': None}, 'bias_initializer': {'module': 'keras.initializers', 'class_name': 'Zeros', 'config': {}, 'registered_name': None}, 'kernel_regularizer': None, 'bias_regularizer': None, 'activity_regularizer': None, 'kernel_constraint': None, 'bias_constraint': None}, 'registered_name': None, 'build_config': {'input_shape': [None, 30, 30, 40]}, 'name': 'block3c_expand_conv', 'inbound_nodes': [{'args': [{'class_name': '__keras_tensor__', 'config': {'shape': [None, 30, 30, 40], 'dtype': 'float32', 'keras_history': ['block3b_add', 0, 0]}}], 'kwargs': {}}]}, {'module': 'keras.layers', 'class_name': 'BatchNormalization', 'config': {'name': 'block3c_expand_bn', 'trainable': False, 'dtype': {'module': 'keras', 'class_name': 'DTypePolicy', 'config': {'name': 'float32'}, 'registered_name': None}, 'axis': 3, 'momentum': 0.99, 'epsilon': 0.001, 'center': True, 'scale': True, 'beta_initializer': {'module': 'keras.initializers', 'class_name': 'Zeros', 'config': {}, 'registered_name': None}, 'gamma_initializer': {'module': 'keras.initializers', 'class_name': 'Ones', 'config': {}, 'registered_name': None}, 'moving_mean_initializer': {'module': 'keras.initializers', 'class_name': 'Zeros', 'config': {}, 'registered_name': None}, 'moving_variance_initializer': {'module': 'keras.initializers', 'class_name': 'Ones', 'config': {}, 'registered_name': None}, 'beta_regularizer': None, 'gamma_regularizer': None, 'beta_constraint': None, 'gamma_constraint': None, 'synchronized': False}, 'registered_name': None, 'build_config': {'input_shape': [None, 30, 30, 240]}, 'name': 'block3c_expand_bn', 'inbound_nodes': [{'args': [{'class_name': '__keras_tensor__', 'config': {'shape': [None, 30, 30, 240], 'dtype': 'float32', 'keras_history': ['block3c_expand_conv', 0, 0]}}], 'kwargs': {'mask': None}}]}, {'module': 'keras.layers', 'class_name': 'Activation', 'config': {'name': 'block3c_expand_activation', 'trainable': False, 'dtype': {'module': 'keras', 'class_name': 'DTypePolicy', 'config': {'name': 'float32'}, 'registered_name': None}, 'activation': 'silu'}, 'registered_name': None, 'name': 'block3c_expand_activation', 'inbound_nodes': [{'args': [{'class_name': '__keras_tensor__', 'config': {'shape': [None, 30, 30, 240], 'dtype': 'float32', 'keras_history': ['block3c_expand_bn', 0, 0]}}], 'kwargs': {}}]}, {'module': 'keras.layers', 'class_name': 'DepthwiseConv2D', 'config': {'name': 'block3c_dwconv', 'trainable': False, 'dtype': {'module': 'keras', 'class_name': 'DTypePolicy', 'config': {'name': 'float32'}, 'registered_name': None}, 'depth_multiplier': 1, 'kernel_size': [5, 5], 'strides': [1, 1], 'padding': 'same', 'data_format': 'channels_last', 'dilation_rate': [1, 1], 'activation': 'linear', 'use_bias': False, 'depthwise_initializer': {'module': 'keras.initializers', 'class_name': 'VarianceScaling', 'config': {'seed': None, 'scale': 2.0, 'mode': 'fan_out', 'distribution': 'truncated_normal'}, 'registered_name': None}, 'bias_initializer': {'module': 'keras.initializers', 'class_name': 'Zeros', 'config': {}, 'registered_name': None}, 'depthwise_regularizer': None, 'bias_regularizer': None, 'activity_regularizer': None, 'depthwise_constraint': None, 'bias_constraint': None}, 'registered_name': None, 'build_config': {'input_shape': [None, 30, 30, 240]}, 'name': 'block3c_dwconv', 'inbound_nodes': [{'args': [{'class_name': '__keras_tensor__', 'config': {'shape': [None, 30, 30, 240], 'dtype': 'float32', 'keras_history': ['block3c_expand_activation', 0, 0]}}], 'kwargs': {}}]}, {'module': 'keras.layers', 'class_name': 'BatchNormalization', 'config': {'name': 'block3c_bn', 'trainable': False, 'dtype': {'module': 'keras', 'class_name': 'DTypePolicy', 'config': {'name': 'float32'}, 'registered_name': None}, 'axis': 3, 'momentum': 0.99, 'epsilon': 0.001, 'center': True, 'scale': True, 'beta_initializer': {'module': 'keras.initializers', 'class_name': 'Zeros', 'config': {}, 'registered_name': None}, 'gamma_initializer': {'module': 'keras.initializers', 'class_name': 'Ones', 'config': {}, 'registered_name': None}, 'moving_mean_initializer': {'module': 'keras.initializers', 'class_name': 'Zeros', 'config': {}, 'registered_name': None}, 'moving_variance_initializer': {'module': 'keras.initializers', 'class_name': 'Ones', 'config': {}, 'registered_name': None}, 'beta_regularizer': None, 'gamma_regularizer': None, 'beta_constraint': None, 'gamma_constraint': None, 'synchronized': False}, 'registered_name': None, 'build_config': {'input_shape': [None, 30, 30, 240]}, 'name': 'block3c_bn', 'inbound_nodes': [{'args': [{'class_name': '__keras_tensor__', 'config': {'shape': [None, 30, 30, 240], 'dtype': 'float32', 'keras_history': ['block3c_dwconv', 0, 0]}}], 'kwargs': {'mask': None}}]}, {'module': 'keras.layers', 'class_name': 'Activation', 'config': {'name': 'block3c_activation', 'trainable': False, 'dtype': {'module': 'keras', 'class_name': 'DTypePolicy', 'config': {'name': 'float32'}, 'registered_name': None}, 'activation': 'silu'}, 'registered_name': None, 'name': 'block3c_activation', 'inbound_nodes': [{'args': [{'class_name': '__keras_tensor__', 'config': {'shape': [None, 30, 30, 240], 'dtype': 'float32', 'keras_history': ['block3c_bn', 0, 0]}}], 'kwargs': {}}]}, {'module': 'keras.layers', 'class_name': 'GlobalAveragePooling2D', 'config': {'name': 'block3c_se_squeeze', 'trainable': False, 'dtype': {'module': 'keras', 'class_name': 'DTypePolicy', 'config': {'name': 'float32'}, 'registered_name': None}, 'data_format': 'channels_last', 'keepdims': False}, 'registered_name': None, 'name': 'block3c_se_squeeze', 'inbound_nodes': [{'args': [{'class_name': '__keras_tensor__', 'config': {'shape': [None, 30, 30, 240], 'dtype': 'float32', 'keras_history': ['block3c_activation', 0, 0]}}], 'kwargs': {}}]}, {'module': 'keras.layers', 'class_name': 'Reshape', 'config': {'name': 'block3c_se_reshape', 'trainable': False, 'dtype': {'module': 'keras', 'class_name': 'DTypePolicy', 'config': {'name': 'float32'}, 'registered_name': None}, 'target_shape': [1, 1, 240]}, 'registered_name': None, 'name': 'block3c_se_reshape', 'inbound_nodes': [{'args': [{'class_name': '__keras_tensor__', 'config': {'shape': [None, 240], 'dtype': 'float32', 'keras_history': ['block3c_se_squeeze', 0, 0]}}], 'kwargs': {}}]}, {'module': 'keras.layers', 'class_name': 'Conv2D', 'config': {'name': 'block3c_se_reduce', 'trainable': False, 'dtype': {'module': 'keras', 'class_name': 'DTypePolicy', 'config': {'name': 'float32'}, 'registered_name': None}, 'filters': 10, 'kernel_size': [1, 1], 'strides': [1, 1], 'padding': 'same', 'data_format': 'channels_last', 'dilation_rate': [1, 1], 'groups': 1, 'activation': 'silu', 'use_bias': True, 'kernel_initializer': {'module': 'keras.initializers', 'class_name': 'VarianceScaling', 'config': {'seed': None, 'scale': 2.0, 'mode': 'fan_out', 'distribution': 'truncated_normal'}, 'registered_name': None}, 'bias_initializer': {'module': 'keras.initializers', 'class_name': 'Zeros', 'config': {}, 'registered_name': None}, 'kernel_regularizer': None, 'bias_regularizer': None, 'activity_regularizer': None, 'kernel_constraint': None, 'bias_constraint': None}, 'registered_name': None, 'build_config': {'input_shape': [None, 1, 1, 240]}, 'name': 'block3c_se_reduce', 'inbound_nodes': [{'args': [{'class_name': '__keras_tensor__', 'config': {'shape': [None, 1, 1, 240], 'dtype': 'float32', 'keras_history': ['block3c_se_reshape', 0, 0]}}], 'kwargs': {}}]}, {'module': 'keras.layers', 'class_name': 'Conv2D', 'config': {'name': 'block3c_se_expand', 'trainable': False, 'dtype': {'module': 'keras', 'class_name': 'DTypePolicy', 'config': {'name': 'float32'}, 'registered_name': None}, 'filters': 240, 'kernel_size': [1, 1], 'strides': [1, 1], 'padding': 'same', 'data_format': 'channels_last', 'dilation_rate': [1, 1], 'groups': 1, 'activation': 'sigmoid', 'use_bias': True, 'kernel_initializer': {'module': 'keras.initializers', 'class_name': 'VarianceScaling', 'config': {'seed': None, 'scale': 2.0, 'mode': 'fan_out', 'distribution': 'truncated_normal'}, 'registered_name': None}, 'bias_initializer': {'module': 'keras.initializers', 'class_name': 'Zeros', 'config': {}, 'registered_name': None}, 'kernel_regularizer': None, 'bias_regularizer': None, 'activity_regularizer': None, 'kernel_constraint': None, 'bias_constraint': None}, 'registered_name': None, 'build_config': {'input_shape': [None, 1, 1, 10]}, 'name': 'block3c_se_expand', 'inbound_nodes': [{'args': [{'class_name': '__keras_tensor__', 'config': {'shape': [None, 1, 1, 10], 'dtype': 'float32', 'keras_history': ['block3c_se_reduce', 0, 0]}}], 'kwargs': {}}]}, {'module': 'keras.layers', 'class_name': 'Multiply', 'config': {'name': 'block3c_se_excite', 'trainable': False, 'dtype': {'module': 'keras', 'class_name': 'DTypePolicy', 'config': {'name': 'float32'}, 'registered_name': None}}, 'registered_name': None, 'build_config': {'input_shape': [[None, 30, 30, 240], [None, 1, 1, 240]]}, 'name': 'block3c_se_excite', 'inbound_nodes': [{'args': [[{'class_name': '__keras_tensor__', 'config': {'shape': [None, 30, 30, 240], 'dtype': 'float32', 'keras_history': ['block3c_activation', 0, 0]}}, {'class_name': '__keras_tensor__', 'config': {'shape': [None, 1, 1, 240], 'dtype': 'float32', 'keras_history': ['block3c_se_expand', 0, 0]}}]], 'kwargs': {}}]}, {'module': 'keras.layers', 'class_name': 'Conv2D', 'config': {'name': 'block3c_project_conv', 'trainable': False, 'dtype': {'module': 'keras', 'class_name': 'DTypePolicy', 'config': {'name': 'float32'}, 'registered_name': None}, 'filters': 40, 'kernel_size': [1, 1], 'strides': [1, 1], 'padding': 'same', 'data_format': 'channels_last', 'dilation_rate': [1, 1], 'groups': 1, 'activation': 'linear', 'use_bias': False, 'kernel_initializer': {'module': 'keras.initializers', 'class_name': 'VarianceScaling', 'config': {'seed': None, 'scale': 2.0, 'mode': 'fan_out', 'distribution': 'truncated_normal'}, 'registered_name': None}, 'bias_initializer': {'module': 'keras.initializers', 'class_name': 'Zeros', 'config': {}, 'registered_name': None}, 'kernel_regularizer': None, 'bias_regularizer': None, 'activity_regularizer': None, 'kernel_constraint': None, 'bias_constraint': None}, 'registered_name': None, 'build_config': {'input_shape': [None, 30, 30, 240]}, 'name': 'block3c_project_conv', 'inbound_nodes': [{'args': [{'class_name': '__keras_tensor__', 'config': {'shape': [None, 30, 30, 240], 'dtype': 'float32', 'keras_history': ['block3c_se_excite', 0, 0]}}], 'kwargs': {}}]}, {'module': 'keras.layers', 'class_name': 'BatchNormalization', 'config': {'name': 'block3c_project_bn', 'trainable': False, 'dtype': {'module': 'keras', 'class_name': 'DTypePolicy', 'config': {'name': 'float32'}, 'registered_name': None}, 'axis': 3, 'momentum': 0.99, 'epsilon': 0.001, 'center': True, 'scale': True, 'beta_initializer': {'module': 'keras.initializers', 'class_name': 'Zeros', 'config': {}, 'registered_name': None}, 'gamma_initializer': {'module': 'keras.initializers', 'class_name': 'Ones', 'config': {}, 'registered_name': None}, 'moving_mean_initializer': {'module': 'keras.initializers', 'class_name': 'Zeros', 'config': {}, 'registered_name': None}, 'moving_variance_initializer': {'module': 'keras.initializers', 'class_name': 'Ones', 'config': {}, 'registered_name': None}, 'beta_regularizer': None, 'gamma_regularizer': None, 'beta_constraint': None, 'gamma_constraint': None, 'synchronized': False}, 'registered_name': None, 'build_config': {'input_shape': [None, 30, 30, 40]}, 'name': 'block3c_project_bn', 'inbound_nodes': [{'args': [{'class_name': '__keras_tensor__', 'config': {'shape': [None, 30, 30, 40], 'dtype': 'float32', 'keras_history': ['block3c_project_conv', 0, 0]}}], 'kwargs': {'mask': None}}]}, {'module': 'keras.layers', 'class_name': 'Dropout', 'config': {'name': 'block3c_drop', 'trainable': False, 'dtype': {'module': 'keras', 'class_name': 'DTypePolicy', 'config': {'name': 'float32'}, 'registered_name': None}, 'rate': 0.06086956521739131, 'seed': None, 'noise_shape': [None, 1, 1, 1]}, 'registered_name': None, 'name': 'block3c_drop', 'inbound_nodes': [{'args': [{'class_name': '__keras_tensor__', 'config': {'shape': [None, 30, 30, 40], 'dtype': 'float32', 'keras_history': ['block3c_project_bn', 0, 0]}}], 'kwargs': {'training': False}}]}, {'module': 'keras.layers', 'class_name': 'Add', 'config': {'name': 'block3c_add', 'trainable': False, 'dtype': {'module': 'keras', 'class_name': 'DTypePolicy', 'config': {'name': 'float32'}, 'registered_name': None}}, 'registered_name': None, 'build_config': {'input_shape': [[None, 30, 30, 40], [None, 30, 30, 40]]}, 'name': 'block3c_add', 'inbound_nodes': [{'args': [[{'class_name': '__keras_tensor__', 'config': {'shape': [None, 30, 30, 40], 'dtype': 'float32', 'keras_history': ['block3c_drop', 0, 0]}}, {'class_name': '__keras_tensor__', 'config': {'shape': [None, 30, 30, 40], 'dtype': 'float32', 'keras_history': ['block3b_add', 0, 0]}}]], 'kwargs': {}}]}, {'module': 'keras.layers', 'class_name': 'Conv2D', 'config': {'name': 'block4a_expand_conv', 'trainable': False, 'dtype': {'module': 'keras', 'class_name': 'DTypePolicy', 'config': {'name': 'float32'}, 'registered_name': None}, 'filters': 240, 'kernel_size': [1, 1], 'strides': [1, 1], 'padding': 'same', 'data_format': 'channels_last', 'dilation_rate': [1, 1], 'groups': 1, 'activation': 'linear', 'use_bias': False, 'kernel_initializer': {'module': 'keras.initializers', 'class_name': 'VarianceScaling', 'config': {'seed': None, 'scale': 2.0, 'mode': 'fan_out', 'distribution': 'truncated_normal'}, 'registered_name': None}, 'bias_initializer': {'module': 'keras.initializers', 'class_name': 'Zeros', 'config': {}, 'registered_name': None}, 'kernel_regularizer': None, 'bias_regularizer': None, 'activity_regularizer': None, 'kernel_constraint': None, 'bias_constraint': None}, 'registered_name': None, 'build_config': {'input_shape': [None, 30, 30, 40]}, 'name': 'block4a_expand_conv', 'inbound_nodes': [{'args': [{'class_name': '__keras_tensor__', 'config': {'shape': [None, 30, 30, 40], 'dtype': 'float32', 'keras_history': ['block3c_add', 0, 0]}}], 'kwargs': {}}]}, {'module': 'keras.layers', 'class_name': 'BatchNormalization', 'config': {'name': 'block4a_expand_bn', 'trainable': False, 'dtype': {'module': 'keras', 'class_name': 'DTypePolicy', 'config': {'name': 'float32'}, 'registered_name': None}, 'axis': 3, 'momentum': 0.99, 'epsilon': 0.001, 'center': True, 'scale': True, 'beta_initializer': {'module': 'keras.initializers', 'class_name': 'Zeros', 'config': {}, 'registered_name': None}, 'gamma_initializer': {'module': 'keras.initializers', 'class_name': 'Ones', 'config': {}, 'registered_name': None}, 'moving_mean_initializer': {'module': 'keras.initializers', 'class_name': 'Zeros', 'config': {}, 'registered_name': None}, 'moving_variance_initializer': {'module': 'keras.initializers', 'class_name': 'Ones', 'config': {}, 'registered_name': None}, 'beta_regularizer': None, 'gamma_regularizer': None, 'beta_constraint': None, 'gamma_constraint': None, 'synchronized': False}, 'registered_name': None, 'build_config': {'input_shape': [None, 30, 30, 240]}, 'name': 'block4a_expand_bn', 'inbound_nodes': [{'args': [{'class_name': '__keras_tensor__', 'config': {'shape': [None, 30, 30, 240], 'dtype': 'float32', 'keras_history': ['block4a_expand_conv', 0, 0]}}], 'kwargs': {'mask': None}}]}, {'module': 'keras.layers', 'class_name': 'Activation', 'config': {'name': 'block4a_expand_activation', 'trainable': False, 'dtype': {'module': 'keras', 'class_name': 'DTypePolicy', 'config': {'name': 'float32'}, 'registered_name': None}, 'activation': 'silu'}, 'registered_name': None, 'name': 'block4a_expand_activation', 'inbound_nodes': [{'args': [{'class_name': '__keras_tensor__', 'config': {'shape': [None, 30, 30, 240], 'dtype': 'float32', 'keras_history': ['block4a_expand_bn', 0, 0]}}], 'kwargs': {}}]}, {'module': 'keras.layers', 'class_name': 'ZeroPadding2D', 'config': {'name': 'block4a_dwconv_pad', 'trainable': False, 'dtype': {'module': 'keras', 'class_name': 'DTypePolicy', 'config': {'name': 'float32'}, 'registered_name': None}, 'padding': [[0, 1], [0, 1]], 'data_format': 'channels_last'}, 'registered_name': None, 'build_config': {'input_shape': [None, 30, 30, 240]}, 'name': 'block4a_dwconv_pad', 'inbound_nodes': [{'args': [{'class_name': '__keras_tensor__', 'config': {'shape': [None, 30, 30, 240], 'dtype': 'float32', 'keras_history': ['block4a_expand_activation', 0, 0]}}], 'kwargs': {}}]}, {'module': 'keras.layers', 'class_name': 'DepthwiseConv2D', 'config': {'name': 'block4a_dwconv', 'trainable': False, 'dtype': {'module': 'keras', 'class_name': 'DTypePolicy', 'config': {'name': 'float32'}, 'registered_name': None}, 'depth_multiplier': 1, 'kernel_size': [3, 3], 'strides': [2, 2], 'padding': 'valid', 'data_format': 'channels_last', 'dilation_rate': [1, 1], 'activation': 'linear', 'use_bias': False, 'depthwise_initializer': {'module': 'keras.initializers', 'class_name': 'VarianceScaling', 'config': {'seed': None, 'scale': 2.0, 'mode': 'fan_out', 'distribution': 'truncated_normal'}, 'registered_name': None}, 'bias_initializer': {'module': 'keras.initializers', 'class_name': 'Zeros', 'config': {}, 'registered_name': None}, 'depthwise_regularizer': None, 'bias_regularizer': None, 'activity_regularizer': None, 'depthwise_constraint': None, 'bias_constraint': None}, 'registered_name': None, 'build_config': {'input_shape': [None, 31, 31, 240]}, 'name': 'block4a_dwconv', 'inbound_nodes': [{'args': [{'class_name': '__keras_tensor__', 'config': {'shape': [None, 31, 31, 240], 'dtype': 'float32', 'keras_history': ['block4a_dwconv_pad', 0, 0]}}], 'kwargs': {}}]}, {'module': 'keras.layers', 'class_name': 'BatchNormalization', 'config': {'name': 'block4a_bn', 'trainable': False, 'dtype': {'module': 'keras', 'class_name': 'DTypePolicy', 'config': {'name': 'float32'}, 'registered_name': None}, 'axis': 3, 'momentum': 0.99, 'epsilon': 0.001, 'center': True, 'scale': True, 'beta_initializer': {'module': 'keras.initializers', 'class_name': 'Zeros', 'config': {}, 'registered_name': None}, 'gamma_initializer': {'module': 'keras.initializers', 'class_name': 'Ones', 'config': {}, 'registered_name': None}, 'moving_mean_initializer': {'module': 'keras.initializers', 'class_name': 'Zeros', 'config': {}, 'registered_name': None}, 'moving_variance_initializer': {'module': 'keras.initializers', 'class_name': 'Ones', 'config': {}, 'registered_name': None}, 'beta_regularizer': None, 'gamma_regularizer': None, 'beta_constraint': None, 'gamma_constraint': None, 'synchronized': False}, 'registered_name': None, 'build_config': {'input_shape': [None, 15, 15, 240]}, 'name': 'block4a_bn', 'inbound_nodes': [{'args': [{'class_name': '__keras_tensor__', 'config': {'shape': [None, 15, 15, 240], 'dtype': 'float32', 'keras_history': ['block4a_dwconv', 0, 0]}}], 'kwargs': {'mask': None}}]}, {'module': 'keras.layers', 'class_name': 'Activation', 'config': {'name': 'block4a_activation', 'trainable': False, 'dtype': {'module': 'keras', 'class_name': 'DTypePolicy', 'config': {'name': 'float32'}, 'registered_name': None}, 'activation': 'silu'}, 'registered_name': None, 'name': 'block4a_activation', 'inbound_nodes': [{'args': [{'class_name': '__keras_tensor__', 'config': {'shape': [None, 15, 15, 240], 'dtype': 'float32', 'keras_history': ['block4a_bn', 0, 0]}}], 'kwargs': {}}]}, {'module': 'keras.layers', 'class_name': 'GlobalAveragePooling2D', 'config': {'name': 'block4a_se_squeeze', 'trainable': False, 'dtype': {'module': 'keras', 'class_name': 'DTypePolicy', 'config': {'name': 'float32'}, 'registered_name': None}, 'data_format': 'channels_last', 'keepdims': False}, 'registered_name': None, 'name': 'block4a_se_squeeze', 'inbound_nodes': [{'args': [{'class_name': '__keras_tensor__', 'config': {'shape': [None, 15, 15, 240], 'dtype': 'float32', 'keras_history': ['block4a_activation', 0, 0]}}], 'kwargs': {}}]}, {'module': 'keras.layers', 'class_name': 'Reshape', 'config': {'name': 'block4a_se_reshape', 'trainable': False, 'dtype': {'module': 'keras', 'class_name': 'DTypePolicy', 'config': {'name': 'float32'}, 'registered_name': None}, 'target_shape': [1, 1, 240]}, 'registered_name': None, 'name': 'block4a_se_reshape', 'inbound_nodes': [{'args': [{'class_name': '__keras_tensor__', 'config': {'shape': [None, 240], 'dtype': 'float32', 'keras_history': ['block4a_se_squeeze', 0, 0]}}], 'kwargs': {}}]}, {'module': 'keras.layers', 'class_name': 'Conv2D', 'config': {'name': 'block4a_se_reduce', 'trainable': False, 'dtype': {'module': 'keras', 'class_name': 'DTypePolicy', 'config': {'name': 'float32'}, 'registered_name': None}, 'filters': 10, 'kernel_size': [1, 1], 'strides': [1, 1], 'padding': 'same', 'data_format': 'channels_last', 'dilation_rate': [1, 1], 'groups': 1, 'activation': 'silu', 'use_bias': True, 'kernel_initializer': {'module': 'keras.initializers', 'class_name': 'VarianceScaling', 'config': {'seed': None, 'scale': 2.0, 'mode': 'fan_out', 'distribution': 'truncated_normal'}, 'registered_name': None}, 'bias_initializer': {'module': 'keras.initializers', 'class_name': 'Zeros', 'config': {}, 'registered_name': None}, 'kernel_regularizer': None, 'bias_regularizer': None, 'activity_regularizer': None, 'kernel_constraint': None, 'bias_constraint': None}, 'registered_name': None, 'build_config': {'input_shape': [None, 1, 1, 240]}, 'name': 'block4a_se_reduce', 'inbound_nodes': [{'args': [{'class_name': '__keras_tensor__', 'config': {'shape': [None, 1, 1, 240], 'dtype': 'float32', 'keras_history': ['block4a_se_reshape', 0, 0]}}], 'kwargs': {}}]}, {'module': 'keras.layers', 'class_name': 'Conv2D', 'config': {'name': 'block4a_se_expand', 'trainable': False, 'dtype': {'module': 'keras', 'class_name': 'DTypePolicy', 'config': {'name': 'float32'}, 'registered_name': None}, 'filters': 240, 'kernel_size': [1, 1], 'strides': [1, 1], 'padding': 'same', 'data_format': 'channels_last', 'dilation_rate': [1, 1], 'groups': 1, 'activation': 'sigmoid', 'use_bias': True, 'kernel_initializer': {'module': 'keras.initializers', 'class_name': 'VarianceScaling', 'config': {'seed': None, 'scale': 2.0, 'mode': 'fan_out', 'distribution': 'truncated_normal'}, 'registered_name': None}, 'bias_initializer': {'module': 'keras.initializers', 'class_name': 'Zeros', 'config': {}, 'registered_name': None}, 'kernel_regularizer': None, 'bias_regularizer': None, 'activity_regularizer': None, 'kernel_constraint': None, 'bias_constraint': None}, 'registered_name': None, 'build_config': {'input_shape': [None, 1, 1, 10]}, 'name': 'block4a_se_expand', 'inbound_nodes': [{'args': [{'class_name': '__keras_tensor__', 'config': {'shape': [None, 1, 1, 10], 'dtype': 'float32', 'keras_history': ['block4a_se_reduce', 0, 0]}}], 'kwargs': {}}]}, {'module': 'keras.layers', 'class_name': 'Multiply', 'config': {'name': 'block4a_se_excite', 'trainable': False, 'dtype': {'module': 'keras', 'class_name': 'DTypePolicy', 'config': {'name': 'float32'}, 'registered_name': None}}, 'registered_name': None, 'build_config': {'input_shape': [[None, 15, 15, 240], [None, 1, 1, 240]]}, 'name': 'block4a_se_excite', 'inbound_nodes': [{'args': [[{'class_name': '__keras_tensor__', 'config': {'shape': [None, 15, 15, 240], 'dtype': 'float32', 'keras_history': ['block4a_activation', 0, 0]}}, {'class_name': '__keras_tensor__', 'config': {'shape': [None, 1, 1, 240], 'dtype': 'float32', 'keras_history': ['block4a_se_expand', 0, 0]}}]], 'kwargs': {}}]}, {'module': 'keras.layers', 'class_name': 'Conv2D', 'config': {'name': 'block4a_project_conv', 'trainable': False, 'dtype': {'module': 'keras', 'class_name': 'DTypePolicy', 'config': {'name': 'float32'}, 'registered_name': None}, 'filters': 80, 'kernel_size': [1, 1], 'strides': [1, 1], 'padding': 'same', 'data_format': 'channels_last', 'dilation_rate': [1, 1], 'groups': 1, 'activation': 'linear', 'use_bias': False, 'kernel_initializer': {'module': 'keras.initializers', 'class_name': 'VarianceScaling', 'config': {'seed': None, 'scale': 2.0, 'mode': 'fan_out', 'distribution': 'truncated_normal'}, 'registered_name': None}, 'bias_initializer': {'module': 'keras.initializers', 'class_name': 'Zeros', 'config': {}, 'registered_name': None}, 'kernel_regularizer': None, 'bias_regularizer': None, 'activity_regularizer': None, 'kernel_constraint': None, 'bias_constraint': None}, 'registered_name': None, 'build_config': {'input_shape': [None, 15, 15, 240]}, 'name': 'block4a_project_conv', 'inbound_nodes': [{'args': [{'class_name': '__keras_tensor__', 'config': {'shape': [None, 15, 15, 240], 'dtype': 'float32', 'keras_history': ['block4a_se_excite', 0, 0]}}], 'kwargs': {}}]}, {'module': 'keras.layers', 'class_name': 'BatchNormalization', 'config': {'name': 'block4a_project_bn', 'trainable': False, 'dtype': {'module': 'keras', 'class_name': 'DTypePolicy', 'config': {'name': 'float32'}, 'registered_name': None}, 'axis': 3, 'momentum': 0.99, 'epsilon': 0.001, 'center': True, 'scale': True, 'beta_initializer': {'module': 'keras.initializers', 'class_name': 'Zeros', 'config': {}, 'registered_name': None}, 'gamma_initializer': {'module': 'keras.initializers', 'class_name': 'Ones', 'config': {}, 'registered_name': None}, 'moving_mean_initializer': {'module': 'keras.initializers', 'class_name': 'Zeros', 'config': {}, 'registered_name': None}, 'moving_variance_initializer': {'module': 'keras.initializers', 'class_name': 'Ones', 'config': {}, 'registered_name': None}, 'beta_regularizer': None, 'gamma_regularizer': None, 'beta_constraint': None, 'gamma_constraint': None, 'synchronized': False}, 'registered_name': None, 'build_config': {'input_shape': [None, 15, 15, 80]}, 'name': 'block4a_project_bn', 'inbound_nodes': [{'args': [{'class_name': '__keras_tensor__', 'config': {'shape': [None, 15, 15, 80], 'dtype': 'float32', 'keras_history': ['block4a_project_conv', 0, 0]}}], 'kwargs': {'mask': None}}]}, {'module': 'keras.layers', 'class_name': 'Conv2D', 'config': {'name': 'block4b_expand_conv', 'trainable': False, 'dtype': {'module': 'keras', 'class_name': 'DTypePolicy', 'config': {'name': 'float32'}, 'registered_name': None}, 'filters': 480, 'kernel_size': [1, 1], 'strides': [1, 1], 'padding': 'same', 'data_format': 'channels_last', 'dilation_rate': [1, 1], 'groups': 1, 'activation': 'linear', 'use_bias': False, 'kernel_initializer': {'module': 'keras.initializers', 'class_name': 'VarianceScaling', 'config': {'seed': None, 'scale': 2.0, 'mode': 'fan_out', 'distribution': 'truncated_normal'}, 'registered_name': None}, 'bias_initializer': {'module': 'keras.initializers', 'class_name': 'Zeros', 'config': {}, 'registered_name': None}, 'kernel_regularizer': None, 'bias_regularizer': None, 'activity_regularizer': None, 'kernel_constraint': None, 'bias_constraint': None}, 'registered_name': None, 'build_config': {'input_shape': [None, 15, 15, 80]}, 'name': 'block4b_expand_conv', 'inbound_nodes': [{'args': [{'class_name': '__keras_tensor__', 'config': {'shape': [None, 15, 15, 80], 'dtype': 'float32', 'keras_history': ['block4a_project_bn', 0, 0]}}], 'kwargs': {}}]}, {'module': 'keras.layers', 'class_name': 'BatchNormalization', 'config': {'name': 'block4b_expand_bn', 'trainable': False, 'dtype': {'module': 'keras', 'class_name': 'DTypePolicy', 'config': {'name': 'float32'}, 'registered_name': None}, 'axis': 3, 'momentum': 0.99, 'epsilon': 0.001, 'center': True, 'scale': True, 'beta_initializer': {'module': 'keras.initializers', 'class_name': 'Zeros', 'config': {}, 'registered_name': None}, 'gamma_initializer': {'module': 'keras.initializers', 'class_name': 'Ones', 'config': {}, 'registered_name': None}, 'moving_mean_initializer': {'module': 'keras.initializers', 'class_name': 'Zeros', 'config': {}, 'registered_name': None}, 'moving_variance_initializer': {'module': 'keras.initializers', 'class_name': 'Ones', 'config': {}, 'registered_name': None}, 'beta_regularizer': None, 'gamma_regularizer': None, 'beta_constraint': None, 'gamma_constraint': None, 'synchronized': False}, 'registered_name': None, 'build_config': {'input_shape': [None, 15, 15, 480]}, 'name': 'block4b_expand_bn', 'inbound_nodes': [{'args': [{'class_name': '__keras_tensor__', 'config': {'shape': [None, 15, 15, 480], 'dtype': 'float32', 'keras_history': ['block4b_expand_conv', 0, 0]}}], 'kwargs': {'mask': None}}]}, {'module': 'keras.layers', 'class_name': 'Activation', 'config': {'name': 'block4b_expand_activation', 'trainable': False, 'dtype': {'module': 'keras', 'class_name': 'DTypePolicy', 'config': {'name': 'float32'}, 'registered_name': None}, 'activation': 'silu'}, 'registered_name': None, 'name': 'block4b_expand_activation', 'inbound_nodes': [{'args': [{'class_name': '__keras_tensor__', 'config': {'shape': [None, 15, 15, 480], 'dtype': 'float32', 'keras_history': ['block4b_expand_bn', 0, 0]}}], 'kwargs': {}}]}, {'module': 'keras.layers', 'class_name': 'DepthwiseConv2D', 'config': {'name': 'block4b_dwconv', 'trainable': False, 'dtype': {'module': 'keras', 'class_name': 'DTypePolicy', 'config': {'name': 'float32'}, 'registered_name': None}, 'depth_multiplier': 1, 'kernel_size': [3, 3], 'strides': [1, 1], 'padding': 'same', 'data_format': 'channels_last', 'dilation_rate': [1, 1], 'activation': 'linear', 'use_bias': False, 'depthwise_initializer': {'module': 'keras.initializers', 'class_name': 'VarianceScaling', 'config': {'seed': None, 'scale': 2.0, 'mode': 'fan_out', 'distribution': 'truncated_normal'}, 'registered_name': None}, 'bias_initializer': {'module': 'keras.initializers', 'class_name': 'Zeros', 'config': {}, 'registered_name': None}, 'depthwise_regularizer': None, 'bias_regularizer': None, 'activity_regularizer': None, 'depthwise_constraint': None, 'bias_constraint': None}, 'registered_name': None, 'build_config': {'input_shape': [None, 15, 15, 480]}, 'name': 'block4b_dwconv', 'inbound_nodes': [{'args': [{'class_name': '__keras_tensor__', 'config': {'shape': [None, 15, 15, 480], 'dtype': 'float32', 'keras_history': ['block4b_expand_activation', 0, 0]}}], 'kwargs': {}}]}, {'module': 'keras.layers', 'class_name': 'BatchNormalization', 'config': {'name': 'block4b_bn', 'trainable': False, 'dtype': {'module': 'keras', 'class_name': 'DTypePolicy', 'config': {'name': 'float32'}, 'registered_name': None}, 'axis': 3, 'momentum': 0.99, 'epsilon': 0.001, 'center': True, 'scale': True, 'beta_initializer': {'module': 'keras.initializers', 'class_name': 'Zeros', 'config': {}, 'registered_name': None}, 'gamma_initializer': {'module': 'keras.initializers', 'class_name': 'Ones', 'config': {}, 'registered_name': None}, 'moving_mean_initializer': {'module': 'keras.initializers', 'class_name': 'Zeros', 'config': {}, 'registered_name': None}, 'moving_variance_initializer': {'module': 'keras.initializers', 'class_name': 'Ones', 'config': {}, 'registered_name': None}, 'beta_regularizer': None, 'gamma_regularizer': None, 'beta_constraint': None, 'gamma_constraint': None, 'synchronized': False}, 'registered_name': None, 'build_config': {'input_shape': [None, 15, 15, 480]}, 'name': 'block4b_bn', 'inbound_nodes': [{'args': [{'class_name': '__keras_tensor__', 'config': {'shape': [None, 15, 15, 480], 'dtype': 'float32', 'keras_history': ['block4b_dwconv', 0, 0]}}], 'kwargs': {'mask': None}}]}, {'module': 'keras.layers', 'class_name': 'Activation', 'config': {'name': 'block4b_activation', 'trainable': False, 'dtype': {'module': 'keras', 'class_name': 'DTypePolicy', 'config': {'name': 'float32'}, 'registered_name': None}, 'activation': 'silu'}, 'registered_name': None, 'name': 'block4b_activation', 'inbound_nodes': [{'args': [{'class_name': '__keras_tensor__', 'config': {'shape': [None, 15, 15, 480], 'dtype': 'float32', 'keras_history': ['block4b_bn', 0, 0]}}], 'kwargs': {}}]}, {'module': 'keras.layers', 'class_name': 'GlobalAveragePooling2D', 'config': {'name': 'block4b_se_squeeze', 'trainable': False, 'dtype': {'module': 'keras', 'class_name': 'DTypePolicy', 'config': {'name': 'float32'}, 'registered_name': None}, 'data_format': 'channels_last', 'keepdims': False}, 'registered_name': None, 'name': 'block4b_se_squeeze', 'inbound_nodes': [{'args': [{'class_name': '__keras_tensor__', 'config': {'shape': [None, 15, 15, 480], 'dtype': 'float32', 'keras_history': ['block4b_activation', 0, 0]}}], 'kwargs': {}}]}, {'module': 'keras.layers', 'class_name': 'Reshape', 'config': {'name': 'block4b_se_reshape', 'trainable': False, 'dtype': {'module': 'keras', 'class_name': 'DTypePolicy', 'config': {'name': 'float32'}, 'registered_name': None}, 'target_shape': [1, 1, 480]}, 'registered_name': None, 'name': 'block4b_se_reshape', 'inbound_nodes': [{'args': [{'class_name': '__keras_tensor__', 'config': {'shape': [None, 480], 'dtype': 'float32', 'keras_history': ['block4b_se_squeeze', 0, 0]}}], 'kwargs': {}}]}, {'module': 'keras.layers', 'class_name': 'Conv2D', 'config': {'name': 'block4b_se_reduce', 'trainable': False, 'dtype': {'module': 'keras', 'class_name': 'DTypePolicy', 'config': {'name': 'float32'}, 'registered_name': None}, 'filters': 20, 'kernel_size': [1, 1], 'strides': [1, 1], 'padding': 'same', 'data_format': 'channels_last', 'dilation_rate': [1, 1], 'groups': 1, 'activation': 'silu', 'use_bias': True, 'kernel_initializer': {'module': 'keras.initializers', 'class_name': 'VarianceScaling', 'config': {'seed': None, 'scale': 2.0, 'mode': 'fan_out', 'distribution': 'truncated_normal'}, 'registered_name': None}, 'bias_initializer': {'module': 'keras.initializers', 'class_name': 'Zeros', 'config': {}, 'registered_name': None}, 'kernel_regularizer': None, 'bias_regularizer': None, 'activity_regularizer': None, 'kernel_constraint': None, 'bias_constraint': None}, 'registered_name': None, 'build_config': {'input_shape': [None, 1, 1, 480]}, 'name': 'block4b_se_reduce', 'inbound_nodes': [{'args': [{'class_name': '__keras_tensor__', 'config': {'shape': [None, 1, 1, 480], 'dtype': 'float32', 'keras_history': ['block4b_se_reshape', 0, 0]}}], 'kwargs': {}}]}, {'module': 'keras.layers', 'class_name': 'Conv2D', 'config': {'name': 'block4b_se_expand', 'trainable': False, 'dtype': {'module': 'keras', 'class_name': 'DTypePolicy', 'config': {'name': 'float32'}, 'registered_name': None}, 'filters': 480, 'kernel_size': [1, 1], 'strides': [1, 1], 'padding': 'same', 'data_format': 'channels_last', 'dilation_rate': [1, 1], 'groups': 1, 'activation': 'sigmoid', 'use_bias': True, 'kernel_initializer': {'module': 'keras.initializers', 'class_name': 'VarianceScaling', 'config': {'seed': None, 'scale': 2.0, 'mode': 'fan_out', 'distribution': 'truncated_normal'}, 'registered_name': None}, 'bias_initializer': {'module': 'keras.initializers', 'class_name': 'Zeros', 'config': {}, 'registered_name': None}, 'kernel_regularizer': None, 'bias_regularizer': None, 'activity_regularizer': None, 'kernel_constraint': None, 'bias_constraint': None}, 'registered_name': None, 'build_config': {'input_shape': [None, 1, 1, 20]}, 'name': 'block4b_se_expand', 'inbound_nodes': [{'args': [{'class_name': '__keras_tensor__', 'config': {'shape': [None, 1, 1, 20], 'dtype': 'float32', 'keras_history': ['block4b_se_reduce', 0, 0]}}], 'kwargs': {}}]}, {'module': 'keras.layers', 'class_name': 'Multiply', 'config': {'name': 'block4b_se_excite', 'trainable': False, 'dtype': {'module': 'keras', 'class_name': 'DTypePolicy', 'config': {'name': 'float32'}, 'registered_name': None}}, 'registered_name': None, 'build_config': {'input_shape': [[None, 15, 15, 480], [None, 1, 1, 480]]}, 'name': 'block4b_se_excite', 'inbound_nodes': [{'args': [[{'class_name': '__keras_tensor__', 'config': {'shape': [None, 15, 15, 480], 'dtype': 'float32', 'keras_history': ['block4b_activation', 0, 0]}}, {'class_name': '__keras_tensor__', 'config': {'shape': [None, 1, 1, 480], 'dtype': 'float32', 'keras_history': ['block4b_se_expand', 0, 0]}}]], 'kwargs': {}}]}, {'module': 'keras.layers', 'class_name': 'Conv2D', 'config': {'name': 'block4b_project_conv', 'trainable': False, 'dtype': {'module': 'keras', 'class_name': 'DTypePolicy', 'config': {'name': 'float32'}, 'registered_name': None}, 'filters': 80, 'kernel_size': [1, 1], 'strides': [1, 1], 'padding': 'same', 'data_format': 'channels_last', 'dilation_rate': [1, 1], 'groups': 1, 'activation': 'linear', 'use_bias': False, 'kernel_initializer': {'module': 'keras.initializers', 'class_name': 'VarianceScaling', 'config': {'seed': None, 'scale': 2.0, 'mode': 'fan_out', 'distribution': 'truncated_normal'}, 'registered_name': None}, 'bias_initializer': {'module': 'keras.initializers', 'class_name': 'Zeros', 'config': {}, 'registered_name': None}, 'kernel_regularizer': None, 'bias_regularizer': None, 'activity_regularizer': None, 'kernel_constraint': None, 'bias_constraint': None}, 'registered_name': None, 'build_config': {'input_shape': [None, 15, 15, 480]}, 'name': 'block4b_project_conv', 'inbound_nodes': [{'args': [{'class_name': '__keras_tensor__', 'config': {'shape': [None, 15, 15, 480], 'dtype': 'float32', 'keras_history': ['block4b_se_excite', 0, 0]}}], 'kwargs': {}}]}, {'module': 'keras.layers', 'class_name': 'BatchNormalization', 'config': {'name': 'block4b_project_bn', 'trainable': False, 'dtype': {'module': 'keras', 'class_name': 'DTypePolicy', 'config': {'name': 'float32'}, 'registered_name': None}, 'axis': 3, 'momentum': 0.99, 'epsilon': 0.001, 'center': True, 'scale': True, 'beta_initializer': {'module': 'keras.initializers', 'class_name': 'Zeros', 'config': {}, 'registered_name': None}, 'gamma_initializer': {'module': 'keras.initializers', 'class_name': 'Ones', 'config': {}, 'registered_name': None}, 'moving_mean_initializer': {'module': 'keras.initializers', 'class_name': 'Zeros', 'config': {}, 'registered_name': None}, 'moving_variance_initializer': {'module': 'keras.initializers', 'class_name': 'Ones', 'config': {}, 'registered_name': None}, 'beta_regularizer': None, 'gamma_regularizer': None, 'beta_constraint': None, 'gamma_constraint': None, 'synchronized': False}, 'registered_name': None, 'build_config': {'input_shape': [None, 15, 15, 80]}, 'name': 'block4b_project_bn', 'inbound_nodes': [{'args': [{'class_name': '__keras_tensor__', 'config': {'shape': [None, 15, 15, 80], 'dtype': 'float32', 'keras_history': ['block4b_project_conv', 0, 0]}}], 'kwargs': {'mask': None}}]}, {'module': 'keras.layers', 'class_name': 'Dropout', 'config': {'name': 'block4b_drop', 'trainable': False, 'dtype': {'module': 'keras', 'class_name': 'DTypePolicy', 'config': {'name': 'float32'}, 'registered_name': None}, 'rate': 0.0782608695652174, 'seed': None, 'noise_shape': [None, 1, 1, 1]}, 'registered_name': None, 'name': 'block4b_drop', 'inbound_nodes': [{'args': [{'class_name': '__keras_tensor__', 'config': {'shape': [None, 15, 15, 80], 'dtype': 'float32', 'keras_history': ['block4b_project_bn', 0, 0]}}], 'kwargs': {'training': False}}]}, {'module': 'keras.layers', 'class_name': 'Add', 'config': {'name': 'block4b_add', 'trainable': False, 'dtype': {'module': 'keras', 'class_name': 'DTypePolicy', 'config': {'name': 'float32'}, 'registered_name': None}}, 'registered_name': None, 'build_config': {'input_shape': [[None, 15, 15, 80], [None, 15, 15, 80]]}, 'name': 'block4b_add', 'inbound_nodes': [{'args': [[{'class_name': '__keras_tensor__', 'config': {'shape': [None, 15, 15, 80], 'dtype': 'float32', 'keras_history': ['block4b_drop', 0, 0]}}, {'class_name': '__keras_tensor__', 'config': {'shape': [None, 15, 15, 80], 'dtype': 'float32', 'keras_history': ['block4a_project_bn', 0, 0]}}]], 'kwargs': {}}]}, {'module': 'keras.layers', 'class_name': 'Conv2D', 'config': {'name': 'block4c_expand_conv', 'trainable': False, 'dtype': {'module': 'keras', 'class_name': 'DTypePolicy', 'config': {'name': 'float32'}, 'registered_name': None}, 'filters': 480, 'kernel_size': [1, 1], 'strides': [1, 1], 'padding': 'same', 'data_format': 'channels_last', 'dilation_rate': [1, 1], 'groups': 1, 'activation': 'linear', 'use_bias': False, 'kernel_initializer': {'module': 'keras.initializers', 'class_name': 'VarianceScaling', 'config': {'seed': None, 'scale': 2.0, 'mode': 'fan_out', 'distribution': 'truncated_normal'}, 'registered_name': None}, 'bias_initializer': {'module': 'keras.initializers', 'class_name': 'Zeros', 'config': {}, 'registered_name': None}, 'kernel_regularizer': None, 'bias_regularizer': None, 'activity_regularizer': None, 'kernel_constraint': None, 'bias_constraint': None}, 'registered_name': None, 'build_config': {'input_shape': [None, 15, 15, 80]}, 'name': 'block4c_expand_conv', 'inbound_nodes': [{'args': [{'class_name': '__keras_tensor__', 'config': {'shape': [None, 15, 15, 80], 'dtype': 'float32', 'keras_history': ['block4b_add', 0, 0]}}], 'kwargs': {}}]}, {'module': 'keras.layers', 'class_name': 'BatchNormalization', 'config': {'name': 'block4c_expand_bn', 'trainable': False, 'dtype': {'module': 'keras', 'class_name': 'DTypePolicy', 'config': {'name': 'float32'}, 'registered_name': None}, 'axis': 3, 'momentum': 0.99, 'epsilon': 0.001, 'center': True, 'scale': True, 'beta_initializer': {'module': 'keras.initializers', 'class_name': 'Zeros', 'config': {}, 'registered_name': None}, 'gamma_initializer': {'module': 'keras.initializers', 'class_name': 'Ones', 'config': {}, 'registered_name': None}, 'moving_mean_initializer': {'module': 'keras.initializers', 'class_name': 'Zeros', 'config': {}, 'registered_name': None}, 'moving_variance_initializer': {'module': 'keras.initializers', 'class_name': 'Ones', 'config': {}, 'registered_name': None}, 'beta_regularizer': None, 'gamma_regularizer': None, 'beta_constraint': None, 'gamma_constraint': None, 'synchronized': False}, 'registered_name': None, 'build_config': {'input_shape': [None, 15, 15, 480]}, 'name': 'block4c_expand_bn', 'inbound_nodes': [{'args': [{'class_name': '__keras_tensor__', 'config': {'shape': [None, 15, 15, 480], 'dtype': 'float32', 'keras_history': ['block4c_expand_conv', 0, 0]}}], 'kwargs': {'mask': None}}]}, {'module': 'keras.layers', 'class_name': 'Activation', 'config': {'name': 'block4c_expand_activation', 'trainable': False, 'dtype': {'module': 'keras', 'class_name': 'DTypePolicy', 'config': {'name': 'float32'}, 'registered_name': None}, 'activation': 'silu'}, 'registered_name': None, 'name': 'block4c_expand_activation', 'inbound_nodes': [{'args': [{'class_name': '__keras_tensor__', 'config': {'shape': [None, 15, 15, 480], 'dtype': 'float32', 'keras_history': ['block4c_expand_bn', 0, 0]}}], 'kwargs': {}}]}, {'module': 'keras.layers', 'class_name': 'DepthwiseConv2D', 'config': {'name': 'block4c_dwconv', 'trainable': False, 'dtype': {'module': 'keras', 'class_name': 'DTypePolicy', 'config': {'name': 'float32'}, 'registered_name': None}, 'depth_multiplier': 1, 'kernel_size': [3, 3], 'strides': [1, 1], 'padding': 'same', 'data_format': 'channels_last', 'dilation_rate': [1, 1], 'activation': 'linear', 'use_bias': False, 'depthwise_initializer': {'module': 'keras.initializers', 'class_name': 'VarianceScaling', 'config': {'seed': None, 'scale': 2.0, 'mode': 'fan_out', 'distribution': 'truncated_normal'}, 'registered_name': None}, 'bias_initializer': {'module': 'keras.initializers', 'class_name': 'Zeros', 'config': {}, 'registered_name': None}, 'depthwise_regularizer': None, 'bias_regularizer': None, 'activity_regularizer': None, 'depthwise_constraint': None, 'bias_constraint': None}, 'registered_name': None, 'build_config': {'input_shape': [None, 15, 15, 480]}, 'name': 'block4c_dwconv', 'inbound_nodes': [{'args': [{'class_name': '__keras_tensor__', 'config': {'shape': [None, 15, 15, 480], 'dtype': 'float32', 'keras_history': ['block4c_expand_activation', 0, 0]}}], 'kwargs': {}}]}, {'module': 'keras.layers', 'class_name': 'BatchNormalization', 'config': {'name': 'block4c_bn', 'trainable': False, 'dtype': {'module': 'keras', 'class_name': 'DTypePolicy', 'config': {'name': 'float32'}, 'registered_name': None}, 'axis': 3, 'momentum': 0.99, 'epsilon': 0.001, 'center': True, 'scale': True, 'beta_initializer': {'module': 'keras.initializers', 'class_name': 'Zeros', 'config': {}, 'registered_name': None}, 'gamma_initializer': {'module': 'keras.initializers', 'class_name': 'Ones', 'config': {}, 'registered_name': None}, 'moving_mean_initializer': {'module': 'keras.initializers', 'class_name': 'Zeros', 'config': {}, 'registered_name': None}, 'moving_variance_initializer': {'module': 'keras.initializers', 'class_name': 'Ones', 'config': {}, 'registered_name': None}, 'beta_regularizer': None, 'gamma_regularizer': None, 'beta_constraint': None, 'gamma_constraint': None, 'synchronized': False}, 'registered_name': None, 'build_config': {'input_shape': [None, 15, 15, 480]}, 'name': 'block4c_bn', 'inbound_nodes': [{'args': [{'class_name': '__keras_tensor__', 'config': {'shape': [None, 15, 15, 480], 'dtype': 'float32', 'keras_history': ['block4c_dwconv', 0, 0]}}], 'kwargs': {'mask': None}}]}, {'module': 'keras.layers', 'class_name': 'Activation', 'config': {'name': 'block4c_activation', 'trainable': False, 'dtype': {'module': 'keras', 'class_name': 'DTypePolicy', 'config': {'name': 'float32'}, 'registered_name': None}, 'activation': 'silu'}, 'registered_name': None, 'name': 'block4c_activation', 'inbound_nodes': [{'args': [{'class_name': '__keras_tensor__', 'config': {'shape': [None, 15, 15, 480], 'dtype': 'float32', 'keras_history': ['block4c_bn', 0, 0]}}], 'kwargs': {}}]}, {'module': 'keras.layers', 'class_name': 'GlobalAveragePooling2D', 'config': {'name': 'block4c_se_squeeze', 'trainable': False, 'dtype': {'module': 'keras', 'class_name': 'DTypePolicy', 'config': {'name': 'float32'}, 'registered_name': None}, 'data_format': 'channels_last', 'keepdims': False}, 'registered_name': None, 'name': 'block4c_se_squeeze', 'inbound_nodes': [{'args': [{'class_name': '__keras_tensor__', 'config': {'shape': [None, 15, 15, 480], 'dtype': 'float32', 'keras_history': ['block4c_activation', 0, 0]}}], 'kwargs': {}}]}, {'module': 'keras.layers', 'class_name': 'Reshape', 'config': {'name': 'block4c_se_reshape', 'trainable': False, 'dtype': {'module': 'keras', 'class_name': 'DTypePolicy', 'config': {'name': 'float32'}, 'registered_name': None}, 'target_shape': [1, 1, 480]}, 'registered_name': None, 'name': 'block4c_se_reshape', 'inbound_nodes': [{'args': [{'class_name': '__keras_tensor__', 'config': {'shape': [None, 480], 'dtype': 'float32', 'keras_history': ['block4c_se_squeeze', 0, 0]}}], 'kwargs': {}}]}, {'module': 'keras.layers', 'class_name': 'Conv2D', 'config': {'name': 'block4c_se_reduce', 'trainable': False, 'dtype': {'module': 'keras', 'class_name': 'DTypePolicy', 'config': {'name': 'float32'}, 'registered_name': None}, 'filters': 20, 'kernel_size': [1, 1], 'strides': [1, 1], 'padding': 'same', 'data_format': 'channels_last', 'dilation_rate': [1, 1], 'groups': 1, 'activation': 'silu', 'use_bias': True, 'kernel_initializer': {'module': 'keras.initializers', 'class_name': 'VarianceScaling', 'config': {'seed': None, 'scale': 2.0, 'mode': 'fan_out', 'distribution': 'truncated_normal'}, 'registered_name': None}, 'bias_initializer': {'module': 'keras.initializers', 'class_name': 'Zeros', 'config': {}, 'registered_name': None}, 'kernel_regularizer': None, 'bias_regularizer': None, 'activity_regularizer': None, 'kernel_constraint': None, 'bias_constraint': None}, 'registered_name': None, 'build_config': {'input_shape': [None, 1, 1, 480]}, 'name': 'block4c_se_reduce', 'inbound_nodes': [{'args': [{'class_name': '__keras_tensor__', 'config': {'shape': [None, 1, 1, 480], 'dtype': 'float32', 'keras_history': ['block4c_se_reshape', 0, 0]}}], 'kwargs': {}}]}, {'module': 'keras.layers', 'class_name': 'Conv2D', 'config': {'name': 'block4c_se_expand', 'trainable': False, 'dtype': {'module': 'keras', 'class_name': 'DTypePolicy', 'config': {'name': 'float32'}, 'registered_name': None}, 'filters': 480, 'kernel_size': [1, 1], 'strides': [1, 1], 'padding': 'same', 'data_format': 'channels_last', 'dilation_rate': [1, 1], 'groups': 1, 'activation': 'sigmoid', 'use_bias': True, 'kernel_initializer': {'module': 'keras.initializers', 'class_name': 'VarianceScaling', 'config': {'seed': None, 'scale': 2.0, 'mode': 'fan_out', 'distribution': 'truncated_normal'}, 'registered_name': None}, 'bias_initializer': {'module': 'keras.initializers', 'class_name': 'Zeros', 'config': {}, 'registered_name': None}, 'kernel_regularizer': None, 'bias_regularizer': None, 'activity_regularizer': None, 'kernel_constraint': None, 'bias_constraint': None}, 'registered_name': None, 'build_config': {'input_shape': [None, 1, 1, 20]}, 'name': 'block4c_se_expand', 'inbound_nodes': [{'args': [{'class_name': '__keras_tensor__', 'config': {'shape': [None, 1, 1, 20], 'dtype': 'float32', 'keras_history': ['block4c_se_reduce', 0, 0]}}], 'kwargs': {}}]}, {'module': 'keras.layers', 'class_name': 'Multiply', 'config': {'name': 'block4c_se_excite', 'trainable': False, 'dtype': {'module': 'keras', 'class_name': 'DTypePolicy', 'config': {'name': 'float32'}, 'registered_name': None}}, 'registered_name': None, 'build_config': {'input_shape': [[None, 15, 15, 480], [None, 1, 1, 480]]}, 'name': 'block4c_se_excite', 'inbound_nodes': [{'args': [[{'class_name': '__keras_tensor__', 'config': {'shape': [None, 15, 15, 480], 'dtype': 'float32', 'keras_history': ['block4c_activation', 0, 0]}}, {'class_name': '__keras_tensor__', 'config': {'shape': [None, 1, 1, 480], 'dtype': 'float32', 'keras_history': ['block4c_se_expand', 0, 0]}}]], 'kwargs': {}}]}, {'module': 'keras.layers', 'class_name': 'Conv2D', 'config': {'name': 'block4c_project_conv', 'trainable': False, 'dtype': {'module': 'keras', 'class_name': 'DTypePolicy', 'config': {'name': 'float32'}, 'registered_name': None}, 'filters': 80, 'kernel_size': [1, 1], 'strides': [1, 1], 'padding': 'same', 'data_format': 'channels_last', 'dilation_rate': [1, 1], 'groups': 1, 'activation': 'linear', 'use_bias': False, 'kernel_initializer': {'module': 'keras.initializers', 'class_name': 'VarianceScaling', 'config': {'seed': None, 'scale': 2.0, 'mode': 'fan_out', 'distribution': 'truncated_normal'}, 'registered_name': None}, 'bias_initializer': {'module': 'keras.initializers', 'class_name': 'Zeros', 'config': {}, 'registered_name': None}, 'kernel_regularizer': None, 'bias_regularizer': None, 'activity_regularizer': None, 'kernel_constraint': None, 'bias_constraint': None}, 'registered_name': None, 'build_config': {'input_shape': [None, 15, 15, 480]}, 'name': 'block4c_project_conv', 'inbound_nodes': [{'args': [{'class_name': '__keras_tensor__', 'config': {'shape': [None, 15, 15, 480], 'dtype': 'float32', 'keras_history': ['block4c_se_excite', 0, 0]}}], 'kwargs': {}}]}, {'module': 'keras.layers', 'class_name': 'BatchNormalization', 'config': {'name': 'block4c_project_bn', 'trainable': False, 'dtype': {'module': 'keras', 'class_name': 'DTypePolicy', 'config': {'name': 'float32'}, 'registered_name': None}, 'axis': 3, 'momentum': 0.99, 'epsilon': 0.001, 'center': True, 'scale': True, 'beta_initializer': {'module': 'keras.initializers', 'class_name': 'Zeros', 'config': {}, 'registered_name': None}, 'gamma_initializer': {'module': 'keras.initializers', 'class_name': 'Ones', 'config': {}, 'registered_name': None}, 'moving_mean_initializer': {'module': 'keras.initializers', 'class_name': 'Zeros', 'config': {}, 'registered_name': None}, 'moving_variance_initializer': {'module': 'keras.initializers', 'class_name': 'Ones', 'config': {}, 'registered_name': None}, 'beta_regularizer': None, 'gamma_regularizer': None, 'beta_constraint': None, 'gamma_constraint': None, 'synchronized': False}, 'registered_name': None, 'build_config': {'input_shape': [None, 15, 15, 80]}, 'name': 'block4c_project_bn', 'inbound_nodes': [{'args': [{'class_name': '__keras_tensor__', 'config': {'shape': [None, 15, 15, 80], 'dtype': 'float32', 'keras_history': ['block4c_project_conv', 0, 0]}}], 'kwargs': {'mask': None}}]}, {'module': 'keras.layers', 'class_name': 'Dropout', 'config': {'name': 'block4c_drop', 'trainable': False, 'dtype': {'module': 'keras', 'class_name': 'DTypePolicy', 'config': {'name': 'float32'}, 'registered_name': None}, 'rate': 0.08695652173913043, 'seed': None, 'noise_shape': [None, 1, 1, 1]}, 'registered_name': None, 'name': 'block4c_drop', 'inbound_nodes': [{'args': [{'class_name': '__keras_tensor__', 'config': {'shape': [None, 15, 15, 80], 'dtype': 'float32', 'keras_history': ['block4c_project_bn', 0, 0]}}], 'kwargs': {'training': False}}]}, {'module': 'keras.layers', 'class_name': 'Add', 'config': {'name': 'block4c_add', 'trainable': False, 'dtype': {'module': 'keras', 'class_name': 'DTypePolicy', 'config': {'name': 'float32'}, 'registered_name': None}}, 'registered_name': None, 'build_config': {'input_shape': [[None, 15, 15, 80], [None, 15, 15, 80]]}, 'name': 'block4c_add', 'inbound_nodes': [{'args': [[{'class_name': '__keras_tensor__', 'config': {'shape': [None, 15, 15, 80], 'dtype': 'float32', 'keras_history': ['block4c_drop', 0, 0]}}, {'class_name': '__keras_tensor__', 'config': {'shape': [None, 15, 15, 80], 'dtype': 'float32', 'keras_history': ['block4b_add', 0, 0]}}]], 'kwargs': {}}]}, {'module': 'keras.layers', 'class_name': 'Conv2D', 'config': {'name': 'block4d_expand_conv', 'trainable': False, 'dtype': {'module': 'keras', 'class_name': 'DTypePolicy', 'config': {'name': 'float32'}, 'registered_name': None}, 'filters': 480, 'kernel_size': [1, 1], 'strides': [1, 1], 'padding': 'same', 'data_format': 'channels_last', 'dilation_rate': [1, 1], 'groups': 1, 'activation': 'linear', 'use_bias': False, 'kernel_initializer': {'module': 'keras.initializers', 'class_name': 'VarianceScaling', 'config': {'seed': None, 'scale': 2.0, 'mode': 'fan_out', 'distribution': 'truncated_normal'}, 'registered_name': None}, 'bias_initializer': {'module': 'keras.initializers', 'class_name': 'Zeros', 'config': {}, 'registered_name': None}, 'kernel_regularizer': None, 'bias_regularizer': None, 'activity_regularizer': None, 'kernel_constraint': None, 'bias_constraint': None}, 'registered_name': None, 'build_config': {'input_shape': [None, 15, 15, 80]}, 'name': 'block4d_expand_conv', 'inbound_nodes': [{'args': [{'class_name': '__keras_tensor__', 'config': {'shape': [None, 15, 15, 80], 'dtype': 'float32', 'keras_history': ['block4c_add', 0, 0]}}], 'kwargs': {}}]}, {'module': 'keras.layers', 'class_name': 'BatchNormalization', 'config': {'name': 'block4d_expand_bn', 'trainable': False, 'dtype': {'module': 'keras', 'class_name': 'DTypePolicy', 'config': {'name': 'float32'}, 'registered_name': None}, 'axis': 3, 'momentum': 0.99, 'epsilon': 0.001, 'center': True, 'scale': True, 'beta_initializer': {'module': 'keras.initializers', 'class_name': 'Zeros', 'config': {}, 'registered_name': None}, 'gamma_initializer': {'module': 'keras.initializers', 'class_name': 'Ones', 'config': {}, 'registered_name': None}, 'moving_mean_initializer': {'module': 'keras.initializers', 'class_name': 'Zeros', 'config': {}, 'registered_name': None}, 'moving_variance_initializer': {'module': 'keras.initializers', 'class_name': 'Ones', 'config': {}, 'registered_name': None}, 'beta_regularizer': None, 'gamma_regularizer': None, 'beta_constraint': None, 'gamma_constraint': None, 'synchronized': False}, 'registered_name': None, 'build_config': {'input_shape': [None, 15, 15, 480]}, 'name': 'block4d_expand_bn', 'inbound_nodes': [{'args': [{'class_name': '__keras_tensor__', 'config': {'shape': [None, 15, 15, 480], 'dtype': 'float32', 'keras_history': ['block4d_expand_conv', 0, 0]}}], 'kwargs': {'mask': None}}]}, {'module': 'keras.layers', 'class_name': 'Activation', 'config': {'name': 'block4d_expand_activation', 'trainable': False, 'dtype': {'module': 'keras', 'class_name': 'DTypePolicy', 'config': {'name': 'float32'}, 'registered_name': None}, 'activation': 'silu'}, 'registered_name': None, 'name': 'block4d_expand_activation', 'inbound_nodes': [{'args': [{'class_name': '__keras_tensor__', 'config': {'shape': [None, 15, 15, 480], 'dtype': 'float32', 'keras_history': ['block4d_expand_bn', 0, 0]}}], 'kwargs': {}}]}, {'module': 'keras.layers', 'class_name': 'DepthwiseConv2D', 'config': {'name': 'block4d_dwconv', 'trainable': False, 'dtype': {'module': 'keras', 'class_name': 'DTypePolicy', 'config': {'name': 'float32'}, 'registered_name': None}, 'depth_multiplier': 1, 'kernel_size': [3, 3], 'strides': [1, 1], 'padding': 'same', 'data_format': 'channels_last', 'dilation_rate': [1, 1], 'activation': 'linear', 'use_bias': False, 'depthwise_initializer': {'module': 'keras.initializers', 'class_name': 'VarianceScaling', 'config': {'seed': None, 'scale': 2.0, 'mode': 'fan_out', 'distribution': 'truncated_normal'}, 'registered_name': None}, 'bias_initializer': {'module': 'keras.initializers', 'class_name': 'Zeros', 'config': {}, 'registered_name': None}, 'depthwise_regularizer': None, 'bias_regularizer': None, 'activity_regularizer': None, 'depthwise_constraint': None, 'bias_constraint': None}, 'registered_name': None, 'build_config': {'input_shape': [None, 15, 15, 480]}, 'name': 'block4d_dwconv', 'inbound_nodes': [{'args': [{'class_name': '__keras_tensor__', 'config': {'shape': [None, 15, 15, 480], 'dtype': 'float32', 'keras_history': ['block4d_expand_activation', 0, 0]}}], 'kwargs': {}}]}, {'module': 'keras.layers', 'class_name': 'BatchNormalization', 'config': {'name': 'block4d_bn', 'trainable': False, 'dtype': {'module': 'keras', 'class_name': 'DTypePolicy', 'config': {'name': 'float32'}, 'registered_name': None}, 'axis': 3, 'momentum': 0.99, 'epsilon': 0.001, 'center': True, 'scale': True, 'beta_initializer': {'module': 'keras.initializers', 'class_name': 'Zeros', 'config': {}, 'registered_name': None}, 'gamma_initializer': {'module': 'keras.initializers', 'class_name': 'Ones', 'config': {}, 'registered_name': None}, 'moving_mean_initializer': {'module': 'keras.initializers', 'class_name': 'Zeros', 'config': {}, 'registered_name': None}, 'moving_variance_initializer': {'module': 'keras.initializers', 'class_name': 'Ones', 'config': {}, 'registered_name': None}, 'beta_regularizer': None, 'gamma_regularizer': None, 'beta_constraint': None, 'gamma_constraint': None, 'synchronized': False}, 'registered_name': None, 'build_config': {'input_shape': [None, 15, 15, 480]}, 'name': 'block4d_bn', 'inbound_nodes': [{'args': [{'class_name': '__keras_tensor__', 'config': {'shape': [None, 15, 15, 480], 'dtype': 'float32', 'keras_history': ['block4d_dwconv', 0, 0]}}], 'kwargs': {'mask': None}}]}, {'module': 'keras.layers', 'class_name': 'Activation', 'config': {'name': 'block4d_activation', 'trainable': False, 'dtype': {'module': 'keras', 'class_name': 'DTypePolicy', 'config': {'name': 'float32'}, 'registered_name': None}, 'activation': 'silu'}, 'registered_name': None, 'name': 'block4d_activation', 'inbound_nodes': [{'args': [{'class_name': '__keras_tensor__', 'config': {'shape': [None, 15, 15, 480], 'dtype': 'float32', 'keras_history': ['block4d_bn', 0, 0]}}], 'kwargs': {}}]}, {'module': 'keras.layers', 'class_name': 'GlobalAveragePooling2D', 'config': {'name': 'block4d_se_squeeze', 'trainable': False, 'dtype': {'module': 'keras', 'class_name': 'DTypePolicy', 'config': {'name': 'float32'}, 'registered_name': None}, 'data_format': 'channels_last', 'keepdims': False}, 'registered_name': None, 'name': 'block4d_se_squeeze', 'inbound_nodes': [{'args': [{'class_name': '__keras_tensor__', 'config': {'shape': [None, 15, 15, 480], 'dtype': 'float32', 'keras_history': ['block4d_activation', 0, 0]}}], 'kwargs': {}}]}, {'module': 'keras.layers', 'class_name': 'Reshape', 'config': {'name': 'block4d_se_reshape', 'trainable': False, 'dtype': {'module': 'keras', 'class_name': 'DTypePolicy', 'config': {'name': 'float32'}, 'registered_name': None}, 'target_shape': [1, 1, 480]}, 'registered_name': None, 'name': 'block4d_se_reshape', 'inbound_nodes': [{'args': [{'class_name': '__keras_tensor__', 'config': {'shape': [None, 480], 'dtype': 'float32', 'keras_history': ['block4d_se_squeeze', 0, 0]}}], 'kwargs': {}}]}, {'module': 'keras.layers', 'class_name': 'Conv2D', 'config': {'name': 'block4d_se_reduce', 'trainable': False, 'dtype': {'module': 'keras', 'class_name': 'DTypePolicy', 'config': {'name': 'float32'}, 'registered_name': None}, 'filters': 20, 'kernel_size': [1, 1], 'strides': [1, 1], 'padding': 'same', 'data_format': 'channels_last', 'dilation_rate': [1, 1], 'groups': 1, 'activation': 'silu', 'use_bias': True, 'kernel_initializer': {'module': 'keras.initializers', 'class_name': 'VarianceScaling', 'config': {'seed': None, 'scale': 2.0, 'mode': 'fan_out', 'distribution': 'truncated_normal'}, 'registered_name': None}, 'bias_initializer': {'module': 'keras.initializers', 'class_name': 'Zeros', 'config': {}, 'registered_name': None}, 'kernel_regularizer': None, 'bias_regularizer': None, 'activity_regularizer': None, 'kernel_constraint': None, 'bias_constraint': None}, 'registered_name': None, 'build_config': {'input_shape': [None, 1, 1, 480]}, 'name': 'block4d_se_reduce', 'inbound_nodes': [{'args': [{'class_name': '__keras_tensor__', 'config': {'shape': [None, 1, 1, 480], 'dtype': 'float32', 'keras_history': ['block4d_se_reshape', 0, 0]}}], 'kwargs': {}}]}, {'module': 'keras.layers', 'class_name': 'Conv2D', 'config': {'name': 'block4d_se_expand', 'trainable': False, 'dtype': {'module': 'keras', 'class_name': 'DTypePolicy', 'config': {'name': 'float32'}, 'registered_name': None}, 'filters': 480, 'kernel_size': [1, 1], 'strides': [1, 1], 'padding': 'same', 'data_format': 'channels_last', 'dilation_rate': [1, 1], 'groups': 1, 'activation': 'sigmoid', 'use_bias': True, 'kernel_initializer': {'module': 'keras.initializers', 'class_name': 'VarianceScaling', 'config': {'seed': None, 'scale': 2.0, 'mode': 'fan_out', 'distribution': 'truncated_normal'}, 'registered_name': None}, 'bias_initializer': {'module': 'keras.initializers', 'class_name': 'Zeros', 'config': {}, 'registered_name': None}, 'kernel_regularizer': None, 'bias_regularizer': None, 'activity_regularizer': None, 'kernel_constraint': None, 'bias_constraint': None}, 'registered_name': None, 'build_config': {'input_shape': [None, 1, 1, 20]}, 'name': 'block4d_se_expand', 'inbound_nodes': [{'args': [{'class_name': '__keras_tensor__', 'config': {'shape': [None, 1, 1, 20], 'dtype': 'float32', 'keras_history': ['block4d_se_reduce', 0, 0]}}], 'kwargs': {}}]}, {'module': 'keras.layers', 'class_name': 'Multiply', 'config': {'name': 'block4d_se_excite', 'trainable': False, 'dtype': {'module': 'keras', 'class_name': 'DTypePolicy', 'config': {'name': 'float32'}, 'registered_name': None}}, 'registered_name': None, 'build_config': {'input_shape': [[None, 15, 15, 480], [None, 1, 1, 480]]}, 'name': 'block4d_se_excite', 'inbound_nodes': [{'args': [[{'class_name': '__keras_tensor__', 'config': {'shape': [None, 15, 15, 480], 'dtype': 'float32', 'keras_history': ['block4d_activation', 0, 0]}}, {'class_name': '__keras_tensor__', 'config': {'shape': [None, 1, 1, 480], 'dtype': 'float32', 'keras_history': ['block4d_se_expand', 0, 0]}}]], 'kwargs': {}}]}, {'module': 'keras.layers', 'class_name': 'Conv2D', 'config': {'name': 'block4d_project_conv', 'trainable': False, 'dtype': {'module': 'keras', 'class_name': 'DTypePolicy', 'config': {'name': 'float32'}, 'registered_name': None}, 'filters': 80, 'kernel_size': [1, 1], 'strides': [1, 1], 'padding': 'same', 'data_format': 'channels_last', 'dilation_rate': [1, 1], 'groups': 1, 'activation': 'linear', 'use_bias': False, 'kernel_initializer': {'module': 'keras.initializers', 'class_name': 'VarianceScaling', 'config': {'seed': None, 'scale': 2.0, 'mode': 'fan_out', 'distribution': 'truncated_normal'}, 'registered_name': None}, 'bias_initializer': {'module': 'keras.initializers', 'class_name': 'Zeros', 'config': {}, 'registered_name': None}, 'kernel_regularizer': None, 'bias_regularizer': None, 'activity_regularizer': None, 'kernel_constraint': None, 'bias_constraint': None}, 'registered_name': None, 'build_config': {'input_shape': [None, 15, 15, 480]}, 'name': 'block4d_project_conv', 'inbound_nodes': [{'args': [{'class_name': '__keras_tensor__', 'config': {'shape': [None, 15, 15, 480], 'dtype': 'float32', 'keras_history': ['block4d_se_excite', 0, 0]}}], 'kwargs': {}}]}, {'module': 'keras.layers', 'class_name': 'BatchNormalization', 'config': {'name': 'block4d_project_bn', 'trainable': False, 'dtype': {'module': 'keras', 'class_name': 'DTypePolicy', 'config': {'name': 'float32'}, 'registered_name': None}, 'axis': 3, 'momentum': 0.99, 'epsilon': 0.001, 'center': True, 'scale': True, 'beta_initializer': {'module': 'keras.initializers', 'class_name': 'Zeros', 'config': {}, 'registered_name': None}, 'gamma_initializer': {'module': 'keras.initializers', 'class_name': 'Ones', 'config': {}, 'registered_name': None}, 'moving_mean_initializer': {'module': 'keras.initializers', 'class_name': 'Zeros', 'config': {}, 'registered_name': None}, 'moving_variance_initializer': {'module': 'keras.initializers', 'class_name': 'Ones', 'config': {}, 'registered_name': None}, 'beta_regularizer': None, 'gamma_regularizer': None, 'beta_constraint': None, 'gamma_constraint': None, 'synchronized': False}, 'registered_name': None, 'build_config': {'input_shape': [None, 15, 15, 80]}, 'name': 'block4d_project_bn', 'inbound_nodes': [{'args': [{'class_name': '__keras_tensor__', 'config': {'shape': [None, 15, 15, 80], 'dtype': 'float32', 'keras_history': ['block4d_project_conv', 0, 0]}}], 'kwargs': {'mask': None}}]}, {'module': 'keras.layers', 'class_name': 'Dropout', 'config': {'name': 'block4d_drop', 'trainable': False, 'dtype': {'module': 'keras', 'class_name': 'DTypePolicy', 'config': {'name': 'float32'}, 'registered_name': None}, 'rate': 0.09565217391304348, 'seed': None, 'noise_shape': [None, 1, 1, 1]}, 'registered_name': None, 'name': 'block4d_drop', 'inbound_nodes': [{'args': [{'class_name': '__keras_tensor__', 'config': {'shape': [None, 15, 15, 80], 'dtype': 'float32', 'keras_history': ['block4d_project_bn', 0, 0]}}], 'kwargs': {'training': False}}]}, {'module': 'keras.layers', 'class_name': 'Add', 'config': {'name': 'block4d_add', 'trainable': False, 'dtype': {'module': 'keras', 'class_name': 'DTypePolicy', 'config': {'name': 'float32'}, 'registered_name': None}}, 'registered_name': None, 'build_config': {'input_shape': [[None, 15, 15, 80], [None, 15, 15, 80]]}, 'name': 'block4d_add', 'inbound_nodes': [{'args': [[{'class_name': '__keras_tensor__', 'config': {'shape': [None, 15, 15, 80], 'dtype': 'float32', 'keras_history': ['block4d_drop', 0, 0]}}, {'class_name': '__keras_tensor__', 'config': {'shape': [None, 15, 15, 80], 'dtype': 'float32', 'keras_history': ['block4c_add', 0, 0]}}]], 'kwargs': {}}]}, {'module': 'keras.layers', 'class_name': 'Conv2D', 'config': {'name': 'block5a_expand_conv', 'trainable': False, 'dtype': {'module': 'keras', 'class_name': 'DTypePolicy', 'config': {'name': 'float32'}, 'registered_name': None}, 'filters': 480, 'kernel_size': [1, 1], 'strides': [1, 1], 'padding': 'same', 'data_format': 'channels_last', 'dilation_rate': [1, 1], 'groups': 1, 'activation': 'linear', 'use_bias': False, 'kernel_initializer': {'module': 'keras.initializers', 'class_name': 'VarianceScaling', 'config': {'seed': None, 'scale': 2.0, 'mode': 'fan_out', 'distribution': 'truncated_normal'}, 'registered_name': None}, 'bias_initializer': {'module': 'keras.initializers', 'class_name': 'Zeros', 'config': {}, 'registered_name': None}, 'kernel_regularizer': None, 'bias_regularizer': None, 'activity_regularizer': None, 'kernel_constraint': None, 'bias_constraint': None}, 'registered_name': None, 'build_config': {'input_shape': [None, 15, 15, 80]}, 'name': 'block5a_expand_conv', 'inbound_nodes': [{'args': [{'class_name': '__keras_tensor__', 'config': {'shape': [None, 15, 15, 80], 'dtype': 'float32', 'keras_history': ['block4d_add', 0, 0]}}], 'kwargs': {}}]}, {'module': 'keras.layers', 'class_name': 'BatchNormalization', 'config': {'name': 'block5a_expand_bn', 'trainable': False, 'dtype': {'module': 'keras', 'class_name': 'DTypePolicy', 'config': {'name': 'float32'}, 'registered_name': None}, 'axis': 3, 'momentum': 0.99, 'epsilon': 0.001, 'center': True, 'scale': True, 'beta_initializer': {'module': 'keras.initializers', 'class_name': 'Zeros', 'config': {}, 'registered_name': None}, 'gamma_initializer': {'module': 'keras.initializers', 'class_name': 'Ones', 'config': {}, 'registered_name': None}, 'moving_mean_initializer': {'module': 'keras.initializers', 'class_name': 'Zeros', 'config': {}, 'registered_name': None}, 'moving_variance_initializer': {'module': 'keras.initializers', 'class_name': 'Ones', 'config': {}, 'registered_name': None}, 'beta_regularizer': None, 'gamma_regularizer': None, 'beta_constraint': None, 'gamma_constraint': None, 'synchronized': False}, 'registered_name': None, 'build_config': {'input_shape': [None, 15, 15, 480]}, 'name': 'block5a_expand_bn', 'inbound_nodes': [{'args': [{'class_name': '__keras_tensor__', 'config': {'shape': [None, 15, 15, 480], 'dtype': 'float32', 'keras_history': ['block5a_expand_conv', 0, 0]}}], 'kwargs': {'mask': None}}]}, {'module': 'keras.layers', 'class_name': 'Activation', 'config': {'name': 'block5a_expand_activation', 'trainable': False, 'dtype': {'module': 'keras', 'class_name': 'DTypePolicy', 'config': {'name': 'float32'}, 'registered_name': None}, 'activation': 'silu'}, 'registered_name': None, 'name': 'block5a_expand_activation', 'inbound_nodes': [{'args': [{'class_name': '__keras_tensor__', 'config': {'shape': [None, 15, 15, 480], 'dtype': 'float32', 'keras_history': ['block5a_expand_bn', 0, 0]}}], 'kwargs': {}}]}, {'module': 'keras.layers', 'class_name': 'DepthwiseConv2D', 'config': {'name': 'block5a_dwconv', 'trainable': False, 'dtype': {'module': 'keras', 'class_name': 'DTypePolicy', 'config': {'name': 'float32'}, 'registered_name': None}, 'depth_multiplier': 1, 'kernel_size': [5, 5], 'strides': [1, 1], 'padding': 'same', 'data_format': 'channels_last', 'dilation_rate': [1, 1], 'activation': 'linear', 'use_bias': False, 'depthwise_initializer': {'module': 'keras.initializers', 'class_name': 'VarianceScaling', 'config': {'seed': None, 'scale': 2.0, 'mode': 'fan_out', 'distribution': 'truncated_normal'}, 'registered_name': None}, 'bias_initializer': {'module': 'keras.initializers', 'class_name': 'Zeros', 'config': {}, 'registered_name': None}, 'depthwise_regularizer': None, 'bias_regularizer': None, 'activity_regularizer': None, 'depthwise_constraint': None, 'bias_constraint': None}, 'registered_name': None, 'build_config': {'input_shape': [None, 15, 15, 480]}, 'name': 'block5a_dwconv', 'inbound_nodes': [{'args': [{'class_name': '__keras_tensor__', 'config': {'shape': [None, 15, 15, 480], 'dtype': 'float32', 'keras_history': ['block5a_expand_activation', 0, 0]}}], 'kwargs': {}}]}, {'module': 'keras.layers', 'class_name': 'BatchNormalization', 'config': {'name': 'block5a_bn', 'trainable': False, 'dtype': {'module': 'keras', 'class_name': 'DTypePolicy', 'config': {'name': 'float32'}, 'registered_name': None}, 'axis': 3, 'momentum': 0.99, 'epsilon': 0.001, 'center': True, 'scale': True, 'beta_initializer': {'module': 'keras.initializers', 'class_name': 'Zeros', 'config': {}, 'registered_name': None}, 'gamma_initializer': {'module': 'keras.initializers', 'class_name': 'Ones', 'config': {}, 'registered_name': None}, 'moving_mean_initializer': {'module': 'keras.initializers', 'class_name': 'Zeros', 'config': {}, 'registered_name': None}, 'moving_variance_initializer': {'module': 'keras.initializers', 'class_name': 'Ones', 'config': {}, 'registered_name': None}, 'beta_regularizer': None, 'gamma_regularizer': None, 'beta_constraint': None, 'gamma_constraint': None, 'synchronized': False}, 'registered_name': None, 'build_config': {'input_shape': [None, 15, 15, 480]}, 'name': 'block5a_bn', 'inbound_nodes': [{'args': [{'class_name': '__keras_tensor__', 'config': {'shape': [None, 15, 15, 480], 'dtype': 'float32', 'keras_history': ['block5a_dwconv', 0, 0]}}], 'kwargs': {'mask': None}}]}, {'module': 'keras.layers', 'class_name': 'Activation', 'config': {'name': 'block5a_activation', 'trainable': False, 'dtype': {'module': 'keras', 'class_name': 'DTypePolicy', 'config': {'name': 'float32'}, 'registered_name': None}, 'activation': 'silu'}, 'registered_name': None, 'name': 'block5a_activation', 'inbound_nodes': [{'args': [{'class_name': '__keras_tensor__', 'config': {'shape': [None, 15, 15, 480], 'dtype': 'float32', 'keras_history': ['block5a_bn', 0, 0]}}], 'kwargs': {}}]}, {'module': 'keras.layers', 'class_name': 'GlobalAveragePooling2D', 'config': {'name': 'block5a_se_squeeze', 'trainable': False, 'dtype': {'module': 'keras', 'class_name': 'DTypePolicy', 'config': {'name': 'float32'}, 'registered_name': None}, 'data_format': 'channels_last', 'keepdims': False}, 'registered_name': None, 'name': 'block5a_se_squeeze', 'inbound_nodes': [{'args': [{'class_name': '__keras_tensor__', 'config': {'shape': [None, 15, 15, 480], 'dtype': 'float32', 'keras_history': ['block5a_activation', 0, 0]}}], 'kwargs': {}}]}, {'module': 'keras.layers', 'class_name': 'Reshape', 'config': {'name': 'block5a_se_reshape', 'trainable': False, 'dtype': {'module': 'keras', 'class_name': 'DTypePolicy', 'config': {'name': 'float32'}, 'registered_name': None}, 'target_shape': [1, 1, 480]}, 'registered_name': None, 'name': 'block5a_se_reshape', 'inbound_nodes': [{'args': [{'class_name': '__keras_tensor__', 'config': {'shape': [None, 480], 'dtype': 'float32', 'keras_history': ['block5a_se_squeeze', 0, 0]}}], 'kwargs': {}}]}, {'module': 'keras.layers', 'class_name': 'Conv2D', 'config': {'name': 'block5a_se_reduce', 'trainable': False, 'dtype': {'module': 'keras', 'class_name': 'DTypePolicy', 'config': {'name': 'float32'}, 'registered_name': None}, 'filters': 20, 'kernel_size': [1, 1], 'strides': [1, 1], 'padding': 'same', 'data_format': 'channels_last', 'dilation_rate': [1, 1], 'groups': 1, 'activation': 'silu', 'use_bias': True, 'kernel_initializer': {'module': 'keras.initializers', 'class_name': 'VarianceScaling', 'config': {'seed': None, 'scale': 2.0, 'mode': 'fan_out', 'distribution': 'truncated_normal'}, 'registered_name': None}, 'bias_initializer': {'module': 'keras.initializers', 'class_name': 'Zeros', 'config': {}, 'registered_name': None}, 'kernel_regularizer': None, 'bias_regularizer': None, 'activity_regularizer': None, 'kernel_constraint': None, 'bias_constraint': None}, 'registered_name': None, 'build_config': {'input_shape': [None, 1, 1, 480]}, 'name': 'block5a_se_reduce', 'inbound_nodes': [{'args': [{'class_name': '__keras_tensor__', 'config': {'shape': [None, 1, 1, 480], 'dtype': 'float32', 'keras_history': ['block5a_se_reshape', 0, 0]}}], 'kwargs': {}}]}, {'module': 'keras.layers', 'class_name': 'Conv2D', 'config': {'name': 'block5a_se_expand', 'trainable': False, 'dtype': {'module': 'keras', 'class_name': 'DTypePolicy', 'config': {'name': 'float32'}, 'registered_name': None}, 'filters': 480, 'kernel_size': [1, 1], 'strides': [1, 1], 'padding': 'same', 'data_format': 'channels_last', 'dilation_rate': [1, 1], 'groups': 1, 'activation': 'sigmoid', 'use_bias': True, 'kernel_initializer': {'module': 'keras.initializers', 'class_name': 'VarianceScaling', 'config': {'seed': None, 'scale': 2.0, 'mode': 'fan_out', 'distribution': 'truncated_normal'}, 'registered_name': None}, 'bias_initializer': {'module': 'keras.initializers', 'class_name': 'Zeros', 'config': {}, 'registered_name': None}, 'kernel_regularizer': None, 'bias_regularizer': None, 'activity_regularizer': None, 'kernel_constraint': None, 'bias_constraint': None}, 'registered_name': None, 'build_config': {'input_shape': [None, 1, 1, 20]}, 'name': 'block5a_se_expand', 'inbound_nodes': [{'args': [{'class_name': '__keras_tensor__', 'config': {'shape': [None, 1, 1, 20], 'dtype': 'float32', 'keras_history': ['block5a_se_reduce', 0, 0]}}], 'kwargs': {}}]}, {'module': 'keras.layers', 'class_name': 'Multiply', 'config': {'name': 'block5a_se_excite', 'trainable': False, 'dtype': {'module': 'keras', 'class_name': 'DTypePolicy', 'config': {'name': 'float32'}, 'registered_name': None}}, 'registered_name': None, 'build_config': {'input_shape': [[None, 15, 15, 480], [None, 1, 1, 480]]}, 'name': 'block5a_se_excite', 'inbound_nodes': [{'args': [[{'class_name': '__keras_tensor__', 'config': {'shape': [None, 15, 15, 480], 'dtype': 'float32', 'keras_history': ['block5a_activation', 0, 0]}}, {'class_name': '__keras_tensor__', 'config': {'shape': [None, 1, 1, 480], 'dtype': 'float32', 'keras_history': ['block5a_se_expand', 0, 0]}}]], 'kwargs': {}}]}, {'module': 'keras.layers', 'class_name': 'Conv2D', 'config': {'name': 'block5a_project_conv', 'trainable': False, 'dtype': {'module': 'keras', 'class_name': 'DTypePolicy', 'config': {'name': 'float32'}, 'registered_name': None}, 'filters': 112, 'kernel_size': [1, 1], 'strides': [1, 1], 'padding': 'same', 'data_format': 'channels_last', 'dilation_rate': [1, 1], 'groups': 1, 'activation': 'linear', 'use_bias': False, 'kernel_initializer': {'module': 'keras.initializers', 'class_name': 'VarianceScaling', 'config': {'seed': None, 'scale': 2.0, 'mode': 'fan_out', 'distribution': 'truncated_normal'}, 'registered_name': None}, 'bias_initializer': {'module': 'keras.initializers', 'class_name': 'Zeros', 'config': {}, 'registered_name': None}, 'kernel_regularizer': None, 'bias_regularizer': None, 'activity_regularizer': None, 'kernel_constraint': None, 'bias_constraint': None}, 'registered_name': None, 'build_config': {'input_shape': [None, 15, 15, 480]}, 'name': 'block5a_project_conv', 'inbound_nodes': [{'args': [{'class_name': '__keras_tensor__', 'config': {'shape': [None, 15, 15, 480], 'dtype': 'float32', 'keras_history': ['block5a_se_excite', 0, 0]}}], 'kwargs': {}}]}, {'module': 'keras.layers', 'class_name': 'BatchNormalization', 'config': {'name': 'block5a_project_bn', 'trainable': False, 'dtype': {'module': 'keras', 'class_name': 'DTypePolicy', 'config': {'name': 'float32'}, 'registered_name': None}, 'axis': 3, 'momentum': 0.99, 'epsilon': 0.001, 'center': True, 'scale': True, 'beta_initializer': {'module': 'keras.initializers', 'class_name': 'Zeros', 'config': {}, 'registered_name': None}, 'gamma_initializer': {'module': 'keras.initializers', 'class_name': 'Ones', 'config': {}, 'registered_name': None}, 'moving_mean_initializer': {'module': 'keras.initializers', 'class_name': 'Zeros', 'config': {}, 'registered_name': None}, 'moving_variance_initializer': {'module': 'keras.initializers', 'class_name': 'Ones', 'config': {}, 'registered_name': None}, 'beta_regularizer': None, 'gamma_regularizer': None, 'beta_constraint': None, 'gamma_constraint': None, 'synchronized': False}, 'registered_name': None, 'build_config': {'input_shape': [None, 15, 15, 112]}, 'name': 'block5a_project_bn', 'inbound_nodes': [{'args': [{'class_name': '__keras_tensor__', 'config': {'shape': [None, 15, 15, 112], 'dtype': 'float32', 'keras_history': ['block5a_project_conv', 0, 0]}}], 'kwargs': {'mask': None}}]}, {'module': 'keras.layers', 'class_name': 'Conv2D', 'config': {'name': 'block5b_expand_conv', 'trainable': False, 'dtype': {'module': 'keras', 'class_name': 'DTypePolicy', 'config': {'name': 'float32'}, 'registered_name': None}, 'filters': 672, 'kernel_size': [1, 1], 'strides': [1, 1], 'padding': 'same', 'data_format': 'channels_last', 'dilation_rate': [1, 1], 'groups': 1, 'activation': 'linear', 'use_bias': False, 'kernel_initializer': {'module': 'keras.initializers', 'class_name': 'VarianceScaling', 'config': {'seed': None, 'scale': 2.0, 'mode': 'fan_out', 'distribution': 'truncated_normal'}, 'registered_name': None}, 'bias_initializer': {'module': 'keras.initializers', 'class_name': 'Zeros', 'config': {}, 'registered_name': None}, 'kernel_regularizer': None, 'bias_regularizer': None, 'activity_regularizer': None, 'kernel_constraint': None, 'bias_constraint': None}, 'registered_name': None, 'build_config': {'input_shape': [None, 15, 15, 112]}, 'name': 'block5b_expand_conv', 'inbound_nodes': [{'args': [{'class_name': '__keras_tensor__', 'config': {'shape': [None, 15, 15, 112], 'dtype': 'float32', 'keras_history': ['block5a_project_bn', 0, 0]}}], 'kwargs': {}}]}, {'module': 'keras.layers', 'class_name': 'BatchNormalization', 'config': {'name': 'block5b_expand_bn', 'trainable': False, 'dtype': {'module': 'keras', 'class_name': 'DTypePolicy', 'config': {'name': 'float32'}, 'registered_name': None}, 'axis': 3, 'momentum': 0.99, 'epsilon': 0.001, 'center': True, 'scale': True, 'beta_initializer': {'module': 'keras.initializers', 'class_name': 'Zeros', 'config': {}, 'registered_name': None}, 'gamma_initializer': {'module': 'keras.initializers', 'class_name': 'Ones', 'config': {}, 'registered_name': None}, 'moving_mean_initializer': {'module': 'keras.initializers', 'class_name': 'Zeros', 'config': {}, 'registered_name': None}, 'moving_variance_initializer': {'module': 'keras.initializers', 'class_name': 'Ones', 'config': {}, 'registered_name': None}, 'beta_regularizer': None, 'gamma_regularizer': None, 'beta_constraint': None, 'gamma_constraint': None, 'synchronized': False}, 'registered_name': None, 'build_config': {'input_shape': [None, 15, 15, 672]}, 'name': 'block5b_expand_bn', 'inbound_nodes': [{'args': [{'class_name': '__keras_tensor__', 'config': {'shape': [None, 15, 15, 672], 'dtype': 'float32', 'keras_history': ['block5b_expand_conv', 0, 0]}}], 'kwargs': {'mask': None}}]}, {'module': 'keras.layers', 'class_name': 'Activation', 'config': {'name': 'block5b_expand_activation', 'trainable': False, 'dtype': {'module': 'keras', 'class_name': 'DTypePolicy', 'config': {'name': 'float32'}, 'registered_name': None}, 'activation': 'silu'}, 'registered_name': None, 'name': 'block5b_expand_activation', 'inbound_nodes': [{'args': [{'class_name': '__keras_tensor__', 'config': {'shape': [None, 15, 15, 672], 'dtype': 'float32', 'keras_history': ['block5b_expand_bn', 0, 0]}}], 'kwargs': {}}]}, {'module': 'keras.layers', 'class_name': 'DepthwiseConv2D', 'config': {'name': 'block5b_dwconv', 'trainable': False, 'dtype': {'module': 'keras', 'class_name': 'DTypePolicy', 'config': {'name': 'float32'}, 'registered_name': None}, 'depth_multiplier': 1, 'kernel_size': [5, 5], 'strides': [1, 1], 'padding': 'same', 'data_format': 'channels_last', 'dilation_rate': [1, 1], 'activation': 'linear', 'use_bias': False, 'depthwise_initializer': {'module': 'keras.initializers', 'class_name': 'VarianceScaling', 'config': {'seed': None, 'scale': 2.0, 'mode': 'fan_out', 'distribution': 'truncated_normal'}, 'registered_name': None}, 'bias_initializer': {'module': 'keras.initializers', 'class_name': 'Zeros', 'config': {}, 'registered_name': None}, 'depthwise_regularizer': None, 'bias_regularizer': None, 'activity_regularizer': None, 'depthwise_constraint': None, 'bias_constraint': None}, 'registered_name': None, 'build_config': {'input_shape': [None, 15, 15, 672]}, 'name': 'block5b_dwconv', 'inbound_nodes': [{'args': [{'class_name': '__keras_tensor__', 'config': {'shape': [None, 15, 15, 672], 'dtype': 'float32', 'keras_history': ['block5b_expand_activation', 0, 0]}}], 'kwargs': {}}]}, {'module': 'keras.layers', 'class_name': 'BatchNormalization', 'config': {'name': 'block5b_bn', 'trainable': False, 'dtype': {'module': 'keras', 'class_name': 'DTypePolicy', 'config': {'name': 'float32'}, 'registered_name': None}, 'axis': 3, 'momentum': 0.99, 'epsilon': 0.001, 'center': True, 'scale': True, 'beta_initializer': {'module': 'keras.initializers', 'class_name': 'Zeros', 'config': {}, 'registered_name': None}, 'gamma_initializer': {'module': 'keras.initializers', 'class_name': 'Ones', 'config': {}, 'registered_name': None}, 'moving_mean_initializer': {'module': 'keras.initializers', 'class_name': 'Zeros', 'config': {}, 'registered_name': None}, 'moving_variance_initializer': {'module': 'keras.initializers', 'class_name': 'Ones', 'config': {}, 'registered_name': None}, 'beta_regularizer': None, 'gamma_regularizer': None, 'beta_constraint': None, 'gamma_constraint': None, 'synchronized': False}, 'registered_name': None, 'build_config': {'input_shape': [None, 15, 15, 672]}, 'name': 'block5b_bn', 'inbound_nodes': [{'args': [{'class_name': '__keras_tensor__', 'config': {'shape': [None, 15, 15, 672], 'dtype': 'float32', 'keras_history': ['block5b_dwconv', 0, 0]}}], 'kwargs': {'mask': None}}]}, {'module': 'keras.layers', 'class_name': 'Activation', 'config': {'name': 'block5b_activation', 'trainable': False, 'dtype': {'module': 'keras', 'class_name': 'DTypePolicy', 'config': {'name': 'float32'}, 'registered_name': None}, 'activation': 'silu'}, 'registered_name': None, 'name': 'block5b_activation', 'inbound_nodes': [{'args': [{'class_name': '__keras_tensor__', 'config': {'shape': [None, 15, 15, 672], 'dtype': 'float32', 'keras_history': ['block5b_bn', 0, 0]}}], 'kwargs': {}}]}, {'module': 'keras.layers', 'class_name': 'GlobalAveragePooling2D', 'config': {'name': 'block5b_se_squeeze', 'trainable': False, 'dtype': {'module': 'keras', 'class_name': 'DTypePolicy', 'config': {'name': 'float32'}, 'registered_name': None}, 'data_format': 'channels_last', 'keepdims': False}, 'registered_name': None, 'name': 'block5b_se_squeeze', 'inbound_nodes': [{'args': [{'class_name': '__keras_tensor__', 'config': {'shape': [None, 15, 15, 672], 'dtype': 'float32', 'keras_history': ['block5b_activation', 0, 0]}}], 'kwargs': {}}]}, {'module': 'keras.layers', 'class_name': 'Reshape', 'config': {'name': 'block5b_se_reshape', 'trainable': False, 'dtype': {'module': 'keras', 'class_name': 'DTypePolicy', 'config': {'name': 'float32'}, 'registered_name': None}, 'target_shape': [1, 1, 672]}, 'registered_name': None, 'name': 'block5b_se_reshape', 'inbound_nodes': [{'args': [{'class_name': '__keras_tensor__', 'config': {'shape': [None, 672], 'dtype': 'float32', 'keras_history': ['block5b_se_squeeze', 0, 0]}}], 'kwargs': {}}]}, {'module': 'keras.layers', 'class_name': 'Conv2D', 'config': {'name': 'block5b_se_reduce', 'trainable': False, 'dtype': {'module': 'keras', 'class_name': 'DTypePolicy', 'config': {'name': 'float32'}, 'registered_name': None}, 'filters': 28, 'kernel_size': [1, 1], 'strides': [1, 1], 'padding': 'same', 'data_format': 'channels_last', 'dilation_rate': [1, 1], 'groups': 1, 'activation': 'silu', 'use_bias': True, 'kernel_initializer': {'module': 'keras.initializers', 'class_name': 'VarianceScaling', 'config': {'seed': None, 'scale': 2.0, 'mode': 'fan_out', 'distribution': 'truncated_normal'}, 'registered_name': None}, 'bias_initializer': {'module': 'keras.initializers', 'class_name': 'Zeros', 'config': {}, 'registered_name': None}, 'kernel_regularizer': None, 'bias_regularizer': None, 'activity_regularizer': None, 'kernel_constraint': None, 'bias_constraint': None}, 'registered_name': None, 'build_config': {'input_shape': [None, 1, 1, 672]}, 'name': 'block5b_se_reduce', 'inbound_nodes': [{'args': [{'class_name': '__keras_tensor__', 'config': {'shape': [None, 1, 1, 672], 'dtype': 'float32', 'keras_history': ['block5b_se_reshape', 0, 0]}}], 'kwargs': {}}]}, {'module': 'keras.layers', 'class_name': 'Conv2D', 'config': {'name': 'block5b_se_expand', 'trainable': False, 'dtype': {'module': 'keras', 'class_name': 'DTypePolicy', 'config': {'name': 'float32'}, 'registered_name': None}, 'filters': 672, 'kernel_size': [1, 1], 'strides': [1, 1], 'padding': 'same', 'data_format': 'channels_last', 'dilation_rate': [1, 1], 'groups': 1, 'activation': 'sigmoid', 'use_bias': True, 'kernel_initializer': {'module': 'keras.initializers', 'class_name': 'VarianceScaling', 'config': {'seed': None, 'scale': 2.0, 'mode': 'fan_out', 'distribution': 'truncated_normal'}, 'registered_name': None}, 'bias_initializer': {'module': 'keras.initializers', 'class_name': 'Zeros', 'config': {}, 'registered_name': None}, 'kernel_regularizer': None, 'bias_regularizer': None, 'activity_regularizer': None, 'kernel_constraint': None, 'bias_constraint': None}, 'registered_name': None, 'build_config': {'input_shape': [None, 1, 1, 28]}, 'name': 'block5b_se_expand', 'inbound_nodes': [{'args': [{'class_name': '__keras_tensor__', 'config': {'shape': [None, 1, 1, 28], 'dtype': 'float32', 'keras_history': ['block5b_se_reduce', 0, 0]}}], 'kwargs': {}}]}, {'module': 'keras.layers', 'class_name': 'Multiply', 'config': {'name': 'block5b_se_excite', 'trainable': False, 'dtype': {'module': 'keras', 'class_name': 'DTypePolicy', 'config': {'name': 'float32'}, 'registered_name': None}}, 'registered_name': None, 'build_config': {'input_shape': [[None, 15, 15, 672], [None, 1, 1, 672]]}, 'name': 'block5b_se_excite', 'inbound_nodes': [{'args': [[{'class_name': '__keras_tensor__', 'config': {'shape': [None, 15, 15, 672], 'dtype': 'float32', 'keras_history': ['block5b_activation', 0, 0]}}, {'class_name': '__keras_tensor__', 'config': {'shape': [None, 1, 1, 672], 'dtype': 'float32', 'keras_history': ['block5b_se_expand', 0, 0]}}]], 'kwargs': {}}]}, {'module': 'keras.layers', 'class_name': 'Conv2D', 'config': {'name': 'block5b_project_conv', 'trainable': False, 'dtype': {'module': 'keras', 'class_name': 'DTypePolicy', 'config': {'name': 'float32'}, 'registered_name': None}, 'filters': 112, 'kernel_size': [1, 1], 'strides': [1, 1], 'padding': 'same', 'data_format': 'channels_last', 'dilation_rate': [1, 1], 'groups': 1, 'activation': 'linear', 'use_bias': False, 'kernel_initializer': {'module': 'keras.initializers', 'class_name': 'VarianceScaling', 'config': {'seed': None, 'scale': 2.0, 'mode': 'fan_out', 'distribution': 'truncated_normal'}, 'registered_name': None}, 'bias_initializer': {'module': 'keras.initializers', 'class_name': 'Zeros', 'config': {}, 'registered_name': None}, 'kernel_regularizer': None, 'bias_regularizer': None, 'activity_regularizer': None, 'kernel_constraint': None, 'bias_constraint': None}, 'registered_name': None, 'build_config': {'input_shape': [None, 15, 15, 672]}, 'name': 'block5b_project_conv', 'inbound_nodes': [{'args': [{'class_name': '__keras_tensor__', 'config': {'shape': [None, 15, 15, 672], 'dtype': 'float32', 'keras_history': ['block5b_se_excite', 0, 0]}}], 'kwargs': {}}]}, {'module': 'keras.layers', 'class_name': 'BatchNormalization', 'config': {'name': 'block5b_project_bn', 'trainable': False, 'dtype': {'module': 'keras', 'class_name': 'DTypePolicy', 'config': {'name': 'float32'}, 'registered_name': None}, 'axis': 3, 'momentum': 0.99, 'epsilon': 0.001, 'center': True, 'scale': True, 'beta_initializer': {'module': 'keras.initializers', 'class_name': 'Zeros', 'config': {}, 'registered_name': None}, 'gamma_initializer': {'module': 'keras.initializers', 'class_name': 'Ones', 'config': {}, 'registered_name': None}, 'moving_mean_initializer': {'module': 'keras.initializers', 'class_name': 'Zeros', 'config': {}, 'registered_name': None}, 'moving_variance_initializer': {'module': 'keras.initializers', 'class_name': 'Ones', 'config': {}, 'registered_name': None}, 'beta_regularizer': None, 'gamma_regularizer': None, 'beta_constraint': None, 'gamma_constraint': None, 'synchronized': False}, 'registered_name': None, 'build_config': {'input_shape': [None, 15, 15, 112]}, 'name': 'block5b_project_bn', 'inbound_nodes': [{'args': [{'class_name': '__keras_tensor__', 'config': {'shape': [None, 15, 15, 112], 'dtype': 'float32', 'keras_history': ['block5b_project_conv', 0, 0]}}], 'kwargs': {'mask': None}}]}, {'module': 'keras.layers', 'class_name': 'Dropout', 'config': {'name': 'block5b_drop', 'trainable': False, 'dtype': {'module': 'keras', 'class_name': 'DTypePolicy', 'config': {'name': 'float32'}, 'registered_name': None}, 'rate': 0.11304347826086956, 'seed': None, 'noise_shape': [None, 1, 1, 1]}, 'registered_name': None, 'name': 'block5b_drop', 'inbound_nodes': [{'args': [{'class_name': '__keras_tensor__', 'config': {'shape': [None, 15, 15, 112], 'dtype': 'float32', 'keras_history': ['block5b_project_bn', 0, 0]}}], 'kwargs': {'training': False}}]}, {'module': 'keras.layers', 'class_name': 'Add', 'config': {'name': 'block5b_add', 'trainable': False, 'dtype': {'module': 'keras', 'class_name': 'DTypePolicy', 'config': {'name': 'float32'}, 'registered_name': None}}, 'registered_name': None, 'build_config': {'input_shape': [[None, 15, 15, 112], [None, 15, 15, 112]]}, 'name': 'block5b_add', 'inbound_nodes': [{'args': [[{'class_name': '__keras_tensor__', 'config': {'shape': [None, 15, 15, 112], 'dtype': 'float32', 'keras_history': ['block5b_drop', 0, 0]}}, {'class_name': '__keras_tensor__', 'config': {'shape': [None, 15, 15, 112], 'dtype': 'float32', 'keras_history': ['block5a_project_bn', 0, 0]}}]], 'kwargs': {}}]}, {'module': 'keras.layers', 'class_name': 'Conv2D', 'config': {'name': 'block5c_expand_conv', 'trainable': False, 'dtype': {'module': 'keras', 'class_name': 'DTypePolicy', 'config': {'name': 'float32'}, 'registered_name': None}, 'filters': 672, 'kernel_size': [1, 1], 'strides': [1, 1], 'padding': 'same', 'data_format': 'channels_last', 'dilation_rate': [1, 1], 'groups': 1, 'activation': 'linear', 'use_bias': False, 'kernel_initializer': {'module': 'keras.initializers', 'class_name': 'VarianceScaling', 'config': {'seed': None, 'scale': 2.0, 'mode': 'fan_out', 'distribution': 'truncated_normal'}, 'registered_name': None}, 'bias_initializer': {'module': 'keras.initializers', 'class_name': 'Zeros', 'config': {}, 'registered_name': None}, 'kernel_regularizer': None, 'bias_regularizer': None, 'activity_regularizer': None, 'kernel_constraint': None, 'bias_constraint': None}, 'registered_name': None, 'build_config': {'input_shape': [None, 15, 15, 112]}, 'name': 'block5c_expand_conv', 'inbound_nodes': [{'args': [{'class_name': '__keras_tensor__', 'config': {'shape': [None, 15, 15, 112], 'dtype': 'float32', 'keras_history': ['block5b_add', 0, 0]}}], 'kwargs': {}}]}, {'module': 'keras.layers', 'class_name': 'BatchNormalization', 'config': {'name': 'block5c_expand_bn', 'trainable': False, 'dtype': {'module': 'keras', 'class_name': 'DTypePolicy', 'config': {'name': 'float32'}, 'registered_name': None}, 'axis': 3, 'momentum': 0.99, 'epsilon': 0.001, 'center': True, 'scale': True, 'beta_initializer': {'module': 'keras.initializers', 'class_name': 'Zeros', 'config': {}, 'registered_name': None}, 'gamma_initializer': {'module': 'keras.initializers', 'class_name': 'Ones', 'config': {}, 'registered_name': None}, 'moving_mean_initializer': {'module': 'keras.initializers', 'class_name': 'Zeros', 'config': {}, 'registered_name': None}, 'moving_variance_initializer': {'module': 'keras.initializers', 'class_name': 'Ones', 'config': {}, 'registered_name': None}, 'beta_regularizer': None, 'gamma_regularizer': None, 'beta_constraint': None, 'gamma_constraint': None, 'synchronized': False}, 'registered_name': None, 'build_config': {'input_shape': [None, 15, 15, 672]}, 'name': 'block5c_expand_bn', 'inbound_nodes': [{'args': [{'class_name': '__keras_tensor__', 'config': {'shape': [None, 15, 15, 672], 'dtype': 'float32', 'keras_history': ['block5c_expand_conv', 0, 0]}}], 'kwargs': {'mask': None}}]}, {'module': 'keras.layers', 'class_name': 'Activation', 'config': {'name': 'block5c_expand_activation', 'trainable': False, 'dtype': {'module': 'keras', 'class_name': 'DTypePolicy', 'config': {'name': 'float32'}, 'registered_name': None}, 'activation': 'silu'}, 'registered_name': None, 'name': 'block5c_expand_activation', 'inbound_nodes': [{'args': [{'class_name': '__keras_tensor__', 'config': {'shape': [None, 15, 15, 672], 'dtype': 'float32', 'keras_history': ['block5c_expand_bn', 0, 0]}}], 'kwargs': {}}]}, {'module': 'keras.layers', 'class_name': 'DepthwiseConv2D', 'config': {'name': 'block5c_dwconv', 'trainable': False, 'dtype': {'module': 'keras', 'class_name': 'DTypePolicy', 'config': {'name': 'float32'}, 'registered_name': None}, 'depth_multiplier': 1, 'kernel_size': [5, 5], 'strides': [1, 1], 'padding': 'same', 'data_format': 'channels_last', 'dilation_rate': [1, 1], 'activation': 'linear', 'use_bias': False, 'depthwise_initializer': {'module': 'keras.initializers', 'class_name': 'VarianceScaling', 'config': {'seed': None, 'scale': 2.0, 'mode': 'fan_out', 'distribution': 'truncated_normal'}, 'registered_name': None}, 'bias_initializer': {'module': 'keras.initializers', 'class_name': 'Zeros', 'config': {}, 'registered_name': None}, 'depthwise_regularizer': None, 'bias_regularizer': None, 'activity_regularizer': None, 'depthwise_constraint': None, 'bias_constraint': None}, 'registered_name': None, 'build_config': {'input_shape': [None, 15, 15, 672]}, 'name': 'block5c_dwconv', 'inbound_nodes': [{'args': [{'class_name': '__keras_tensor__', 'config': {'shape': [None, 15, 15, 672], 'dtype': 'float32', 'keras_history': ['block5c_expand_activation', 0, 0]}}], 'kwargs': {}}]}, {'module': 'keras.layers', 'class_name': 'BatchNormalization', 'config': {'name': 'block5c_bn', 'trainable': False, 'dtype': {'module': 'keras', 'class_name': 'DTypePolicy', 'config': {'name': 'float32'}, 'registered_name': None}, 'axis': 3, 'momentum': 0.99, 'epsilon': 0.001, 'center': True, 'scale': True, 'beta_initializer': {'module': 'keras.initializers', 'class_name': 'Zeros', 'config': {}, 'registered_name': None}, 'gamma_initializer': {'module': 'keras.initializers', 'class_name': 'Ones', 'config': {}, 'registered_name': None}, 'moving_mean_initializer': {'module': 'keras.initializers', 'class_name': 'Zeros', 'config': {}, 'registered_name': None}, 'moving_variance_initializer': {'module': 'keras.initializers', 'class_name': 'Ones', 'config': {}, 'registered_name': None}, 'beta_regularizer': None, 'gamma_regularizer': None, 'beta_constraint': None, 'gamma_constraint': None, 'synchronized': False}, 'registered_name': None, 'build_config': {'input_shape': [None, 15, 15, 672]}, 'name': 'block5c_bn', 'inbound_nodes': [{'args': [{'class_name': '__keras_tensor__', 'config': {'shape': [None, 15, 15, 672], 'dtype': 'float32', 'keras_history': ['block5c_dwconv', 0, 0]}}], 'kwargs': {'mask': None}}]}, {'module': 'keras.layers', 'class_name': 'Activation', 'config': {'name': 'block5c_activation', 'trainable': False, 'dtype': {'module': 'keras', 'class_name': 'DTypePolicy', 'config': {'name': 'float32'}, 'registered_name': None}, 'activation': 'silu'}, 'registered_name': None, 'name': 'block5c_activation', 'inbound_nodes': [{'args': [{'class_name': '__keras_tensor__', 'config': {'shape': [None, 15, 15, 672], 'dtype': 'float32', 'keras_history': ['block5c_bn', 0, 0]}}], 'kwargs': {}}]}, {'module': 'keras.layers', 'class_name': 'GlobalAveragePooling2D', 'config': {'name': 'block5c_se_squeeze', 'trainable': False, 'dtype': {'module': 'keras', 'class_name': 'DTypePolicy', 'config': {'name': 'float32'}, 'registered_name': None}, 'data_format': 'channels_last', 'keepdims': False}, 'registered_name': None, 'name': 'block5c_se_squeeze', 'inbound_nodes': [{'args': [{'class_name': '__keras_tensor__', 'config': {'shape': [None, 15, 15, 672], 'dtype': 'float32', 'keras_history': ['block5c_activation', 0, 0]}}], 'kwargs': {}}]}, {'module': 'keras.layers', 'class_name': 'Reshape', 'config': {'name': 'block5c_se_reshape', 'trainable': False, 'dtype': {'module': 'keras', 'class_name': 'DTypePolicy', 'config': {'name': 'float32'}, 'registered_name': None}, 'target_shape': [1, 1, 672]}, 'registered_name': None, 'name': 'block5c_se_reshape', 'inbound_nodes': [{'args': [{'class_name': '__keras_tensor__', 'config': {'shape': [None, 672], 'dtype': 'float32', 'keras_history': ['block5c_se_squeeze', 0, 0]}}], 'kwargs': {}}]}, {'module': 'keras.layers', 'class_name': 'Conv2D', 'config': {'name': 'block5c_se_reduce', 'trainable': False, 'dtype': {'module': 'keras', 'class_name': 'DTypePolicy', 'config': {'name': 'float32'}, 'registered_name': None}, 'filters': 28, 'kernel_size': [1, 1], 'strides': [1, 1], 'padding': 'same', 'data_format': 'channels_last', 'dilation_rate': [1, 1], 'groups': 1, 'activation': 'silu', 'use_bias': True, 'kernel_initializer': {'module': 'keras.initializers', 'class_name': 'VarianceScaling', 'config': {'seed': None, 'scale': 2.0, 'mode': 'fan_out', 'distribution': 'truncated_normal'}, 'registered_name': None}, 'bias_initializer': {'module': 'keras.initializers', 'class_name': 'Zeros', 'config': {}, 'registered_name': None}, 'kernel_regularizer': None, 'bias_regularizer': None, 'activity_regularizer': None, 'kernel_constraint': None, 'bias_constraint': None}, 'registered_name': None, 'build_config': {'input_shape': [None, 1, 1, 672]}, 'name': 'block5c_se_reduce', 'inbound_nodes': [{'args': [{'class_name': '__keras_tensor__', 'config': {'shape': [None, 1, 1, 672], 'dtype': 'float32', 'keras_history': ['block5c_se_reshape', 0, 0]}}], 'kwargs': {}}]}, {'module': 'keras.layers', 'class_name': 'Conv2D', 'config': {'name': 'block5c_se_expand', 'trainable': False, 'dtype': {'module': 'keras', 'class_name': 'DTypePolicy', 'config': {'name': 'float32'}, 'registered_name': None}, 'filters': 672, 'kernel_size': [1, 1], 'strides': [1, 1], 'padding': 'same', 'data_format': 'channels_last', 'dilation_rate': [1, 1], 'groups': 1, 'activation': 'sigmoid', 'use_bias': True, 'kernel_initializer': {'module': 'keras.initializers', 'class_name': 'VarianceScaling', 'config': {'seed': None, 'scale': 2.0, 'mode': 'fan_out', 'distribution': 'truncated_normal'}, 'registered_name': None}, 'bias_initializer': {'module': 'keras.initializers', 'class_name': 'Zeros', 'config': {}, 'registered_name': None}, 'kernel_regularizer': None, 'bias_regularizer': None, 'activity_regularizer': None, 'kernel_constraint': None, 'bias_constraint': None}, 'registered_name': None, 'build_config': {'input_shape': [None, 1, 1, 28]}, 'name': 'block5c_se_expand', 'inbound_nodes': [{'args': [{'class_name': '__keras_tensor__', 'config': {'shape': [None, 1, 1, 28], 'dtype': 'float32', 'keras_history': ['block5c_se_reduce', 0, 0]}}], 'kwargs': {}}]}, {'module': 'keras.layers', 'class_name': 'Multiply', 'config': {'name': 'block5c_se_excite', 'trainable': False, 'dtype': {'module': 'keras', 'class_name': 'DTypePolicy', 'config': {'name': 'float32'}, 'registered_name': None}}, 'registered_name': None, 'build_config': {'input_shape': [[None, 15, 15, 672], [None, 1, 1, 672]]}, 'name': 'block5c_se_excite', 'inbound_nodes': [{'args': [[{'class_name': '__keras_tensor__', 'config': {'shape': [None, 15, 15, 672], 'dtype': 'float32', 'keras_history': ['block5c_activation', 0, 0]}}, {'class_name': '__keras_tensor__', 'config': {'shape': [None, 1, 1, 672], 'dtype': 'float32', 'keras_history': ['block5c_se_expand', 0, 0]}}]], 'kwargs': {}}]}, {'module': 'keras.layers', 'class_name': 'Conv2D', 'config': {'name': 'block5c_project_conv', 'trainable': False, 'dtype': {'module': 'keras', 'class_name': 'DTypePolicy', 'config': {'name': 'float32'}, 'registered_name': None}, 'filters': 112, 'kernel_size': [1, 1], 'strides': [1, 1], 'padding': 'same', 'data_format': 'channels_last', 'dilation_rate': [1, 1], 'groups': 1, 'activation': 'linear', 'use_bias': False, 'kernel_initializer': {'module': 'keras.initializers', 'class_name': 'VarianceScaling', 'config': {'seed': None, 'scale': 2.0, 'mode': 'fan_out', 'distribution': 'truncated_normal'}, 'registered_name': None}, 'bias_initializer': {'module': 'keras.initializers', 'class_name': 'Zeros', 'config': {}, 'registered_name': None}, 'kernel_regularizer': None, 'bias_regularizer': None, 'activity_regularizer': None, 'kernel_constraint': None, 'bias_constraint': None}, 'registered_name': None, 'build_config': {'input_shape': [None, 15, 15, 672]}, 'name': 'block5c_project_conv', 'inbound_nodes': [{'args': [{'class_name': '__keras_tensor__', 'config': {'shape': [None, 15, 15, 672], 'dtype': 'float32', 'keras_history': ['block5c_se_excite', 0, 0]}}], 'kwargs': {}}]}, {'module': 'keras.layers', 'class_name': 'BatchNormalization', 'config': {'name': 'block5c_project_bn', 'trainable': False, 'dtype': {'module': 'keras', 'class_name': 'DTypePolicy', 'config': {'name': 'float32'}, 'registered_name': None}, 'axis': 3, 'momentum': 0.99, 'epsilon': 0.001, 'center': True, 'scale': True, 'beta_initializer': {'module': 'keras.initializers', 'class_name': 'Zeros', 'config': {}, 'registered_name': None}, 'gamma_initializer': {'module': 'keras.initializers', 'class_name': 'Ones', 'config': {}, 'registered_name': None}, 'moving_mean_initializer': {'module': 'keras.initializers', 'class_name': 'Zeros', 'config': {}, 'registered_name': None}, 'moving_variance_initializer': {'module': 'keras.initializers', 'class_name': 'Ones', 'config': {}, 'registered_name': None}, 'beta_regularizer': None, 'gamma_regularizer': None, 'beta_constraint': None, 'gamma_constraint': None, 'synchronized': False}, 'registered_name': None, 'build_config': {'input_shape': [None, 15, 15, 112]}, 'name': 'block5c_project_bn', 'inbound_nodes': [{'args': [{'class_name': '__keras_tensor__', 'config': {'shape': [None, 15, 15, 112], 'dtype': 'float32', 'keras_history': ['block5c_project_conv', 0, 0]}}], 'kwargs': {'mask': None}}]}, {'module': 'keras.layers', 'class_name': 'Dropout', 'config': {'name': 'block5c_drop', 'trainable': False, 'dtype': {'module': 'keras', 'class_name': 'DTypePolicy', 'config': {'name': 'float32'}, 'registered_name': None}, 'rate': 0.12173913043478261, 'seed': None, 'noise_shape': [None, 1, 1, 1]}, 'registered_name': None, 'name': 'block5c_drop', 'inbound_nodes': [{'args': [{'class_name': '__keras_tensor__', 'config': {'shape': [None, 15, 15, 112], 'dtype': 'float32', 'keras_history': ['block5c_project_bn', 0, 0]}}], 'kwargs': {'training': False}}]}, {'module': 'keras.layers', 'class_name': 'Add', 'config': {'name': 'block5c_add', 'trainable': False, 'dtype': {'module': 'keras', 'class_name': 'DTypePolicy', 'config': {'name': 'float32'}, 'registered_name': None}}, 'registered_name': None, 'build_config': {'input_shape': [[None, 15, 15, 112], [None, 15, 15, 112]]}, 'name': 'block5c_add', 'inbound_nodes': [{'args': [[{'class_name': '__keras_tensor__', 'config': {'shape': [None, 15, 15, 112], 'dtype': 'float32', 'keras_history': ['block5c_drop', 0, 0]}}, {'class_name': '__keras_tensor__', 'config': {'shape': [None, 15, 15, 112], 'dtype': 'float32', 'keras_history': ['block5b_add', 0, 0]}}]], 'kwargs': {}}]}, {'module': 'keras.layers', 'class_name': 'Conv2D', 'config': {'name': 'block5d_expand_conv', 'trainable': False, 'dtype': {'module': 'keras', 'class_name': 'DTypePolicy', 'config': {'name': 'float32'}, 'registered_name': None}, 'filters': 672, 'kernel_size': [1, 1], 'strides': [1, 1], 'padding': 'same', 'data_format': 'channels_last', 'dilation_rate': [1, 1], 'groups': 1, 'activation': 'linear', 'use_bias': False, 'kernel_initializer': {'module': 'keras.initializers', 'class_name': 'VarianceScaling', 'config': {'seed': None, 'scale': 2.0, 'mode': 'fan_out', 'distribution': 'truncated_normal'}, 'registered_name': None}, 'bias_initializer': {'module': 'keras.initializers', 'class_name': 'Zeros', 'config': {}, 'registered_name': None}, 'kernel_regularizer': None, 'bias_regularizer': None, 'activity_regularizer': None, 'kernel_constraint': None, 'bias_constraint': None}, 'registered_name': None, 'build_config': {'input_shape': [None, 15, 15, 112]}, 'name': 'block5d_expand_conv', 'inbound_nodes': [{'args': [{'class_name': '__keras_tensor__', 'config': {'shape': [None, 15, 15, 112], 'dtype': 'float32', 'keras_history': ['block5c_add', 0, 0]}}], 'kwargs': {}}]}, {'module': 'keras.layers', 'class_name': 'BatchNormalization', 'config': {'name': 'block5d_expand_bn', 'trainable': False, 'dtype': {'module': 'keras', 'class_name': 'DTypePolicy', 'config': {'name': 'float32'}, 'registered_name': None}, 'axis': 3, 'momentum': 0.99, 'epsilon': 0.001, 'center': True, 'scale': True, 'beta_initializer': {'module': 'keras.initializers', 'class_name': 'Zeros', 'config': {}, 'registered_name': None}, 'gamma_initializer': {'module': 'keras.initializers', 'class_name': 'Ones', 'config': {}, 'registered_name': None}, 'moving_mean_initializer': {'module': 'keras.initializers', 'class_name': 'Zeros', 'config': {}, 'registered_name': None}, 'moving_variance_initializer': {'module': 'keras.initializers', 'class_name': 'Ones', 'config': {}, 'registered_name': None}, 'beta_regularizer': None, 'gamma_regularizer': None, 'beta_constraint': None, 'gamma_constraint': None, 'synchronized': False}, 'registered_name': None, 'build_config': {'input_shape': [None, 15, 15, 672]}, 'name': 'block5d_expand_bn', 'inbound_nodes': [{'args': [{'class_name': '__keras_tensor__', 'config': {'shape': [None, 15, 15, 672], 'dtype': 'float32', 'keras_history': ['block5d_expand_conv', 0, 0]}}], 'kwargs': {'mask': None}}]}, {'module': 'keras.layers', 'class_name': 'Activation', 'config': {'name': 'block5d_expand_activation', 'trainable': False, 'dtype': {'module': 'keras', 'class_name': 'DTypePolicy', 'config': {'name': 'float32'}, 'registered_name': None}, 'activation': 'silu'}, 'registered_name': None, 'name': 'block5d_expand_activation', 'inbound_nodes': [{'args': [{'class_name': '__keras_tensor__', 'config': {'shape': [None, 15, 15, 672], 'dtype': 'float32', 'keras_history': ['block5d_expand_bn', 0, 0]}}], 'kwargs': {}}]}, {'module': 'keras.layers', 'class_name': 'DepthwiseConv2D', 'config': {'name': 'block5d_dwconv', 'trainable': False, 'dtype': {'module': 'keras', 'class_name': 'DTypePolicy', 'config': {'name': 'float32'}, 'registered_name': None}, 'depth_multiplier': 1, 'kernel_size': [5, 5], 'strides': [1, 1], 'padding': 'same', 'data_format': 'channels_last', 'dilation_rate': [1, 1], 'activation': 'linear', 'use_bias': False, 'depthwise_initializer': {'module': 'keras.initializers', 'class_name': 'VarianceScaling', 'config': {'seed': None, 'scale': 2.0, 'mode': 'fan_out', 'distribution': 'truncated_normal'}, 'registered_name': None}, 'bias_initializer': {'module': 'keras.initializers', 'class_name': 'Zeros', 'config': {}, 'registered_name': None}, 'depthwise_regularizer': None, 'bias_regularizer': None, 'activity_regularizer': None, 'depthwise_constraint': None, 'bias_constraint': None}, 'registered_name': None, 'build_config': {'input_shape': [None, 15, 15, 672]}, 'name': 'block5d_dwconv', 'inbound_nodes': [{'args': [{'class_name': '__keras_tensor__', 'config': {'shape': [None, 15, 15, 672], 'dtype': 'float32', 'keras_history': ['block5d_expand_activation', 0, 0]}}], 'kwargs': {}}]}, {'module': 'keras.layers', 'class_name': 'BatchNormalization', 'config': {'name': 'block5d_bn', 'trainable': False, 'dtype': {'module': 'keras', 'class_name': 'DTypePolicy', 'config': {'name': 'float32'}, 'registered_name': None}, 'axis': 3, 'momentum': 0.99, 'epsilon': 0.001, 'center': True, 'scale': True, 'beta_initializer': {'module': 'keras.initializers', 'class_name': 'Zeros', 'config': {}, 'registered_name': None}, 'gamma_initializer': {'module': 'keras.initializers', 'class_name': 'Ones', 'config': {}, 'registered_name': None}, 'moving_mean_initializer': {'module': 'keras.initializers', 'class_name': 'Zeros', 'config': {}, 'registered_name': None}, 'moving_variance_initializer': {'module': 'keras.initializers', 'class_name': 'Ones', 'config': {}, 'registered_name': None}, 'beta_regularizer': None, 'gamma_regularizer': None, 'beta_constraint': None, 'gamma_constraint': None, 'synchronized': False}, 'registered_name': None, 'build_config': {'input_shape': [None, 15, 15, 672]}, 'name': 'block5d_bn', 'inbound_nodes': [{'args': [{'class_name': '__keras_tensor__', 'config': {'shape': [None, 15, 15, 672], 'dtype': 'float32', 'keras_history': ['block5d_dwconv', 0, 0]}}], 'kwargs': {'mask': None}}]}, {'module': 'keras.layers', 'class_name': 'Activation', 'config': {'name': 'block5d_activation', 'trainable': False, 'dtype': {'module': 'keras', 'class_name': 'DTypePolicy', 'config': {'name': 'float32'}, 'registered_name': None}, 'activation': 'silu'}, 'registered_name': None, 'name': 'block5d_activation', 'inbound_nodes': [{'args': [{'class_name': '__keras_tensor__', 'config': {'shape': [None, 15, 15, 672], 'dtype': 'float32', 'keras_history': ['block5d_bn', 0, 0]}}], 'kwargs': {}}]}, {'module': 'keras.layers', 'class_name': 'GlobalAveragePooling2D', 'config': {'name': 'block5d_se_squeeze', 'trainable': False, 'dtype': {'module': 'keras', 'class_name': 'DTypePolicy', 'config': {'name': 'float32'}, 'registered_name': None}, 'data_format': 'channels_last', 'keepdims': False}, 'registered_name': None, 'name': 'block5d_se_squeeze', 'inbound_nodes': [{'args': [{'class_name': '__keras_tensor__', 'config': {'shape': [None, 15, 15, 672], 'dtype': 'float32', 'keras_history': ['block5d_activation', 0, 0]}}], 'kwargs': {}}]}, {'module': 'keras.layers', 'class_name': 'Reshape', 'config': {'name': 'block5d_se_reshape', 'trainable': False, 'dtype': {'module': 'keras', 'class_name': 'DTypePolicy', 'config': {'name': 'float32'}, 'registered_name': None}, 'target_shape': [1, 1, 672]}, 'registered_name': None, 'name': 'block5d_se_reshape', 'inbound_nodes': [{'args': [{'class_name': '__keras_tensor__', 'config': {'shape': [None, 672], 'dtype': 'float32', 'keras_history': ['block5d_se_squeeze', 0, 0]}}], 'kwargs': {}}]}, {'module': 'keras.layers', 'class_name': 'Conv2D', 'config': {'name': 'block5d_se_reduce', 'trainable': False, 'dtype': {'module': 'keras', 'class_name': 'DTypePolicy', 'config': {'name': 'float32'}, 'registered_name': None}, 'filters': 28, 'kernel_size': [1, 1], 'strides': [1, 1], 'padding': 'same', 'data_format': 'channels_last', 'dilation_rate': [1, 1], 'groups': 1, 'activation': 'silu', 'use_bias': True, 'kernel_initializer': {'module': 'keras.initializers', 'class_name': 'VarianceScaling', 'config': {'seed': None, 'scale': 2.0, 'mode': 'fan_out', 'distribution': 'truncated_normal'}, 'registered_name': None}, 'bias_initializer': {'module': 'keras.initializers', 'class_name': 'Zeros', 'config': {}, 'registered_name': None}, 'kernel_regularizer': None, 'bias_regularizer': None, 'activity_regularizer': None, 'kernel_constraint': None, 'bias_constraint': None}, 'registered_name': None, 'build_config': {'input_shape': [None, 1, 1, 672]}, 'name': 'block5d_se_reduce', 'inbound_nodes': [{'args': [{'class_name': '__keras_tensor__', 'config': {'shape': [None, 1, 1, 672], 'dtype': 'float32', 'keras_history': ['block5d_se_reshape', 0, 0]}}], 'kwargs': {}}]}, {'module': 'keras.layers', 'class_name': 'Conv2D', 'config': {'name': 'block5d_se_expand', 'trainable': False, 'dtype': {'module': 'keras', 'class_name': 'DTypePolicy', 'config': {'name': 'float32'}, 'registered_name': None}, 'filters': 672, 'kernel_size': [1, 1], 'strides': [1, 1], 'padding': 'same', 'data_format': 'channels_last', 'dilation_rate': [1, 1], 'groups': 1, 'activation': 'sigmoid', 'use_bias': True, 'kernel_initializer': {'module': 'keras.initializers', 'class_name': 'VarianceScaling', 'config': {'seed': None, 'scale': 2.0, 'mode': 'fan_out', 'distribution': 'truncated_normal'}, 'registered_name': None}, 'bias_initializer': {'module': 'keras.initializers', 'class_name': 'Zeros', 'config': {}, 'registered_name': None}, 'kernel_regularizer': None, 'bias_regularizer': None, 'activity_regularizer': None, 'kernel_constraint': None, 'bias_constraint': None}, 'registered_name': None, 'build_config': {'input_shape': [None, 1, 1, 28]}, 'name': 'block5d_se_expand', 'inbound_nodes': [{'args': [{'class_name': '__keras_tensor__', 'config': {'shape': [None, 1, 1, 28], 'dtype': 'float32', 'keras_history': ['block5d_se_reduce', 0, 0]}}], 'kwargs': {}}]}, {'module': 'keras.layers', 'class_name': 'Multiply', 'config': {'name': 'block5d_se_excite', 'trainable': False, 'dtype': {'module': 'keras', 'class_name': 'DTypePolicy', 'config': {'name': 'float32'}, 'registered_name': None}}, 'registered_name': None, 'build_config': {'input_shape': [[None, 15, 15, 672], [None, 1, 1, 672]]}, 'name': 'block5d_se_excite', 'inbound_nodes': [{'args': [[{'class_name': '__keras_tensor__', 'config': {'shape': [None, 15, 15, 672], 'dtype': 'float32', 'keras_history': ['block5d_activation', 0, 0]}}, {'class_name': '__keras_tensor__', 'config': {'shape': [None, 1, 1, 672], 'dtype': 'float32', 'keras_history': ['block5d_se_expand', 0, 0]}}]], 'kwargs': {}}]}, {'module': 'keras.layers', 'class_name': 'Conv2D', 'config': {'name': 'block5d_project_conv', 'trainable': False, 'dtype': {'module': 'keras', 'class_name': 'DTypePolicy', 'config': {'name': 'float32'}, 'registered_name': None}, 'filters': 112, 'kernel_size': [1, 1], 'strides': [1, 1], 'padding': 'same', 'data_format': 'channels_last', 'dilation_rate': [1, 1], 'groups': 1, 'activation': 'linear', 'use_bias': False, 'kernel_initializer': {'module': 'keras.initializers', 'class_name': 'VarianceScaling', 'config': {'seed': None, 'scale': 2.0, 'mode': 'fan_out', 'distribution': 'truncated_normal'}, 'registered_name': None}, 'bias_initializer': {'module': 'keras.initializers', 'class_name': 'Zeros', 'config': {}, 'registered_name': None}, 'kernel_regularizer': None, 'bias_regularizer': None, 'activity_regularizer': None, 'kernel_constraint': None, 'bias_constraint': None}, 'registered_name': None, 'build_config': {'input_shape': [None, 15, 15, 672]}, 'name': 'block5d_project_conv', 'inbound_nodes': [{'args': [{'class_name': '__keras_tensor__', 'config': {'shape': [None, 15, 15, 672], 'dtype': 'float32', 'keras_history': ['block5d_se_excite', 0, 0]}}], 'kwargs': {}}]}, {'module': 'keras.layers', 'class_name': 'BatchNormalization', 'config': {'name': 'block5d_project_bn', 'trainable': False, 'dtype': {'module': 'keras', 'class_name': 'DTypePolicy', 'config': {'name': 'float32'}, 'registered_name': None}, 'axis': 3, 'momentum': 0.99, 'epsilon': 0.001, 'center': True, 'scale': True, 'beta_initializer': {'module': 'keras.initializers', 'class_name': 'Zeros', 'config': {}, 'registered_name': None}, 'gamma_initializer': {'module': 'keras.initializers', 'class_name': 'Ones', 'config': {}, 'registered_name': None}, 'moving_mean_initializer': {'module': 'keras.initializers', 'class_name': 'Zeros', 'config': {}, 'registered_name': None}, 'moving_variance_initializer': {'module': 'keras.initializers', 'class_name': 'Ones', 'config': {}, 'registered_name': None}, 'beta_regularizer': None, 'gamma_regularizer': None, 'beta_constraint': None, 'gamma_constraint': None, 'synchronized': False}, 'registered_name': None, 'build_config': {'input_shape': [None, 15, 15, 112]}, 'name': 'block5d_project_bn', 'inbound_nodes': [{'args': [{'class_name': '__keras_tensor__', 'config': {'shape': [None, 15, 15, 112], 'dtype': 'float32', 'keras_history': ['block5d_project_conv', 0, 0]}}], 'kwargs': {'mask': None}}]}, {'module': 'keras.layers', 'class_name': 'Dropout', 'config': {'name': 'block5d_drop', 'trainable': False, 'dtype': {'module': 'keras', 'class_name': 'DTypePolicy', 'config': {'name': 'float32'}, 'registered_name': None}, 'rate': 0.13043478260869565, 'seed': None, 'noise_shape': [None, 1, 1, 1]}, 'registered_name': None, 'name': 'block5d_drop', 'inbound_nodes': [{'args': [{'class_name': '__keras_tensor__', 'config': {'shape': [None, 15, 15, 112], 'dtype': 'float32', 'keras_history': ['block5d_project_bn', 0, 0]}}], 'kwargs': {'training': False}}]}, {'module': 'keras.layers', 'class_name': 'Add', 'config': {'name': 'block5d_add', 'trainable': False, 'dtype': {'module': 'keras', 'class_name': 'DTypePolicy', 'config': {'name': 'float32'}, 'registered_name': None}}, 'registered_name': None, 'build_config': {'input_shape': [[None, 15, 15, 112], [None, 15, 15, 112]]}, 'name': 'block5d_add', 'inbound_nodes': [{'args': [[{'class_name': '__keras_tensor__', 'config': {'shape': [None, 15, 15, 112], 'dtype': 'float32', 'keras_history': ['block5d_drop', 0, 0]}}, {'class_name': '__keras_tensor__', 'config': {'shape': [None, 15, 15, 112], 'dtype': 'float32', 'keras_history': ['block5c_add', 0, 0]}}]], 'kwargs': {}}]}, {'module': 'keras.layers', 'class_name': 'Conv2D', 'config': {'name': 'block6a_expand_conv', 'trainable': False, 'dtype': {'module': 'keras', 'class_name': 'DTypePolicy', 'config': {'name': 'float32'}, 'registered_name': None}, 'filters': 672, 'kernel_size': [1, 1], 'strides': [1, 1], 'padding': 'same', 'data_format': 'channels_last', 'dilation_rate': [1, 1], 'groups': 1, 'activation': 'linear', 'use_bias': False, 'kernel_initializer': {'module': 'keras.initializers', 'class_name': 'VarianceScaling', 'config': {'seed': None, 'scale': 2.0, 'mode': 'fan_out', 'distribution': 'truncated_normal'}, 'registered_name': None}, 'bias_initializer': {'module': 'keras.initializers', 'class_name': 'Zeros', 'config': {}, 'registered_name': None}, 'kernel_regularizer': None, 'bias_regularizer': None, 'activity_regularizer': None, 'kernel_constraint': None, 'bias_constraint': None}, 'registered_name': None, 'build_config': {'input_shape': [None, 15, 15, 112]}, 'name': 'block6a_expand_conv', 'inbound_nodes': [{'args': [{'class_name': '__keras_tensor__', 'config': {'shape': [None, 15, 15, 112], 'dtype': 'float32', 'keras_history': ['block5d_add', 0, 0]}}], 'kwargs': {}}]}, {'module': 'keras.layers', 'class_name': 'BatchNormalization', 'config': {'name': 'block6a_expand_bn', 'trainable': False, 'dtype': {'module': 'keras', 'class_name': 'DTypePolicy', 'config': {'name': 'float32'}, 'registered_name': None}, 'axis': 3, 'momentum': 0.99, 'epsilon': 0.001, 'center': True, 'scale': True, 'beta_initializer': {'module': 'keras.initializers', 'class_name': 'Zeros', 'config': {}, 'registered_name': None}, 'gamma_initializer': {'module': 'keras.initializers', 'class_name': 'Ones', 'config': {}, 'registered_name': None}, 'moving_mean_initializer': {'module': 'keras.initializers', 'class_name': 'Zeros', 'config': {}, 'registered_name': None}, 'moving_variance_initializer': {'module': 'keras.initializers', 'class_name': 'Ones', 'config': {}, 'registered_name': None}, 'beta_regularizer': None, 'gamma_regularizer': None, 'beta_constraint': None, 'gamma_constraint': None, 'synchronized': False}, 'registered_name': None, 'build_config': {'input_shape': [None, 15, 15, 672]}, 'name': 'block6a_expand_bn', 'inbound_nodes': [{'args': [{'class_name': '__keras_tensor__', 'config': {'shape': [None, 15, 15, 672], 'dtype': 'float32', 'keras_history': ['block6a_expand_conv', 0, 0]}}], 'kwargs': {'mask': None}}]}, {'module': 'keras.layers', 'class_name': 'Activation', 'config': {'name': 'block6a_expand_activation', 'trainable': False, 'dtype': {'module': 'keras', 'class_name': 'DTypePolicy', 'config': {'name': 'float32'}, 'registered_name': None}, 'activation': 'silu'}, 'registered_name': None, 'name': 'block6a_expand_activation', 'inbound_nodes': [{'args': [{'class_name': '__keras_tensor__', 'config': {'shape': [None, 15, 15, 672], 'dtype': 'float32', 'keras_history': ['block6a_expand_bn', 0, 0]}}], 'kwargs': {}}]}, {'module': 'keras.layers', 'class_name': 'ZeroPadding2D', 'config': {'name': 'block6a_dwconv_pad', 'trainable': False, 'dtype': {'module': 'keras', 'class_name': 'DTypePolicy', 'config': {'name': 'float32'}, 'registered_name': None}, 'padding': [[2, 2], [2, 2]], 'data_format': 'channels_last'}, 'registered_name': None, 'build_config': {'input_shape': [None, 15, 15, 672]}, 'name': 'block6a_dwconv_pad', 'inbound_nodes': [{'args': [{'class_name': '__keras_tensor__', 'config': {'shape': [None, 15, 15, 672], 'dtype': 'float32', 'keras_history': ['block6a_expand_activation', 0, 0]}}], 'kwargs': {}}]}, {'module': 'keras.layers', 'class_name': 'DepthwiseConv2D', 'config': {'name': 'block6a_dwconv', 'trainable': False, 'dtype': {'module': 'keras', 'class_name': 'DTypePolicy', 'config': {'name': 'float32'}, 'registered_name': None}, 'depth_multiplier': 1, 'kernel_size': [5, 5], 'strides': [2, 2], 'padding': 'valid', 'data_format': 'channels_last', 'dilation_rate': [1, 1], 'activation': 'linear', 'use_bias': False, 'depthwise_initializer': {'module': 'keras.initializers', 'class_name': 'VarianceScaling', 'config': {'seed': None, 'scale': 2.0, 'mode': 'fan_out', 'distribution': 'truncated_normal'}, 'registered_name': None}, 'bias_initializer': {'module': 'keras.initializers', 'class_name': 'Zeros', 'config': {}, 'registered_name': None}, 'depthwise_regularizer': None, 'bias_regularizer': None, 'activity_regularizer': None, 'depthwise_constraint': None, 'bias_constraint': None}, 'registered_name': None, 'build_config': {'input_shape': [None, 19, 19, 672]}, 'name': 'block6a_dwconv', 'inbound_nodes': [{'args': [{'class_name': '__keras_tensor__', 'config': {'shape': [None, 19, 19, 672], 'dtype': 'float32', 'keras_history': ['block6a_dwconv_pad', 0, 0]}}], 'kwargs': {}}]}, {'module': 'keras.layers', 'class_name': 'BatchNormalization', 'config': {'name': 'block6a_bn', 'trainable': False, 'dtype': {'module': 'keras', 'class_name': 'DTypePolicy', 'config': {'name': 'float32'}, 'registered_name': None}, 'axis': 3, 'momentum': 0.99, 'epsilon': 0.001, 'center': True, 'scale': True, 'beta_initializer': {'module': 'keras.initializers', 'class_name': 'Zeros', 'config': {}, 'registered_name': None}, 'gamma_initializer': {'module': 'keras.initializers', 'class_name': 'Ones', 'config': {}, 'registered_name': None}, 'moving_mean_initializer': {'module': 'keras.initializers', 'class_name': 'Zeros', 'config': {}, 'registered_name': None}, 'moving_variance_initializer': {'module': 'keras.initializers', 'class_name': 'Ones', 'config': {}, 'registered_name': None}, 'beta_regularizer': None, 'gamma_regularizer': None, 'beta_constraint': None, 'gamma_constraint': None, 'synchronized': False}, 'registered_name': None, 'build_config': {'input_shape': [None, 8, 8, 672]}, 'name': 'block6a_bn', 'inbound_nodes': [{'args': [{'class_name': '__keras_tensor__', 'config': {'shape': [None, 8, 8, 672], 'dtype': 'float32', 'keras_history': ['block6a_dwconv', 0, 0]}}], 'kwargs': {'mask': None}}]}, {'module': 'keras.layers', 'class_name': 'Activation', 'config': {'name': 'block6a_activation', 'trainable': False, 'dtype': {'module': 'keras', 'class_name': 'DTypePolicy', 'config': {'name': 'float32'}, 'registered_name': None}, 'activation': 'silu'}, 'registered_name': None, 'name': 'block6a_activation', 'inbound_nodes': [{'args': [{'class_name': '__keras_tensor__', 'config': {'shape': [None, 8, 8, 672], 'dtype': 'float32', 'keras_history': ['block6a_bn', 0, 0]}}], 'kwargs': {}}]}, {'module': 'keras.layers', 'class_name': 'GlobalAveragePooling2D', 'config': {'name': 'block6a_se_squeeze', 'trainable': False, 'dtype': {'module': 'keras', 'class_name': 'DTypePolicy', 'config': {'name': 'float32'}, 'registered_name': None}, 'data_format': 'channels_last', 'keepdims': False}, 'registered_name': None, 'name': 'block6a_se_squeeze', 'inbound_nodes': [{'args': [{'class_name': '__keras_tensor__', 'config': {'shape': [None, 8, 8, 672], 'dtype': 'float32', 'keras_history': ['block6a_activation', 0, 0]}}], 'kwargs': {}}]}, {'module': 'keras.layers', 'class_name': 'Reshape', 'config': {'name': 'block6a_se_reshape', 'trainable': False, 'dtype': {'module': 'keras', 'class_name': 'DTypePolicy', 'config': {'name': 'float32'}, 'registered_name': None}, 'target_shape': [1, 1, 672]}, 'registered_name': None, 'name': 'block6a_se_reshape', 'inbound_nodes': [{'args': [{'class_name': '__keras_tensor__', 'config': {'shape': [None, 672], 'dtype': 'float32', 'keras_history': ['block6a_se_squeeze', 0, 0]}}], 'kwargs': {}}]}, {'module': 'keras.layers', 'class_name': 'Conv2D', 'config': {'name': 'block6a_se_reduce', 'trainable': False, 'dtype': {'module': 'keras', 'class_name': 'DTypePolicy', 'config': {'name': 'float32'}, 'registered_name': None}, 'filters': 28, 'kernel_size': [1, 1], 'strides': [1, 1], 'padding': 'same', 'data_format': 'channels_last', 'dilation_rate': [1, 1], 'groups': 1, 'activation': 'silu', 'use_bias': True, 'kernel_initializer': {'module': 'keras.initializers', 'class_name': 'VarianceScaling', 'config': {'seed': None, 'scale': 2.0, 'mode': 'fan_out', 'distribution': 'truncated_normal'}, 'registered_name': None}, 'bias_initializer': {'module': 'keras.initializers', 'class_name': 'Zeros', 'config': {}, 'registered_name': None}, 'kernel_regularizer': None, 'bias_regularizer': None, 'activity_regularizer': None, 'kernel_constraint': None, 'bias_constraint': None}, 'registered_name': None, 'build_config': {'input_shape': [None, 1, 1, 672]}, 'name': 'block6a_se_reduce', 'inbound_nodes': [{'args': [{'class_name': '__keras_tensor__', 'config': {'shape': [None, 1, 1, 672], 'dtype': 'float32', 'keras_history': ['block6a_se_reshape', 0, 0]}}], 'kwargs': {}}]}, {'module': 'keras.layers', 'class_name': 'Conv2D', 'config': {'name': 'block6a_se_expand', 'trainable': False, 'dtype': {'module': 'keras', 'class_name': 'DTypePolicy', 'config': {'name': 'float32'}, 'registered_name': None}, 'filters': 672, 'kernel_size': [1, 1], 'strides': [1, 1], 'padding': 'same', 'data_format': 'channels_last', 'dilation_rate': [1, 1], 'groups': 1, 'activation': 'sigmoid', 'use_bias': True, 'kernel_initializer': {'module': 'keras.initializers', 'class_name': 'VarianceScaling', 'config': {'seed': None, 'scale': 2.0, 'mode': 'fan_out', 'distribution': 'truncated_normal'}, 'registered_name': None}, 'bias_initializer': {'module': 'keras.initializers', 'class_name': 'Zeros', 'config': {}, 'registered_name': None}, 'kernel_regularizer': None, 'bias_regularizer': None, 'activity_regularizer': None, 'kernel_constraint': None, 'bias_constraint': None}, 'registered_name': None, 'build_config': {'input_shape': [None, 1, 1, 28]}, 'name': 'block6a_se_expand', 'inbound_nodes': [{'args': [{'class_name': '__keras_tensor__', 'config': {'shape': [None, 1, 1, 28], 'dtype': 'float32', 'keras_history': ['block6a_se_reduce', 0, 0]}}], 'kwargs': {}}]}, {'module': 'keras.layers', 'class_name': 'Multiply', 'config': {'name': 'block6a_se_excite', 'trainable': False, 'dtype': {'module': 'keras', 'class_name': 'DTypePolicy', 'config': {'name': 'float32'}, 'registered_name': None}}, 'registered_name': None, 'build_config': {'input_shape': [[None, 8, 8, 672], [None, 1, 1, 672]]}, 'name': 'block6a_se_excite', 'inbound_nodes': [{'args': [[{'class_name': '__keras_tensor__', 'config': {'shape': [None, 8, 8, 672], 'dtype': 'float32', 'keras_history': ['block6a_activation', 0, 0]}}, {'class_name': '__keras_tensor__', 'config': {'shape': [None, 1, 1, 672], 'dtype': 'float32', 'keras_history': ['block6a_se_expand', 0, 0]}}]], 'kwargs': {}}]}, {'module': 'keras.layers', 'class_name': 'Conv2D', 'config': {'name': 'block6a_project_conv', 'trainable': False, 'dtype': {'module': 'keras', 'class_name': 'DTypePolicy', 'config': {'name': 'float32'}, 'registered_name': None}, 'filters': 192, 'kernel_size': [1, 1], 'strides': [1, 1], 'padding': 'same', 'data_format': 'channels_last', 'dilation_rate': [1, 1], 'groups': 1, 'activation': 'linear', 'use_bias': False, 'kernel_initializer': {'module': 'keras.initializers', 'class_name': 'VarianceScaling', 'config': {'seed': None, 'scale': 2.0, 'mode': 'fan_out', 'distribution': 'truncated_normal'}, 'registered_name': None}, 'bias_initializer': {'module': 'keras.initializers', 'class_name': 'Zeros', 'config': {}, 'registered_name': None}, 'kernel_regularizer': None, 'bias_regularizer': None, 'activity_regularizer': None, 'kernel_constraint': None, 'bias_constraint': None}, 'registered_name': None, 'build_config': {'input_shape': [None, 8, 8, 672]}, 'name': 'block6a_project_conv', 'inbound_nodes': [{'args': [{'class_name': '__keras_tensor__', 'config': {'shape': [None, 8, 8, 672], 'dtype': 'float32', 'keras_history': ['block6a_se_excite', 0, 0]}}], 'kwargs': {}}]}, {'module': 'keras.layers', 'class_name': 'BatchNormalization', 'config': {'name': 'block6a_project_bn', 'trainable': False, 'dtype': {'module': 'keras', 'class_name': 'DTypePolicy', 'config': {'name': 'float32'}, 'registered_name': None}, 'axis': 3, 'momentum': 0.99, 'epsilon': 0.001, 'center': True, 'scale': True, 'beta_initializer': {'module': 'keras.initializers', 'class_name': 'Zeros', 'config': {}, 'registered_name': None}, 'gamma_initializer': {'module': 'keras.initializers', 'class_name': 'Ones', 'config': {}, 'registered_name': None}, 'moving_mean_initializer': {'module': 'keras.initializers', 'class_name': 'Zeros', 'config': {}, 'registered_name': None}, 'moving_variance_initializer': {'module': 'keras.initializers', 'class_name': 'Ones', 'config': {}, 'registered_name': None}, 'beta_regularizer': None, 'gamma_regularizer': None, 'beta_constraint': None, 'gamma_constraint': None, 'synchronized': False}, 'registered_name': None, 'build_config': {'input_shape': [None, 8, 8, 192]}, 'name': 'block6a_project_bn', 'inbound_nodes': [{'args': [{'class_name': '__keras_tensor__', 'config': {'shape': [None, 8, 8, 192], 'dtype': 'float32', 'keras_history': ['block6a_project_conv', 0, 0]}}], 'kwargs': {'mask': None}}]}, {'module': 'keras.layers', 'class_name': 'Conv2D', 'config': {'name': 'block6b_expand_conv', 'trainable': False, 'dtype': {'module': 'keras', 'class_name': 'DTypePolicy', 'config': {'name': 'float32'}, 'registered_name': None}, 'filters': 1152, 'kernel_size': [1, 1], 'strides': [1, 1], 'padding': 'same', 'data_format': 'channels_last', 'dilation_rate': [1, 1], 'groups': 1, 'activation': 'linear', 'use_bias': False, 'kernel_initializer': {'module': 'keras.initializers', 'class_name': 'VarianceScaling', 'config': {'seed': None, 'scale': 2.0, 'mode': 'fan_out', 'distribution': 'truncated_normal'}, 'registered_name': None}, 'bias_initializer': {'module': 'keras.initializers', 'class_name': 'Zeros', 'config': {}, 'registered_name': None}, 'kernel_regularizer': None, 'bias_regularizer': None, 'activity_regularizer': None, 'kernel_constraint': None, 'bias_constraint': None}, 'registered_name': None, 'build_config': {'input_shape': [None, 8, 8, 192]}, 'name': 'block6b_expand_conv', 'inbound_nodes': [{'args': [{'class_name': '__keras_tensor__', 'config': {'shape': [None, 8, 8, 192], 'dtype': 'float32', 'keras_history': ['block6a_project_bn', 0, 0]}}], 'kwargs': {}}]}, {'module': 'keras.layers', 'class_name': 'BatchNormalization', 'config': {'name': 'block6b_expand_bn', 'trainable': False, 'dtype': {'module': 'keras', 'class_name': 'DTypePolicy', 'config': {'name': 'float32'}, 'registered_name': None}, 'axis': 3, 'momentum': 0.99, 'epsilon': 0.001, 'center': True, 'scale': True, 'beta_initializer': {'module': 'keras.initializers', 'class_name': 'Zeros', 'config': {}, 'registered_name': None}, 'gamma_initializer': {'module': 'keras.initializers', 'class_name': 'Ones', 'config': {}, 'registered_name': None}, 'moving_mean_initializer': {'module': 'keras.initializers', 'class_name': 'Zeros', 'config': {}, 'registered_name': None}, 'moving_variance_initializer': {'module': 'keras.initializers', 'class_name': 'Ones', 'config': {}, 'registered_name': None}, 'beta_regularizer': None, 'gamma_regularizer': None, 'beta_constraint': None, 'gamma_constraint': None, 'synchronized': False}, 'registered_name': None, 'build_config': {'input_shape': [None, 8, 8, 1152]}, 'name': 'block6b_expand_bn', 'inbound_nodes': [{'args': [{'class_name': '__keras_tensor__', 'config': {'shape': [None, 8, 8, 1152], 'dtype': 'float32', 'keras_history': ['block6b_expand_conv', 0, 0]}}], 'kwargs': {'mask': None}}]}, {'module': 'keras.layers', 'class_name': 'Activation', 'config': {'name': 'block6b_expand_activation', 'trainable': False, 'dtype': {'module': 'keras', 'class_name': 'DTypePolicy', 'config': {'name': 'float32'}, 'registered_name': None}, 'activation': 'silu'}, 'registered_name': None, 'name': 'block6b_expand_activation', 'inbound_nodes': [{'args': [{'class_name': '__keras_tensor__', 'config': {'shape': [None, 8, 8, 1152], 'dtype': 'float32', 'keras_history': ['block6b_expand_bn', 0, 0]}}], 'kwargs': {}}]}, {'module': 'keras.layers', 'class_name': 'DepthwiseConv2D', 'config': {'name': 'block6b_dwconv', 'trainable': False, 'dtype': {'module': 'keras', 'class_name': 'DTypePolicy', 'config': {'name': 'float32'}, 'registered_name': None}, 'depth_multiplier': 1, 'kernel_size': [5, 5], 'strides': [1, 1], 'padding': 'same', 'data_format': 'channels_last', 'dilation_rate': [1, 1], 'activation': 'linear', 'use_bias': False, 'depthwise_initializer': {'module': 'keras.initializers', 'class_name': 'VarianceScaling', 'config': {'seed': None, 'scale': 2.0, 'mode': 'fan_out', 'distribution': 'truncated_normal'}, 'registered_name': None}, 'bias_initializer': {'module': 'keras.initializers', 'class_name': 'Zeros', 'config': {}, 'registered_name': None}, 'depthwise_regularizer': None, 'bias_regularizer': None, 'activity_regularizer': None, 'depthwise_constraint': None, 'bias_constraint': None}, 'registered_name': None, 'build_config': {'input_shape': [None, 8, 8, 1152]}, 'name': 'block6b_dwconv', 'inbound_nodes': [{'args': [{'class_name': '__keras_tensor__', 'config': {'shape': [None, 8, 8, 1152], 'dtype': 'float32', 'keras_history': ['block6b_expand_activation', 0, 0]}}], 'kwargs': {}}]}, {'module': 'keras.layers', 'class_name': 'BatchNormalization', 'config': {'name': 'block6b_bn', 'trainable': False, 'dtype': {'module': 'keras', 'class_name': 'DTypePolicy', 'config': {'name': 'float32'}, 'registered_name': None}, 'axis': 3, 'momentum': 0.99, 'epsilon': 0.001, 'center': True, 'scale': True, 'beta_initializer': {'module': 'keras.initializers', 'class_name': 'Zeros', 'config': {}, 'registered_name': None}, 'gamma_initializer': {'module': 'keras.initializers', 'class_name': 'Ones', 'config': {}, 'registered_name': None}, 'moving_mean_initializer': {'module': 'keras.initializers', 'class_name': 'Zeros', 'config': {}, 'registered_name': None}, 'moving_variance_initializer': {'module': 'keras.initializers', 'class_name': 'Ones', 'config': {}, 'registered_name': None}, 'beta_regularizer': None, 'gamma_regularizer': None, 'beta_constraint': None, 'gamma_constraint': None, 'synchronized': False}, 'registered_name': None, 'build_config': {'input_shape': [None, 8, 8, 1152]}, 'name': 'block6b_bn', 'inbound_nodes': [{'args': [{'class_name': '__keras_tensor__', 'config': {'shape': [None, 8, 8, 1152], 'dtype': 'float32', 'keras_history': ['block6b_dwconv', 0, 0]}}], 'kwargs': {'mask': None}}]}, {'module': 'keras.layers', 'class_name': 'Activation', 'config': {'name': 'block6b_activation', 'trainable': False, 'dtype': {'module': 'keras', 'class_name': 'DTypePolicy', 'config': {'name': 'float32'}, 'registered_name': None}, 'activation': 'silu'}, 'registered_name': None, 'name': 'block6b_activation', 'inbound_nodes': [{'args': [{'class_name': '__keras_tensor__', 'config': {'shape': [None, 8, 8, 1152], 'dtype': 'float32', 'keras_history': ['block6b_bn', 0, 0]}}], 'kwargs': {}}]}, {'module': 'keras.layers', 'class_name': 'GlobalAveragePooling2D', 'config': {'name': 'block6b_se_squeeze', 'trainable': False, 'dtype': {'module': 'keras', 'class_name': 'DTypePolicy', 'config': {'name': 'float32'}, 'registered_name': None}, 'data_format': 'channels_last', 'keepdims': False}, 'registered_name': None, 'name': 'block6b_se_squeeze', 'inbound_nodes': [{'args': [{'class_name': '__keras_tensor__', 'config': {'shape': [None, 8, 8, 1152], 'dtype': 'float32', 'keras_history': ['block6b_activation', 0, 0]}}], 'kwargs': {}}]}, {'module': 'keras.layers', 'class_name': 'Reshape', 'config': {'name': 'block6b_se_reshape', 'trainable': False, 'dtype': {'module': 'keras', 'class_name': 'DTypePolicy', 'config': {'name': 'float32'}, 'registered_name': None}, 'target_shape': [1, 1, 1152]}, 'registered_name': None, 'name': 'block6b_se_reshape', 'inbound_nodes': [{'args': [{'class_name': '__keras_tensor__', 'config': {'shape': [None, 1152], 'dtype': 'float32', 'keras_history': ['block6b_se_squeeze', 0, 0]}}], 'kwargs': {}}]}, {'module': 'keras.layers', 'class_name': 'Conv2D', 'config': {'name': 'block6b_se_reduce', 'trainable': False, 'dtype': {'module': 'keras', 'class_name': 'DTypePolicy', 'config': {'name': 'float32'}, 'registered_name': None}, 'filters': 48, 'kernel_size': [1, 1], 'strides': [1, 1], 'padding': 'same', 'data_format': 'channels_last', 'dilation_rate': [1, 1], 'groups': 1, 'activation': 'silu', 'use_bias': True, 'kernel_initializer': {'module': 'keras.initializers', 'class_name': 'VarianceScaling', 'config': {'seed': None, 'scale': 2.0, 'mode': 'fan_out', 'distribution': 'truncated_normal'}, 'registered_name': None}, 'bias_initializer': {'module': 'keras.initializers', 'class_name': 'Zeros', 'config': {}, 'registered_name': None}, 'kernel_regularizer': None, 'bias_regularizer': None, 'activity_regularizer': None, 'kernel_constraint': None, 'bias_constraint': None}, 'registered_name': None, 'build_config': {'input_shape': [None, 1, 1, 1152]}, 'name': 'block6b_se_reduce', 'inbound_nodes': [{'args': [{'class_name': '__keras_tensor__', 'config': {'shape': [None, 1, 1, 1152], 'dtype': 'float32', 'keras_history': ['block6b_se_reshape', 0, 0]}}], 'kwargs': {}}]}, {'module': 'keras.layers', 'class_name': 'Conv2D', 'config': {'name': 'block6b_se_expand', 'trainable': False, 'dtype': {'module': 'keras', 'class_name': 'DTypePolicy', 'config': {'name': 'float32'}, 'registered_name': None}, 'filters': 1152, 'kernel_size': [1, 1], 'strides': [1, 1], 'padding': 'same', 'data_format': 'channels_last', 'dilation_rate': [1, 1], 'groups': 1, 'activation': 'sigmoid', 'use_bias': True, 'kernel_initializer': {'module': 'keras.initializers', 'class_name': 'VarianceScaling', 'config': {'seed': None, 'scale': 2.0, 'mode': 'fan_out', 'distribution': 'truncated_normal'}, 'registered_name': None}, 'bias_initializer': {'module': 'keras.initializers', 'class_name': 'Zeros', 'config': {}, 'registered_name': None}, 'kernel_regularizer': None, 'bias_regularizer': None, 'activity_regularizer': None, 'kernel_constraint': None, 'bias_constraint': None}, 'registered_name': None, 'build_config': {'input_shape': [None, 1, 1, 48]}, 'name': 'block6b_se_expand', 'inbound_nodes': [{'args': [{'class_name': '__keras_tensor__', 'config': {'shape': [None, 1, 1, 48], 'dtype': 'float32', 'keras_history': ['block6b_se_reduce', 0, 0]}}], 'kwargs': {}}]}, {'module': 'keras.layers', 'class_name': 'Multiply', 'config': {'name': 'block6b_se_excite', 'trainable': False, 'dtype': {'module': 'keras', 'class_name': 'DTypePolicy', 'config': {'name': 'float32'}, 'registered_name': None}}, 'registered_name': None, 'build_config': {'input_shape': [[None, 8, 8, 1152], [None, 1, 1, 1152]]}, 'name': 'block6b_se_excite', 'inbound_nodes': [{'args': [[{'class_name': '__keras_tensor__', 'config': {'shape': [None, 8, 8, 1152], 'dtype': 'float32', 'keras_history': ['block6b_activation', 0, 0]}}, {'class_name': '__keras_tensor__', 'config': {'shape': [None, 1, 1, 1152], 'dtype': 'float32', 'keras_history': ['block6b_se_expand', 0, 0]}}]], 'kwargs': {}}]}, {'module': 'keras.layers', 'class_name': 'Conv2D', 'config': {'name': 'block6b_project_conv', 'trainable': False, 'dtype': {'module': 'keras', 'class_name': 'DTypePolicy', 'config': {'name': 'float32'}, 'registered_name': None}, 'filters': 192, 'kernel_size': [1, 1], 'strides': [1, 1], 'padding': 'same', 'data_format': 'channels_last', 'dilation_rate': [1, 1], 'groups': 1, 'activation': 'linear', 'use_bias': False, 'kernel_initializer': {'module': 'keras.initializers', 'class_name': 'VarianceScaling', 'config': {'seed': None, 'scale': 2.0, 'mode': 'fan_out', 'distribution': 'truncated_normal'}, 'registered_name': None}, 'bias_initializer': {'module': 'keras.initializers', 'class_name': 'Zeros', 'config': {}, 'registered_name': None}, 'kernel_regularizer': None, 'bias_regularizer': None, 'activity_regularizer': None, 'kernel_constraint': None, 'bias_constraint': None}, 'registered_name': None, 'build_config': {'input_shape': [None, 8, 8, 1152]}, 'name': 'block6b_project_conv', 'inbound_nodes': [{'args': [{'class_name': '__keras_tensor__', 'config': {'shape': [None, 8, 8, 1152], 'dtype': 'float32', 'keras_history': ['block6b_se_excite', 0, 0]}}], 'kwargs': {}}]}, {'module': 'keras.layers', 'class_name': 'BatchNormalization', 'config': {'name': 'block6b_project_bn', 'trainable': False, 'dtype': {'module': 'keras', 'class_name': 'DTypePolicy', 'config': {'name': 'float32'}, 'registered_name': None}, 'axis': 3, 'momentum': 0.99, 'epsilon': 0.001, 'center': True, 'scale': True, 'beta_initializer': {'module': 'keras.initializers', 'class_name': 'Zeros', 'config': {}, 'registered_name': None}, 'gamma_initializer': {'module': 'keras.initializers', 'class_name': 'Ones', 'config': {}, 'registered_name': None}, 'moving_mean_initializer': {'module': 'keras.initializers', 'class_name': 'Zeros', 'config': {}, 'registered_name': None}, 'moving_variance_initializer': {'module': 'keras.initializers', 'class_name': 'Ones', 'config': {}, 'registered_name': None}, 'beta_regularizer': None, 'gamma_regularizer': None, 'beta_constraint': None, 'gamma_constraint': None, 'synchronized': False}, 'registered_name': None, 'build_config': {'input_shape': [None, 8, 8, 192]}, 'name': 'block6b_project_bn', 'inbound_nodes': [{'args': [{'class_name': '__keras_tensor__', 'config': {'shape': [None, 8, 8, 192], 'dtype': 'float32', 'keras_history': ['block6b_project_conv', 0, 0]}}], 'kwargs': {'mask': None}}]}, {'module': 'keras.layers', 'class_name': 'Dropout', 'config': {'name': 'block6b_drop', 'trainable': False, 'dtype': {'module': 'keras', 'class_name': 'DTypePolicy', 'config': {'name': 'float32'}, 'registered_name': None}, 'rate': 0.14782608695652175, 'seed': None, 'noise_shape': [None, 1, 1, 1]}, 'registered_name': None, 'name': 'block6b_drop', 'inbound_nodes': [{'args': [{'class_name': '__keras_tensor__', 'config': {'shape': [None, 8, 8, 192], 'dtype': 'float32', 'keras_history': ['block6b_project_bn', 0, 0]}}], 'kwargs': {'training': False}}]}, {'module': 'keras.layers', 'class_name': 'Add', 'config': {'name': 'block6b_add', 'trainable': False, 'dtype': {'module': 'keras', 'class_name': 'DTypePolicy', 'config': {'name': 'float32'}, 'registered_name': None}}, 'registered_name': None, 'build_config': {'input_shape': [[None, 8, 8, 192], [None, 8, 8, 192]]}, 'name': 'block6b_add', 'inbound_nodes': [{'args': [[{'class_name': '__keras_tensor__', 'config': {'shape': [None, 8, 8, 192], 'dtype': 'float32', 'keras_history': ['block6b_drop', 0, 0]}}, {'class_name': '__keras_tensor__', 'config': {'shape': [None, 8, 8, 192], 'dtype': 'float32', 'keras_history': ['block6a_project_bn', 0, 0]}}]], 'kwargs': {}}]}, {'module': 'keras.layers', 'class_name': 'Conv2D', 'config': {'name': 'block6c_expand_conv', 'trainable': False, 'dtype': {'module': 'keras', 'class_name': 'DTypePolicy', 'config': {'name': 'float32'}, 'registered_name': None}, 'filters': 1152, 'kernel_size': [1, 1], 'strides': [1, 1], 'padding': 'same', 'data_format': 'channels_last', 'dilation_rate': [1, 1], 'groups': 1, 'activation': 'linear', 'use_bias': False, 'kernel_initializer': {'module': 'keras.initializers', 'class_name': 'VarianceScaling', 'config': {'seed': None, 'scale': 2.0, 'mode': 'fan_out', 'distribution': 'truncated_normal'}, 'registered_name': None}, 'bias_initializer': {'module': 'keras.initializers', 'class_name': 'Zeros', 'config': {}, 'registered_name': None}, 'kernel_regularizer': None, 'bias_regularizer': None, 'activity_regularizer': None, 'kernel_constraint': None, 'bias_constraint': None}, 'registered_name': None, 'build_config': {'input_shape': [None, 8, 8, 192]}, 'name': 'block6c_expand_conv', 'inbound_nodes': [{'args': [{'class_name': '__keras_tensor__', 'config': {'shape': [None, 8, 8, 192], 'dtype': 'float32', 'keras_history': ['block6b_add', 0, 0]}}], 'kwargs': {}}]}, {'module': 'keras.layers', 'class_name': 'BatchNormalization', 'config': {'name': 'block6c_expand_bn', 'trainable': False, 'dtype': {'module': 'keras', 'class_name': 'DTypePolicy', 'config': {'name': 'float32'}, 'registered_name': None}, 'axis': 3, 'momentum': 0.99, 'epsilon': 0.001, 'center': True, 'scale': True, 'beta_initializer': {'module': 'keras.initializers', 'class_name': 'Zeros', 'config': {}, 'registered_name': None}, 'gamma_initializer': {'module': 'keras.initializers', 'class_name': 'Ones', 'config': {}, 'registered_name': None}, 'moving_mean_initializer': {'module': 'keras.initializers', 'class_name': 'Zeros', 'config': {}, 'registered_name': None}, 'moving_variance_initializer': {'module': 'keras.initializers', 'class_name': 'Ones', 'config': {}, 'registered_name': None}, 'beta_regularizer': None, 'gamma_regularizer': None, 'beta_constraint': None, 'gamma_constraint': None, 'synchronized': False}, 'registered_name': None, 'build_config': {'input_shape': [None, 8, 8, 1152]}, 'name': 'block6c_expand_bn', 'inbound_nodes': [{'args': [{'class_name': '__keras_tensor__', 'config': {'shape': [None, 8, 8, 1152], 'dtype': 'float32', 'keras_history': ['block6c_expand_conv', 0, 0]}}], 'kwargs': {'mask': None}}]}, {'module': 'keras.layers', 'class_name': 'Activation', 'config': {'name': 'block6c_expand_activation', 'trainable': False, 'dtype': {'module': 'keras', 'class_name': 'DTypePolicy', 'config': {'name': 'float32'}, 'registered_name': None}, 'activation': 'silu'}, 'registered_name': None, 'name': 'block6c_expand_activation', 'inbound_nodes': [{'args': [{'class_name': '__keras_tensor__', 'config': {'shape': [None, 8, 8, 1152], 'dtype': 'float32', 'keras_history': ['block6c_expand_bn', 0, 0]}}], 'kwargs': {}}]}, {'module': 'keras.layers', 'class_name': 'DepthwiseConv2D', 'config': {'name': 'block6c_dwconv', 'trainable': False, 'dtype': {'module': 'keras', 'class_name': 'DTypePolicy', 'config': {'name': 'float32'}, 'registered_name': None}, 'depth_multiplier': 1, 'kernel_size': [5, 5], 'strides': [1, 1], 'padding': 'same', 'data_format': 'channels_last', 'dilation_rate': [1, 1], 'activation': 'linear', 'use_bias': False, 'depthwise_initializer': {'module': 'keras.initializers', 'class_name': 'VarianceScaling', 'config': {'seed': None, 'scale': 2.0, 'mode': 'fan_out', 'distribution': 'truncated_normal'}, 'registered_name': None}, 'bias_initializer': {'module': 'keras.initializers', 'class_name': 'Zeros', 'config': {}, 'registered_name': None}, 'depthwise_regularizer': None, 'bias_regularizer': None, 'activity_regularizer': None, 'depthwise_constraint': None, 'bias_constraint': None}, 'registered_name': None, 'build_config': {'input_shape': [None, 8, 8, 1152]}, 'name': 'block6c_dwconv', 'inbound_nodes': [{'args': [{'class_name': '__keras_tensor__', 'config': {'shape': [None, 8, 8, 1152], 'dtype': 'float32', 'keras_history': ['block6c_expand_activation', 0, 0]}}], 'kwargs': {}}]}, {'module': 'keras.layers', 'class_name': 'BatchNormalization', 'config': {'name': 'block6c_bn', 'trainable': False, 'dtype': {'module': 'keras', 'class_name': 'DTypePolicy', 'config': {'name': 'float32'}, 'registered_name': None}, 'axis': 3, 'momentum': 0.99, 'epsilon': 0.001, 'center': True, 'scale': True, 'beta_initializer': {'module': 'keras.initializers', 'class_name': 'Zeros', 'config': {}, 'registered_name': None}, 'gamma_initializer': {'module': 'keras.initializers', 'class_name': 'Ones', 'config': {}, 'registered_name': None}, 'moving_mean_initializer': {'module': 'keras.initializers', 'class_name': 'Zeros', 'config': {}, 'registered_name': None}, 'moving_variance_initializer': {'module': 'keras.initializers', 'class_name': 'Ones', 'config': {}, 'registered_name': None}, 'beta_regularizer': None, 'gamma_regularizer': None, 'beta_constraint': None, 'gamma_constraint': None, 'synchronized': False}, 'registered_name': None, 'build_config': {'input_shape': [None, 8, 8, 1152]}, 'name': 'block6c_bn', 'inbound_nodes': [{'args': [{'class_name': '__keras_tensor__', 'config': {'shape': [None, 8, 8, 1152], 'dtype': 'float32', 'keras_history': ['block6c_dwconv', 0, 0]}}], 'kwargs': {'mask': None}}]}, {'module': 'keras.layers', 'class_name': 'Activation', 'config': {'name': 'block6c_activation', 'trainable': False, 'dtype': {'module': 'keras', 'class_name': 'DTypePolicy', 'config': {'name': 'float32'}, 'registered_name': None}, 'activation': 'silu'}, 'registered_name': None, 'name': 'block6c_activation', 'inbound_nodes': [{'args': [{'class_name': '__keras_tensor__', 'config': {'shape': [None, 8, 8, 1152], 'dtype': 'float32', 'keras_history': ['block6c_bn', 0, 0]}}], 'kwargs': {}}]}, {'module': 'keras.layers', 'class_name': 'GlobalAveragePooling2D', 'config': {'name': 'block6c_se_squeeze', 'trainable': False, 'dtype': {'module': 'keras', 'class_name': 'DTypePolicy', 'config': {'name': 'float32'}, 'registered_name': None}, 'data_format': 'channels_last', 'keepdims': False}, 'registered_name': None, 'name': 'block6c_se_squeeze', 'inbound_nodes': [{'args': [{'class_name': '__keras_tensor__', 'config': {'shape': [None, 8, 8, 1152], 'dtype': 'float32', 'keras_history': ['block6c_activation', 0, 0]}}], 'kwargs': {}}]}, {'module': 'keras.layers', 'class_name': 'Reshape', 'config': {'name': 'block6c_se_reshape', 'trainable': False, 'dtype': {'module': 'keras', 'class_name': 'DTypePolicy', 'config': {'name': 'float32'}, 'registered_name': None}, 'target_shape': [1, 1, 1152]}, 'registered_name': None, 'name': 'block6c_se_reshape', 'inbound_nodes': [{'args': [{'class_name': '__keras_tensor__', 'config': {'shape': [None, 1152], 'dtype': 'float32', 'keras_history': ['block6c_se_squeeze', 0, 0]}}], 'kwargs': {}}]}, {'module': 'keras.layers', 'class_name': 'Conv2D', 'config': {'name': 'block6c_se_reduce', 'trainable': False, 'dtype': {'module': 'keras', 'class_name': 'DTypePolicy', 'config': {'name': 'float32'}, 'registered_name': None}, 'filters': 48, 'kernel_size': [1, 1], 'strides': [1, 1], 'padding': 'same', 'data_format': 'channels_last', 'dilation_rate': [1, 1], 'groups': 1, 'activation': 'silu', 'use_bias': True, 'kernel_initializer': {'module': 'keras.initializers', 'class_name': 'VarianceScaling', 'config': {'seed': None, 'scale': 2.0, 'mode': 'fan_out', 'distribution': 'truncated_normal'}, 'registered_name': None}, 'bias_initializer': {'module': 'keras.initializers', 'class_name': 'Zeros', 'config': {}, 'registered_name': None}, 'kernel_regularizer': None, 'bias_regularizer': None, 'activity_regularizer': None, 'kernel_constraint': None, 'bias_constraint': None}, 'registered_name': None, 'build_config': {'input_shape': [None, 1, 1, 1152]}, 'name': 'block6c_se_reduce', 'inbound_nodes': [{'args': [{'class_name': '__keras_tensor__', 'config': {'shape': [None, 1, 1, 1152], 'dtype': 'float32', 'keras_history': ['block6c_se_reshape', 0, 0]}}], 'kwargs': {}}]}, {'module': 'keras.layers', 'class_name': 'Conv2D', 'config': {'name': 'block6c_se_expand', 'trainable': False, 'dtype': {'module': 'keras', 'class_name': 'DTypePolicy', 'config': {'name': 'float32'}, 'registered_name': None}, 'filters': 1152, 'kernel_size': [1, 1], 'strides': [1, 1], 'padding': 'same', 'data_format': 'channels_last', 'dilation_rate': [1, 1], 'groups': 1, 'activation': 'sigmoid', 'use_bias': True, 'kernel_initializer': {'module': 'keras.initializers', 'class_name': 'VarianceScaling', 'config': {'seed': None, 'scale': 2.0, 'mode': 'fan_out', 'distribution': 'truncated_normal'}, 'registered_name': None}, 'bias_initializer': {'module': 'keras.initializers', 'class_name': 'Zeros', 'config': {}, 'registered_name': None}, 'kernel_regularizer': None, 'bias_regularizer': None, 'activity_regularizer': None, 'kernel_constraint': None, 'bias_constraint': None}, 'registered_name': None, 'build_config': {'input_shape': [None, 1, 1, 48]}, 'name': 'block6c_se_expand', 'inbound_nodes': [{'args': [{'class_name': '__keras_tensor__', 'config': {'shape': [None, 1, 1, 48], 'dtype': 'float32', 'keras_history': ['block6c_se_reduce', 0, 0]}}], 'kwargs': {}}]}, {'module': 'keras.layers', 'class_name': 'Multiply', 'config': {'name': 'block6c_se_excite', 'trainable': False, 'dtype': {'module': 'keras', 'class_name': 'DTypePolicy', 'config': {'name': 'float32'}, 'registered_name': None}}, 'registered_name': None, 'build_config': {'input_shape': [[None, 8, 8, 1152], [None, 1, 1, 1152]]}, 'name': 'block6c_se_excite', 'inbound_nodes': [{'args': [[{'class_name': '__keras_tensor__', 'config': {'shape': [None, 8, 8, 1152], 'dtype': 'float32', 'keras_history': ['block6c_activation', 0, 0]}}, {'class_name': '__keras_tensor__', 'config': {'shape': [None, 1, 1, 1152], 'dtype': 'float32', 'keras_history': ['block6c_se_expand', 0, 0]}}]], 'kwargs': {}}]}, {'module': 'keras.layers', 'class_name': 'Conv2D', 'config': {'name': 'block6c_project_conv', 'trainable': False, 'dtype': {'module': 'keras', 'class_name': 'DTypePolicy', 'config': {'name': 'float32'}, 'registered_name': None}, 'filters': 192, 'kernel_size': [1, 1], 'strides': [1, 1], 'padding': 'same', 'data_format': 'channels_last', 'dilation_rate': [1, 1], 'groups': 1, 'activation': 'linear', 'use_bias': False, 'kernel_initializer': {'module': 'keras.initializers', 'class_name': 'VarianceScaling', 'config': {'seed': None, 'scale': 2.0, 'mode': 'fan_out', 'distribution': 'truncated_normal'}, 'registered_name': None}, 'bias_initializer': {'module': 'keras.initializers', 'class_name': 'Zeros', 'config': {}, 'registered_name': None}, 'kernel_regularizer': None, 'bias_regularizer': None, 'activity_regularizer': None, 'kernel_constraint': None, 'bias_constraint': None}, 'registered_name': None, 'build_config': {'input_shape': [None, 8, 8, 1152]}, 'name': 'block6c_project_conv', 'inbound_nodes': [{'args': [{'class_name': '__keras_tensor__', 'config': {'shape': [None, 8, 8, 1152], 'dtype': 'float32', 'keras_history': ['block6c_se_excite', 0, 0]}}], 'kwargs': {}}]}, {'module': 'keras.layers', 'class_name': 'BatchNormalization', 'config': {'name': 'block6c_project_bn', 'trainable': False, 'dtype': {'module': 'keras', 'class_name': 'DTypePolicy', 'config': {'name': 'float32'}, 'registered_name': None}, 'axis': 3, 'momentum': 0.99, 'epsilon': 0.001, 'center': True, 'scale': True, 'beta_initializer': {'module': 'keras.initializers', 'class_name': 'Zeros', 'config': {}, 'registered_name': None}, 'gamma_initializer': {'module': 'keras.initializers', 'class_name': 'Ones', 'config': {}, 'registered_name': None}, 'moving_mean_initializer': {'module': 'keras.initializers', 'class_name': 'Zeros', 'config': {}, 'registered_name': None}, 'moving_variance_initializer': {'module': 'keras.initializers', 'class_name': 'Ones', 'config': {}, 'registered_name': None}, 'beta_regularizer': None, 'gamma_regularizer': None, 'beta_constraint': None, 'gamma_constraint': None, 'synchronized': False}, 'registered_name': None, 'build_config': {'input_shape': [None, 8, 8, 192]}, 'name': 'block6c_project_bn', 'inbound_nodes': [{'args': [{'class_name': '__keras_tensor__', 'config': {'shape': [None, 8, 8, 192], 'dtype': 'float32', 'keras_history': ['block6c_project_conv', 0, 0]}}], 'kwargs': {'mask': None}}]}, {'module': 'keras.layers', 'class_name': 'Dropout', 'config': {'name': 'block6c_drop', 'trainable': False, 'dtype': {'module': 'keras', 'class_name': 'DTypePolicy', 'config': {'name': 'float32'}, 'registered_name': None}, 'rate': 0.1565217391304348, 'seed': None, 'noise_shape': [None, 1, 1, 1]}, 'registered_name': None, 'name': 'block6c_drop', 'inbound_nodes': [{'args': [{'class_name': '__keras_tensor__', 'config': {'shape': [None, 8, 8, 192], 'dtype': 'float32', 'keras_history': ['block6c_project_bn', 0, 0]}}], 'kwargs': {'training': False}}]}, {'module': 'keras.layers', 'class_name': 'Add', 'config': {'name': 'block6c_add', 'trainable': False, 'dtype': {'module': 'keras', 'class_name': 'DTypePolicy', 'config': {'name': 'float32'}, 'registered_name': None}}, 'registered_name': None, 'build_config': {'input_shape': [[None, 8, 8, 192], [None, 8, 8, 192]]}, 'name': 'block6c_add', 'inbound_nodes': [{'args': [[{'class_name': '__keras_tensor__', 'config': {'shape': [None, 8, 8, 192], 'dtype': 'float32', 'keras_history': ['block6c_drop', 0, 0]}}, {'class_name': '__keras_tensor__', 'config': {'shape': [None, 8, 8, 192], 'dtype': 'float32', 'keras_history': ['block6b_add', 0, 0]}}]], 'kwargs': {}}]}, {'module': 'keras.layers', 'class_name': 'Conv2D', 'config': {'name': 'block6d_expand_conv', 'trainable': False, 'dtype': {'module': 'keras', 'class_name': 'DTypePolicy', 'config': {'name': 'float32'}, 'registered_name': None}, 'filters': 1152, 'kernel_size': [1, 1], 'strides': [1, 1], 'padding': 'same', 'data_format': 'channels_last', 'dilation_rate': [1, 1], 'groups': 1, 'activation': 'linear', 'use_bias': False, 'kernel_initializer': {'module': 'keras.initializers', 'class_name': 'VarianceScaling', 'config': {'seed': None, 'scale': 2.0, 'mode': 'fan_out', 'distribution': 'truncated_normal'}, 'registered_name': None}, 'bias_initializer': {'module': 'keras.initializers', 'class_name': 'Zeros', 'config': {}, 'registered_name': None}, 'kernel_regularizer': None, 'bias_regularizer': None, 'activity_regularizer': None, 'kernel_constraint': None, 'bias_constraint': None}, 'registered_name': None, 'build_config': {'input_shape': [None, 8, 8, 192]}, 'name': 'block6d_expand_conv', 'inbound_nodes': [{'args': [{'class_name': '__keras_tensor__', 'config': {'shape': [None, 8, 8, 192], 'dtype': 'float32', 'keras_history': ['block6c_add', 0, 0]}}], 'kwargs': {}}]}, {'module': 'keras.layers', 'class_name': 'BatchNormalization', 'config': {'name': 'block6d_expand_bn', 'trainable': True, 'dtype': {'module': 'keras', 'class_name': 'DTypePolicy', 'config': {'name': 'float32'}, 'registered_name': None}, 'axis': 3, 'momentum': 0.99, 'epsilon': 0.001, 'center': True, 'scale': True, 'beta_initializer': {'module': 'keras.initializers', 'class_name': 'Zeros', 'config': {}, 'registered_name': None}, 'gamma_initializer': {'module': 'keras.initializers', 'class_name': 'Ones', 'config': {}, 'registered_name': None}, 'moving_mean_initializer': {'module': 'keras.initializers', 'class_name': 'Zeros', 'config': {}, 'registered_name': None}, 'moving_variance_initializer': {'module': 'keras.initializers', 'class_name': 'Ones', 'config': {}, 'registered_name': None}, 'beta_regularizer': None, 'gamma_regularizer': None, 'beta_constraint': None, 'gamma_constraint': None, 'synchronized': False}, 'registered_name': None, 'build_config': {'input_shape': [None, 8, 8, 1152]}, 'name': 'block6d_expand_bn', 'inbound_nodes': [{'args': [{'class_name': '__keras_tensor__', 'config': {'shape': [None, 8, 8, 1152], 'dtype': 'float32', 'keras_history': ['block6d_expand_conv', 0, 0]}}], 'kwargs': {'mask': None}}]}, {'module': 'keras.layers', 'class_name': 'Activation', 'config': {'name': 'block6d_expand_activation', 'trainable': True, 'dtype': {'module': 'keras', 'class_name': 'DTypePolicy', 'config': {'name': 'float32'}, 'registered_name': None}, 'activation': 'silu'}, 'registered_name': None, 'name': 'block6d_expand_activation', 'inbound_nodes': [{'args': [{'class_name': '__keras_tensor__', 'config': {'shape': [None, 8, 8, 1152], 'dtype': 'float32', 'keras_history': ['block6d_expand_bn', 0, 0]}}], 'kwargs': {}}]}, {'module': 'keras.layers', 'class_name': 'DepthwiseConv2D', 'config': {'name': 'block6d_dwconv', 'trainable': True, 'dtype': {'module': 'keras', 'class_name': 'DTypePolicy', 'config': {'name': 'float32'}, 'registered_name': None}, 'depth_multiplier': 1, 'kernel_size': [5, 5], 'strides': [1, 1], 'padding': 'same', 'data_format': 'channels_last', 'dilation_rate': [1, 1], 'activation': 'linear', 'use_bias': False, 'depthwise_initializer': {'module': 'keras.initializers', 'class_name': 'VarianceScaling', 'config': {'seed': None, 'scale': 2.0, 'mode': 'fan_out', 'distribution': 'truncated_normal'}, 'registered_name': None}, 'bias_initializer': {'module': 'keras.initializers', 'class_name': 'Zeros', 'config': {}, 'registered_name': None}, 'depthwise_regularizer': None, 'bias_regularizer': None, 'activity_regularizer': None, 'depthwise_constraint': None, 'bias_constraint': None}, 'registered_name': None, 'build_config': {'input_shape': [None, 8, 8, 1152]}, 'name': 'block6d_dwconv', 'inbound_nodes': [{'args': [{'class_name': '__keras_tensor__', 'config': {'shape': [None, 8, 8, 1152], 'dtype': 'float32', 'keras_history': ['block6d_expand_activation', 0, 0]}}], 'kwargs': {}}]}, {'module': 'keras.layers', 'class_name': 'BatchNormalization', 'config': {'name': 'block6d_bn', 'trainable': True, 'dtype': {'module': 'keras', 'class_name': 'DTypePolicy', 'config': {'name': 'float32'}, 'registered_name': None}, 'axis': 3, 'momentum': 0.99, 'epsilon': 0.001, 'center': True, 'scale': True, 'beta_initializer': {'module': 'keras.initializers', 'class_name': 'Zeros', 'config': {}, 'registered_name': None}, 'gamma_initializer': {'module': 'keras.initializers', 'class_name': 'Ones', 'config': {}, 'registered_name': None}, 'moving_mean_initializer': {'module': 'keras.initializers', 'class_name': 'Zeros', 'config': {}, 'registered_name': None}, 'moving_variance_initializer': {'module': 'keras.initializers', 'class_name': 'Ones', 'config': {}, 'registered_name': None}, 'beta_regularizer': None, 'gamma_regularizer': None, 'beta_constraint': None, 'gamma_constraint': None, 'synchronized': False}, 'registered_name': None, 'build_config': {'input_shape': [None, 8, 8, 1152]}, 'name': 'block6d_bn', 'inbound_nodes': [{'args': [{'class_name': '__keras_tensor__', 'config': {'shape': [None, 8, 8, 1152], 'dtype': 'float32', 'keras_history': ['block6d_dwconv', 0, 0]}}], 'kwargs': {'mask': None}}]}, {'module': 'keras.layers', 'class_name': 'Activation', 'config': {'name': 'block6d_activation', 'trainable': True, 'dtype': {'module': 'keras', 'class_name': 'DTypePolicy', 'config': {'name': 'float32'}, 'registered_name': None}, 'activation': 'silu'}, 'registered_name': None, 'name': 'block6d_activation', 'inbound_nodes': [{'args': [{'class_name': '__keras_tensor__', 'config': {'shape': [None, 8, 8, 1152], 'dtype': 'float32', 'keras_history': ['block6d_bn', 0, 0]}}], 'kwargs': {}}]}, {'module': 'keras.layers', 'class_name': 'GlobalAveragePooling2D', 'config': {'name': 'block6d_se_squeeze', 'trainable': True, 'dtype': {'module': 'keras', 'class_name': 'DTypePolicy', 'config': {'name': 'float32'}, 'registered_name': None}, 'data_format': 'channels_last', 'keepdims': False}, 'registered_name': None, 'name': 'block6d_se_squeeze', 'inbound_nodes': [{'args': [{'class_name': '__keras_tensor__', 'config': {'shape': [None, 8, 8, 1152], 'dtype': 'float32', 'keras_history': ['block6d_activation', 0, 0]}}], 'kwargs': {}}]}, {'module': 'keras.layers', 'class_name': 'Reshape', 'config': {'name': 'block6d_se_reshape', 'trainable': True, 'dtype': {'module': 'keras', 'class_name': 'DTypePolicy', 'config': {'name': 'float32'}, 'registered_name': None}, 'target_shape': [1, 1, 1152]}, 'registered_name': None, 'name': 'block6d_se_reshape', 'inbound_nodes': [{'args': [{'class_name': '__keras_tensor__', 'config': {'shape': [None, 1152], 'dtype': 'float32', 'keras_history': ['block6d_se_squeeze', 0, 0]}}], 'kwargs': {}}]}, {'module': 'keras.layers', 'class_name': 'Conv2D', 'config': {'name': 'block6d_se_reduce', 'trainable': True, 'dtype': {'module': 'keras', 'class_name': 'DTypePolicy', 'config': {'name': 'float32'}, 'registered_name': None}, 'filters': 48, 'kernel_size': [1, 1], 'strides': [1, 1], 'padding': 'same', 'data_format': 'channels_last', 'dilation_rate': [1, 1], 'groups': 1, 'activation': 'silu', 'use_bias': True, 'kernel_initializer': {'module': 'keras.initializers', 'class_name': 'VarianceScaling', 'config': {'seed': None, 'scale': 2.0, 'mode': 'fan_out', 'distribution': 'truncated_normal'}, 'registered_name': None}, 'bias_initializer': {'module': 'keras.initializers', 'class_name': 'Zeros', 'config': {}, 'registered_name': None}, 'kernel_regularizer': None, 'bias_regularizer': None, 'activity_regularizer': None, 'kernel_constraint': None, 'bias_constraint': None}, 'registered_name': None, 'build_config': {'input_shape': [None, 1, 1, 1152]}, 'name': 'block6d_se_reduce', 'inbound_nodes': [{'args': [{'class_name': '__keras_tensor__', 'config': {'shape': [None, 1, 1, 1152], 'dtype': 'float32', 'keras_history': ['block6d_se_reshape', 0, 0]}}], 'kwargs': {}}]}, {'module': 'keras.layers', 'class_name': 'Conv2D', 'config': {'name': 'block6d_se_expand', 'trainable': True, 'dtype': {'module': 'keras', 'class_name': 'DTypePolicy', 'config': {'name': 'float32'}, 'registered_name': None}, 'filters': 1152, 'kernel_size': [1, 1], 'strides': [1, 1], 'padding': 'same', 'data_format': 'channels_last', 'dilation_rate': [1, 1], 'groups': 1, 'activation': 'sigmoid', 'use_bias': True, 'kernel_initializer': {'module': 'keras.initializers', 'class_name': 'VarianceScaling', 'config': {'seed': None, 'scale': 2.0, 'mode': 'fan_out', 'distribution': 'truncated_normal'}, 'registered_name': None}, 'bias_initializer': {'module': 'keras.initializers', 'class_name': 'Zeros', 'config': {}, 'registered_name': None}, 'kernel_regularizer': None, 'bias_regularizer': None, 'activity_regularizer': None, 'kernel_constraint': None, 'bias_constraint': None}, 'registered_name': None, 'build_config': {'input_shape': [None, 1, 1, 48]}, 'name': 'block6d_se_expand', 'inbound_nodes': [{'args': [{'class_name': '__keras_tensor__', 'config': {'shape': [None, 1, 1, 48], 'dtype': 'float32', 'keras_history': ['block6d_se_reduce', 0, 0]}}], 'kwargs': {}}]}, {'module': 'keras.layers', 'class_name': 'Multiply', 'config': {'name': 'block6d_se_excite', 'trainable': True, 'dtype': {'module': 'keras', 'class_name': 'DTypePolicy', 'config': {'name': 'float32'}, 'registered_name': None}}, 'registered_name': None, 'build_config': {'input_shape': [[None, 8, 8, 1152], [None, 1, 1, 1152]]}, 'name': 'block6d_se_excite', 'inbound_nodes': [{'args': [[{'class_name': '__keras_tensor__', 'config': {'shape': [None, 8, 8, 1152], 'dtype': 'float32', 'keras_history': ['block6d_activation', 0, 0]}}, {'class_name': '__keras_tensor__', 'config': {'shape': [None, 1, 1, 1152], 'dtype': 'float32', 'keras_history': ['block6d_se_expand', 0, 0]}}]], 'kwargs': {}}]}, {'module': 'keras.layers', 'class_name': 'Conv2D', 'config': {'name': 'block6d_project_conv', 'trainable': True, 'dtype': {'module': 'keras', 'class_name': 'DTypePolicy', 'config': {'name': 'float32'}, 'registered_name': None}, 'filters': 192, 'kernel_size': [1, 1], 'strides': [1, 1], 'padding': 'same', 'data_format': 'channels_last', 'dilation_rate': [1, 1], 'groups': 1, 'activation': 'linear', 'use_bias': False, 'kernel_initializer': {'module': 'keras.initializers', 'class_name': 'VarianceScaling', 'config': {'seed': None, 'scale': 2.0, 'mode': 'fan_out', 'distribution': 'truncated_normal'}, 'registered_name': None}, 'bias_initializer': {'module': 'keras.initializers', 'class_name': 'Zeros', 'config': {}, 'registered_name': None}, 'kernel_regularizer': None, 'bias_regularizer': None, 'activity_regularizer': None, 'kernel_constraint': None, 'bias_constraint': None}, 'registered_name': None, 'build_config': {'input_shape': [None, 8, 8, 1152]}, 'name': 'block6d_project_conv', 'inbound_nodes': [{'args': [{'class_name': '__keras_tensor__', 'config': {'shape': [None, 8, 8, 1152], 'dtype': 'float32', 'keras_history': ['block6d_se_excite', 0, 0]}}], 'kwargs': {}}]}, {'module': 'keras.layers', 'class_name': 'BatchNormalization', 'config': {'name': 'block6d_project_bn', 'trainable': True, 'dtype': {'module': 'keras', 'class_name': 'DTypePolicy', 'config': {'name': 'float32'}, 'registered_name': None}, 'axis': 3, 'momentum': 0.99, 'epsilon': 0.001, 'center': True, 'scale': True, 'beta_initializer': {'module': 'keras.initializers', 'class_name': 'Zeros', 'config': {}, 'registered_name': None}, 'gamma_initializer': {'module': 'keras.initializers', 'class_name': 'Ones', 'config': {}, 'registered_name': None}, 'moving_mean_initializer': {'module': 'keras.initializers', 'class_name': 'Zeros', 'config': {}, 'registered_name': None}, 'moving_variance_initializer': {'module': 'keras.initializers', 'class_name': 'Ones', 'config': {}, 'registered_name': None}, 'beta_regularizer': None, 'gamma_regularizer': None, 'beta_constraint': None, 'gamma_constraint': None, 'synchronized': False}, 'registered_name': None, 'build_config': {'input_shape': [None, 8, 8, 192]}, 'name': 'block6d_project_bn', 'inbound_nodes': [{'args': [{'class_name': '__keras_tensor__', 'config': {'shape': [None, 8, 8, 192], 'dtype': 'float32', 'keras_history': ['block6d_project_conv', 0, 0]}}], 'kwargs': {'mask': None}}]}, {'module': 'keras.layers', 'class_name': 'Dropout', 'config': {'name': 'block6d_drop', 'trainable': True, 'dtype': {'module': 'keras', 'class_name': 'DTypePolicy', 'config': {'name': 'float32'}, 'registered_name': None}, 'rate': 0.16521739130434784, 'seed': None, 'noise_shape': [None, 1, 1, 1]}, 'registered_name': None, 'name': 'block6d_drop', 'inbound_nodes': [{'args': [{'class_name': '__keras_tensor__', 'config': {'shape': [None, 8, 8, 192], 'dtype': 'float32', 'keras_history': ['block6d_project_bn', 0, 0]}}], 'kwargs': {'training': False}}]}, {'module': 'keras.layers', 'class_name': 'Add', 'config': {'name': 'block6d_add', 'trainable': True, 'dtype': {'module': 'keras', 'class_name': 'DTypePolicy', 'config': {'name': 'float32'}, 'registered_name': None}}, 'registered_name': None, 'build_config': {'input_shape': [[None, 8, 8, 192], [None, 8, 8, 192]]}, 'name': 'block6d_add', 'inbound_nodes': [{'args': [[{'class_name': '__keras_tensor__', 'config': {'shape': [None, 8, 8, 192], 'dtype': 'float32', 'keras_history': ['block6d_drop', 0, 0]}}, {'class_name': '__keras_tensor__', 'config': {'shape': [None, 8, 8, 192], 'dtype': 'float32', 'keras_history': ['block6c_add', 0, 0]}}]], 'kwargs': {}}]}, {'module': 'keras.layers', 'class_name': 'Conv2D', 'config': {'name': 'block6e_expand_conv', 'trainable': True, 'dtype': {'module': 'keras', 'class_name': 'DTypePolicy', 'config': {'name': 'float32'}, 'registered_name': None}, 'filters': 1152, 'kernel_size': [1, 1], 'strides': [1, 1], 'padding': 'same', 'data_format': 'channels_last', 'dilation_rate': [1, 1], 'groups': 1, 'activation': 'linear', 'use_bias': False, 'kernel_initializer': {'module': 'keras.initializers', 'class_name': 'VarianceScaling', 'config': {'seed': None, 'scale': 2.0, 'mode': 'fan_out', 'distribution': 'truncated_normal'}, 'registered_name': None}, 'bias_initializer': {'module': 'keras.initializers', 'class_name': 'Zeros', 'config': {}, 'registered_name': None}, 'kernel_regularizer': None, 'bias_regularizer': None, 'activity_regularizer': None, 'kernel_constraint': None, 'bias_constraint': None}, 'registered_name': None, 'build_config': {'input_shape': [None, 8, 8, 192]}, 'name': 'block6e_expand_conv', 'inbound_nodes': [{'args': [{'class_name': '__keras_tensor__', 'config': {'shape': [None, 8, 8, 192], 'dtype': 'float32', 'keras_history': ['block6d_add', 0, 0]}}], 'kwargs': {}}]}, {'module': 'keras.layers', 'class_name': 'BatchNormalization', 'config': {'name': 'block6e_expand_bn', 'trainable': True, 'dtype': {'module': 'keras', 'class_name': 'DTypePolicy', 'config': {'name': 'float32'}, 'registered_name': None}, 'axis': 3, 'momentum': 0.99, 'epsilon': 0.001, 'center': True, 'scale': True, 'beta_initializer': {'module': 'keras.initializers', 'class_name': 'Zeros', 'config': {}, 'registered_name': None}, 'gamma_initializer': {'module': 'keras.initializers', 'class_name': 'Ones', 'config': {}, 'registered_name': None}, 'moving_mean_initializer': {'module': 'keras.initializers', 'class_name': 'Zeros', 'config': {}, 'registered_name': None}, 'moving_variance_initializer': {'module': 'keras.initializers', 'class_name': 'Ones', 'config': {}, 'registered_name': None}, 'beta_regularizer': None, 'gamma_regularizer': None, 'beta_constraint': None, 'gamma_constraint': None, 'synchronized': False}, 'registered_name': None, 'build_config': {'input_shape': [None, 8, 8, 1152]}, 'name': 'block6e_expand_bn', 'inbound_nodes': [{'args': [{'class_name': '__keras_tensor__', 'config': {'shape': [None, 8, 8, 1152], 'dtype': 'float32', 'keras_history': ['block6e_expand_conv', 0, 0]}}], 'kwargs': {'mask': None}}]}, {'module': 'keras.layers', 'class_name': 'Activation', 'config': {'name': 'block6e_expand_activation', 'trainable': True, 'dtype': {'module': 'keras', 'class_name': 'DTypePolicy', 'config': {'name': 'float32'}, 'registered_name': None}, 'activation': 'silu'}, 'registered_name': None, 'name': 'block6e_expand_activation', 'inbound_nodes': [{'args': [{'class_name': '__keras_tensor__', 'config': {'shape': [None, 8, 8, 1152], 'dtype': 'float32', 'keras_history': ['block6e_expand_bn', 0, 0]}}], 'kwargs': {}}]}, {'module': 'keras.layers', 'class_name': 'DepthwiseConv2D', 'config': {'name': 'block6e_dwconv', 'trainable': True, 'dtype': {'module': 'keras', 'class_name': 'DTypePolicy', 'config': {'name': 'float32'}, 'registered_name': None}, 'depth_multiplier': 1, 'kernel_size': [5, 5], 'strides': [1, 1], 'padding': 'same', 'data_format': 'channels_last', 'dilation_rate': [1, 1], 'activation': 'linear', 'use_bias': False, 'depthwise_initializer': {'module': 'keras.initializers', 'class_name': 'VarianceScaling', 'config': {'seed': None, 'scale': 2.0, 'mode': 'fan_out', 'distribution': 'truncated_normal'}, 'registered_name': None}, 'bias_initializer': {'module': 'keras.initializers', 'class_name': 'Zeros', 'config': {}, 'registered_name': None}, 'depthwise_regularizer': None, 'bias_regularizer': None, 'activity_regularizer': None, 'depthwise_constraint': None, 'bias_constraint': None}, 'registered_name': None, 'build_config': {'input_shape': [None, 8, 8, 1152]}, 'name': 'block6e_dwconv', 'inbound_nodes': [{'args': [{'class_name': '__keras_tensor__', 'config': {'shape': [None, 8, 8, 1152], 'dtype': 'float32', 'keras_history': ['block6e_expand_activation', 0, 0]}}], 'kwargs': {}}]}, {'module': 'keras.layers', 'class_name': 'BatchNormalization', 'config': {'name': 'block6e_bn', 'trainable': True, 'dtype': {'module': 'keras', 'class_name': 'DTypePolicy', 'config': {'name': 'float32'}, 'registered_name': None}, 'axis': 3, 'momentum': 0.99, 'epsilon': 0.001, 'center': True, 'scale': True, 'beta_initializer': {'module': 'keras.initializers', 'class_name': 'Zeros', 'config': {}, 'registered_name': None}, 'gamma_initializer': {'module': 'keras.initializers', 'class_name': 'Ones', 'config': {}, 'registered_name': None}, 'moving_mean_initializer': {'module': 'keras.initializers', 'class_name': 'Zeros', 'config': {}, 'registered_name': None}, 'moving_variance_initializer': {'module': 'keras.initializers', 'class_name': 'Ones', 'config': {}, 'registered_name': None}, 'beta_regularizer': None, 'gamma_regularizer': None, 'beta_constraint': None, 'gamma_constraint': None, 'synchronized': False}, 'registered_name': None, 'build_config': {'input_shape': [None, 8, 8, 1152]}, 'name': 'block6e_bn', 'inbound_nodes': [{'args': [{'class_name': '__keras_tensor__', 'config': {'shape': [None, 8, 8, 1152], 'dtype': 'float32', 'keras_history': ['block6e_dwconv', 0, 0]}}], 'kwargs': {'mask': None}}]}, {'module': 'keras.layers', 'class_name': 'Activation', 'config': {'name': 'block6e_activation', 'trainable': True, 'dtype': {'module': 'keras', 'class_name': 'DTypePolicy', 'config': {'name': 'float32'}, 'registered_name': None}, 'activation': 'silu'}, 'registered_name': None, 'name': 'block6e_activation', 'inbound_nodes': [{'args': [{'class_name': '__keras_tensor__', 'config': {'shape': [None, 8, 8, 1152], 'dtype': 'float32', 'keras_history': ['block6e_bn', 0, 0]}}], 'kwargs': {}}]}, {'module': 'keras.layers', 'class_name': 'GlobalAveragePooling2D', 'config': {'name': 'block6e_se_squeeze', 'trainable': True, 'dtype': {'module': 'keras', 'class_name': 'DTypePolicy', 'config': {'name': 'float32'}, 'registered_name': None}, 'data_format': 'channels_last', 'keepdims': False}, 'registered_name': None, 'name': 'block6e_se_squeeze', 'inbound_nodes': [{'args': [{'class_name': '__keras_tensor__', 'config': {'shape': [None, 8, 8, 1152], 'dtype': 'float32', 'keras_history': ['block6e_activation', 0, 0]}}], 'kwargs': {}}]}, {'module': 'keras.layers', 'class_name': 'Reshape', 'config': {'name': 'block6e_se_reshape', 'trainable': True, 'dtype': {'module': 'keras', 'class_name': 'DTypePolicy', 'config': {'name': 'float32'}, 'registered_name': None}, 'target_shape': [1, 1, 1152]}, 'registered_name': None, 'name': 'block6e_se_reshape', 'inbound_nodes': [{'args': [{'class_name': '__keras_tensor__', 'config': {'shape': [None, 1152], 'dtype': 'float32', 'keras_history': ['block6e_se_squeeze', 0, 0]}}], 'kwargs': {}}]}, {'module': 'keras.layers', 'class_name': 'Conv2D', 'config': {'name': 'block6e_se_reduce', 'trainable': True, 'dtype': {'module': 'keras', 'class_name': 'DTypePolicy', 'config': {'name': 'float32'}, 'registered_name': None}, 'filters': 48, 'kernel_size': [1, 1], 'strides': [1, 1], 'padding': 'same', 'data_format': 'channels_last', 'dilation_rate': [1, 1], 'groups': 1, 'activation': 'silu', 'use_bias': True, 'kernel_initializer': {'module': 'keras.initializers', 'class_name': 'VarianceScaling', 'config': {'seed': None, 'scale': 2.0, 'mode': 'fan_out', 'distribution': 'truncated_normal'}, 'registered_name': None}, 'bias_initializer': {'module': 'keras.initializers', 'class_name': 'Zeros', 'config': {}, 'registered_name': None}, 'kernel_regularizer': None, 'bias_regularizer': None, 'activity_regularizer': None, 'kernel_constraint': None, 'bias_constraint': None}, 'registered_name': None, 'build_config': {'input_shape': [None, 1, 1, 1152]}, 'name': 'block6e_se_reduce', 'inbound_nodes': [{'args': [{'class_name': '__keras_tensor__', 'config': {'shape': [None, 1, 1, 1152], 'dtype': 'float32', 'keras_history': ['block6e_se_reshape', 0, 0]}}], 'kwargs': {}}]}, {'module': 'keras.layers', 'class_name': 'Conv2D', 'config': {'name': 'block6e_se_expand', 'trainable': True, 'dtype': {'module': 'keras', 'class_name': 'DTypePolicy', 'config': {'name': 'float32'}, 'registered_name': None}, 'filters': 1152, 'kernel_size': [1, 1], 'strides': [1, 1], 'padding': 'same', 'data_format': 'channels_last', 'dilation_rate': [1, 1], 'groups': 1, 'activation': 'sigmoid', 'use_bias': True, 'kernel_initializer': {'module': 'keras.initializers', 'class_name': 'VarianceScaling', 'config': {'seed': None, 'scale': 2.0, 'mode': 'fan_out', 'distribution': 'truncated_normal'}, 'registered_name': None}, 'bias_initializer': {'module': 'keras.initializers', 'class_name': 'Zeros', 'config': {}, 'registered_name': None}, 'kernel_regularizer': None, 'bias_regularizer': None, 'activity_regularizer': None, 'kernel_constraint': None, 'bias_constraint': None}, 'registered_name': None, 'build_config': {'input_shape': [None, 1, 1, 48]}, 'name': 'block6e_se_expand', 'inbound_nodes': [{'args': [{'class_name': '__keras_tensor__', 'config': {'shape': [None, 1, 1, 48], 'dtype': 'float32', 'keras_history': ['block6e_se_reduce', 0, 0]}}], 'kwargs': {}}]}, {'module': 'keras.layers', 'class_name': 'Multiply', 'config': {'name': 'block6e_se_excite', 'trainable': True, 'dtype': {'module': 'keras', 'class_name': 'DTypePolicy', 'config': {'name': 'float32'}, 'registered_name': None}}, 'registered_name': None, 'build_config': {'input_shape': [[None, 8, 8, 1152], [None, 1, 1, 1152]]}, 'name': 'block6e_se_excite', 'inbound_nodes': [{'args': [[{'class_name': '__keras_tensor__', 'config': {'shape': [None, 8, 8, 1152], 'dtype': 'float32', 'keras_history': ['block6e_activation', 0, 0]}}, {'class_name': '__keras_tensor__', 'config': {'shape': [None, 1, 1, 1152], 'dtype': 'float32', 'keras_history': ['block6e_se_expand', 0, 0]}}]], 'kwargs': {}}]}, {'module': 'keras.layers', 'class_name': 'Conv2D', 'config': {'name': 'block6e_project_conv', 'trainable': True, 'dtype': {'module': 'keras', 'class_name': 'DTypePolicy', 'config': {'name': 'float32'}, 'registered_name': None}, 'filters': 192, 'kernel_size': [1, 1], 'strides': [1, 1], 'padding': 'same', 'data_format': 'channels_last', 'dilation_rate': [1, 1], 'groups': 1, 'activation': 'linear', 'use_bias': False, 'kernel_initializer': {'module': 'keras.initializers', 'class_name': 'VarianceScaling', 'config': {'seed': None, 'scale': 2.0, 'mode': 'fan_out', 'distribution': 'truncated_normal'}, 'registered_name': None}, 'bias_initializer': {'module': 'keras.initializers', 'class_name': 'Zeros', 'config': {}, 'registered_name': None}, 'kernel_regularizer': None, 'bias_regularizer': None, 'activity_regularizer': None, 'kernel_constraint': None, 'bias_constraint': None}, 'registered_name': None, 'build_config': {'input_shape': [None, 8, 8, 1152]}, 'name': 'block6e_project_conv', 'inbound_nodes': [{'args': [{'class_name': '__keras_tensor__', 'config': {'shape': [None, 8, 8, 1152], 'dtype': 'float32', 'keras_history': ['block6e_se_excite', 0, 0]}}], 'kwargs': {}}]}, {'module': 'keras.layers', 'class_name': 'BatchNormalization', 'config': {'name': 'block6e_project_bn', 'trainable': True, 'dtype': {'module': 'keras', 'class_name': 'DTypePolicy', 'config': {'name': 'float32'}, 'registered_name': None}, 'axis': 3, 'momentum': 0.99, 'epsilon': 0.001, 'center': True, 'scale': True, 'beta_initializer': {'module': 'keras.initializers', 'class_name': 'Zeros', 'config': {}, 'registered_name': None}, 'gamma_initializer': {'module': 'keras.initializers', 'class_name': 'Ones', 'config': {}, 'registered_name': None}, 'moving_mean_initializer': {'module': 'keras.initializers', 'class_name': 'Zeros', 'config': {}, 'registered_name': None}, 'moving_variance_initializer': {'module': 'keras.initializers', 'class_name': 'Ones', 'config': {}, 'registered_name': None}, 'beta_regularizer': None, 'gamma_regularizer': None, 'beta_constraint': None, 'gamma_constraint': None, 'synchronized': False}, 'registered_name': None, 'build_config': {'input_shape': [None, 8, 8, 192]}, 'name': 'block6e_project_bn', 'inbound_nodes': [{'args': [{'class_name': '__keras_tensor__', 'config': {'shape': [None, 8, 8, 192], 'dtype': 'float32', 'keras_history': ['block6e_project_conv', 0, 0]}}], 'kwargs': {'mask': None}}]}, {'module': 'keras.layers', 'class_name': 'Dropout', 'config': {'name': 'block6e_drop', 'trainable': True, 'dtype': {'module': 'keras', 'class_name': 'DTypePolicy', 'config': {'name': 'float32'}, 'registered_name': None}, 'rate': 0.17391304347826086, 'seed': None, 'noise_shape': [None, 1, 1, 1]}, 'registered_name': None, 'name': 'block6e_drop', 'inbound_nodes': [{'args': [{'class_name': '__keras_tensor__', 'config': {'shape': [None, 8, 8, 192], 'dtype': 'float32', 'keras_history': ['block6e_project_bn', 0, 0]}}], 'kwargs': {'training': False}}]}, {'module': 'keras.layers', 'class_name': 'Add', 'config': {'name': 'block6e_add', 'trainable': True, 'dtype': {'module': 'keras', 'class_name': 'DTypePolicy', 'config': {'name': 'float32'}, 'registered_name': None}}, 'registered_name': None, 'build_config': {'input_shape': [[None, 8, 8, 192], [None, 8, 8, 192]]}, 'name': 'block6e_add', 'inbound_nodes': [{'args': [[{'class_name': '__keras_tensor__', 'config': {'shape': [None, 8, 8, 192], 'dtype': 'float32', 'keras_history': ['block6e_drop', 0, 0]}}, {'class_name': '__keras_tensor__', 'config': {'shape': [None, 8, 8, 192], 'dtype': 'float32', 'keras_history': ['block6d_add', 0, 0]}}]], 'kwargs': {}}]}, {'module': 'keras.layers', 'class_name': 'Conv2D', 'config': {'name': 'block7a_expand_conv', 'trainable': True, 'dtype': {'module': 'keras', 'class_name': 'DTypePolicy', 'config': {'name': 'float32'}, 'registered_name': None}, 'filters': 1152, 'kernel_size': [1, 1], 'strides': [1, 1], 'padding': 'same', 'data_format': 'channels_last', 'dilation_rate': [1, 1], 'groups': 1, 'activation': 'linear', 'use_bias': False, 'kernel_initializer': {'module': 'keras.initializers', 'class_name': 'VarianceScaling', 'config': {'seed': None, 'scale': 2.0, 'mode': 'fan_out', 'distribution': 'truncated_normal'}, 'registered_name': None}, 'bias_initializer': {'module': 'keras.initializers', 'class_name': 'Zeros', 'config': {}, 'registered_name': None}, 'kernel_regularizer': None, 'bias_regularizer': None, 'activity_regularizer': None, 'kernel_constraint': None, 'bias_constraint': None}, 'registered_name': None, 'build_config': {'input_shape': [None, 8, 8, 192]}, 'name': 'block7a_expand_conv', 'inbound_nodes': [{'args': [{'class_name': '__keras_tensor__', 'config': {'shape': [None, 8, 8, 192], 'dtype': 'float32', 'keras_history': ['block6e_add', 0, 0]}}], 'kwargs': {}}]}, {'module': 'keras.layers', 'class_name': 'BatchNormalization', 'config': {'name': 'block7a_expand_bn', 'trainable': True, 'dtype': {'module': 'keras', 'class_name': 'DTypePolicy', 'config': {'name': 'float32'}, 'registered_name': None}, 'axis': 3, 'momentum': 0.99, 'epsilon': 0.001, 'center': True, 'scale': True, 'beta_initializer': {'module': 'keras.initializers', 'class_name': 'Zeros', 'config': {}, 'registered_name': None}, 'gamma_initializer': {'module': 'keras.initializers', 'class_name': 'Ones', 'config': {}, 'registered_name': None}, 'moving_mean_initializer': {'module': 'keras.initializers', 'class_name': 'Zeros', 'config': {}, 'registered_name': None}, 'moving_variance_initializer': {'module': 'keras.initializers', 'class_name': 'Ones', 'config': {}, 'registered_name': None}, 'beta_regularizer': None, 'gamma_regularizer': None, 'beta_constraint': None, 'gamma_constraint': None, 'synchronized': False}, 'registered_name': None, 'build_config': {'input_shape': [None, 8, 8, 1152]}, 'name': 'block7a_expand_bn', 'inbound_nodes': [{'args': [{'class_name': '__keras_tensor__', 'config': {'shape': [None, 8, 8, 1152], 'dtype': 'float32', 'keras_history': ['block7a_expand_conv', 0, 0]}}], 'kwargs': {'mask': None}}]}, {'module': 'keras.layers', 'class_name': 'Activation', 'config': {'name': 'block7a_expand_activation', 'trainable': True, 'dtype': {'module': 'keras', 'class_name': 'DTypePolicy', 'config': {'name': 'float32'}, 'registered_name': None}, 'activation': 'silu'}, 'registered_name': None, 'name': 'block7a_expand_activation', 'inbound_nodes': [{'args': [{'class_name': '__keras_tensor__', 'config': {'shape': [None, 8, 8, 1152], 'dtype': 'float32', 'keras_history': ['block7a_expand_bn', 0, 0]}}], 'kwargs': {}}]}, {'module': 'keras.layers', 'class_name': 'DepthwiseConv2D', 'config': {'name': 'block7a_dwconv', 'trainable': True, 'dtype': {'module': 'keras', 'class_name': 'DTypePolicy', 'config': {'name': 'float32'}, 'registered_name': None}, 'depth_multiplier': 1, 'kernel_size': [3, 3], 'strides': [1, 1], 'padding': 'same', 'data_format': 'channels_last', 'dilation_rate': [1, 1], 'activation': 'linear', 'use_bias': False, 'depthwise_initializer': {'module': 'keras.initializers', 'class_name': 'VarianceScaling', 'config': {'seed': None, 'scale': 2.0, 'mode': 'fan_out', 'distribution': 'truncated_normal'}, 'registered_name': None}, 'bias_initializer': {'module': 'keras.initializers', 'class_name': 'Zeros', 'config': {}, 'registered_name': None}, 'depthwise_regularizer': None, 'bias_regularizer': None, 'activity_regularizer': None, 'depthwise_constraint': None, 'bias_constraint': None}, 'registered_name': None, 'build_config': {'input_shape': [None, 8, 8, 1152]}, 'name': 'block7a_dwconv', 'inbound_nodes': [{'args': [{'class_name': '__keras_tensor__', 'config': {'shape': [None, 8, 8, 1152], 'dtype': 'float32', 'keras_history': ['block7a_expand_activation', 0, 0]}}], 'kwargs': {}}]}, {'module': 'keras.layers', 'class_name': 'BatchNormalization', 'config': {'name': 'block7a_bn', 'trainable': True, 'dtype': {'module': 'keras', 'class_name': 'DTypePolicy', 'config': {'name': 'float32'}, 'registered_name': None}, 'axis': 3, 'momentum': 0.99, 'epsilon': 0.001, 'center': True, 'scale': True, 'beta_initializer': {'module': 'keras.initializers', 'class_name': 'Zeros', 'config': {}, 'registered_name': None}, 'gamma_initializer': {'module': 'keras.initializers', 'class_name': 'Ones', 'config': {}, 'registered_name': None}, 'moving_mean_initializer': {'module': 'keras.initializers', 'class_name': 'Zeros', 'config': {}, 'registered_name': None}, 'moving_variance_initializer': {'module': 'keras.initializers', 'class_name': 'Ones', 'config': {}, 'registered_name': None}, 'beta_regularizer': None, 'gamma_regularizer': None, 'beta_constraint': None, 'gamma_constraint': None, 'synchronized': False}, 'registered_name': None, 'build_config': {'input_shape': [None, 8, 8, 1152]}, 'name': 'block7a_bn', 'inbound_nodes': [{'args': [{'class_name': '__keras_tensor__', 'config': {'shape': [None, 8, 8, 1152], 'dtype': 'float32', 'keras_history': ['block7a_dwconv', 0, 0]}}], 'kwargs': {'mask': None}}]}, {'module': 'keras.layers', 'class_name': 'Activation', 'config': {'name': 'block7a_activation', 'trainable': True, 'dtype': {'module': 'keras', 'class_name': 'DTypePolicy', 'config': {'name': 'float32'}, 'registered_name': None}, 'activation': 'silu'}, 'registered_name': None, 'name': 'block7a_activation', 'inbound_nodes': [{'args': [{'class_name': '__keras_tensor__', 'config': {'shape': [None, 8, 8, 1152], 'dtype': 'float32', 'keras_history': ['block7a_bn', 0, 0]}}], 'kwargs': {}}]}, {'module': 'keras.layers', 'class_name': 'GlobalAveragePooling2D', 'config': {'name': 'block7a_se_squeeze', 'trainable': True, 'dtype': {'module': 'keras', 'class_name': 'DTypePolicy', 'config': {'name': 'float32'}, 'registered_name': None}, 'data_format': 'channels_last', 'keepdims': False}, 'registered_name': None, 'name': 'block7a_se_squeeze', 'inbound_nodes': [{'args': [{'class_name': '__keras_tensor__', 'config': {'shape': [None, 8, 8, 1152], 'dtype': 'float32', 'keras_history': ['block7a_activation', 0, 0]}}], 'kwargs': {}}]}, {'module': 'keras.layers', 'class_name': 'Reshape', 'config': {'name': 'block7a_se_reshape', 'trainable': True, 'dtype': {'module': 'keras', 'class_name': 'DTypePolicy', 'config': {'name': 'float32'}, 'registered_name': None}, 'target_shape': [1, 1, 1152]}, 'registered_name': None, 'name': 'block7a_se_reshape', 'inbound_nodes': [{'args': [{'class_name': '__keras_tensor__', 'config': {'shape': [None, 1152], 'dtype': 'float32', 'keras_history': ['block7a_se_squeeze', 0, 0]}}], 'kwargs': {}}]}, {'module': 'keras.layers', 'class_name': 'Conv2D', 'config': {'name': 'block7a_se_reduce', 'trainable': True, 'dtype': {'module': 'keras', 'class_name': 'DTypePolicy', 'config': {'name': 'float32'}, 'registered_name': None}, 'filters': 48, 'kernel_size': [1, 1], 'strides': [1, 1], 'padding': 'same', 'data_format': 'channels_last', 'dilation_rate': [1, 1], 'groups': 1, 'activation': 'silu', 'use_bias': True, 'kernel_initializer': {'module': 'keras.initializers', 'class_name': 'VarianceScaling', 'config': {'seed': None, 'scale': 2.0, 'mode': 'fan_out', 'distribution': 'truncated_normal'}, 'registered_name': None}, 'bias_initializer': {'module': 'keras.initializers', 'class_name': 'Zeros', 'config': {}, 'registered_name': None}, 'kernel_regularizer': None, 'bias_regularizer': None, 'activity_regularizer': None, 'kernel_constraint': None, 'bias_constraint': None}, 'registered_name': None, 'build_config': {'input_shape': [None, 1, 1, 1152]}, 'name': 'block7a_se_reduce', 'inbound_nodes': [{'args': [{'class_name': '__keras_tensor__', 'config': {'shape': [None, 1, 1, 1152], 'dtype': 'float32', 'keras_history': ['block7a_se_reshape', 0, 0]}}], 'kwargs': {}}]}, {'module': 'keras.layers', 'class_name': 'Conv2D', 'config': {'name': 'block7a_se_expand', 'trainable': True, 'dtype': {'module': 'keras', 'class_name': 'DTypePolicy', 'config': {'name': 'float32'}, 'registered_name': None}, 'filters': 1152, 'kernel_size': [1, 1], 'strides': [1, 1], 'padding': 'same', 'data_format': 'channels_last', 'dilation_rate': [1, 1], 'groups': 1, 'activation': 'sigmoid', 'use_bias': True, 'kernel_initializer': {'module': 'keras.initializers', 'class_name': 'VarianceScaling', 'config': {'seed': None, 'scale': 2.0, 'mode': 'fan_out', 'distribution': 'truncated_normal'}, 'registered_name': None}, 'bias_initializer': {'module': 'keras.initializers', 'class_name': 'Zeros', 'config': {}, 'registered_name': None}, 'kernel_regularizer': None, 'bias_regularizer': None, 'activity_regularizer': None, 'kernel_constraint': None, 'bias_constraint': None}, 'registered_name': None, 'build_config': {'input_shape': [None, 1, 1, 48]}, 'name': 'block7a_se_expand', 'inbound_nodes': [{'args': [{'class_name': '__keras_tensor__', 'config': {'shape': [None, 1, 1, 48], 'dtype': 'float32', 'keras_history': ['block7a_se_reduce', 0, 0]}}], 'kwargs': {}}]}, {'module': 'keras.layers', 'class_name': 'Multiply', 'config': {'name': 'block7a_se_excite', 'trainable': True, 'dtype': {'module': 'keras', 'class_name': 'DTypePolicy', 'config': {'name': 'float32'}, 'registered_name': None}}, 'registered_name': None, 'build_config': {'input_shape': [[None, 8, 8, 1152], [None, 1, 1, 1152]]}, 'name': 'block7a_se_excite', 'inbound_nodes': [{'args': [[{'class_name': '__keras_tensor__', 'config': {'shape': [None, 8, 8, 1152], 'dtype': 'float32', 'keras_history': ['block7a_activation', 0, 0]}}, {'class_name': '__keras_tensor__', 'config': {'shape': [None, 1, 1, 1152], 'dtype': 'float32', 'keras_history': ['block7a_se_expand', 0, 0]}}]], 'kwargs': {}}]}, {'module': 'keras.layers', 'class_name': 'Conv2D', 'config': {'name': 'block7a_project_conv', 'trainable': True, 'dtype': {'module': 'keras', 'class_name': 'DTypePolicy', 'config': {'name': 'float32'}, 'registered_name': None}, 'filters': 320, 'kernel_size': [1, 1], 'strides': [1, 1], 'padding': 'same', 'data_format': 'channels_last', 'dilation_rate': [1, 1], 'groups': 1, 'activation': 'linear', 'use_bias': False, 'kernel_initializer': {'module': 'keras.initializers', 'class_name': 'VarianceScaling', 'config': {'seed': None, 'scale': 2.0, 'mode': 'fan_out', 'distribution': 'truncated_normal'}, 'registered_name': None}, 'bias_initializer': {'module': 'keras.initializers', 'class_name': 'Zeros', 'config': {}, 'registered_name': None}, 'kernel_regularizer': None, 'bias_regularizer': None, 'activity_regularizer': None, 'kernel_constraint': None, 'bias_constraint': None}, 'registered_name': None, 'build_config': {'input_shape': [None, 8, 8, 1152]}, 'name': 'block7a_project_conv', 'inbound_nodes': [{'args': [{'class_name': '__keras_tensor__', 'config': {'shape': [None, 8, 8, 1152], 'dtype': 'float32', 'keras_history': ['block7a_se_excite', 0, 0]}}], 'kwargs': {}}]}, {'module': 'keras.layers', 'class_name': 'BatchNormalization', 'config': {'name': 'block7a_project_bn', 'trainable': True, 'dtype': {'module': 'keras', 'class_name': 'DTypePolicy', 'config': {'name': 'float32'}, 'registered_name': None}, 'axis': 3, 'momentum': 0.99, 'epsilon': 0.001, 'center': True, 'scale': True, 'beta_initializer': {'module': 'keras.initializers', 'class_name': 'Zeros', 'config': {}, 'registered_name': None}, 'gamma_initializer': {'module': 'keras.initializers', 'class_name': 'Ones', 'config': {}, 'registered_name': None}, 'moving_mean_initializer': {'module': 'keras.initializers', 'class_name': 'Zeros', 'config': {}, 'registered_name': None}, 'moving_variance_initializer': {'module': 'keras.initializers', 'class_name': 'Ones', 'config': {}, 'registered_name': None}, 'beta_regularizer': None, 'gamma_regularizer': None, 'beta_constraint': None, 'gamma_constraint': None, 'synchronized': False}, 'registered_name': None, 'build_config': {'input_shape': [None, 8, 8, 320]}, 'name': 'block7a_project_bn', 'inbound_nodes': [{'args': [{'class_name': '__keras_tensor__', 'config': {'shape': [None, 8, 8, 320], 'dtype': 'float32', 'keras_history': ['block7a_project_conv', 0, 0]}}], 'kwargs': {'mask': None}}]}, {'module': 'keras.layers', 'class_name': 'Conv2D', 'config': {'name': 'block7b_expand_conv', 'trainable': True, 'dtype': {'module': 'keras', 'class_name': 'DTypePolicy', 'config': {'name': 'float32'}, 'registered_name': None}, 'filters': 1920, 'kernel_size': [1, 1], 'strides': [1, 1], 'padding': 'same', 'data_format': 'channels_last', 'dilation_rate': [1, 1], 'groups': 1, 'activation': 'linear', 'use_bias': False, 'kernel_initializer': {'module': 'keras.initializers', 'class_name': 'VarianceScaling', 'config': {'seed': None, 'scale': 2.0, 'mode': 'fan_out', 'distribution': 'truncated_normal'}, 'registered_name': None}, 'bias_initializer': {'module': 'keras.initializers', 'class_name': 'Zeros', 'config': {}, 'registered_name': None}, 'kernel_regularizer': None, 'bias_regularizer': None, 'activity_regularizer': None, 'kernel_constraint': None, 'bias_constraint': None}, 'registered_name': None, 'build_config': {'input_shape': [None, 8, 8, 320]}, 'name': 'block7b_expand_conv', 'inbound_nodes': [{'args': [{'class_name': '__keras_tensor__', 'config': {'shape': [None, 8, 8, 320], 'dtype': 'float32', 'keras_history': ['block7a_project_bn', 0, 0]}}], 'kwargs': {}}]}, {'module': 'keras.layers', 'class_name': 'BatchNormalization', 'config': {'name': 'block7b_expand_bn', 'trainable': True, 'dtype': {'module': 'keras', 'class_name': 'DTypePolicy', 'config': {'name': 'float32'}, 'registered_name': None}, 'axis': 3, 'momentum': 0.99, 'epsilon': 0.001, 'center': True, 'scale': True, 'beta_initializer': {'module': 'keras.initializers', 'class_name': 'Zeros', 'config': {}, 'registered_name': None}, 'gamma_initializer': {'module': 'keras.initializers', 'class_name': 'Ones', 'config': {}, 'registered_name': None}, 'moving_mean_initializer': {'module': 'keras.initializers', 'class_name': 'Zeros', 'config': {}, 'registered_name': None}, 'moving_variance_initializer': {'module': 'keras.initializers', 'class_name': 'Ones', 'config': {}, 'registered_name': None}, 'beta_regularizer': None, 'gamma_regularizer': None, 'beta_constraint': None, 'gamma_constraint': None, 'synchronized': False}, 'registered_name': None, 'build_config': {'input_shape': [None, 8, 8, 1920]}, 'name': 'block7b_expand_bn', 'inbound_nodes': [{'args': [{'class_name': '__keras_tensor__', 'config': {'shape': [None, 8, 8, 1920], 'dtype': 'float32', 'keras_history': ['block7b_expand_conv', 0, 0]}}], 'kwargs': {'mask': None}}]}, {'module': 'keras.layers', 'class_name': 'Activation', 'config': {'name': 'block7b_expand_activation', 'trainable': True, 'dtype': {'module': 'keras', 'class_name': 'DTypePolicy', 'config': {'name': 'float32'}, 'registered_name': None}, 'activation': 'silu'}, 'registered_name': None, 'name': 'block7b_expand_activation', 'inbound_nodes': [{'args': [{'class_name': '__keras_tensor__', 'config': {'shape': [None, 8, 8, 1920], 'dtype': 'float32', 'keras_history': ['block7b_expand_bn', 0, 0]}}], 'kwargs': {}}]}, {'module': 'keras.layers', 'class_name': 'DepthwiseConv2D', 'config': {'name': 'block7b_dwconv', 'trainable': True, 'dtype': {'module': 'keras', 'class_name': 'DTypePolicy', 'config': {'name': 'float32'}, 'registered_name': None}, 'depth_multiplier': 1, 'kernel_size': [3, 3], 'strides': [1, 1], 'padding': 'same', 'data_format': 'channels_last', 'dilation_rate': [1, 1], 'activation': 'linear', 'use_bias': False, 'depthwise_initializer': {'module': 'keras.initializers', 'class_name': 'VarianceScaling', 'config': {'seed': None, 'scale': 2.0, 'mode': 'fan_out', 'distribution': 'truncated_normal'}, 'registered_name': None}, 'bias_initializer': {'module': 'keras.initializers', 'class_name': 'Zeros', 'config': {}, 'registered_name': None}, 'depthwise_regularizer': None, 'bias_regularizer': None, 'activity_regularizer': None, 'depthwise_constraint': None, 'bias_constraint': None}, 'registered_name': None, 'build_config': {'input_shape': [None, 8, 8, 1920]}, 'name': 'block7b_dwconv', 'inbound_nodes': [{'args': [{'class_name': '__keras_tensor__', 'config': {'shape': [None, 8, 8, 1920], 'dtype': 'float32', 'keras_history': ['block7b_expand_activation', 0, 0]}}], 'kwargs': {}}]}, {'module': 'keras.layers', 'class_name': 'BatchNormalization', 'config': {'name': 'block7b_bn', 'trainable': True, 'dtype': {'module': 'keras', 'class_name': 'DTypePolicy', 'config': {'name': 'float32'}, 'registered_name': None}, 'axis': 3, 'momentum': 0.99, 'epsilon': 0.001, 'center': True, 'scale': True, 'beta_initializer': {'module': 'keras.initializers', 'class_name': 'Zeros', 'config': {}, 'registered_name': None}, 'gamma_initializer': {'module': 'keras.initializers', 'class_name': 'Ones', 'config': {}, 'registered_name': None}, 'moving_mean_initializer': {'module': 'keras.initializers', 'class_name': 'Zeros', 'config': {}, 'registered_name': None}, 'moving_variance_initializer': {'module': 'keras.initializers', 'class_name': 'Ones', 'config': {}, 'registered_name': None}, 'beta_regularizer': None, 'gamma_regularizer': None, 'beta_constraint': None, 'gamma_constraint': None, 'synchronized': False}, 'registered_name': None, 'build_config': {'input_shape': [None, 8, 8, 1920]}, 'name': 'block7b_bn', 'inbound_nodes': [{'args': [{'class_name': '__keras_tensor__', 'config': {'shape': [None, 8, 8, 1920], 'dtype': 'float32', 'keras_history': ['block7b_dwconv', 0, 0]}}], 'kwargs': {'mask': None}}]}, {'module': 'keras.layers', 'class_name': 'Activation', 'config': {'name': 'block7b_activation', 'trainable': True, 'dtype': {'module': 'keras', 'class_name': 'DTypePolicy', 'config': {'name': 'float32'}, 'registered_name': None}, 'activation': 'silu'}, 'registered_name': None, 'name': 'block7b_activation', 'inbound_nodes': [{'args': [{'class_name': '__keras_tensor__', 'config': {'shape': [None, 8, 8, 1920], 'dtype': 'float32', 'keras_history': ['block7b_bn', 0, 0]}}], 'kwargs': {}}]}, {'module': 'keras.layers', 'class_name': 'GlobalAveragePooling2D', 'config': {'name': 'block7b_se_squeeze', 'trainable': True, 'dtype': {'module': 'keras', 'class_name': 'DTypePolicy', 'config': {'name': 'float32'}, 'registered_name': None}, 'data_format': 'channels_last', 'keepdims': False}, 'registered_name': None, 'name': 'block7b_se_squeeze', 'inbound_nodes': [{'args': [{'class_name': '__keras_tensor__', 'config': {'shape': [None, 8, 8, 1920], 'dtype': 'float32', 'keras_history': ['block7b_activation', 0, 0]}}], 'kwargs': {}}]}, {'module': 'keras.layers', 'class_name': 'Reshape', 'config': {'name': 'block7b_se_reshape', 'trainable': True, 'dtype': {'module': 'keras', 'class_name': 'DTypePolicy', 'config': {'name': 'float32'}, 'registered_name': None}, 'target_shape': [1, 1, 1920]}, 'registered_name': None, 'name': 'block7b_se_reshape', 'inbound_nodes': [{'args': [{'class_name': '__keras_tensor__', 'config': {'shape': [None, 1920], 'dtype': 'float32', 'keras_history': ['block7b_se_squeeze', 0, 0]}}], 'kwargs': {}}]}, {'module': 'keras.layers', 'class_name': 'Conv2D', 'config': {'name': 'block7b_se_reduce', 'trainable': True, 'dtype': {'module': 'keras', 'class_name': 'DTypePolicy', 'config': {'name': 'float32'}, 'registered_name': None}, 'filters': 80, 'kernel_size': [1, 1], 'strides': [1, 1], 'padding': 'same', 'data_format': 'channels_last', 'dilation_rate': [1, 1], 'groups': 1, 'activation': 'silu', 'use_bias': True, 'kernel_initializer': {'module': 'keras.initializers', 'class_name': 'VarianceScaling', 'config': {'seed': None, 'scale': 2.0, 'mode': 'fan_out', 'distribution': 'truncated_normal'}, 'registered_name': None}, 'bias_initializer': {'module': 'keras.initializers', 'class_name': 'Zeros', 'config': {}, 'registered_name': None}, 'kernel_regularizer': None, 'bias_regularizer': None, 'activity_regularizer': None, 'kernel_constraint': None, 'bias_constraint': None}, 'registered_name': None, 'build_config': {'input_shape': [None, 1, 1, 1920]}, 'name': 'block7b_se_reduce', 'inbound_nodes': [{'args': [{'class_name': '__keras_tensor__', 'config': {'shape': [None, 1, 1, 1920], 'dtype': 'float32', 'keras_history': ['block7b_se_reshape', 0, 0]}}], 'kwargs': {}}]}, {'module': 'keras.layers', 'class_name': 'Conv2D', 'config': {'name': 'block7b_se_expand', 'trainable': True, 'dtype': {'module': 'keras', 'class_name': 'DTypePolicy', 'config': {'name': 'float32'}, 'registered_name': None}, 'filters': 1920, 'kernel_size': [1, 1], 'strides': [1, 1], 'padding': 'same', 'data_format': 'channels_last', 'dilation_rate': [1, 1], 'groups': 1, 'activation': 'sigmoid', 'use_bias': True, 'kernel_initializer': {'module': 'keras.initializers', 'class_name': 'VarianceScaling', 'config': {'seed': None, 'scale': 2.0, 'mode': 'fan_out', 'distribution': 'truncated_normal'}, 'registered_name': None}, 'bias_initializer': {'module': 'keras.initializers', 'class_name': 'Zeros', 'config': {}, 'registered_name': None}, 'kernel_regularizer': None, 'bias_regularizer': None, 'activity_regularizer': None, 'kernel_constraint': None, 'bias_constraint': None}, 'registered_name': None, 'build_config': {'input_shape': [None, 1, 1, 80]}, 'name': 'block7b_se_expand', 'inbound_nodes': [{'args': [{'class_name': '__keras_tensor__', 'config': {'shape': [None, 1, 1, 80], 'dtype': 'float32', 'keras_history': ['block7b_se_reduce', 0, 0]}}], 'kwargs': {}}]}, {'module': 'keras.layers', 'class_name': 'Multiply', 'config': {'name': 'block7b_se_excite', 'trainable': True, 'dtype': {'module': 'keras', 'class_name': 'DTypePolicy', 'config': {'name': 'float32'}, 'registered_name': None}}, 'registered_name': None, 'build_config': {'input_shape': [[None, 8, 8, 1920], [None, 1, 1, 1920]]}, 'name': 'block7b_se_excite', 'inbound_nodes': [{'args': [[{'class_name': '__keras_tensor__', 'config': {'shape': [None, 8, 8, 1920], 'dtype': 'float32', 'keras_history': ['block7b_activation', 0, 0]}}, {'class_name': '__keras_tensor__', 'config': {'shape': [None, 1, 1, 1920], 'dtype': 'float32', 'keras_history': ['block7b_se_expand', 0, 0]}}]], 'kwargs': {}}]}, {'module': 'keras.layers', 'class_name': 'Conv2D', 'config': {'name': 'block7b_project_conv', 'trainable': True, 'dtype': {'module': 'keras', 'class_name': 'DTypePolicy', 'config': {'name': 'float32'}, 'registered_name': None}, 'filters': 320, 'kernel_size': [1, 1], 'strides': [1, 1], 'padding': 'same', 'data_format': 'channels_last', 'dilation_rate': [1, 1], 'groups': 1, 'activation': 'linear', 'use_bias': False, 'kernel_initializer': {'module': 'keras.initializers', 'class_name': 'VarianceScaling', 'config': {'seed': None, 'scale': 2.0, 'mode': 'fan_out', 'distribution': 'truncated_normal'}, 'registered_name': None}, 'bias_initializer': {'module': 'keras.initializers', 'class_name': 'Zeros', 'config': {}, 'registered_name': None}, 'kernel_regularizer': None, 'bias_regularizer': None, 'activity_regularizer': None, 'kernel_constraint': None, 'bias_constraint': None}, 'registered_name': None, 'build_config': {'input_shape': [None, 8, 8, 1920]}, 'name': 'block7b_project_conv', 'inbound_nodes': [{'args': [{'class_name': '__keras_tensor__', 'config': {'shape': [None, 8, 8, 1920], 'dtype': 'float32', 'keras_history': ['block7b_se_excite', 0, 0]}}], 'kwargs': {}}]}, {'module': 'keras.layers', 'class_name': 'BatchNormalization', 'config': {'name': 'block7b_project_bn', 'trainable': True, 'dtype': {'module': 'keras', 'class_name': 'DTypePolicy', 'config': {'name': 'float32'}, 'registered_name': None}, 'axis': 3, 'momentum': 0.99, 'epsilon': 0.001, 'center': True, 'scale': True, 'beta_initializer': {'module': 'keras.initializers', 'class_name': 'Zeros', 'config': {}, 'registered_name': None}, 'gamma_initializer': {'module': 'keras.initializers', 'class_name': 'Ones', 'config': {}, 'registered_name': None}, 'moving_mean_initializer': {'module': 'keras.initializers', 'class_name': 'Zeros', 'config': {}, 'registered_name': None}, 'moving_variance_initializer': {'module': 'keras.initializers', 'class_name': 'Ones', 'config': {}, 'registered_name': None}, 'beta_regularizer': None, 'gamma_regularizer': None, 'beta_constraint': None, 'gamma_constraint': None, 'synchronized': False}, 'registered_name': None, 'build_config': {'input_shape': [None, 8, 8, 320]}, 'name': 'block7b_project_bn', 'inbound_nodes': [{'args': [{'class_name': '__keras_tensor__', 'config': {'shape': [None, 8, 8, 320], 'dtype': 'float32', 'keras_history': ['block7b_project_conv', 0, 0]}}], 'kwargs': {'mask': None}}]}, {'module': 'keras.layers', 'class_name': 'Dropout', 'config': {'name': 'block7b_drop', 'trainable': True, 'dtype': {'module': 'keras', 'class_name': 'DTypePolicy', 'config': {'name': 'float32'}, 'registered_name': None}, 'rate': 0.19130434782608696, 'seed': None, 'noise_shape': [None, 1, 1, 1]}, 'registered_name': None, 'name': 'block7b_drop', 'inbound_nodes': [{'args': [{'class_name': '__keras_tensor__', 'config': {'shape': [None, 8, 8, 320], 'dtype': 'float32', 'keras_history': ['block7b_project_bn', 0, 0]}}], 'kwargs': {'training': False}}]}, {'module': 'keras.layers', 'class_name': 'Add', 'config': {'name': 'block7b_add', 'trainable': True, 'dtype': {'module': 'keras', 'class_name': 'DTypePolicy', 'config': {'name': 'float32'}, 'registered_name': None}}, 'registered_name': None, 'build_config': {'input_shape': [[None, 8, 8, 320], [None, 8, 8, 320]]}, 'name': 'block7b_add', 'inbound_nodes': [{'args': [[{'class_name': '__keras_tensor__', 'config': {'shape': [None, 8, 8, 320], 'dtype': 'float32', 'keras_history': ['block7b_drop', 0, 0]}}, {'class_name': '__keras_tensor__', 'config': {'shape': [None, 8, 8, 320], 'dtype': 'float32', 'keras_history': ['block7a_project_bn', 0, 0]}}]], 'kwargs': {}}]}, {'module': 'keras.layers', 'class_name': 'Conv2D', 'config': {'name': 'top_conv', 'trainable': True, 'dtype': {'module': 'keras', 'class_name': 'DTypePolicy', 'config': {'name': 'float32'}, 'registered_name': None}, 'filters': 1280, 'kernel_size': [1, 1], 'strides': [1, 1], 'padding': 'same', 'data_format': 'channels_last', 'dilation_rate': [1, 1], 'groups': 1, 'activation': 'linear', 'use_bias': False, 'kernel_initializer': {'module': 'keras.initializers', 'class_name': 'VarianceScaling', 'config': {'seed': None, 'scale': 2.0, 'mode': 'fan_out', 'distribution': 'truncated_normal'}, 'registered_name': None}, 'bias_initializer': {'module': 'keras.initializers', 'class_name': 'Zeros', 'config': {}, 'registered_name': None}, 'kernel_regularizer': None, 'bias_regularizer': None, 'activity_regularizer': None, 'kernel_constraint': None, 'bias_constraint': None}, 'registered_name': None, 'build_config': {'input_shape': [None, 8, 8, 320]}, 'name': 'top_conv', 'inbound_nodes': [{'args': [{'class_name': '__keras_tensor__', 'config': {'shape': [None, 8, 8, 320], 'dtype': 'float32', 'keras_history': ['block7b_add', 0, 0]}}], 'kwargs': {}}]}, {'module': 'keras.layers', 'class_name': 'BatchNormalization', 'config': {'name': 'top_bn', 'trainable': True, 'dtype': {'module': 'keras', 'class_name': 'DTypePolicy', 'config': {'name': 'float32'}, 'registered_name': None}, 'axis': 3, 'momentum': 0.99, 'epsilon': 0.001, 'center': True, 'scale': True, 'beta_initializer': {'module': 'keras.initializers', 'class_name': 'Zeros', 'config': {}, 'registered_name': None}, 'gamma_initializer': {'module': 'keras.initializers', 'class_name': 'Ones', 'config': {}, 'registered_name': None}, 'moving_mean_initializer': {'module': 'keras.initializers', 'class_name': 'Zeros', 'config': {}, 'registered_name': None}, 'moving_variance_initializer': {'module': 'keras.initializers', 'class_name': 'Ones', 'config': {}, 'registered_name': None}, 'beta_regularizer': None, 'gamma_regularizer': None, 'beta_constraint': None, 'gamma_constraint': None, 'synchronized': False}, 'registered_name': None, 'build_config': {'input_shape': [None, 8, 8, 1280]}, 'name': 'top_bn', 'inbound_nodes': [{'args': [{'class_name': '__keras_tensor__', 'config': {'shape': [None, 8, 8, 1280], 'dtype': 'float32', 'keras_history': ['top_conv', 0, 0]}}], 'kwargs': {'mask': None}}]}, {'module': 'keras.layers', 'class_name': 'Activation', 'config': {'name': 'top_activation', 'trainable': True, 'dtype': {'module': 'keras', 'class_name': 'DTypePolicy', 'config': {'name': 'float32'}, 'registered_name': None}, 'activation': 'silu'}, 'registered_name': None, 'name': 'top_activation', 'inbound_nodes': [{'args': [{'class_name': '__keras_tensor__', 'config': {'shape': [None, 8, 8, 1280], 'dtype': 'float32', 'keras_history': ['top_bn', 0, 0]}}], 'kwargs': {}}]}], 'input_layers': ['input_layer_2', 0, 0], 'output_layers': ['top_activation', 0, 0]}, 'registered_name': 'Functional', 'build_config': {'input_shape': None}, 'compile_config': {}, 'name': 'efficientnetb1', 'inbound_nodes': [{'args': [{'class_name': '__keras_tensor__', 'config': {'shape': [None, 240, 240, 3], 'dtype': 'float32', 'keras_history': ['input_layer_3', 0, 0]}}], 'kwargs': {'training': False, 'mask': None}}]}, {'module': 'keras.layers', 'class_name': 'GlobalAveragePooling2D', 'config': {'name': 'global_average_pooling2d_1', 'trainable': True, 'dtype': {'module': 'keras', 'class_name': 'DTypePolicy', 'config': {'name': 'float32'}, 'registered_name': None}, 'data_format': 'channels_last', 'keepdims': False}, 'registered_name': None, 'name': 'global_average_pooling2d_1', 'inbound_nodes': [{'args': [{'class_name': '__keras_tensor__', 'config': {'shape': [None, 8, 8, 1280], 'dtype': 'float32', 'keras_history': ['efficientnetb1', 0, 0]}}], 'kwargs': {}}]}, {'module': 'keras.layers', 'class_name': 'BatchNormalization', 'config': {'name': 'batch_normalization_2', 'trainable': True, 'dtype': {'module': 'keras', 'class_name': 'DTypePolicy', 'config': {'name': 'float32'}, 'registered_name': None}, 'axis': -1, 'momentum': 0.99, 'epsilon': 0.001, 'center': True, 'scale': True, 'beta_initializer': {'module': 'keras.initializers', 'class_name': 'Zeros', 'config': {}, 'registered_name': None}, 'gamma_initializer': {'module': 'keras.initializers', 'class_name': 'Ones', 'config': {}, 'registered_name': None}, 'moving_mean_initializer': {'module': 'keras.initializers', 'class_name': 'Zeros', 'config': {}, 'registered_name': None}, 'moving_variance_initializer': {'module': 'keras.initializers', 'class_name': 'Ones', 'config': {}, 'registered_name': None}, 'beta_regularizer': None, 'gamma_regularizer': None, 'beta_constraint': None, 'gamma_constraint': None, 'synchronized': False}, 'registered_name': None, 'build_config': {'input_shape': [None, 1280]}, 'name': 'batch_normalization_2', 'inbound_nodes': [{'args': [{'class_name': '__keras_tensor__', 'config': {'shape': [None, 1280], 'dtype': 'float32', 'keras_history': ['global_average_pooling2d_1', 0, 0]}}], 'kwargs': {'mask': None}}]}, {'module': 'keras.layers', 'class_name': 'Dropout', 'config': {'name': 'dropout_2', 'trainable': True, 'dtype': {'module': 'keras', 'class_name': 'DTypePolicy', 'config': {'name': 'float32'}, 'registered_name': None}, 'rate': 0.4, 'seed': None, 'noise_shape': None}, 'registered_name': None, 'name': 'dropout_2', 'inbound_nodes': [{'args': [{'class_name': '__keras_tensor__', 'config': {'shape': [None, 1280], 'dtype': 'float32', 'keras_history': ['batch_normalization_2', 0, 0]}}], 'kwargs': {'training': False}}]}, {'module': 'keras.layers', 'class_name': 'Dense', 'config': {'name': 'dense_2', 'trainable': True, 'dtype': {'module': 'keras', 'class_name': 'DTypePolicy', 'config': {'name': 'float32'}, 'registered_name': None}, 'units': 128, 'activation': 'relu', 'use_bias': True, 'kernel_initializer': {'module': 'keras.initializers', 'class_name': 'GlorotUniform', 'config': {'seed': None}, 'registered_name': None}, 'bias_initializer': {'module': 'keras.initializers', 'class_name': 'Zeros', 'config': {}, 'registered_name': None}, 'kernel_regularizer': None, 'bias_regularizer': None, 'kernel_constraint': None, 'bias_constraint': None, 'quantization_config': None}, 'registered_name': None, 'build_config': {'input_shape': [None, 1280]}, 'name': 'dense_2', 'inbound_nodes': [{'args': [{'class_name': '__keras_tensor__', 'config': {'shape': [None, 1280], 'dtype': 'float32', 'keras_history': ['dropout_2', 0, 0]}}], 'kwargs': {}}]}, {'module': 'keras.layers', 'class_name': 'BatchNormalization', 'config': {'name': 'batch_normalization_3', 'trainable': True, 'dtype': {'module': 'keras', 'class_name': 'DTypePolicy', 'config': {'name': 'float32'}, 'registered_name': None}, 'axis': -1, 'momentum': 0.99, 'epsilon': 0.001, 'center': True, 'scale': True, 'beta_initializer': {'module': 'keras.initializers', 'class_name': 'Zeros', 'config': {}, 'registered_name': None}, 'gamma_initializer': {'module': 'keras.initializers', 'class_name': 'Ones', 'config': {}, 'registered_name': None}, 'moving_mean_initializer': {'module': 'keras.initializers', 'class_name': 'Zeros', 'config': {}, 'registered_name': None}, 'moving_variance_initializer': {'module': 'keras.initializers', 'class_name': 'Ones', 'config': {}, 'registered_name': None}, 'beta_regularizer': None, 'gamma_regularizer': None, 'beta_constraint': None, 'gamma_constraint': None, 'synchronized': False}, 'registered_name': None, 'build_config': {'input_shape': [None, 128]}, 'name': 'batch_normalization_3', 'inbound_nodes': [{'args': [{'class_name': '__keras_tensor__', 'config': {'shape': [None, 128], 'dtype': 'float32', 'keras_history': ['dense_2', 0, 0]}}], 'kwargs': {'mask': None}}]}, {'module': 'keras.layers', 'class_name': 'Dropout', 'config': {'name': 'dropout_3', 'trainable': True, 'dtype': {'module': 'keras', 'class_name': 'DTypePolicy', 'config': {'name': 'float32'}, 'registered_name': None}, 'rate': 0.3, 'seed': None, 'noise_shape': None}, 'registered_name': None, 'name': 'dropout_3', 'inbound_nodes': [{'args': [{'class_name': '__keras_tensor__', 'config': {'shape': [None, 128], 'dtype': 'float32', 'keras_history': ['batch_normalization_3', 0, 0]}}], 'kwargs': {'training': False}}]}, {'module': 'keras.layers', 'class_name': 'Dense', 'config': {'name': 'dense_3', 'trainable': True, 'dtype': {'module': 'keras', 'class_name': 'DTypePolicy', 'config': {'name': 'float32'}, 'registered_name': None}, 'units': 1, 'activation': 'sigmoid', 'use_bias': True, 'kernel_initializer': {'module': 'keras.initializers', 'class_name': 'GlorotUniform', 'config': {'seed': None}, 'registered_name': None}, 'bias_initializer': {'module': 'keras.initializers', 'class_name': 'Zeros', 'config': {}, 'registered_name': None}, 'kernel_regularizer': None, 'bias_regularizer': None, 'kernel_constraint': None, 'bias_constraint': None, 'quantization_config': None}, 'registered_name': None, 'build_config': {'input_shape': [None, 128]}, 'name': 'dense_3', 'inbound_nodes': [{'args': [{'class_name': '__keras_tensor__', 'config': {'shape': [None, 128], 'dtype': 'float32', 'keras_history': ['dropout_3', 0, 0]}}], 'kwargs': {}}]}], 'input_layers': ['input_layer_3', 0, 0], 'output_layers': ['dense_3', 0, 0]}, 'registered_name': 'Functional', 'build_config': {'input_shape': None}, 'compile_config': None}.

Exception encountered: <class 'keras.src.models.functional.Functional'> could not be deserialized properly. Please ensure that components that are Python object instances (layers, models, etc.) returned by `get_config()` are explicitly deserialized in the model's `from_config()` method.

config={'module': 'keras.src.models.functional', 'class_name': 'Functional', 'config': {'name': 'efficientnetb1', 'trainable': True, 'layers': [{'module': 'keras.layers', 'class_name': 'InputLayer', 'config': {'batch_shape': [None, 240, 240, 3], 'dtype': 'float32', 'sparse': False, 'ragged': False, 'name': 'input_layer_2', 'optional': False}, 'registered_name': None, 'name': 'input_layer_2', 'inbound_nodes': []}, {'module': 'keras.layers', 'class_name': 'Rescaling', 'config': {'name': 'rescaling_2', 'trainable': False, 'dtype': {'module': 'keras', 'class_name': 'DTypePolicy', 'config': {'name': 'float32'}, 'registered_name': None}, 'scale': 0.00392156862745098, 'offset': 0.0}, 'registered_name': None, 'build_config': {'input_shape': [None, 240, 240, 3]}, 'name': 'rescaling_2', 'inbound_nodes': [{'args': [{'class_name': '__keras_tensor__', 'config': {'shape': [None, 240, 240, 3], 'dtype': 'float32', 'keras_history': ['input_layer_2', 0, 0]}}], 'kwargs': {}}]}, {'module': 'keras.layers', 'class_name': 'Normalization', 'config': {'name': 'normalization_1', 'trainable': False, 'dtype': {'module': 'keras', 'class_name': 'DTypePolicy', 'config': {'name': 'float32'}, 'registered_name': None}, 'axis': [3], 'invert': False, 'mean': None, 'variance': None}, 'registered_name': None, 'build_config': {'input_shape': [None, 240, 240, 3]}, 'name': 'normalization_1', 'inbound_nodes': [{'args': [{'class_name': '__keras_tensor__', 'config': {'shape': [None, 240, 240, 3], 'dtype': 'float32', 'keras_history': ['rescaling_2', 0, 0]}}], 'kwargs': {}}]}, {'module': 'keras.layers', 'class_name': 'Rescaling', 'config': {'name': 'rescaling_3', 'trainable': False, 'dtype': {'module': 'keras', 'class_name': 'DTypePolicy', 'config': {'name': 'float32'}, 'registered_name': None}, 'scale': [2.0896918976428642, 2.1128856368212916, 2.1081851067789197], 'offset': 0.0}, 'registered_name': None, 'build_config': {'input_shape': [None, 240, 240, 3]}, 'name': 'rescaling_3', 'inbound_nodes': [{'args': [{'class_name': '__keras_tensor__', 'config': {'shape': [None, 240, 240, 3], 'dtype': 'float32', 'keras_history': ['normalization_1', 0, 0]}}], 'kwargs': {}}]}, {'module': 'keras.layers', 'class_name': 'ZeroPadding2D', 'config': {'name': 'stem_conv_pad', 'trainable': False, 'dtype': {'module': 'keras', 'class_name': 'DTypePolicy', 'config': {'name': 'float32'}, 'registered_name': None}, 'padding': [[0, 1], [0, 1]], 'data_format': 'channels_last'}, 'registered_name': None, 'build_config': {'input_shape': [None, 240, 240, 3]}, 'name': 'stem_conv_pad', 'inbound_nodes': [{'args': [{'class_name': '__keras_tensor__', 'config': {'shape': [None, 240, 240, 3], 'dtype': 'float32', 'keras_history': ['rescaling_3', 0, 0]}}], 'kwargs': {}}]}, {'module': 'keras.layers', 'class_name': 'Conv2D', 'config': {'name': 'stem_conv', 'trainable': False, 'dtype': {'module': 'keras', 'class_name': 'DTypePolicy', 'config': {'name': 'float32'}, 'registered_name': None}, 'filters': 32, 'kernel_size': [3, 3], 'strides': [2, 2], 'padding': 'valid', 'data_format': 'channels_last', 'dilation_rate': [1, 1], 'groups': 1, 'activation': 'linear', 'use_bias': False, 'kernel_initializer': {'module': 'keras.initializers', 'class_name': 'VarianceScaling', 'config': {'seed': None, 'scale': 2.0, 'mode': 'fan_out', 'distribution': 'truncated_normal'}, 'registered_name': None}, 'bias_initializer': {'module': 'keras.initializers', 'class_name': 'Zeros', 'config': {}, 'registered_name': None}, 'kernel_regularizer': None, 'bias_regularizer': None, 'activity_regularizer': None, 'kernel_constraint': None, 'bias_constraint': None}, 'registered_name': None, 'build_config': {'input_shape': [None, 241, 241, 3]}, 'name': 'stem_conv', 'inbound_nodes': [{'args': [{'class_name': '__keras_tensor__', 'config': {'shape': [None, 241, 241, 3], 'dtype': 'float32', 'keras_history': ['stem_conv_pad', 0, 0]}}], 'kwargs': {}}]}, {'module': 'keras.layers', 'class_name': 'BatchNormalization', 'config': {'name': 'stem_bn', 'trainable': False, 'dtype': {'module': 'keras', 'class_name': 'DTypePolicy', 'config': {'name': 'float32'}, 'registered_name': None}, 'axis': 3, 'momentum': 0.99, 'epsilon': 0.001, 'center': True, 'scale': True, 'beta_initializer': {'module': 'keras.initializers', 'class_name': 'Zeros', 'config': {}, 'registered_name': None}, 'gamma_initializer': {'module': 'keras.initializers', 'class_name': 'Ones', 'config': {}, 'registered_name': None}, 'moving_mean_initializer': {'module': 'keras.initializers', 'class_name': 'Zeros', 'config': {}, 'registered_name': None}, 'moving_variance_initializer': {'module': 'keras.initializers', 'class_name': 'Ones', 'config': {}, 'registered_name': None}, 'beta_regularizer': None, 'gamma_regularizer': None, 'beta_constraint': None, 'gamma_constraint': None, 'synchronized': False}, 'registered_name': None, 'build_config': {'input_shape': [None, 120, 120, 32]}, 'name': 'stem_bn', 'inbound_nodes': [{'args': [{'class_name': '__keras_tensor__', 'config': {'shape': [None, 120, 120, 32], 'dtype': 'float32', 'keras_history': ['stem_conv', 0, 0]}}], 'kwargs': {'mask': None}}]}, {'module': 'keras.layers', 'class_name': 'Activation', 'config': {'name': 'stem_activation', 'trainable': False, 'dtype': {'module': 'keras', 'class_name': 'DTypePolicy', 'config': {'name': 'float32'}, 'registered_name': None}, 'activation': 'silu'}, 'registered_name': None, 'name': 'stem_activation', 'inbound_nodes': [{'args': [{'class_name': '__keras_tensor__', 'config': {'shape': [None, 120, 120, 32], 'dtype': 'float32', 'keras_history': ['stem_bn', 0, 0]}}], 'kwargs': {}}]}, {'module': 'keras.layers', 'class_name': 'DepthwiseConv2D', 'config': {'name': 'block1a_dwconv', 'trainable': False, 'dtype': {'module': 'keras', 'class_name': 'DTypePolicy', 'config': {'name': 'float32'}, 'registered_name': None}, 'depth_multiplier': 1, 'kernel_size': [3, 3], 'strides': [1, 1], 'padding': 'same', 'data_format': 'channels_last', 'dilation_rate': [1, 1], 'activation': 'linear', 'use_bias': False, 'depthwise_initializer': {'module': 'keras.initializers', 'class_name': 'VarianceScaling', 'config': {'seed': None, 'scale': 2.0, 'mode': 'fan_out', 'distribution': 'truncated_normal'}, 'registered_name': None}, 'bias_initializer': {'module': 'keras.initializers', 'class_name': 'Zeros', 'config': {}, 'registered_name': None}, 'depthwise_regularizer': None, 'bias_regularizer': None, 'activity_regularizer': None, 'depthwise_constraint': None, 'bias_constraint': None}, 'registered_name': None, 'build_config': {'input_shape': [None, 120, 120, 32]}, 'name': 'block1a_dwconv', 'inbound_nodes': [{'args': [{'class_name': '__keras_tensor__', 'config': {'shape': [None, 120, 120, 32], 'dtype': 'float32', 'keras_history': ['stem_activation', 0, 0]}}], 'kwargs': {}}]}, {'module': 'keras.layers', 'class_name': 'BatchNormalization', 'config': {'name': 'block1a_bn', 'trainable': False, 'dtype': {'module': 'keras', 'class_name': 'DTypePolicy', 'config': {'name': 'float32'}, 'registered_name': None}, 'axis': 3, 'momentum': 0.99, 'epsilon': 0.001, 'center': True, 'scale': True, 'beta_initializer': {'module': 'keras.initializers', 'class_name': 'Zeros', 'config': {}, 'registered_name': None}, 'gamma_initializer': {'module': 'keras.initializers', 'class_name': 'Ones', 'config': {}, 'registered_name': None}, 'moving_mean_initializer': {'module': 'keras.initializers', 'class_name': 'Zeros', 'config': {}, 'registered_name': None}, 'moving_variance_initializer': {'module': 'keras.initializers', 'class_name': 'Ones', 'config': {}, 'registered_name': None}, 'beta_regularizer': None, 'gamma_regularizer': None, 'beta_constraint': None, 'gamma_constraint': None, 'synchronized': False}, 'registered_name': None, 'build_config': {'input_shape': [None, 120, 120, 32]}, 'name': 'block1a_bn', 'inbound_nodes': [{'args': [{'class_name': '__keras_tensor__', 'config': {'shape': [None, 120, 120, 32], 'dtype': 'float32', 'keras_history': ['block1a_dwconv', 0, 0]}}], 'kwargs': {'mask': None}}]}, {'module': 'keras.layers', 'class_name': 'Activation', 'config': {'name': 'block1a_activation', 'trainable': False, 'dtype': {'module': 'keras', 'class_name': 'DTypePolicy', 'config': {'name': 'float32'}, 'registered_name': None}, 'activation': 'silu'}, 'registered_name': None, 'name': 'block1a_activation', 'inbound_nodes': [{'args': [{'class_name': '__keras_tensor__', 'config': {'shape': [None, 120, 120, 32], 'dtype': 'float32', 'keras_history': ['block1a_bn', 0, 0]}}], 'kwargs': {}}]}, {'module': 'keras.layers', 'class_name': 'GlobalAveragePooling2D', 'config': {'name': 'block1a_se_squeeze', 'trainable': False, 'dtype': {'module': 'keras', 'class_name': 'DTypePolicy', 'config': {'name': 'float32'}, 'registered_name': None}, 'data_format': 'channels_last', 'keepdims': False}, 'registered_name': None, 'name': 'block1a_se_squeeze', 'inbound_nodes': [{'args': [{'class_name': '__keras_tensor__', 'config': {'shape': [None, 120, 120, 32], 'dtype': 'float32', 'keras_history': ['block1a_activation', 0, 0]}}], 'kwargs': {}}]}, {'module': 'keras.layers', 'class_name': 'Reshape', 'config': {'name': 'block1a_se_reshape', 'trainable': False, 'dtype': {'module': 'keras', 'class_name': 'DTypePolicy', 'config': {'name': 'float32'}, 'registered_name': None}, 'target_shape': [1, 1, 32]}, 'registered_name': None, 'name': 'block1a_se_reshape', 'inbound_nodes': [{'args': [{'class_name': '__keras_tensor__', 'config': {'shape': [None, 32], 'dtype': 'float32', 'keras_history': ['block1a_se_squeeze', 0, 0]}}], 'kwargs': {}}]}, {'module': 'keras.layers', 'class_name': 'Conv2D', 'config': {'name': 'block1a_se_reduce', 'trainable': False, 'dtype': {'module': 'keras', 'class_name': 'DTypePolicy', 'config': {'name': 'float32'}, 'registered_name': None}, 'filters': 8, 'kernel_size': [1, 1], 'strides': [1, 1], 'padding': 'same', 'data_format': 'channels_last', 'dilation_rate': [1, 1], 'groups': 1, 'activation': 'silu', 'use_bias': True, 'kernel_initializer': {'module': 'keras.initializers', 'class_name': 'VarianceScaling', 'config': {'seed': None, 'scale': 2.0, 'mode': 'fan_out', 'distribution': 'truncated_normal'}, 'registered_name': None}, 'bias_initializer': {'module': 'keras.initializers', 'class_name': 'Zeros', 'config': {}, 'registered_name': None}, 'kernel_regularizer': None, 'bias_regularizer': None, 'activity_regularizer': None, 'kernel_constraint': None, 'bias_constraint': None}, 'registered_name': None, 'build_config': {'input_shape': [None, 1, 1, 32]}, 'name': 'block1a_se_reduce', 'inbound_nodes': [{'args': [{'class_name': '__keras_tensor__', 'config': {'shape': [None, 1, 1, 32], 'dtype': 'float32', 'keras_history': ['block1a_se_reshape', 0, 0]}}], 'kwargs': {}}]}, {'module': 'keras.layers', 'class_name': 'Conv2D', 'config': {'name': 'block1a_se_expand', 'trainable': False, 'dtype': {'module': 'keras', 'class_name': 'DTypePolicy', 'config': {'name': 'float32'}, 'registered_name': None}, 'filters': 32, 'kernel_size': [1, 1], 'strides': [1, 1], 'padding': 'same', 'data_format': 'channels_last', 'dilation_rate': [1, 1], 'groups': 1, 'activation': 'sigmoid', 'use_bias': True, 'kernel_initializer': {'module': 'keras.initializers', 'class_name': 'VarianceScaling', 'config': {'seed': None, 'scale': 2.0, 'mode': 'fan_out', 'distribution': 'truncated_normal'}, 'registered_name': None}, 'bias_initializer': {'module': 'keras.initializers', 'class_name': 'Zeros', 'config': {}, 'registered_name': None}, 'kernel_regularizer': None, 'bias_regularizer': None, 'activity_regularizer': None, 'kernel_constraint': None, 'bias_constraint': None}, 'registered_name': None, 'build_config': {'input_shape': [None, 1, 1, 8]}, 'name': 'block1a_se_expand', 'inbound_nodes': [{'args': [{'class_name': '__keras_tensor__', 'config': {'shape': [None, 1, 1, 8], 'dtype': 'float32', 'keras_history': ['block1a_se_reduce', 0, 0]}}], 'kwargs': {}}]}, {'module': 'keras.layers', 'class_name': 'Multiply', 'config': {'name': 'block1a_se_excite', 'trainable': False, 'dtype': {'module': 'keras', 'class_name': 'DTypePolicy', 'config': {'name': 'float32'}, 'registered_name': None}}, 'registered_name': None, 'build_config': {'input_shape': [[None, 120, 120, 32], [None, 1, 1, 32]]}, 'name': 'block1a_se_excite', 'inbound_nodes': [{'args': [[{'class_name': '__keras_tensor__', 'config': {'shape': [None, 120, 120, 32], 'dtype': 'float32', 'keras_history': ['block1a_activation', 0, 0]}}, {'class_name': '__keras_tensor__', 'config': {'shape': [None, 1, 1, 32], 'dtype': 'float32', 'keras_history': ['block1a_se_expand', 0, 0]}}]], 'kwargs': {}}]}, {'module': 'keras.layers', 'class_name': 'Conv2D', 'config': {'name': 'block1a_project_conv', 'trainable': False, 'dtype': {'module': 'keras', 'class_name': 'DTypePolicy', 'config': {'name': 'float32'}, 'registered_name': None}, 'filters': 16, 'kernel_size': [1, 1], 'strides': [1, 1], 'padding': 'same', 'data_format': 'channels_last', 'dilation_rate': [1, 1], 'groups': 1, 'activation': 'linear', 'use_bias': False, 'kernel_initializer': {'module': 'keras.initializers', 'class_name': 'VarianceScaling', 'config': {'seed': None, 'scale': 2.0, 'mode': 'fan_out', 'distribution': 'truncated_normal'}, 'registered_name': None}, 'bias_initializer': {'module': 'keras.initializers', 'class_name': 'Zeros', 'config': {}, 'registered_name': None}, 'kernel_regularizer': None, 'bias_regularizer': None, 'activity_regularizer': None, 'kernel_constraint': None, 'bias_constraint': None}, 'registered_name': None, 'build_config': {'input_shape': [None, 120, 120, 32]}, 'name': 'block1a_project_conv', 'inbound_nodes': [{'args': [{'class_name': '__keras_tensor__', 'config': {'shape': [None, 120, 120, 32], 'dtype': 'float32', 'keras_history': ['block1a_se_excite', 0, 0]}}], 'kwargs': {}}]}, {'module': 'keras.layers', 'class_name': 'BatchNormalization', 'config': {'name': 'block1a_project_bn', 'trainable': False, 'dtype': {'module': 'keras', 'class_name': 'DTypePolicy', 'config': {'name': 'float32'}, 'registered_name': None}, 'axis': 3, 'momentum': 0.99, 'epsilon': 0.001, 'center': True, 'scale': True, 'beta_initializer': {'module': 'keras.initializers', 'class_name': 'Zeros', 'config': {}, 'registered_name': None}, 'gamma_initializer': {'module': 'keras.initializers', 'class_name': 'Ones', 'config': {}, 'registered_name': None}, 'moving_mean_initializer': {'module': 'keras.initializers', 'class_name': 'Zeros', 'config': {}, 'registered_name': None}, 'moving_variance_initializer': {'module': 'keras.initializers', 'class_name': 'Ones', 'config': {}, 'registered_name': None}, 'beta_regularizer': None, 'gamma_regularizer': None, 'beta_constraint': None, 'gamma_constraint': None, 'synchronized': False}, 'registered_name': None, 'build_config': {'input_shape': [None, 120, 120, 16]}, 'name': 'block1a_project_bn', 'inbound_nodes': [{'args': [{'class_name': '__keras_tensor__', 'config': {'shape': [None, 120, 120, 16], 'dtype': 'float32', 'keras_history': ['block1a_project_conv', 0, 0]}}], 'kwargs': {'mask': None}}]}, {'module': 'keras.layers', 'class_name': 'DepthwiseConv2D', 'config': {'name': 'block1b_dwconv', 'trainable': False, 'dtype': {'module': 'keras', 'class_name': 'DTypePolicy', 'config': {'name': 'float32'}, 'registered_name': None}, 'depth_multiplier': 1, 'kernel_size': [3, 3], 'strides': [1, 1], 'padding': 'same', 'data_format': 'channels_last', 'dilation_rate': [1, 1], 'activation': 'linear', 'use_bias': False, 'depthwise_initializer': {'module': 'keras.initializers', 'class_name': 'VarianceScaling', 'config': {'seed': None, 'scale': 2.0, 'mode': 'fan_out', 'distribution': 'truncated_normal'}, 'registered_name': None}, 'bias_initializer': {'module': 'keras.initializers', 'class_name': 'Zeros', 'config': {}, 'registered_name': None}, 'depthwise_regularizer': None, 'bias_regularizer': None, 'activity_regularizer': None, 'depthwise_constraint': None, 'bias_constraint': None}, 'registered_name': None, 'build_config': {'input_shape': [None, 120, 120, 16]}, 'name': 'block1b_dwconv', 'inbound_nodes': [{'args': [{'class_name': '__keras_tensor__', 'config': {'shape': [None, 120, 120, 16], 'dtype': 'float32', 'keras_history': ['block1a_project_bn', 0, 0]}}], 'kwargs': {}}]}, {'module': 'keras.layers', 'class_name': 'BatchNormalization', 'config': {'name': 'block1b_bn', 'trainable': False, 'dtype': {'module': 'keras', 'class_name': 'DTypePolicy', 'config': {'name': 'float32'}, 'registered_name': None}, 'axis': 3, 'momentum': 0.99, 'epsilon': 0.001, 'center': True, 'scale': True, 'beta_initializer': {'module': 'keras.initializers', 'class_name': 'Zeros', 'config': {}, 'registered_name': None}, 'gamma_initializer': {'module': 'keras.initializers', 'class_name': 'Ones', 'config': {}, 'registered_name': None}, 'moving_mean_initializer': {'module': 'keras.initializers', 'class_name': 'Zeros', 'config': {}, 'registered_name': None}, 'moving_variance_initializer': {'module': 'keras.initializers', 'class_name': 'Ones', 'config': {}, 'registered_name': None}, 'beta_regularizer': None, 'gamma_regularizer': None, 'beta_constraint': None, 'gamma_constraint': None, 'synchronized': False}, 'registered_name': None, 'build_config': {'input_shape': [None, 120, 120, 16]}, 'name': 'block1b_bn', 'inbound_nodes': [{'args': [{'class_name': '__keras_tensor__', 'config': {'shape': [None, 120, 120, 16], 'dtype': 'float32', 'keras_history': ['block1b_dwconv', 0, 0]}}], 'kwargs': {'mask': None}}]}, {'module': 'keras.layers', 'class_name': 'Activation', 'config': {'name': 'block1b_activation', 'trainable': False, 'dtype': {'module': 'keras', 'class_name': 'DTypePolicy', 'config': {'name': 'float32'}, 'registered_name': None}, 'activation': 'silu'}, 'registered_name': None, 'name': 'block1b_activation', 'inbound_nodes': [{'args': [{'class_name': '__keras_tensor__', 'config': {'shape': [None, 120, 120, 16], 'dtype': 'float32', 'keras_history': ['block1b_bn', 0, 0]}}], 'kwargs': {}}]}, {'module': 'keras.layers', 'class_name': 'GlobalAveragePooling2D', 'config': {'name': 'block1b_se_squeeze', 'trainable': False, 'dtype': {'module': 'keras', 'class_name': 'DTypePolicy', 'config': {'name': 'float32'}, 'registered_name': None}, 'data_format': 'channels_last', 'keepdims': False}, 'registered_name': None, 'name': 'block1b_se_squeeze', 'inbound_nodes': [{'args': [{'class_name': '__keras_tensor__', 'config': {'shape': [None, 120, 120, 16], 'dtype': 'float32', 'keras_history': ['block1b_activation', 0, 0]}}], 'kwargs': {}}]}, {'module': 'keras.layers', 'class_name': 'Reshape', 'config': {'name': 'block1b_se_reshape', 'trainable': False, 'dtype': {'module': 'keras', 'class_name': 'DTypePolicy', 'config': {'name': 'float32'}, 'registered_name': None}, 'target_shape': [1, 1, 16]}, 'registered_name': None, 'name': 'block1b_se_reshape', 'inbound_nodes': [{'args': [{'class_name': '__keras_tensor__', 'config': {'shape': [None, 16], 'dtype': 'float32', 'keras_history': ['block1b_se_squeeze', 0, 0]}}], 'kwargs': {}}]}, {'module': 'keras.layers', 'class_name': 'Conv2D', 'config': {'name': 'block1b_se_reduce', 'trainable': False, 'dtype': {'module': 'keras', 'class_name': 'DTypePolicy', 'config': {'name': 'float32'}, 'registered_name': None}, 'filters': 4, 'kernel_size': [1, 1], 'strides': [1, 1], 'padding': 'same', 'data_format': 'channels_last', 'dilation_rate': [1, 1], 'groups': 1, 'activation': 'silu', 'use_bias': True, 'kernel_initializer': {'module': 'keras.initializers', 'class_name': 'VarianceScaling', 'config': {'seed': None, 'scale': 2.0, 'mode': 'fan_out', 'distribution': 'truncated_normal'}, 'registered_name': None}, 'bias_initializer': {'module': 'keras.initializers', 'class_name': 'Zeros', 'config': {}, 'registered_name': None}, 'kernel_regularizer': None, 'bias_regularizer': None, 'activity_regularizer': None, 'kernel_constraint': None, 'bias_constraint': None}, 'registered_name': None, 'build_config': {'input_shape': [None, 1, 1, 16]}, 'name': 'block1b_se_reduce', 'inbound_nodes': [{'args': [{'class_name': '__keras_tensor__', 'config': {'shape': [None, 1, 1, 16], 'dtype': 'float32', 'keras_history': ['block1b_se_reshape', 0, 0]}}], 'kwargs': {}}]}, {'module': 'keras.layers', 'class_name': 'Conv2D', 'config': {'name': 'block1b_se_expand', 'trainable': False, 'dtype': {'module': 'keras', 'class_name': 'DTypePolicy', 'config': {'name': 'float32'}, 'registered_name': None}, 'filters': 16, 'kernel_size': [1, 1], 'strides': [1, 1], 'padding': 'same', 'data_format': 'channels_last', 'dilation_rate': [1, 1], 'groups': 1, 'activation': 'sigmoid', 'use_bias': True, 'kernel_initializer': {'module': 'keras.initializers', 'class_name': 'VarianceScaling', 'config': {'seed': None, 'scale': 2.0, 'mode': 'fan_out', 'distribution': 'truncated_normal'}, 'registered_name': None}, 'bias_initializer': {'module': 'keras.initializers', 'class_name': 'Zeros', 'config': {}, 'registered_name': None}, 'kernel_regularizer': None, 'bias_regularizer': None, 'activity_regularizer': None, 'kernel_constraint': None, 'bias_constraint': None}, 'registered_name': None, 'build_config': {'input_shape': [None, 1, 1, 4]}, 'name': 'block1b_se_expand', 'inbound_nodes': [{'args': [{'class_name': '__keras_tensor__', 'config': {'shape': [None, 1, 1, 4], 'dtype': 'float32', 'keras_history': ['block1b_se_reduce', 0, 0]}}], 'kwargs': {}}]}, {'module': 'keras.layers', 'class_name': 'Multiply', 'config': {'name': 'block1b_se_excite', 'trainable': False, 'dtype': {'module': 'keras', 'class_name': 'DTypePolicy', 'config': {'name': 'float32'}, 'registered_name': None}}, 'registered_name': None, 'build_config': {'input_shape': [[None, 120, 120, 16], [None, 1, 1, 16]]}, 'name': 'block1b_se_excite', 'inbound_nodes': [{'args': [[{'class_name': '__keras_tensor__', 'config': {'shape': [None, 120, 120, 16], 'dtype': 'float32', 'keras_history': ['block1b_activation', 0, 0]}}, {'class_name': '__keras_tensor__', 'config': {'shape': [None, 1, 1, 16], 'dtype': 'float32', 'keras_history': ['block1b_se_expand', 0, 0]}}]], 'kwargs': {}}]}, {'module': 'keras.layers', 'class_name': 'Conv2D', 'config': {'name': 'block1b_project_conv', 'trainable': False, 'dtype': {'module': 'keras', 'class_name': 'DTypePolicy', 'config': {'name': 'float32'}, 'registered_name': None}, 'filters': 16, 'kernel_size': [1, 1], 'strides': [1, 1], 'padding': 'same', 'data_format': 'channels_last', 'dilation_rate': [1, 1], 'groups': 1, 'activation': 'linear', 'use_bias': False, 'kernel_initializer': {'module': 'keras.initializers', 'class_name': 'VarianceScaling', 'config': {'seed': None, 'scale': 2.0, 'mode': 'fan_out', 'distribution': 'truncated_normal'}, 'registered_name': None}, 'bias_initializer': {'module': 'keras.initializers', 'class_name': 'Zeros', 'config': {}, 'registered_name': None}, 'kernel_regularizer': None, 'bias_regularizer': None, 'activity_regularizer': None, 'kernel_constraint': None, 'bias_constraint': None}, 'registered_name': None, 'build_config': {'input_shape': [None, 120, 120, 16]}, 'name': 'block1b_project_conv', 'inbound_nodes': [{'args': [{'class_name': '__keras_tensor__', 'config': {'shape': [None, 120, 120, 16], 'dtype': 'float32', 'keras_history': ['block1b_se_excite', 0, 0]}}], 'kwargs': {}}]}, {'module': 'keras.layers', 'class_name': 'BatchNormalization', 'config': {'name': 'block1b_project_bn', 'trainable': False, 'dtype': {'module': 'keras', 'class_name': 'DTypePolicy', 'config': {'name': 'float32'}, 'registered_name': None}, 'axis': 3, 'momentum': 0.99, 'epsilon': 0.001, 'center': True, 'scale': True, 'beta_initializer': {'module': 'keras.initializers', 'class_name': 'Zeros', 'config': {}, 'registered_name': None}, 'gamma_initializer': {'module': 'keras.initializers', 'class_name': 'Ones', 'config': {}, 'registered_name': None}, 'moving_mean_initializer': {'module': 'keras.initializers', 'class_name': 'Zeros', 'config': {}, 'registered_name': None}, 'moving_variance_initializer': {'module': 'keras.initializers', 'class_name': 'Ones', 'config': {}, 'registered_name': None}, 'beta_regularizer': None, 'gamma_regularizer': None, 'beta_constraint': None, 'gamma_constraint': None, 'synchronized': False}, 'registered_name': None, 'build_config': {'input_shape': [None, 120, 120, 16]}, 'name': 'block1b_project_bn', 'inbound_nodes': [{'args': [{'class_name': '__keras_tensor__', 'config': {'shape': [None, 120, 120, 16], 'dtype': 'float32', 'keras_history': ['block1b_project_conv', 0, 0]}}], 'kwargs': {'mask': None}}]}, {'module': 'keras.layers', 'class_name': 'Dropout', 'config': {'name': 'block1b_drop', 'trainable': False, 'dtype': {'module': 'keras', 'class_name': 'DTypePolicy', 'config': {'name': 'float32'}, 'registered_name': None}, 'rate': 0.008695652173913044, 'seed': None, 'noise_shape': [None, 1, 1, 1]}, 'registered_name': None, 'name': 'block1b_drop', 'inbound_nodes': [{'args': [{'class_name': '__keras_tensor__', 'config': {'shape': [None, 120, 120, 16], 'dtype': 'float32', 'keras_history': ['block1b_project_bn', 0, 0]}}], 'kwargs': {'training': False}}]}, {'module': 'keras.layers', 'class_name': 'Add', 'config': {'name': 'block1b_add', 'trainable': False, 'dtype': {'module': 'keras', 'class_name': 'DTypePolicy', 'config': {'name': 'float32'}, 'registered_name': None}}, 'registered_name': None, 'build_config': {'input_shape': [[None, 120, 120, 16], [None, 120, 120, 16]]}, 'name': 'block1b_add', 'inbound_nodes': [{'args': [[{'class_name': '__keras_tensor__', 'config': {'shape': [None, 120, 120, 16], 'dtype': 'float32', 'keras_history': ['block1b_drop', 0, 0]}}, {'class_name': '__keras_tensor__', 'config': {'shape': [None, 120, 120, 16], 'dtype': 'float32', 'keras_history': ['block1a_project_bn', 0, 0]}}]], 'kwargs': {}}]}, {'module': 'keras.layers', 'class_name': 'Conv2D', 'config': {'name': 'block2a_expand_conv', 'trainable': False, 'dtype': {'module': 'keras', 'class_name': 'DTypePolicy', 'config': {'name': 'float32'}, 'registered_name': None}, 'filters': 96, 'kernel_size': [1, 1], 'strides': [1, 1], 'padding': 'same', 'data_format': 'channels_last', 'dilation_rate': [1, 1], 'groups': 1, 'activation': 'linear', 'use_bias': False, 'kernel_initializer': {'module': 'keras.initializers', 'class_name': 'VarianceScaling', 'config': {'seed': None, 'scale': 2.0, 'mode': 'fan_out', 'distribution': 'truncated_normal'}, 'registered_name': None}, 'bias_initializer': {'module': 'keras.initializers', 'class_name': 'Zeros', 'config': {}, 'registered_name': None}, 'kernel_regularizer': None, 'bias_regularizer': None, 'activity_regularizer': None, 'kernel_constraint': None, 'bias_constraint': None}, 'registered_name': None, 'build_config': {'input_shape': [None, 120, 120, 16]}, 'name': 'block2a_expand_conv', 'inbound_nodes': [{'args': [{'class_name': '__keras_tensor__', 'config': {'shape': [None, 120, 120, 16], 'dtype': 'float32', 'keras_history': ['block1b_add', 0, 0]}}], 'kwargs': {}}]}, {'module': 'keras.layers', 'class_name': 'BatchNormalization', 'config': {'name': 'block2a_expand_bn', 'trainable': False, 'dtype': {'module': 'keras', 'class_name': 'DTypePolicy', 'config': {'name': 'float32'}, 'registered_name': None}, 'axis': 3, 'momentum': 0.99, 'epsilon': 0.001, 'center': True, 'scale': True, 'beta_initializer': {'module': 'keras.initializers', 'class_name': 'Zeros', 'config': {}, 'registered_name': None}, 'gamma_initializer': {'module': 'keras.initializers', 'class_name': 'Ones', 'config': {}, 'registered_name': None}, 'moving_mean_initializer': {'module': 'keras.initializers', 'class_name': 'Zeros', 'config': {}, 'registered_name': None}, 'moving_variance_initializer': {'module': 'keras.initializers', 'class_name': 'Ones', 'config': {}, 'registered_name': None}, 'beta_regularizer': None, 'gamma_regularizer': None, 'beta_constraint': None, 'gamma_constraint': None, 'synchronized': False}, 'registered_name': None, 'build_config': {'input_shape': [None, 120, 120, 96]}, 'name': 'block2a_expand_bn', 'inbound_nodes': [{'args': [{'class_name': '__keras_tensor__', 'config': {'shape': [None, 120, 120, 96], 'dtype': 'float32', 'keras_history': ['block2a_expand_conv', 0, 0]}}], 'kwargs': {'mask': None}}]}, {'module': 'keras.layers', 'class_name': 'Activation', 'config': {'name': 'block2a_expand_activation', 'trainable': False, 'dtype': {'module': 'keras', 'class_name': 'DTypePolicy', 'config': {'name': 'float32'}, 'registered_name': None}, 'activation': 'silu'}, 'registered_name': None, 'name': 'block2a_expand_activation', 'inbound_nodes': [{'args': [{'class_name': '__keras_tensor__', 'config': {'shape': [None, 120, 120, 96], 'dtype': 'float32', 'keras_history': ['block2a_expand_bn', 0, 0]}}], 'kwargs': {}}]}, {'module': 'keras.layers', 'class_name': 'ZeroPadding2D', 'config': {'name': 'block2a_dwconv_pad', 'trainable': False, 'dtype': {'module': 'keras', 'class_name': 'DTypePolicy', 'config': {'name': 'float32'}, 'registered_name': None}, 'padding': [[0, 1], [0, 1]], 'data_format': 'channels_last'}, 'registered_name': None, 'build_config': {'input_shape': [None, 120, 120, 96]}, 'name': 'block2a_dwconv_pad', 'inbound_nodes': [{'args': [{'class_name': '__keras_tensor__', 'config': {'shape': [None, 120, 120, 96], 'dtype': 'float32', 'keras_history': ['block2a_expand_activation', 0, 0]}}], 'kwargs': {}}]}, {'module': 'keras.layers', 'class_name': 'DepthwiseConv2D', 'config': {'name': 'block2a_dwconv', 'trainable': False, 'dtype': {'module': 'keras', 'class_name': 'DTypePolicy', 'config': {'name': 'float32'}, 'registered_name': None}, 'depth_multiplier': 1, 'kernel_size': [3, 3], 'strides': [2, 2], 'padding': 'valid', 'data_format': 'channels_last', 'dilation_rate': [1, 1], 'activation': 'linear', 'use_bias': False, 'depthwise_initializer': {'module': 'keras.initializers', 'class_name': 'VarianceScaling', 'config': {'seed': None, 'scale': 2.0, 'mode': 'fan_out', 'distribution': 'truncated_normal'}, 'registered_name': None}, 'bias_initializer': {'module': 'keras.initializers', 'class_name': 'Zeros', 'config': {}, 'registered_name': None}, 'depthwise_regularizer': None, 'bias_regularizer': None, 'activity_regularizer': None, 'depthwise_constraint': None, 'bias_constraint': None}, 'registered_name': None, 'build_config': {'input_shape': [None, 121, 121, 96]}, 'name': 'block2a_dwconv', 'inbound_nodes': [{'args': [{'class_name': '__keras_tensor__', 'config': {'shape': [None, 121, 121, 96], 'dtype': 'float32', 'keras_history': ['block2a_dwconv_pad', 0, 0]}}], 'kwargs': {}}]}, {'module': 'keras.layers', 'class_name': 'BatchNormalization', 'config': {'name': 'block2a_bn', 'trainable': False, 'dtype': {'module': 'keras', 'class_name': 'DTypePolicy', 'config': {'name': 'float32'}, 'registered_name': None}, 'axis': 3, 'momentum': 0.99, 'epsilon': 0.001, 'center': True, 'scale': True, 'beta_initializer': {'module': 'keras.initializers', 'class_name': 'Zeros', 'config': {}, 'registered_name': None}, 'gamma_initializer': {'module': 'keras.initializers', 'class_name': 'Ones', 'config': {}, 'registered_name': None}, 'moving_mean_initializer': {'module': 'keras.initializers', 'class_name': 'Zeros', 'config': {}, 'registered_name': None}, 'moving_variance_initializer': {'module': 'keras.initializers', 'class_name': 'Ones', 'config': {}, 'registered_name': None}, 'beta_regularizer': None, 'gamma_regularizer': None, 'beta_constraint': None, 'gamma_constraint': None, 'synchronized': False}, 'registered_name': None, 'build_config': {'input_shape': [None, 60, 60, 96]}, 'name': 'block2a_bn', 'inbound_nodes': [{'args': [{'class_name': '__keras_tensor__', 'config': {'shape': [None, 60, 60, 96], 'dtype': 'float32', 'keras_history': ['block2a_dwconv', 0, 0]}}], 'kwargs': {'mask': None}}]}, {'module': 'keras.layers', 'class_name': 'Activation', 'config': {'name': 'block2a_activation', 'trainable': False, 'dtype': {'module': 'keras', 'class_name': 'DTypePolicy', 'config': {'name': 'float32'}, 'registered_name': None}, 'activation': 'silu'}, 'registered_name': None, 'name': 'block2a_activation', 'inbound_nodes': [{'args': [{'class_name': '__keras_tensor__', 'config': {'shape': [None, 60, 60, 96], 'dtype': 'float32', 'keras_history': ['block2a_bn', 0, 0]}}], 'kwargs': {}}]}, {'module': 'keras.layers', 'class_name': 'GlobalAveragePooling2D', 'config': {'name': 'block2a_se_squeeze', 'trainable': False, 'dtype': {'module': 'keras', 'class_name': 'DTypePolicy', 'config': {'name': 'float32'}, 'registered_name': None}, 'data_format': 'channels_last', 'keepdims': False}, 'registered_name': None, 'name': 'block2a_se_squeeze', 'inbound_nodes': [{'args': [{'class_name': '__keras_tensor__', 'config': {'shape': [None, 60, 60, 96], 'dtype': 'float32', 'keras_history': ['block2a_activation', 0, 0]}}], 'kwargs': {}}]}, {'module': 'keras.layers', 'class_name': 'Reshape', 'config': {'name': 'block2a_se_reshape', 'trainable': False, 'dtype': {'module': 'keras', 'class_name': 'DTypePolicy', 'config': {'name': 'float32'}, 'registered_name': None}, 'target_shape': [1, 1, 96]}, 'registered_name': None, 'name': 'block2a_se_reshape', 'inbound_nodes': [{'args': [{'class_name': '__keras_tensor__', 'config': {'shape': [None, 96], 'dtype': 'float32', 'keras_history': ['block2a_se_squeeze', 0, 0]}}], 'kwargs': {}}]}, {'module': 'keras.layers', 'class_name': 'Conv2D', 'config': {'name': 'block2a_se_reduce', 'trainable': False, 'dtype': {'module': 'keras', 'class_name': 'DTypePolicy', 'config': {'name': 'float32'}, 'registered_name': None}, 'filters': 4, 'kernel_size': [1, 1], 'strides': [1, 1], 'padding': 'same', 'data_format': 'channels_last', 'dilation_rate': [1, 1], 'groups': 1, 'activation': 'silu', 'use_bias': True, 'kernel_initializer': {'module': 'keras.initializers', 'class_name': 'VarianceScaling', 'config': {'seed': None, 'scale': 2.0, 'mode': 'fan_out', 'distribution': 'truncated_normal'}, 'registered_name': None}, 'bias_initializer': {'module': 'keras.initializers', 'class_name': 'Zeros', 'config': {}, 'registered_name': None}, 'kernel_regularizer': None, 'bias_regularizer': None, 'activity_regularizer': None, 'kernel_constraint': None, 'bias_constraint': None}, 'registered_name': None, 'build_config': {'input_shape': [None, 1, 1, 96]}, 'name': 'block2a_se_reduce', 'inbound_nodes': [{'args': [{'class_name': '__keras_tensor__', 'config': {'shape': [None, 1, 1, 96], 'dtype': 'float32', 'keras_history': ['block2a_se_reshape', 0, 0]}}], 'kwargs': {}}]}, {'module': 'keras.layers', 'class_name': 'Conv2D', 'config': {'name': 'block2a_se_expand', 'trainable': False, 'dtype': {'module': 'keras', 'class_name': 'DTypePolicy', 'config': {'name': 'float32'}, 'registered_name': None}, 'filters': 96, 'kernel_size': [1, 1], 'strides': [1, 1], 'padding': 'same', 'data_format': 'channels_last', 'dilation_rate': [1, 1], 'groups': 1, 'activation': 'sigmoid', 'use_bias': True, 'kernel_initializer': {'module': 'keras.initializers', 'class_name': 'VarianceScaling', 'config': {'seed': None, 'scale': 2.0, 'mode': 'fan_out', 'distribution': 'truncated_normal'}, 'registered_name': None}, 'bias_initializer': {'module': 'keras.initializers', 'class_name': 'Zeros', 'config': {}, 'registered_name': None}, 'kernel_regularizer': None, 'bias_regularizer': None, 'activity_regularizer': None, 'kernel_constraint': None, 'bias_constraint': None}, 'registered_name': None, 'build_config': {'input_shape': [None, 1, 1, 4]}, 'name': 'block2a_se_expand', 'inbound_nodes': [{'args': [{'class_name': '__keras_tensor__', 'config': {'shape': [None, 1, 1, 4], 'dtype': 'float32', 'keras_history': ['block2a_se_reduce', 0, 0]}}], 'kwargs': {}}]}, {'module': 'keras.layers', 'class_name': 'Multiply', 'config': {'name': 'block2a_se_excite', 'trainable': False, 'dtype': {'module': 'keras', 'class_name': 'DTypePolicy', 'config': {'name': 'float32'}, 'registered_name': None}}, 'registered_name': None, 'build_config': {'input_shape': [[None, 60, 60, 96], [None, 1, 1, 96]]}, 'name': 'block2a_se_excite', 'inbound_nodes': [{'args': [[{'class_name': '__keras_tensor__', 'config': {'shape': [None, 60, 60, 96], 'dtype': 'float32', 'keras_history': ['block2a_activation', 0, 0]}}, {'class_name': '__keras_tensor__', 'config': {'shape': [None, 1, 1, 96], 'dtype': 'float32', 'keras_history': ['block2a_se_expand', 0, 0]}}]], 'kwargs': {}}]}, {'module': 'keras.layers', 'class_name': 'Conv2D', 'config': {'name': 'block2a_project_conv', 'trainable': False, 'dtype': {'module': 'keras', 'class_name': 'DTypePolicy', 'config': {'name': 'float32'}, 'registered_name': None}, 'filters': 24, 'kernel_size': [1, 1], 'strides': [1, 1], 'padding': 'same', 'data_format': 'channels_last', 'dilation_rate': [1, 1], 'groups': 1, 'activation': 'linear', 'use_bias': False, 'kernel_initializer': {'module': 'keras.initializers', 'class_name': 'VarianceScaling', 'config': {'seed': None, 'scale': 2.0, 'mode': 'fan_out', 'distribution': 'truncated_normal'}, 'registered_name': None}, 'bias_initializer': {'module': 'keras.initializers', 'class_name': 'Zeros', 'config': {}, 'registered_name': None}, 'kernel_regularizer': None, 'bias_regularizer': None, 'activity_regularizer': None, 'kernel_constraint': None, 'bias_constraint': None}, 'registered_name': None, 'build_config': {'input_shape': [None, 60, 60, 96]}, 'name': 'block2a_project_conv', 'inbound_nodes': [{'args': [{'class_name': '__keras_tensor__', 'config': {'shape': [None, 60, 60, 96], 'dtype': 'float32', 'keras_history': ['block2a_se_excite', 0, 0]}}], 'kwargs': {}}]}, {'module': 'keras.layers', 'class_name': 'BatchNormalization', 'config': {'name': 'block2a_project_bn', 'trainable': False, 'dtype': {'module': 'keras', 'class_name': 'DTypePolicy', 'config': {'name': 'float32'}, 'registered_name': None}, 'axis': 3, 'momentum': 0.99, 'epsilon': 0.001, 'center': True, 'scale': True, 'beta_initializer': {'module': 'keras.initializers', 'class_name': 'Zeros', 'config': {}, 'registered_name': None}, 'gamma_initializer': {'module': 'keras.initializers', 'class_name': 'Ones', 'config': {}, 'registered_name': None}, 'moving_mean_initializer': {'module': 'keras.initializers', 'class_name': 'Zeros', 'config': {}, 'registered_name': None}, 'moving_variance_initializer': {'module': 'keras.initializers', 'class_name': 'Ones', 'config': {}, 'registered_name': None}, 'beta_regularizer': None, 'gamma_regularizer': None, 'beta_constraint': None, 'gamma_constraint': None, 'synchronized': False}, 'registered_name': None, 'build_config': {'input_shape': [None, 60, 60, 24]}, 'name': 'block2a_project_bn', 'inbound_nodes': [{'args': [{'class_name': '__keras_tensor__', 'config': {'shape': [None, 60, 60, 24], 'dtype': 'float32', 'keras_history': ['block2a_project_conv', 0, 0]}}], 'kwargs': {'mask': None}}]}, {'module': 'keras.layers', 'class_name': 'Conv2D', 'config': {'name': 'block2b_expand_conv', 'trainable': False, 'dtype': {'module': 'keras', 'class_name': 'DTypePolicy', 'config': {'name': 'float32'}, 'registered_name': None}, 'filters': 144, 'kernel_size': [1, 1], 'strides': [1, 1], 'padding': 'same', 'data_format': 'channels_last', 'dilation_rate': [1, 1], 'groups': 1, 'activation': 'linear', 'use_bias': False, 'kernel_initializer': {'module': 'keras.initializers', 'class_name': 'VarianceScaling', 'config': {'seed': None, 'scale': 2.0, 'mode': 'fan_out', 'distribution': 'truncated_normal'}, 'registered_name': None}, 'bias_initializer': {'module': 'keras.initializers', 'class_name': 'Zeros', 'config': {}, 'registered_name': None}, 'kernel_regularizer': None, 'bias_regularizer': None, 'activity_regularizer': None, 'kernel_constraint': None, 'bias_constraint': None}, 'registered_name': None, 'build_config': {'input_shape': [None, 60, 60, 24]}, 'name': 'block2b_expand_conv', 'inbound_nodes': [{'args': [{'class_name': '__keras_tensor__', 'config': {'shape': [None, 60, 60, 24], 'dtype': 'float32', 'keras_history': ['block2a_project_bn', 0, 0]}}], 'kwargs': {}}]}, {'module': 'keras.layers', 'class_name': 'BatchNormalization', 'config': {'name': 'block2b_expand_bn', 'trainable': False, 'dtype': {'module': 'keras', 'class_name': 'DTypePolicy', 'config': {'name': 'float32'}, 'registered_name': None}, 'axis': 3, 'momentum': 0.99, 'epsilon': 0.001, 'center': True, 'scale': True, 'beta_initializer': {'module': 'keras.initializers', 'class_name': 'Zeros', 'config': {}, 'registered_name': None}, 'gamma_initializer': {'module': 'keras.initializers', 'class_name': 'Ones', 'config': {}, 'registered_name': None}, 'moving_mean_initializer': {'module': 'keras.initializers', 'class_name': 'Zeros', 'config': {}, 'registered_name': None}, 'moving_variance_initializer': {'module': 'keras.initializers', 'class_name': 'Ones', 'config': {}, 'registered_name': None}, 'beta_regularizer': None, 'gamma_regularizer': None, 'beta_constraint': None, 'gamma_constraint': None, 'synchronized': False}, 'registered_name': None, 'build_config': {'input_shape': [None, 60, 60, 144]}, 'name': 'block2b_expand_bn', 'inbound_nodes': [{'args': [{'class_name': '__keras_tensor__', 'config': {'shape': [None, 60, 60, 144], 'dtype': 'float32', 'keras_history': ['block2b_expand_conv', 0, 0]}}], 'kwargs': {'mask': None}}]}, {'module': 'keras.layers', 'class_name': 'Activation', 'config': {'name': 'block2b_expand_activation', 'trainable': False, 'dtype': {'module': 'keras', 'class_name': 'DTypePolicy', 'config': {'name': 'float32'}, 'registered_name': None}, 'activation': 'silu'}, 'registered_name': None, 'name': 'block2b_expand_activation', 'inbound_nodes': [{'args': [{'class_name': '__keras_tensor__', 'config': {'shape': [None, 60, 60, 144], 'dtype': 'float32', 'keras_history': ['block2b_expand_bn', 0, 0]}}], 'kwargs': {}}]}, {'module': 'keras.layers', 'class_name': 'DepthwiseConv2D', 'config': {'name': 'block2b_dwconv', 'trainable': False, 'dtype': {'module': 'keras', 'class_name': 'DTypePolicy', 'config': {'name': 'float32'}, 'registered_name': None}, 'depth_multiplier': 1, 'kernel_size': [3, 3], 'strides': [1, 1], 'padding': 'same', 'data_format': 'channels_last', 'dilation_rate': [1, 1], 'activation': 'linear', 'use_bias': False, 'depthwise_initializer': {'module': 'keras.initializers', 'class_name': 'VarianceScaling', 'config': {'seed': None, 'scale': 2.0, 'mode': 'fan_out', 'distribution': 'truncated_normal'}, 'registered_name': None}, 'bias_initializer': {'module': 'keras.initializers', 'class_name': 'Zeros', 'config': {}, 'registered_name': None}, 'depthwise_regularizer': None, 'bias_regularizer': None, 'activity_regularizer': None, 'depthwise_constraint': None, 'bias_constraint': None}, 'registered_name': None, 'build_config': {'input_shape': [None, 60, 60, 144]}, 'name': 'block2b_dwconv', 'inbound_nodes': [{'args': [{'class_name': '__keras_tensor__', 'config': {'shape': [None, 60, 60, 144], 'dtype': 'float32', 'keras_history': ['block2b_expand_activation', 0, 0]}}], 'kwargs': {}}]}, {'module': 'keras.layers', 'class_name': 'BatchNormalization', 'config': {'name': 'block2b_bn', 'trainable': False, 'dtype': {'module': 'keras', 'class_name': 'DTypePolicy', 'config': {'name': 'float32'}, 'registered_name': None}, 'axis': 3, 'momentum': 0.99, 'epsilon': 0.001, 'center': True, 'scale': True, 'beta_initializer': {'module': 'keras.initializers', 'class_name': 'Zeros', 'config': {}, 'registered_name': None}, 'gamma_initializer': {'module': 'keras.initializers', 'class_name': 'Ones', 'config': {}, 'registered_name': None}, 'moving_mean_initializer': {'module': 'keras.initializers', 'class_name': 'Zeros', 'config': {}, 'registered_name': None}, 'moving_variance_initializer': {'module': 'keras.initializers', 'class_name': 'Ones', 'config': {}, 'registered_name': None}, 'beta_regularizer': None, 'gamma_regularizer': None, 'beta_constraint': None, 'gamma_constraint': None, 'synchronized': False}, 'registered_name': None, 'build_config': {'input_shape': [None, 60, 60, 144]}, 'name': 'block2b_bn', 'inbound_nodes': [{'args': [{'class_name': '__keras_tensor__', 'config': {'shape': [None, 60, 60, 144], 'dtype': 'float32', 'keras_history': ['block2b_dwconv', 0, 0]}}], 'kwargs': {'mask': None}}]}, {'module': 'keras.layers', 'class_name': 'Activation', 'config': {'name': 'block2b_activation', 'trainable': False, 'dtype': {'module': 'keras', 'class_name': 'DTypePolicy', 'config': {'name': 'float32'}, 'registered_name': None}, 'activation': 'silu'}, 'registered_name': None, 'name': 'block2b_activation', 'inbound_nodes': [{'args': [{'class_name': '__keras_tensor__', 'config': {'shape': [None, 60, 60, 144], 'dtype': 'float32', 'keras_history': ['block2b_bn', 0, 0]}}], 'kwargs': {}}]}, {'module': 'keras.layers', 'class_name': 'GlobalAveragePooling2D', 'config': {'name': 'block2b_se_squeeze', 'trainable': False, 'dtype': {'module': 'keras', 'class_name': 'DTypePolicy', 'config': {'name': 'float32'}, 'registered_name': None}, 'data_format': 'channels_last', 'keepdims': False}, 'registered_name': None, 'name': 'block2b_se_squeeze', 'inbound_nodes': [{'args': [{'class_name': '__keras_tensor__', 'config': {'shape': [None, 60, 60, 144], 'dtype': 'float32', 'keras_history': ['block2b_activation', 0, 0]}}], 'kwargs': {}}]}, {'module': 'keras.layers', 'class_name': 'Reshape', 'config': {'name': 'block2b_se_reshape', 'trainable': False, 'dtype': {'module': 'keras', 'class_name': 'DTypePolicy', 'config': {'name': 'float32'}, 'registered_name': None}, 'target_shape': [1, 1, 144]}, 'registered_name': None, 'name': 'block2b_se_reshape', 'inbound_nodes': [{'args': [{'class_name': '__keras_tensor__', 'config': {'shape': [None, 144], 'dtype': 'float32', 'keras_history': ['block2b_se_squeeze', 0, 0]}}], 'kwargs': {}}]}, {'module': 'keras.layers', 'class_name': 'Conv2D', 'config': {'name': 'block2b_se_reduce', 'trainable': False, 'dtype': {'module': 'keras', 'class_name': 'DTypePolicy', 'config': {'name': 'float32'}, 'registered_name': None}, 'filters': 6, 'kernel_size': [1, 1], 'strides': [1, 1], 'padding': 'same', 'data_format': 'channels_last', 'dilation_rate': [1, 1], 'groups': 1, 'activation': 'silu', 'use_bias': True, 'kernel_initializer': {'module': 'keras.initializers', 'class_name': 'VarianceScaling', 'config': {'seed': None, 'scale': 2.0, 'mode': 'fan_out', 'distribution': 'truncated_normal'}, 'registered_name': None}, 'bias_initializer': {'module': 'keras.initializers', 'class_name': 'Zeros', 'config': {}, 'registered_name': None}, 'kernel_regularizer': None, 'bias_regularizer': None, 'activity_regularizer': None, 'kernel_constraint': None, 'bias_constraint': None}, 'registered_name': None, 'build_config': {'input_shape': [None, 1, 1, 144]}, 'name': 'block2b_se_reduce', 'inbound_nodes': [{'args': [{'class_name': '__keras_tensor__', 'config': {'shape': [None, 1, 1, 144], 'dtype': 'float32', 'keras_history': ['block2b_se_reshape', 0, 0]}}], 'kwargs': {}}]}, {'module': 'keras.layers', 'class_name': 'Conv2D', 'config': {'name': 'block2b_se_expand', 'trainable': False, 'dtype': {'module': 'keras', 'class_name': 'DTypePolicy', 'config': {'name': 'float32'}, 'registered_name': None}, 'filters': 144, 'kernel_size': [1, 1], 'strides': [1, 1], 'padding': 'same', 'data_format': 'channels_last', 'dilation_rate': [1, 1], 'groups': 1, 'activation': 'sigmoid', 'use_bias': True, 'kernel_initializer': {'module': 'keras.initializers', 'class_name': 'VarianceScaling', 'config': {'seed': None, 'scale': 2.0, 'mode': 'fan_out', 'distribution': 'truncated_normal'}, 'registered_name': None}, 'bias_initializer': {'module': 'keras.initializers', 'class_name': 'Zeros', 'config': {}, 'registered_name': None}, 'kernel_regularizer': None, 'bias_regularizer': None, 'activity_regularizer': None, 'kernel_constraint': None, 'bias_constraint': None}, 'registered_name': None, 'build_config': {'input_shape': [None, 1, 1, 6]}, 'name': 'block2b_se_expand', 'inbound_nodes': [{'args': [{'class_name': '__keras_tensor__', 'config': {'shape': [None, 1, 1, 6], 'dtype': 'float32', 'keras_history': ['block2b_se_reduce', 0, 0]}}], 'kwargs': {}}]}, {'module': 'keras.layers', 'class_name': 'Multiply', 'config': {'name': 'block2b_se_excite', 'trainable': False, 'dtype': {'module': 'keras', 'class_name': 'DTypePolicy', 'config': {'name': 'float32'}, 'registered_name': None}}, 'registered_name': None, 'build_config': {'input_shape': [[None, 60, 60, 144], [None, 1, 1, 144]]}, 'name': 'block2b_se_excite', 'inbound_nodes': [{'args': [[{'class_name': '__keras_tensor__', 'config': {'shape': [None, 60, 60, 144], 'dtype': 'float32', 'keras_history': ['block2b_activation', 0, 0]}}, {'class_name': '__keras_tensor__', 'config': {'shape': [None, 1, 1, 144], 'dtype': 'float32', 'keras_history': ['block2b_se_expand', 0, 0]}}]], 'kwargs': {}}]}, {'module': 'keras.layers', 'class_name': 'Conv2D', 'config': {'name': 'block2b_project_conv', 'trainable': False, 'dtype': {'module': 'keras', 'class_name': 'DTypePolicy', 'config': {'name': 'float32'}, 'registered_name': None}, 'filters': 24, 'kernel_size': [1, 1], 'strides': [1, 1], 'padding': 'same', 'data_format': 'channels_last', 'dilation_rate': [1, 1], 'groups': 1, 'activation': 'linear', 'use_bias': False, 'kernel_initializer': {'module': 'keras.initializers', 'class_name': 'VarianceScaling', 'config': {'seed': None, 'scale': 2.0, 'mode': 'fan_out', 'distribution': 'truncated_normal'}, 'registered_name': None}, 'bias_initializer': {'module': 'keras.initializers', 'class_name': 'Zeros', 'config': {}, 'registered_name': None}, 'kernel_regularizer': None, 'bias_regularizer': None, 'activity_regularizer': None, 'kernel_constraint': None, 'bias_constraint': None}, 'registered_name': None, 'build_config': {'input_shape': [None, 60, 60, 144]}, 'name': 'block2b_project_conv', 'inbound_nodes': [{'args': [{'class_name': '__keras_tensor__', 'config': {'shape': [None, 60, 60, 144], 'dtype': 'float32', 'keras_history': ['block2b_se_excite', 0, 0]}}], 'kwargs': {}}]}, {'module': 'keras.layers', 'class_name': 'BatchNormalization', 'config': {'name': 'block2b_project_bn', 'trainable': False, 'dtype': {'module': 'keras', 'class_name': 'DTypePolicy', 'config': {'name': 'float32'}, 'registered_name': None}, 'axis': 3, 'momentum': 0.99, 'epsilon': 0.001, 'center': True, 'scale': True, 'beta_initializer': {'module': 'keras.initializers', 'class_name': 'Zeros', 'config': {}, 'registered_name': None}, 'gamma_initializer': {'module': 'keras.initializers', 'class_name': 'Ones', 'config': {}, 'registered_name': None}, 'moving_mean_initializer': {'module': 'keras.initializers', 'class_name': 'Zeros', 'config': {}, 'registered_name': None}, 'moving_variance_initializer': {'module': 'keras.initializers', 'class_name': 'Ones', 'config': {}, 'registered_name': None}, 'beta_regularizer': None, 'gamma_regularizer': None, 'beta_constraint': None, 'gamma_constraint': None, 'synchronized': False}, 'registered_name': None, 'build_config': {'input_shape': [None, 60, 60, 24]}, 'name': 'block2b_project_bn', 'inbound_nodes': [{'args': [{'class_name': '__keras_tensor__', 'config': {'shape': [None, 60, 60, 24], 'dtype': 'float32', 'keras_history': ['block2b_project_conv', 0, 0]}}], 'kwargs': {'mask': None}}]}, {'module': 'keras.layers', 'class_name': 'Dropout', 'config': {'name': 'block2b_drop', 'trainable': False, 'dtype': {'module': 'keras', 'class_name': 'DTypePolicy', 'config': {'name': 'float32'}, 'registered_name': None}, 'rate': 0.026086956521739136, 'seed': None, 'noise_shape': [None, 1, 1, 1]}, 'registered_name': None, 'name': 'block2b_drop', 'inbound_nodes': [{'args': [{'class_name': '__keras_tensor__', 'config': {'shape': [None, 60, 60, 24], 'dtype': 'float32', 'keras_history': ['block2b_project_bn', 0, 0]}}], 'kwargs': {'training': False}}]}, {'module': 'keras.layers', 'class_name': 'Add', 'config': {'name': 'block2b_add', 'trainable': False, 'dtype': {'module': 'keras', 'class_name': 'DTypePolicy', 'config': {'name': 'float32'}, 'registered_name': None}}, 'registered_name': None, 'build_config': {'input_shape': [[None, 60, 60, 24], [None, 60, 60, 24]]}, 'name': 'block2b_add', 'inbound_nodes': [{'args': [[{'class_name': '__keras_tensor__', 'config': {'shape': [None, 60, 60, 24], 'dtype': 'float32', 'keras_history': ['block2b_drop', 0, 0]}}, {'class_name': '__keras_tensor__', 'config': {'shape': [None, 60, 60, 24], 'dtype': 'float32', 'keras_history': ['block2a_project_bn', 0, 0]}}]], 'kwargs': {}}]}, {'module': 'keras.layers', 'class_name': 'Conv2D', 'config': {'name': 'block2c_expand_conv', 'trainable': False, 'dtype': {'module': 'keras', 'class_name': 'DTypePolicy', 'config': {'name': 'float32'}, 'registered_name': None}, 'filters': 144, 'kernel_size': [1, 1], 'strides': [1, 1], 'padding': 'same', 'data_format': 'channels_last', 'dilation_rate': [1, 1], 'groups': 1, 'activation': 'linear', 'use_bias': False, 'kernel_initializer': {'module': 'keras.initializers', 'class_name': 'VarianceScaling', 'config': {'seed': None, 'scale': 2.0, 'mode': 'fan_out', 'distribution': 'truncated_normal'}, 'registered_name': None}, 'bias_initializer': {'module': 'keras.initializers', 'class_name': 'Zeros', 'config': {}, 'registered_name': None}, 'kernel_regularizer': None, 'bias_regularizer': None, 'activity_regularizer': None, 'kernel_constraint': None, 'bias_constraint': None}, 'registered_name': None, 'build_config': {'input_shape': [None, 60, 60, 24]}, 'name': 'block2c_expand_conv', 'inbound_nodes': [{'args': [{'class_name': '__keras_tensor__', 'config': {'shape': [None, 60, 60, 24], 'dtype': 'float32', 'keras_history': ['block2b_add', 0, 0]}}], 'kwargs': {}}]}, {'module': 'keras.layers', 'class_name': 'BatchNormalization', 'config': {'name': 'block2c_expand_bn', 'trainable': False, 'dtype': {'module': 'keras', 'class_name': 'DTypePolicy', 'config': {'name': 'float32'}, 'registered_name': None}, 'axis': 3, 'momentum': 0.99, 'epsilon': 0.001, 'center': True, 'scale': True, 'beta_initializer': {'module': 'keras.initializers', 'class_name': 'Zeros', 'config': {}, 'registered_name': None}, 'gamma_initializer': {'module': 'keras.initializers', 'class_name': 'Ones', 'config': {}, 'registered_name': None}, 'moving_mean_initializer': {'module': 'keras.initializers', 'class_name': 'Zeros', 'config': {}, 'registered_name': None}, 'moving_variance_initializer': {'module': 'keras.initializers', 'class_name': 'Ones', 'config': {}, 'registered_name': None}, 'beta_regularizer': None, 'gamma_regularizer': None, 'beta_constraint': None, 'gamma_constraint': None, 'synchronized': False}, 'registered_name': None, 'build_config': {'input_shape': [None, 60, 60, 144]}, 'name': 'block2c_expand_bn', 'inbound_nodes': [{'args': [{'class_name': '__keras_tensor__', 'config': {'shape': [None, 60, 60, 144], 'dtype': 'float32', 'keras_history': ['block2c_expand_conv', 0, 0]}}], 'kwargs': {'mask': None}}]}, {'module': 'keras.layers', 'class_name': 'Activation', 'config': {'name': 'block2c_expand_activation', 'trainable': False, 'dtype': {'module': 'keras', 'class_name': 'DTypePolicy', 'config': {'name': 'float32'}, 'registered_name': None}, 'activation': 'silu'}, 'registered_name': None, 'name': 'block2c_expand_activation', 'inbound_nodes': [{'args': [{'class_name': '__keras_tensor__', 'config': {'shape': [None, 60, 60, 144], 'dtype': 'float32', 'keras_history': ['block2c_expand_bn', 0, 0]}}], 'kwargs': {}}]}, {'module': 'keras.layers', 'class_name': 'DepthwiseConv2D', 'config': {'name': 'block2c_dwconv', 'trainable': False, 'dtype': {'module': 'keras', 'class_name': 'DTypePolicy', 'config': {'name': 'float32'}, 'registered_name': None}, 'depth_multiplier': 1, 'kernel_size': [3, 3], 'strides': [1, 1], 'padding': 'same', 'data_format': 'channels_last', 'dilation_rate': [1, 1], 'activation': 'linear', 'use_bias': False, 'depthwise_initializer': {'module': 'keras.initializers', 'class_name': 'VarianceScaling', 'config': {'seed': None, 'scale': 2.0, 'mode': 'fan_out', 'distribution': 'truncated_normal'}, 'registered_name': None}, 'bias_initializer': {'module': 'keras.initializers', 'class_name': 'Zeros', 'config': {}, 'registered_name': None}, 'depthwise_regularizer': None, 'bias_regularizer': None, 'activity_regularizer': None, 'depthwise_constraint': None, 'bias_constraint': None}, 'registered_name': None, 'build_config': {'input_shape': [None, 60, 60, 144]}, 'name': 'block2c_dwconv', 'inbound_nodes': [{'args': [{'class_name': '__keras_tensor__', 'config': {'shape': [None, 60, 60, 144], 'dtype': 'float32', 'keras_history': ['block2c_expand_activation', 0, 0]}}], 'kwargs': {}}]}, {'module': 'keras.layers', 'class_name': 'BatchNormalization', 'config': {'name': 'block2c_bn', 'trainable': False, 'dtype': {'module': 'keras', 'class_name': 'DTypePolicy', 'config': {'name': 'float32'}, 'registered_name': None}, 'axis': 3, 'momentum': 0.99, 'epsilon': 0.001, 'center': True, 'scale': True, 'beta_initializer': {'module': 'keras.initializers', 'class_name': 'Zeros', 'config': {}, 'registered_name': None}, 'gamma_initializer': {'module': 'keras.initializers', 'class_name': 'Ones', 'config': {}, 'registered_name': None}, 'moving_mean_initializer': {'module': 'keras.initializers', 'class_name': 'Zeros', 'config': {}, 'registered_name': None}, 'moving_variance_initializer': {'module': 'keras.initializers', 'class_name': 'Ones', 'config': {}, 'registered_name': None}, 'beta_regularizer': None, 'gamma_regularizer': None, 'beta_constraint': None, 'gamma_constraint': None, 'synchronized': False}, 'registered_name': None, 'build_config': {'input_shape': [None, 60, 60, 144]}, 'name': 'block2c_bn', 'inbound_nodes': [{'args': [{'class_name': '__keras_tensor__', 'config': {'shape': [None, 60, 60, 144], 'dtype': 'float32', 'keras_history': ['block2c_dwconv', 0, 0]}}], 'kwargs': {'mask': None}}]}, {'module': 'keras.layers', 'class_name': 'Activation', 'config': {'name': 'block2c_activation', 'trainable': False, 'dtype': {'module': 'keras', 'class_name': 'DTypePolicy', 'config': {'name': 'float32'}, 'registered_name': None}, 'activation': 'silu'}, 'registered_name': None, 'name': 'block2c_activation', 'inbound_nodes': [{'args': [{'class_name': '__keras_tensor__', 'config': {'shape': [None, 60, 60, 144], 'dtype': 'float32', 'keras_history': ['block2c_bn', 0, 0]}}], 'kwargs': {}}]}, {'module': 'keras.layers', 'class_name': 'GlobalAveragePooling2D', 'config': {'name': 'block2c_se_squeeze', 'trainable': False, 'dtype': {'module': 'keras', 'class_name': 'DTypePolicy', 'config': {'name': 'float32'}, 'registered_name': None}, 'data_format': 'channels_last', 'keepdims': False}, 'registered_name': None, 'name': 'block2c_se_squeeze', 'inbound_nodes': [{'args': [{'class_name': '__keras_tensor__', 'config': {'shape': [None, 60, 60, 144], 'dtype': 'float32', 'keras_history': ['block2c_activation', 0, 0]}}], 'kwargs': {}}]}, {'module': 'keras.layers', 'class_name': 'Reshape', 'config': {'name': 'block2c_se_reshape', 'trainable': False, 'dtype': {'module': 'keras', 'class_name': 'DTypePolicy', 'config': {'name': 'float32'}, 'registered_name': None}, 'target_shape': [1, 1, 144]}, 'registered_name': None, 'name': 'block2c_se_reshape', 'inbound_nodes': [{'args': [{'class_name': '__keras_tensor__', 'config': {'shape': [None, 144], 'dtype': 'float32', 'keras_history': ['block2c_se_squeeze', 0, 0]}}], 'kwargs': {}}]}, {'module': 'keras.layers', 'class_name': 'Conv2D', 'config': {'name': 'block2c_se_reduce', 'trainable': False, 'dtype': {'module': 'keras', 'class_name': 'DTypePolicy', 'config': {'name': 'float32'}, 'registered_name': None}, 'filters': 6, 'kernel_size': [1, 1], 'strides': [1, 1], 'padding': 'same', 'data_format': 'channels_last', 'dilation_rate': [1, 1], 'groups': 1, 'activation': 'silu', 'use_bias': True, 'kernel_initializer': {'module': 'keras.initializers', 'class_name': 'VarianceScaling', 'config': {'seed': None, 'scale': 2.0, 'mode': 'fan_out', 'distribution': 'truncated_normal'}, 'registered_name': None}, 'bias_initializer': {'module': 'keras.initializers', 'class_name': 'Zeros', 'config': {}, 'registered_name': None}, 'kernel_regularizer': None, 'bias_regularizer': None, 'activity_regularizer': None, 'kernel_constraint': None, 'bias_constraint': None}, 'registered_name': None, 'build_config': {'input_shape': [None, 1, 1, 144]}, 'name': 'block2c_se_reduce', 'inbound_nodes': [{'args': [{'class_name': '__keras_tensor__', 'config': {'shape': [None, 1, 1, 144], 'dtype': 'float32', 'keras_history': ['block2c_se_reshape', 0, 0]}}], 'kwargs': {}}]}, {'module': 'keras.layers', 'class_name': 'Conv2D', 'config': {'name': 'block2c_se_expand', 'trainable': False, 'dtype': {'module': 'keras', 'class_name': 'DTypePolicy', 'config': {'name': 'float32'}, 'registered_name': None}, 'filters': 144, 'kernel_size': [1, 1], 'strides': [1, 1], 'padding': 'same', 'data_format': 'channels_last', 'dilation_rate': [1, 1], 'groups': 1, 'activation': 'sigmoid', 'use_bias': True, 'kernel_initializer': {'module': 'keras.initializers', 'class_name': 'VarianceScaling', 'config': {'seed': None, 'scale': 2.0, 'mode': 'fan_out', 'distribution': 'truncated_normal'}, 'registered_name': None}, 'bias_initializer': {'module': 'keras.initializers', 'class_name': 'Zeros', 'config': {}, 'registered_name': None}, 'kernel_regularizer': None, 'bias_regularizer': None, 'activity_regularizer': None, 'kernel_constraint': None, 'bias_constraint': None}, 'registered_name': None, 'build_config': {'input_shape': [None, 1, 1, 6]}, 'name': 'block2c_se_expand', 'inbound_nodes': [{'args': [{'class_name': '__keras_tensor__', 'config': {'shape': [None, 1, 1, 6], 'dtype': 'float32', 'keras_history': ['block2c_se_reduce', 0, 0]}}], 'kwargs': {}}]}, {'module': 'keras.layers', 'class_name': 'Multiply', 'config': {'name': 'block2c_se_excite', 'trainable': False, 'dtype': {'module': 'keras', 'class_name': 'DTypePolicy', 'config': {'name': 'float32'}, 'registered_name': None}}, 'registered_name': None, 'build_config': {'input_shape': [[None, 60, 60, 144], [None, 1, 1, 144]]}, 'name': 'block2c_se_excite', 'inbound_nodes': [{'args': [[{'class_name': '__keras_tensor__', 'config': {'shape': [None, 60, 60, 144], 'dtype': 'float32', 'keras_history': ['block2c_activation', 0, 0]}}, {'class_name': '__keras_tensor__', 'config': {'shape': [None, 1, 1, 144], 'dtype': 'float32', 'keras_history': ['block2c_se_expand', 0, 0]}}]], 'kwargs': {}}]}, {'module': 'keras.layers', 'class_name': 'Conv2D', 'config': {'name': 'block2c_project_conv', 'trainable': False, 'dtype': {'module': 'keras', 'class_name': 'DTypePolicy', 'config': {'name': 'float32'}, 'registered_name': None}, 'filters': 24, 'kernel_size': [1, 1], 'strides': [1, 1], 'padding': 'same', 'data_format': 'channels_last', 'dilation_rate': [1, 1], 'groups': 1, 'activation': 'linear', 'use_bias': False, 'kernel_initializer': {'module': 'keras.initializers', 'class_name': 'VarianceScaling', 'config': {'seed': None, 'scale': 2.0, 'mode': 'fan_out', 'distribution': 'truncated_normal'}, 'registered_name': None}, 'bias_initializer': {'module': 'keras.initializers', 'class_name': 'Zeros', 'config': {}, 'registered_name': None}, 'kernel_regularizer': None, 'bias_regularizer': None, 'activity_regularizer': None, 'kernel_constraint': None, 'bias_constraint': None}, 'registered_name': None, 'build_config': {'input_shape': [None, 60, 60, 144]}, 'name': 'block2c_project_conv', 'inbound_nodes': [{'args': [{'class_name': '__keras_tensor__', 'config': {'shape': [None, 60, 60, 144], 'dtype': 'float32', 'keras_history': ['block2c_se_excite', 0, 0]}}], 'kwargs': {}}]}, {'module': 'keras.layers', 'class_name': 'BatchNormalization', 'config': {'name': 'block2c_project_bn', 'trainable': False, 'dtype': {'module': 'keras', 'class_name': 'DTypePolicy', 'config': {'name': 'float32'}, 'registered_name': None}, 'axis': 3, 'momentum': 0.99, 'epsilon': 0.001, 'center': True, 'scale': True, 'beta_initializer': {'module': 'keras.initializers', 'class_name': 'Zeros', 'config': {}, 'registered_name': None}, 'gamma_initializer': {'module': 'keras.initializers', 'class_name': 'Ones', 'config': {}, 'registered_name': None}, 'moving_mean_initializer': {'module': 'keras.initializers', 'class_name': 'Zeros', 'config': {}, 'registered_name': None}, 'moving_variance_initializer': {'module': 'keras.initializers', 'class_name': 'Ones', 'config': {}, 'registered_name': None}, 'beta_regularizer': None, 'gamma_regularizer': None, 'beta_constraint': None, 'gamma_constraint': None, 'synchronized': False}, 'registered_name': None, 'build_config': {'input_shape': [None, 60, 60, 24]}, 'name': 'block2c_project_bn', 'inbound_nodes': [{'args': [{'class_name': '__keras_tensor__', 'config': {'shape': [None, 60, 60, 24], 'dtype': 'float32', 'keras_history': ['block2c_project_conv', 0, 0]}}], 'kwargs': {'mask': None}}]}, {'module': 'keras.layers', 'class_name': 'Dropout', 'config': {'name': 'block2c_drop', 'trainable': False, 'dtype': {'module': 'keras', 'class_name': 'DTypePolicy', 'config': {'name': 'float32'}, 'registered_name': None}, 'rate': 0.034782608695652174, 'seed': None, 'noise_shape': [None, 1, 1, 1]}, 'registered_name': None, 'name': 'block2c_drop', 'inbound_nodes': [{'args': [{'class_name': '__keras_tensor__', 'config': {'shape': [None, 60, 60, 24], 'dtype': 'float32', 'keras_history': ['block2c_project_bn', 0, 0]}}], 'kwargs': {'training': False}}]}, {'module': 'keras.layers', 'class_name': 'Add', 'config': {'name': 'block2c_add', 'trainable': False, 'dtype': {'module': 'keras', 'class_name': 'DTypePolicy', 'config': {'name': 'float32'}, 'registered_name': None}}, 'registered_name': None, 'build_config': {'input_shape': [[None, 60, 60, 24], [None, 60, 60, 24]]}, 'name': 'block2c_add', 'inbound_nodes': [{'args': [[{'class_name': '__keras_tensor__', 'config': {'shape': [None, 60, 60, 24], 'dtype': 'float32', 'keras_history': ['block2c_drop', 0, 0]}}, {'class_name': '__keras_tensor__', 'config': {'shape': [None, 60, 60, 24], 'dtype': 'float32', 'keras_history': ['block2b_add', 0, 0]}}]], 'kwargs': {}}]}, {'module': 'keras.layers', 'class_name': 'Conv2D', 'config': {'name': 'block3a_expand_conv', 'trainable': False, 'dtype': {'module': 'keras', 'class_name': 'DTypePolicy', 'config': {'name': 'float32'}, 'registered_name': None}, 'filters': 144, 'kernel_size': [1, 1], 'strides': [1, 1], 'padding': 'same', 'data_format': 'channels_last', 'dilation_rate': [1, 1], 'groups': 1, 'activation': 'linear', 'use_bias': False, 'kernel_initializer': {'module': 'keras.initializers', 'class_name': 'VarianceScaling', 'config': {'seed': None, 'scale': 2.0, 'mode': 'fan_out', 'distribution': 'truncated_normal'}, 'registered_name': None}, 'bias_initializer': {'module': 'keras.initializers', 'class_name': 'Zeros', 'config': {}, 'registered_name': None}, 'kernel_regularizer': None, 'bias_regularizer': None, 'activity_regularizer': None, 'kernel_constraint': None, 'bias_constraint': None}, 'registered_name': None, 'build_config': {'input_shape': [None, 60, 60, 24]}, 'name': 'block3a_expand_conv', 'inbound_nodes': [{'args': [{'class_name': '__keras_tensor__', 'config': {'shape': [None, 60, 60, 24], 'dtype': 'float32', 'keras_history': ['block2c_add', 0, 0]}}], 'kwargs': {}}]}, {'module': 'keras.layers', 'class_name': 'BatchNormalization', 'config': {'name': 'block3a_expand_bn', 'trainable': False, 'dtype': {'module': 'keras', 'class_name': 'DTypePolicy', 'config': {'name': 'float32'}, 'registered_name': None}, 'axis': 3, 'momentum': 0.99, 'epsilon': 0.001, 'center': True, 'scale': True, 'beta_initializer': {'module': 'keras.initializers', 'class_name': 'Zeros', 'config': {}, 'registered_name': None}, 'gamma_initializer': {'module': 'keras.initializers', 'class_name': 'Ones', 'config': {}, 'registered_name': None}, 'moving_mean_initializer': {'module': 'keras.initializers', 'class_name': 'Zeros', 'config': {}, 'registered_name': None}, 'moving_variance_initializer': {'module': 'keras.initializers', 'class_name': 'Ones', 'config': {}, 'registered_name': None}, 'beta_regularizer': None, 'gamma_regularizer': None, 'beta_constraint': None, 'gamma_constraint': None, 'synchronized': False}, 'registered_name': None, 'build_config': {'input_shape': [None, 60, 60, 144]}, 'name': 'block3a_expand_bn', 'inbound_nodes': [{'args': [{'class_name': '__keras_tensor__', 'config': {'shape': [None, 60, 60, 144], 'dtype': 'float32', 'keras_history': ['block3a_expand_conv', 0, 0]}}], 'kwargs': {'mask': None}}]}, {'module': 'keras.layers', 'class_name': 'Activation', 'config': {'name': 'block3a_expand_activation', 'trainable': False, 'dtype': {'module': 'keras', 'class_name': 'DTypePolicy', 'config': {'name': 'float32'}, 'registered_name': None}, 'activation': 'silu'}, 'registered_name': None, 'name': 'block3a_expand_activation', 'inbound_nodes': [{'args': [{'class_name': '__keras_tensor__', 'config': {'shape': [None, 60, 60, 144], 'dtype': 'float32', 'keras_history': ['block3a_expand_bn', 0, 0]}}], 'kwargs': {}}]}, {'module': 'keras.layers', 'class_name': 'ZeroPadding2D', 'config': {'name': 'block3a_dwconv_pad', 'trainable': False, 'dtype': {'module': 'keras', 'class_name': 'DTypePolicy', 'config': {'name': 'float32'}, 'registered_name': None}, 'padding': [[1, 2], [1, 2]], 'data_format': 'channels_last'}, 'registered_name': None, 'build_config': {'input_shape': [None, 60, 60, 144]}, 'name': 'block3a_dwconv_pad', 'inbound_nodes': [{'args': [{'class_name': '__keras_tensor__', 'config': {'shape': [None, 60, 60, 144], 'dtype': 'float32', 'keras_history': ['block3a_expand_activation', 0, 0]}}], 'kwargs': {}}]}, {'module': 'keras.layers', 'class_name': 'DepthwiseConv2D', 'config': {'name': 'block3a_dwconv', 'trainable': False, 'dtype': {'module': 'keras', 'class_name': 'DTypePolicy', 'config': {'name': 'float32'}, 'registered_name': None}, 'depth_multiplier': 1, 'kernel_size': [5, 5], 'strides': [2, 2], 'padding': 'valid', 'data_format': 'channels_last', 'dilation_rate': [1, 1], 'activation': 'linear', 'use_bias': False, 'depthwise_initializer': {'module': 'keras.initializers', 'class_name': 'VarianceScaling', 'config': {'seed': None, 'scale': 2.0, 'mode': 'fan_out', 'distribution': 'truncated_normal'}, 'registered_name': None}, 'bias_initializer': {'module': 'keras.initializers', 'class_name': 'Zeros', 'config': {}, 'registered_name': None}, 'depthwise_regularizer': None, 'bias_regularizer': None, 'activity_regularizer': None, 'depthwise_constraint': None, 'bias_constraint': None}, 'registered_name': None, 'build_config': {'input_shape': [None, 63, 63, 144]}, 'name': 'block3a_dwconv', 'inbound_nodes': [{'args': [{'class_name': '__keras_tensor__', 'config': {'shape': [None, 63, 63, 144], 'dtype': 'float32', 'keras_history': ['block3a_dwconv_pad', 0, 0]}}], 'kwargs': {}}]}, {'module': 'keras.layers', 'class_name': 'BatchNormalization', 'config': {'name': 'block3a_bn', 'trainable': False, 'dtype': {'module': 'keras', 'class_name': 'DTypePolicy', 'config': {'name': 'float32'}, 'registered_name': None}, 'axis': 3, 'momentum': 0.99, 'epsilon': 0.001, 'center': True, 'scale': True, 'beta_initializer': {'module': 'keras.initializers', 'class_name': 'Zeros', 'config': {}, 'registered_name': None}, 'gamma_initializer': {'module': 'keras.initializers', 'class_name': 'Ones', 'config': {}, 'registered_name': None}, 'moving_mean_initializer': {'module': 'keras.initializers', 'class_name': 'Zeros', 'config': {}, 'registered_name': None}, 'moving_variance_initializer': {'module': 'keras.initializers', 'class_name': 'Ones', 'config': {}, 'registered_name': None}, 'beta_regularizer': None, 'gamma_regularizer': None, 'beta_constraint': None, 'gamma_constraint': None, 'synchronized': False}, 'registered_name': None, 'build_config': {'input_shape': [None, 30, 30, 144]}, 'name': 'block3a_bn', 'inbound_nodes': [{'args': [{'class_name': '__keras_tensor__', 'config': {'shape': [None, 30, 30, 144], 'dtype': 'float32', 'keras_history': ['block3a_dwconv', 0, 0]}}], 'kwargs': {'mask': None}}]}, {'module': 'keras.layers', 'class_name': 'Activation', 'config': {'name': 'block3a_activation', 'trainable': False, 'dtype': {'module': 'keras', 'class_name': 'DTypePolicy', 'config': {'name': 'float32'}, 'registered_name': None}, 'activation': 'silu'}, 'registered_name': None, 'name': 'block3a_activation', 'inbound_nodes': [{'args': [{'class_name': '__keras_tensor__', 'config': {'shape': [None, 30, 30, 144], 'dtype': 'float32', 'keras_history': ['block3a_bn', 0, 0]}}], 'kwargs': {}}]}, {'module': 'keras.layers', 'class_name': 'GlobalAveragePooling2D', 'config': {'name': 'block3a_se_squeeze', 'trainable': False, 'dtype': {'module': 'keras', 'class_name': 'DTypePolicy', 'config': {'name': 'float32'}, 'registered_name': None}, 'data_format': 'channels_last', 'keepdims': False}, 'registered_name': None, 'name': 'block3a_se_squeeze', 'inbound_nodes': [{'args': [{'class_name': '__keras_tensor__', 'config': {'shape': [None, 30, 30, 144], 'dtype': 'float32', 'keras_history': ['block3a_activation', 0, 0]}}], 'kwargs': {}}]}, {'module': 'keras.layers', 'class_name': 'Reshape', 'config': {'name': 'block3a_se_reshape', 'trainable': False, 'dtype': {'module': 'keras', 'class_name': 'DTypePolicy', 'config': {'name': 'float32'}, 'registered_name': None}, 'target_shape': [1, 1, 144]}, 'registered_name': None, 'name': 'block3a_se_reshape', 'inbound_nodes': [{'args': [{'class_name': '__keras_tensor__', 'config': {'shape': [None, 144], 'dtype': 'float32', 'keras_history': ['block3a_se_squeeze', 0, 0]}}], 'kwargs': {}}]}, {'module': 'keras.layers', 'class_name': 'Conv2D', 'config': {'name': 'block3a_se_reduce', 'trainable': False, 'dtype': {'module': 'keras', 'class_name': 'DTypePolicy', 'config': {'name': 'float32'}, 'registered_name': None}, 'filters': 6, 'kernel_size': [1, 1], 'strides': [1, 1], 'padding': 'same', 'data_format': 'channels_last', 'dilation_rate': [1, 1], 'groups': 1, 'activation': 'silu', 'use_bias': True, 'kernel_initializer': {'module': 'keras.initializers', 'class_name': 'VarianceScaling', 'config': {'seed': None, 'scale': 2.0, 'mode': 'fan_out', 'distribution': 'truncated_normal'}, 'registered_name': None}, 'bias_initializer': {'module': 'keras.initializers', 'class_name': 'Zeros', 'config': {}, 'registered_name': None}, 'kernel_regularizer': None, 'bias_regularizer': None, 'activity_regularizer': None, 'kernel_constraint': None, 'bias_constraint': None}, 'registered_name': None, 'build_config': {'input_shape': [None, 1, 1, 144]}, 'name': 'block3a_se_reduce', 'inbound_nodes': [{'args': [{'class_name': '__keras_tensor__', 'config': {'shape': [None, 1, 1, 144], 'dtype': 'float32', 'keras_history': ['block3a_se_reshape', 0, 0]}}], 'kwargs': {}}]}, {'module': 'keras.layers', 'class_name': 'Conv2D', 'config': {'name': 'block3a_se_expand', 'trainable': False, 'dtype': {'module': 'keras', 'class_name': 'DTypePolicy', 'config': {'name': 'float32'}, 'registered_name': None}, 'filters': 144, 'kernel_size': [1, 1], 'strides': [1, 1], 'padding': 'same', 'data_format': 'channels_last', 'dilation_rate': [1, 1], 'groups': 1, 'activation': 'sigmoid', 'use_bias': True, 'kernel_initializer': {'module': 'keras.initializers', 'class_name': 'VarianceScaling', 'config': {'seed': None, 'scale': 2.0, 'mode': 'fan_out', 'distribution': 'truncated_normal'}, 'registered_name': None}, 'bias_initializer': {'module': 'keras.initializers', 'class_name': 'Zeros', 'config': {}, 'registered_name': None}, 'kernel_regularizer': None, 'bias_regularizer': None, 'activity_regularizer': None, 'kernel_constraint': None, 'bias_constraint': None}, 'registered_name': None, 'build_config': {'input_shape': [None, 1, 1, 6]}, 'name': 'block3a_se_expand', 'inbound_nodes': [{'args': [{'class_name': '__keras_tensor__', 'config': {'shape': [None, 1, 1, 6], 'dtype': 'float32', 'keras_history': ['block3a_se_reduce', 0, 0]}}], 'kwargs': {}}]}, {'module': 'keras.layers', 'class_name': 'Multiply', 'config': {'name': 'block3a_se_excite', 'trainable': False, 'dtype': {'module': 'keras', 'class_name': 'DTypePolicy', 'config': {'name': 'float32'}, 'registered_name': None}}, 'registered_name': None, 'build_config': {'input_shape': [[None, 30, 30, 144], [None, 1, 1, 144]]}, 'name': 'block3a_se_excite', 'inbound_nodes': [{'args': [[{'class_name': '__keras_tensor__', 'config': {'shape': [None, 30, 30, 144], 'dtype': 'float32', 'keras_history': ['block3a_activation', 0, 0]}}, {'class_name': '__keras_tensor__', 'config': {'shape': [None, 1, 1, 144], 'dtype': 'float32', 'keras_history': ['block3a_se_expand', 0, 0]}}]], 'kwargs': {}}]}, {'module': 'keras.layers', 'class_name': 'Conv2D', 'config': {'name': 'block3a_project_conv', 'trainable': False, 'dtype': {'module': 'keras', 'class_name': 'DTypePolicy', 'config': {'name': 'float32'}, 'registered_name': None}, 'filters': 40, 'kernel_size': [1, 1], 'strides': [1, 1], 'padding': 'same', 'data_format': 'channels_last', 'dilation_rate': [1, 1], 'groups': 1, 'activation': 'linear', 'use_bias': False, 'kernel_initializer': {'module': 'keras.initializers', 'class_name': 'VarianceScaling', 'config': {'seed': None, 'scale': 2.0, 'mode': 'fan_out', 'distribution': 'truncated_normal'}, 'registered_name': None}, 'bias_initializer': {'module': 'keras.initializers', 'class_name': 'Zeros', 'config': {}, 'registered_name': None}, 'kernel_regularizer': None, 'bias_regularizer': None, 'activity_regularizer': None, 'kernel_constraint': None, 'bias_constraint': None}, 'registered_name': None, 'build_config': {'input_shape': [None, 30, 30, 144]}, 'name': 'block3a_project_conv', 'inbound_nodes': [{'args': [{'class_name': '__keras_tensor__', 'config': {'shape': [None, 30, 30, 144], 'dtype': 'float32', 'keras_history': ['block3a_se_excite', 0, 0]}}], 'kwargs': {}}]}, {'module': 'keras.layers', 'class_name': 'BatchNormalization', 'config': {'name': 'block3a_project_bn', 'trainable': False, 'dtype': {'module': 'keras', 'class_name': 'DTypePolicy', 'config': {'name': 'float32'}, 'registered_name': None}, 'axis': 3, 'momentum': 0.99, 'epsilon': 0.001, 'center': True, 'scale': True, 'beta_initializer': {'module': 'keras.initializers', 'class_name': 'Zeros', 'config': {}, 'registered_name': None}, 'gamma_initializer': {'module': 'keras.initializers', 'class_name': 'Ones', 'config': {}, 'registered_name': None}, 'moving_mean_initializer': {'module': 'keras.initializers', 'class_name': 'Zeros', 'config': {}, 'registered_name': None}, 'moving_variance_initializer': {'module': 'keras.initializers', 'class_name': 'Ones', 'config': {}, 'registered_name': None}, 'beta_regularizer': None, 'gamma_regularizer': None, 'beta_constraint': None, 'gamma_constraint': None, 'synchronized': False}, 'registered_name': None, 'build_config': {'input_shape': [None, 30, 30, 40]}, 'name': 'block3a_project_bn', 'inbound_nodes': [{'args': [{'class_name': '__keras_tensor__', 'config': {'shape': [None, 30, 30, 40], 'dtype': 'float32', 'keras_history': ['block3a_project_conv', 0, 0]}}], 'kwargs': {'mask': None}}]}, {'module': 'keras.layers', 'class_name': 'Conv2D', 'config': {'name': 'block3b_expand_conv', 'trainable': False, 'dtype': {'module': 'keras', 'class_name': 'DTypePolicy', 'config': {'name': 'float32'}, 'registered_name': None}, 'filters': 240, 'kernel_size': [1, 1], 'strides': [1, 1], 'padding': 'same', 'data_format': 'channels_last', 'dilation_rate': [1, 1], 'groups': 1, 'activation': 'linear', 'use_bias': False, 'kernel_initializer': {'module': 'keras.initializers', 'class_name': 'VarianceScaling', 'config': {'seed': None, 'scale': 2.0, 'mode': 'fan_out', 'distribution': 'truncated_normal'}, 'registered_name': None}, 'bias_initializer': {'module': 'keras.initializers', 'class_name': 'Zeros', 'config': {}, 'registered_name': None}, 'kernel_regularizer': None, 'bias_regularizer': None, 'activity_regularizer': None, 'kernel_constraint': None, 'bias_constraint': None}, 'registered_name': None, 'build_config': {'input_shape': [None, 30, 30, 40]}, 'name': 'block3b_expand_conv', 'inbound_nodes': [{'args': [{'class_name': '__keras_tensor__', 'config': {'shape': [None, 30, 30, 40], 'dtype': 'float32', 'keras_history': ['block3a_project_bn', 0, 0]}}], 'kwargs': {}}]}, {'module': 'keras.layers', 'class_name': 'BatchNormalization', 'config': {'name': 'block3b_expand_bn', 'trainable': False, 'dtype': {'module': 'keras', 'class_name': 'DTypePolicy', 'config': {'name': 'float32'}, 'registered_name': None}, 'axis': 3, 'momentum': 0.99, 'epsilon': 0.001, 'center': True, 'scale': True, 'beta_initializer': {'module': 'keras.initializers', 'class_name': 'Zeros', 'config': {}, 'registered_name': None}, 'gamma_initializer': {'module': 'keras.initializers', 'class_name': 'Ones', 'config': {}, 'registered_name': None}, 'moving_mean_initializer': {'module': 'keras.initializers', 'class_name': 'Zeros', 'config': {}, 'registered_name': None}, 'moving_variance_initializer': {'module': 'keras.initializers', 'class_name': 'Ones', 'config': {}, 'registered_name': None}, 'beta_regularizer': None, 'gamma_regularizer': None, 'beta_constraint': None, 'gamma_constraint': None, 'synchronized': False}, 'registered_name': None, 'build_config': {'input_shape': [None, 30, 30, 240]}, 'name': 'block3b_expand_bn', 'inbound_nodes': [{'args': [{'class_name': '__keras_tensor__', 'config': {'shape': [None, 30, 30, 240], 'dtype': 'float32', 'keras_history': ['block3b_expand_conv', 0, 0]}}], 'kwargs': {'mask': None}}]}, {'module': 'keras.layers', 'class_name': 'Activation', 'config': {'name': 'block3b_expand_activation', 'trainable': False, 'dtype': {'module': 'keras', 'class_name': 'DTypePolicy', 'config': {'name': 'float32'}, 'registered_name': None}, 'activation': 'silu'}, 'registered_name': None, 'name': 'block3b_expand_activation', 'inbound_nodes': [{'args': [{'class_name': '__keras_tensor__', 'config': {'shape': [None, 30, 30, 240], 'dtype': 'float32', 'keras_history': ['block3b_expand_bn', 0, 0]}}], 'kwargs': {}}]}, {'module': 'keras.layers', 'class_name': 'DepthwiseConv2D', 'config': {'name': 'block3b_dwconv', 'trainable': False, 'dtype': {'module': 'keras', 'class_name': 'DTypePolicy', 'config': {'name': 'float32'}, 'registered_name': None}, 'depth_multiplier': 1, 'kernel_size': [5, 5], 'strides': [1, 1], 'padding': 'same', 'data_format': 'channels_last', 'dilation_rate': [1, 1], 'activation': 'linear', 'use_bias': False, 'depthwise_initializer': {'module': 'keras.initializers', 'class_name': 'VarianceScaling', 'config': {'seed': None, 'scale': 2.0, 'mode': 'fan_out', 'distribution': 'truncated_normal'}, 'registered_name': None}, 'bias_initializer': {'module': 'keras.initializers', 'class_name': 'Zeros', 'config': {}, 'registered_name': None}, 'depthwise_regularizer': None, 'bias_regularizer': None, 'activity_regularizer': None, 'depthwise_constraint': None, 'bias_constraint': None}, 'registered_name': None, 'build_config': {'input_shape': [None, 30, 30, 240]}, 'name': 'block3b_dwconv', 'inbound_nodes': [{'args': [{'class_name': '__keras_tensor__', 'config': {'shape': [None, 30, 30, 240], 'dtype': 'float32', 'keras_history': ['block3b_expand_activation', 0, 0]}}], 'kwargs': {}}]}, {'module': 'keras.layers', 'class_name': 'BatchNormalization', 'config': {'name': 'block3b_bn', 'trainable': False, 'dtype': {'module': 'keras', 'class_name': 'DTypePolicy', 'config': {'name': 'float32'}, 'registered_name': None}, 'axis': 3, 'momentum': 0.99, 'epsilon': 0.001, 'center': True, 'scale': True, 'beta_initializer': {'module': 'keras.initializers', 'class_name': 'Zeros', 'config': {}, 'registered_name': None}, 'gamma_initializer': {'module': 'keras.initializers', 'class_name': 'Ones', 'config': {}, 'registered_name': None}, 'moving_mean_initializer': {'module': 'keras.initializers', 'class_name': 'Zeros', 'config': {}, 'registered_name': None}, 'moving_variance_initializer': {'module': 'keras.initializers', 'class_name': 'Ones', 'config': {}, 'registered_name': None}, 'beta_regularizer': None, 'gamma_regularizer': None, 'beta_constraint': None, 'gamma_constraint': None, 'synchronized': False}, 'registered_name': None, 'build_config': {'input_shape': [None, 30, 30, 240]}, 'name': 'block3b_bn', 'inbound_nodes': [{'args': [{'class_name': '__keras_tensor__', 'config': {'shape': [None, 30, 30, 240], 'dtype': 'float32', 'keras_history': ['block3b_dwconv', 0, 0]}}], 'kwargs': {'mask': None}}]}, {'module': 'keras.layers', 'class_name': 'Activation', 'config': {'name': 'block3b_activation', 'trainable': False, 'dtype': {'module': 'keras', 'class_name': 'DTypePolicy', 'config': {'name': 'float32'}, 'registered_name': None}, 'activation': 'silu'}, 'registered_name': None, 'name': 'block3b_activation', 'inbound_nodes': [{'args': [{'class_name': '__keras_tensor__', 'config': {'shape': [None, 30, 30, 240], 'dtype': 'float32', 'keras_history': ['block3b_bn', 0, 0]}}], 'kwargs': {}}]}, {'module': 'keras.layers', 'class_name': 'GlobalAveragePooling2D', 'config': {'name': 'block3b_se_squeeze', 'trainable': False, 'dtype': {'module': 'keras', 'class_name': 'DTypePolicy', 'config': {'name': 'float32'}, 'registered_name': None}, 'data_format': 'channels_last', 'keepdims': False}, 'registered_name': None, 'name': 'block3b_se_squeeze', 'inbound_nodes': [{'args': [{'class_name': '__keras_tensor__', 'config': {'shape': [None, 30, 30, 240], 'dtype': 'float32', 'keras_history': ['block3b_activation', 0, 0]}}], 'kwargs': {}}]}, {'module': 'keras.layers', 'class_name': 'Reshape', 'config': {'name': 'block3b_se_reshape', 'trainable': False, 'dtype': {'module': 'keras', 'class_name': 'DTypePolicy', 'config': {'name': 'float32'}, 'registered_name': None}, 'target_shape': [1, 1, 240]}, 'registered_name': None, 'name': 'block3b_se_reshape', 'inbound_nodes': [{'args': [{'class_name': '__keras_tensor__', 'config': {'shape': [None, 240], 'dtype': 'float32', 'keras_history': ['block3b_se_squeeze', 0, 0]}}], 'kwargs': {}}]}, {'module': 'keras.layers', 'class_name': 'Conv2D', 'config': {'name': 'block3b_se_reduce', 'trainable': False, 'dtype': {'module': 'keras', 'class_name': 'DTypePolicy', 'config': {'name': 'float32'}, 'registered_name': None}, 'filters': 10, 'kernel_size': [1, 1], 'strides': [1, 1], 'padding': 'same', 'data_format': 'channels_last', 'dilation_rate': [1, 1], 'groups': 1, 'activation': 'silu', 'use_bias': True, 'kernel_initializer': {'module': 'keras.initializers', 'class_name': 'VarianceScaling', 'config': {'seed': None, 'scale': 2.0, 'mode': 'fan_out', 'distribution': 'truncated_normal'}, 'registered_name': None}, 'bias_initializer': {'module': 'keras.initializers', 'class_name': 'Zeros', 'config': {}, 'registered_name': None}, 'kernel_regularizer': None, 'bias_regularizer': None, 'activity_regularizer': None, 'kernel_constraint': None, 'bias_constraint': None}, 'registered_name': None, 'build_config': {'input_shape': [None, 1, 1, 240]}, 'name': 'block3b_se_reduce', 'inbound_nodes': [{'args': [{'class_name': '__keras_tensor__', 'config': {'shape': [None, 1, 1, 240], 'dtype': 'float32', 'keras_history': ['block3b_se_reshape', 0, 0]}}], 'kwargs': {}}]}, {'module': 'keras.layers', 'class_name': 'Conv2D', 'config': {'name': 'block3b_se_expand', 'trainable': False, 'dtype': {'module': 'keras', 'class_name': 'DTypePolicy', 'config': {'name': 'float32'}, 'registered_name': None}, 'filters': 240, 'kernel_size': [1, 1], 'strides': [1, 1], 'padding': 'same', 'data_format': 'channels_last', 'dilation_rate': [1, 1], 'groups': 1, 'activation': 'sigmoid', 'use_bias': True, 'kernel_initializer': {'module': 'keras.initializers', 'class_name': 'VarianceScaling', 'config': {'seed': None, 'scale': 2.0, 'mode': 'fan_out', 'distribution': 'truncated_normal'}, 'registered_name': None}, 'bias_initializer': {'module': 'keras.initializers', 'class_name': 'Zeros', 'config': {}, 'registered_name': None}, 'kernel_regularizer': None, 'bias_regularizer': None, 'activity_regularizer': None, 'kernel_constraint': None, 'bias_constraint': None}, 'registered_name': None, 'build_config': {'input_shape': [None, 1, 1, 10]}, 'name': 'block3b_se_expand', 'inbound_nodes': [{'args': [{'class_name': '__keras_tensor__', 'config': {'shape': [None, 1, 1, 10], 'dtype': 'float32', 'keras_history': ['block3b_se_reduce', 0, 0]}}], 'kwargs': {}}]}, {'module': 'keras.layers', 'class_name': 'Multiply', 'config': {'name': 'block3b_se_excite', 'trainable': False, 'dtype': {'module': 'keras', 'class_name': 'DTypePolicy', 'config': {'name': 'float32'}, 'registered_name': None}}, 'registered_name': None, 'build_config': {'input_shape': [[None, 30, 30, 240], [None, 1, 1, 240]]}, 'name': 'block3b_se_excite', 'inbound_nodes': [{'args': [[{'class_name': '__keras_tensor__', 'config': {'shape': [None, 30, 30, 240], 'dtype': 'float32', 'keras_history': ['block3b_activation', 0, 0]}}, {'class_name': '__keras_tensor__', 'config': {'shape': [None, 1, 1, 240], 'dtype': 'float32', 'keras_history': ['block3b_se_expand', 0, 0]}}]], 'kwargs': {}}]}, {'module': 'keras.layers', 'class_name': 'Conv2D', 'config': {'name': 'block3b_project_conv', 'trainable': False, 'dtype': {'module': 'keras', 'class_name': 'DTypePolicy', 'config': {'name': 'float32'}, 'registered_name': None}, 'filters': 40, 'kernel_size': [1, 1], 'strides': [1, 1], 'padding': 'same', 'data_format': 'channels_last', 'dilation_rate': [1, 1], 'groups': 1, 'activation': 'linear', 'use_bias': False, 'kernel_initializer': {'module': 'keras.initializers', 'class_name': 'VarianceScaling', 'config': {'seed': None, 'scale': 2.0, 'mode': 'fan_out', 'distribution': 'truncated_normal'}, 'registered_name': None}, 'bias_initializer': {'module': 'keras.initializers', 'class_name': 'Zeros', 'config': {}, 'registered_name': None}, 'kernel_regularizer': None, 'bias_regularizer': None, 'activity_regularizer': None, 'kernel_constraint': None, 'bias_constraint': None}, 'registered_name': None, 'build_config': {'input_shape': [None, 30, 30, 240]}, 'name': 'block3b_project_conv', 'inbound_nodes': [{'args': [{'class_name': '__keras_tensor__', 'config': {'shape': [None, 30, 30, 240], 'dtype': 'float32', 'keras_history': ['block3b_se_excite', 0, 0]}}], 'kwargs': {}}]}, {'module': 'keras.layers', 'class_name': 'BatchNormalization', 'config': {'name': 'block3b_project_bn', 'trainable': False, 'dtype': {'module': 'keras', 'class_name': 'DTypePolicy', 'config': {'name': 'float32'}, 'registered_name': None}, 'axis': 3, 'momentum': 0.99, 'epsilon': 0.001, 'center': True, 'scale': True, 'beta_initializer': {'module': 'keras.initializers', 'class_name': 'Zeros', 'config': {}, 'registered_name': None}, 'gamma_initializer': {'module': 'keras.initializers', 'class_name': 'Ones', 'config': {}, 'registered_name': None}, 'moving_mean_initializer': {'module': 'keras.initializers', 'class_name': 'Zeros', 'config': {}, 'registered_name': None}, 'moving_variance_initializer': {'module': 'keras.initializers', 'class_name': 'Ones', 'config': {}, 'registered_name': None}, 'beta_regularizer': None, 'gamma_regularizer': None, 'beta_constraint': None, 'gamma_constraint': None, 'synchronized': False}, 'registered_name': None, 'build_config': {'input_shape': [None, 30, 30, 40]}, 'name': 'block3b_project_bn', 'inbound_nodes': [{'args': [{'class_name': '__keras_tensor__', 'config': {'shape': [None, 30, 30, 40], 'dtype': 'float32', 'keras_history': ['block3b_project_conv', 0, 0]}}], 'kwargs': {'mask': None}}]}, {'module': 'keras.layers', 'class_name': 'Dropout', 'config': {'name': 'block3b_drop', 'trainable': False, 'dtype': {'module': 'keras', 'class_name': 'DTypePolicy', 'config': {'name': 'float32'}, 'registered_name': None}, 'rate': 0.05217391304347827, 'seed': None, 'noise_shape': [None, 1, 1, 1]}, 'registered_name': None, 'name': 'block3b_drop', 'inbound_nodes': [{'args': [{'class_name': '__keras_tensor__', 'config': {'shape': [None, 30, 30, 40], 'dtype': 'float32', 'keras_history': ['block3b_project_bn', 0, 0]}}], 'kwargs': {'training': False}}]}, {'module': 'keras.layers', 'class_name': 'Add', 'config': {'name': 'block3b_add', 'trainable': False, 'dtype': {'module': 'keras', 'class_name': 'DTypePolicy', 'config': {'name': 'float32'}, 'registered_name': None}}, 'registered_name': None, 'build_config': {'input_shape': [[None, 30, 30, 40], [None, 30, 30, 40]]}, 'name': 'block3b_add', 'inbound_nodes': [{'args': [[{'class_name': '__keras_tensor__', 'config': {'shape': [None, 30, 30, 40], 'dtype': 'float32', 'keras_history': ['block3b_drop', 0, 0]}}, {'class_name': '__keras_tensor__', 'config': {'shape': [None, 30, 30, 40], 'dtype': 'float32', 'keras_history': ['block3a_project_bn', 0, 0]}}]], 'kwargs': {}}]}, {'module': 'keras.layers', 'class_name': 'Conv2D', 'config': {'name': 'block3c_expand_conv', 'trainable': False, 'dtype': {'module': 'keras', 'class_name': 'DTypePolicy', 'config': {'name': 'float32'}, 'registered_name': None}, 'filters': 240, 'kernel_size': [1, 1], 'strides': [1, 1], 'padding': 'same', 'data_format': 'channels_last', 'dilation_rate': [1, 1], 'groups': 1, 'activation': 'linear', 'use_bias': False, 'kernel_initializer': {'module': 'keras.initializers', 'class_name': 'VarianceScaling', 'config': {'seed': None, 'scale': 2.0, 'mode': 'fan_out', 'distribution': 'truncated_normal'}, 'registered_name': None}, 'bias_initializer': {'module': 'keras.initializers', 'class_name': 'Zeros', 'config': {}, 'registered_name': None}, 'kernel_regularizer': None, 'bias_regularizer': None, 'activity_regularizer': None, 'kernel_constraint': None, 'bias_constraint': None}, 'registered_name': None, 'build_config': {'input_shape': [None, 30, 30, 40]}, 'name': 'block3c_expand_conv', 'inbound_nodes': [{'args': [{'class_name': '__keras_tensor__', 'config': {'shape': [None, 30, 30, 40], 'dtype': 'float32', 'keras_history': ['block3b_add', 0, 0]}}], 'kwargs': {}}]}, {'module': 'keras.layers', 'class_name': 'BatchNormalization', 'config': {'name': 'block3c_expand_bn', 'trainable': False, 'dtype': {'module': 'keras', 'class_name': 'DTypePolicy', 'config': {'name': 'float32'}, 'registered_name': None}, 'axis': 3, 'momentum': 0.99, 'epsilon': 0.001, 'center': True, 'scale': True, 'beta_initializer': {'module': 'keras.initializers', 'class_name': 'Zeros', 'config': {}, 'registered_name': None}, 'gamma_initializer': {'module': 'keras.initializers', 'class_name': 'Ones', 'config': {}, 'registered_name': None}, 'moving_mean_initializer': {'module': 'keras.initializers', 'class_name': 'Zeros', 'config': {}, 'registered_name': None}, 'moving_variance_initializer': {'module': 'keras.initializers', 'class_name': 'Ones', 'config': {}, 'registered_name': None}, 'beta_regularizer': None, 'gamma_regularizer': None, 'beta_constraint': None, 'gamma_constraint': None, 'synchronized': False}, 'registered_name': None, 'build_config': {'input_shape': [None, 30, 30, 240]}, 'name': 'block3c_expand_bn', 'inbound_nodes': [{'args': [{'class_name': '__keras_tensor__', 'config': {'shape': [None, 30, 30, 240], 'dtype': 'float32', 'keras_history': ['block3c_expand_conv', 0, 0]}}], 'kwargs': {'mask': None}}]}, {'module': 'keras.layers', 'class_name': 'Activation', 'config': {'name': 'block3c_expand_activation', 'trainable': False, 'dtype': {'module': 'keras', 'class_name': 'DTypePolicy', 'config': {'name': 'float32'}, 'registered_name': None}, 'activation': 'silu'}, 'registered_name': None, 'name': 'block3c_expand_activation', 'inbound_nodes': [{'args': [{'class_name': '__keras_tensor__', 'config': {'shape': [None, 30, 30, 240], 'dtype': 'float32', 'keras_history': ['block3c_expand_bn', 0, 0]}}], 'kwargs': {}}]}, {'module': 'keras.layers', 'class_name': 'DepthwiseConv2D', 'config': {'name': 'block3c_dwconv', 'trainable': False, 'dtype': {'module': 'keras', 'class_name': 'DTypePolicy', 'config': {'name': 'float32'}, 'registered_name': None}, 'depth_multiplier': 1, 'kernel_size': [5, 5], 'strides': [1, 1], 'padding': 'same', 'data_format': 'channels_last', 'dilation_rate': [1, 1], 'activation': 'linear', 'use_bias': False, 'depthwise_initializer': {'module': 'keras.initializers', 'class_name': 'VarianceScaling', 'config': {'seed': None, 'scale': 2.0, 'mode': 'fan_out', 'distribution': 'truncated_normal'}, 'registered_name': None}, 'bias_initializer': {'module': 'keras.initializers', 'class_name': 'Zeros', 'config': {}, 'registered_name': None}, 'depthwise_regularizer': None, 'bias_regularizer': None, 'activity_regularizer': None, 'depthwise_constraint': None, 'bias_constraint': None}, 'registered_name': None, 'build_config': {'input_shape': [None, 30, 30, 240]}, 'name': 'block3c_dwconv', 'inbound_nodes': [{'args': [{'class_name': '__keras_tensor__', 'config': {'shape': [None, 30, 30, 240], 'dtype': 'float32', 'keras_history': ['block3c_expand_activation', 0, 0]}}], 'kwargs': {}}]}, {'module': 'keras.layers', 'class_name': 'BatchNormalization', 'config': {'name': 'block3c_bn', 'trainable': False, 'dtype': {'module': 'keras', 'class_name': 'DTypePolicy', 'config': {'name': 'float32'}, 'registered_name': None}, 'axis': 3, 'momentum': 0.99, 'epsilon': 0.001, 'center': True, 'scale': True, 'beta_initializer': {'module': 'keras.initializers', 'class_name': 'Zeros', 'config': {}, 'registered_name': None}, 'gamma_initializer': {'module': 'keras.initializers', 'class_name': 'Ones', 'config': {}, 'registered_name': None}, 'moving_mean_initializer': {'module': 'keras.initializers', 'class_name': 'Zeros', 'config': {}, 'registered_name': None}, 'moving_variance_initializer': {'module': 'keras.initializers', 'class_name': 'Ones', 'config': {}, 'registered_name': None}, 'beta_regularizer': None, 'gamma_regularizer': None, 'beta_constraint': None, 'gamma_constraint': None, 'synchronized': False}, 'registered_name': None, 'build_config': {'input_shape': [None, 30, 30, 240]}, 'name': 'block3c_bn', 'inbound_nodes': [{'args': [{'class_name': '__keras_tensor__', 'config': {'shape': [None, 30, 30, 240], 'dtype': 'float32', 'keras_history': ['block3c_dwconv', 0, 0]}}], 'kwargs': {'mask': None}}]}, {'module': 'keras.layers', 'class_name': 'Activation', 'config': {'name': 'block3c_activation', 'trainable': False, 'dtype': {'module': 'keras', 'class_name': 'DTypePolicy', 'config': {'name': 'float32'}, 'registered_name': None}, 'activation': 'silu'}, 'registered_name': None, 'name': 'block3c_activation', 'inbound_nodes': [{'args': [{'class_name': '__keras_tensor__', 'config': {'shape': [None, 30, 30, 240], 'dtype': 'float32', 'keras_history': ['block3c_bn', 0, 0]}}], 'kwargs': {}}]}, {'module': 'keras.layers', 'class_name': 'GlobalAveragePooling2D', 'config': {'name': 'block3c_se_squeeze', 'trainable': False, 'dtype': {'module': 'keras', 'class_name': 'DTypePolicy', 'config': {'name': 'float32'}, 'registered_name': None}, 'data_format': 'channels_last', 'keepdims': False}, 'registered_name': None, 'name': 'block3c_se_squeeze', 'inbound_nodes': [{'args': [{'class_name': '__keras_tensor__', 'config': {'shape': [None, 30, 30, 240], 'dtype': 'float32', 'keras_history': ['block3c_activation', 0, 0]}}], 'kwargs': {}}]}, {'module': 'keras.layers', 'class_name': 'Reshape', 'config': {'name': 'block3c_se_reshape', 'trainable': False, 'dtype': {'module': 'keras', 'class_name': 'DTypePolicy', 'config': {'name': 'float32'}, 'registered_name': None}, 'target_shape': [1, 1, 240]}, 'registered_name': None, 'name': 'block3c_se_reshape', 'inbound_nodes': [{'args': [{'class_name': '__keras_tensor__', 'config': {'shape': [None, 240], 'dtype': 'float32', 'keras_history': ['block3c_se_squeeze', 0, 0]}}], 'kwargs': {}}]}, {'module': 'keras.layers', 'class_name': 'Conv2D', 'config': {'name': 'block3c_se_reduce', 'trainable': False, 'dtype': {'module': 'keras', 'class_name': 'DTypePolicy', 'config': {'name': 'float32'}, 'registered_name': None}, 'filters': 10, 'kernel_size': [1, 1], 'strides': [1, 1], 'padding': 'same', 'data_format': 'channels_last', 'dilation_rate': [1, 1], 'groups': 1, 'activation': 'silu', 'use_bias': True, 'kernel_initializer': {'module': 'keras.initializers', 'class_name': 'VarianceScaling', 'config': {'seed': None, 'scale': 2.0, 'mode': 'fan_out', 'distribution': 'truncated_normal'}, 'registered_name': None}, 'bias_initializer': {'module': 'keras.initializers', 'class_name': 'Zeros', 'config': {}, 'registered_name': None}, 'kernel_regularizer': None, 'bias_regularizer': None, 'activity_regularizer': None, 'kernel_constraint': None, 'bias_constraint': None}, 'registered_name': None, 'build_config': {'input_shape': [None, 1, 1, 240]}, 'name': 'block3c_se_reduce', 'inbound_nodes': [{'args': [{'class_name': '__keras_tensor__', 'config': {'shape': [None, 1, 1, 240], 'dtype': 'float32', 'keras_history': ['block3c_se_reshape', 0, 0]}}], 'kwargs': {}}]}, {'module': 'keras.layers', 'class_name': 'Conv2D', 'config': {'name': 'block3c_se_expand', 'trainable': False, 'dtype': {'module': 'keras', 'class_name': 'DTypePolicy', 'config': {'name': 'float32'}, 'registered_name': None}, 'filters': 240, 'kernel_size': [1, 1], 'strides': [1, 1], 'padding': 'same', 'data_format': 'channels_last', 'dilation_rate': [1, 1], 'groups': 1, 'activation': 'sigmoid', 'use_bias': True, 'kernel_initializer': {'module': 'keras.initializers', 'class_name': 'VarianceScaling', 'config': {'seed': None, 'scale': 2.0, 'mode': 'fan_out', 'distribution': 'truncated_normal'}, 'registered_name': None}, 'bias_initializer': {'module': 'keras.initializers', 'class_name': 'Zeros', 'config': {}, 'registered_name': None}, 'kernel_regularizer': None, 'bias_regularizer': None, 'activity_regularizer': None, 'kernel_constraint': None, 'bias_constraint': None}, 'registered_name': None, 'build_config': {'input_shape': [None, 1, 1, 10]}, 'name': 'block3c_se_expand', 'inbound_nodes': [{'args': [{'class_name': '__keras_tensor__', 'config': {'shape': [None, 1, 1, 10], 'dtype': 'float32', 'keras_history': ['block3c_se_reduce', 0, 0]}}], 'kwargs': {}}]}, {'module': 'keras.layers', 'class_name': 'Multiply', 'config': {'name': 'block3c_se_excite', 'trainable': False, 'dtype': {'module': 'keras', 'class_name': 'DTypePolicy', 'config': {'name': 'float32'}, 'registered_name': None}}, 'registered_name': None, 'build_config': {'input_shape': [[None, 30, 30, 240], [None, 1, 1, 240]]}, 'name': 'block3c_se_excite', 'inbound_nodes': [{'args': [[{'class_name': '__keras_tensor__', 'config': {'shape': [None, 30, 30, 240], 'dtype': 'float32', 'keras_history': ['block3c_activation', 0, 0]}}, {'class_name': '__keras_tensor__', 'config': {'shape': [None, 1, 1, 240], 'dtype': 'float32', 'keras_history': ['block3c_se_expand', 0, 0]}}]], 'kwargs': {}}]}, {'module': 'keras.layers', 'class_name': 'Conv2D', 'config': {'name': 'block3c_project_conv', 'trainable': False, 'dtype': {'module': 'keras', 'class_name': 'DTypePolicy', 'config': {'name': 'float32'}, 'registered_name': None}, 'filters': 40, 'kernel_size': [1, 1], 'strides': [1, 1], 'padding': 'same', 'data_format': 'channels_last', 'dilation_rate': [1, 1], 'groups': 1, 'activation': 'linear', 'use_bias': False, 'kernel_initializer': {'module': 'keras.initializers', 'class_name': 'VarianceScaling', 'config': {'seed': None, 'scale': 2.0, 'mode': 'fan_out', 'distribution': 'truncated_normal'}, 'registered_name': None}, 'bias_initializer': {'module': 'keras.initializers', 'class_name': 'Zeros', 'config': {}, 'registered_name': None}, 'kernel_regularizer': None, 'bias_regularizer': None, 'activity_regularizer': None, 'kernel_constraint': None, 'bias_constraint': None}, 'registered_name': None, 'build_config': {'input_shape': [None, 30, 30, 240]}, 'name': 'block3c_project_conv', 'inbound_nodes': [{'args': [{'class_name': '__keras_tensor__', 'config': {'shape': [None, 30, 30, 240], 'dtype': 'float32', 'keras_history': ['block3c_se_excite', 0, 0]}}], 'kwargs': {}}]}, {'module': 'keras.layers', 'class_name': 'BatchNormalization', 'config': {'name': 'block3c_project_bn', 'trainable': False, 'dtype': {'module': 'keras', 'class_name': 'DTypePolicy', 'config': {'name': 'float32'}, 'registered_name': None}, 'axis': 3, 'momentum': 0.99, 'epsilon': 0.001, 'center': True, 'scale': True, 'beta_initializer': {'module': 'keras.initializers', 'class_name': 'Zeros', 'config': {}, 'registered_name': None}, 'gamma_initializer': {'module': 'keras.initializers', 'class_name': 'Ones', 'config': {}, 'registered_name': None}, 'moving_mean_initializer': {'module': 'keras.initializers', 'class_name': 'Zeros', 'config': {}, 'registered_name': None}, 'moving_variance_initializer': {'module': 'keras.initializers', 'class_name': 'Ones', 'config': {}, 'registered_name': None}, 'beta_regularizer': None, 'gamma_regularizer': None, 'beta_constraint': None, 'gamma_constraint': None, 'synchronized': False}, 'registered_name': None, 'build_config': {'input_shape': [None, 30, 30, 40]}, 'name': 'block3c_project_bn', 'inbound_nodes': [{'args': [{'class_name': '__keras_tensor__', 'config': {'shape': [None, 30, 30, 40], 'dtype': 'float32', 'keras_history': ['block3c_project_conv', 0, 0]}}], 'kwargs': {'mask': None}}]}, {'module': 'keras.layers', 'class_name': 'Dropout', 'config': {'name': 'block3c_drop', 'trainable': False, 'dtype': {'module': 'keras', 'class_name': 'DTypePolicy', 'config': {'name': 'float32'}, 'registered_name': None}, 'rate': 0.06086956521739131, 'seed': None, 'noise_shape': [None, 1, 1, 1]}, 'registered_name': None, 'name': 'block3c_drop', 'inbound_nodes': [{'args': [{'class_name': '__keras_tensor__', 'config': {'shape': [None, 30, 30, 40], 'dtype': 'float32', 'keras_history': ['block3c_project_bn', 0, 0]}}], 'kwargs': {'training': False}}]}, {'module': 'keras.layers', 'class_name': 'Add', 'config': {'name': 'block3c_add', 'trainable': False, 'dtype': {'module': 'keras', 'class_name': 'DTypePolicy', 'config': {'name': 'float32'}, 'registered_name': None}}, 'registered_name': None, 'build_config': {'input_shape': [[None, 30, 30, 40], [None, 30, 30, 40]]}, 'name': 'block3c_add', 'inbound_nodes': [{'args': [[{'class_name': '__keras_tensor__', 'config': {'shape': [None, 30, 30, 40], 'dtype': 'float32', 'keras_history': ['block3c_drop', 0, 0]}}, {'class_name': '__keras_tensor__', 'config': {'shape': [None, 30, 30, 40], 'dtype': 'float32', 'keras_history': ['block3b_add', 0, 0]}}]], 'kwargs': {}}]}, {'module': 'keras.layers', 'class_name': 'Conv2D', 'config': {'name': 'block4a_expand_conv', 'trainable': False, 'dtype': {'module': 'keras', 'class_name': 'DTypePolicy', 'config': {'name': 'float32'}, 'registered_name': None}, 'filters': 240, 'kernel_size': [1, 1], 'strides': [1, 1], 'padding': 'same', 'data_format': 'channels_last', 'dilation_rate': [1, 1], 'groups': 1, 'activation': 'linear', 'use_bias': False, 'kernel_initializer': {'module': 'keras.initializers', 'class_name': 'VarianceScaling', 'config': {'seed': None, 'scale': 2.0, 'mode': 'fan_out', 'distribution': 'truncated_normal'}, 'registered_name': None}, 'bias_initializer': {'module': 'keras.initializers', 'class_name': 'Zeros', 'config': {}, 'registered_name': None}, 'kernel_regularizer': None, 'bias_regularizer': None, 'activity_regularizer': None, 'kernel_constraint': None, 'bias_constraint': None}, 'registered_name': None, 'build_config': {'input_shape': [None, 30, 30, 40]}, 'name': 'block4a_expand_conv', 'inbound_nodes': [{'args': [{'class_name': '__keras_tensor__', 'config': {'shape': [None, 30, 30, 40], 'dtype': 'float32', 'keras_history': ['block3c_add', 0, 0]}}], 'kwargs': {}}]}, {'module': 'keras.layers', 'class_name': 'BatchNormalization', 'config': {'name': 'block4a_expand_bn', 'trainable': False, 'dtype': {'module': 'keras', 'class_name': 'DTypePolicy', 'config': {'name': 'float32'}, 'registered_name': None}, 'axis': 3, 'momentum': 0.99, 'epsilon': 0.001, 'center': True, 'scale': True, 'beta_initializer': {'module': 'keras.initializers', 'class_name': 'Zeros', 'config': {}, 'registered_name': None}, 'gamma_initializer': {'module': 'keras.initializers', 'class_name': 'Ones', 'config': {}, 'registered_name': None}, 'moving_mean_initializer': {'module': 'keras.initializers', 'class_name': 'Zeros', 'config': {}, 'registered_name': None}, 'moving_variance_initializer': {'module': 'keras.initializers', 'class_name': 'Ones', 'config': {}, 'registered_name': None}, 'beta_regularizer': None, 'gamma_regularizer': None, 'beta_constraint': None, 'gamma_constraint': None, 'synchronized': False}, 'registered_name': None, 'build_config': {'input_shape': [None, 30, 30, 240]}, 'name': 'block4a_expand_bn', 'inbound_nodes': [{'args': [{'class_name': '__keras_tensor__', 'config': {'shape': [None, 30, 30, 240], 'dtype': 'float32', 'keras_history': ['block4a_expand_conv', 0, 0]}}], 'kwargs': {'mask': None}}]}, {'module': 'keras.layers', 'class_name': 'Activation', 'config': {'name': 'block4a_expand_activation', 'trainable': False, 'dtype': {'module': 'keras', 'class_name': 'DTypePolicy', 'config': {'name': 'float32'}, 'registered_name': None}, 'activation': 'silu'}, 'registered_name': None, 'name': 'block4a_expand_activation', 'inbound_nodes': [{'args': [{'class_name': '__keras_tensor__', 'config': {'shape': [None, 30, 30, 240], 'dtype': 'float32', 'keras_history': ['block4a_expand_bn', 0, 0]}}], 'kwargs': {}}]}, {'module': 'keras.layers', 'class_name': 'ZeroPadding2D', 'config': {'name': 'block4a_dwconv_pad', 'trainable': False, 'dtype': {'module': 'keras', 'class_name': 'DTypePolicy', 'config': {'name': 'float32'}, 'registered_name': None}, 'padding': [[0, 1], [0, 1]], 'data_format': 'channels_last'}, 'registered_name': None, 'build_config': {'input_shape': [None, 30, 30, 240]}, 'name': 'block4a_dwconv_pad', 'inbound_nodes': [{'args': [{'class_name': '__keras_tensor__', 'config': {'shape': [None, 30, 30, 240], 'dtype': 'float32', 'keras_history': ['block4a_expand_activation', 0, 0]}}], 'kwargs': {}}]}, {'module': 'keras.layers', 'class_name': 'DepthwiseConv2D', 'config': {'name': 'block4a_dwconv', 'trainable': False, 'dtype': {'module': 'keras', 'class_name': 'DTypePolicy', 'config': {'name': 'float32'}, 'registered_name': None}, 'depth_multiplier': 1, 'kernel_size': [3, 3], 'strides': [2, 2], 'padding': 'valid', 'data_format': 'channels_last', 'dilation_rate': [1, 1], 'activation': 'linear', 'use_bias': False, 'depthwise_initializer': {'module': 'keras.initializers', 'class_name': 'VarianceScaling', 'config': {'seed': None, 'scale': 2.0, 'mode': 'fan_out', 'distribution': 'truncated_normal'}, 'registered_name': None}, 'bias_initializer': {'module': 'keras.initializers', 'class_name': 'Zeros', 'config': {}, 'registered_name': None}, 'depthwise_regularizer': None, 'bias_regularizer': None, 'activity_regularizer': None, 'depthwise_constraint': None, 'bias_constraint': None}, 'registered_name': None, 'build_config': {'input_shape': [None, 31, 31, 240]}, 'name': 'block4a_dwconv', 'inbound_nodes': [{'args': [{'class_name': '__keras_tensor__', 'config': {'shape': [None, 31, 31, 240], 'dtype': 'float32', 'keras_history': ['block4a_dwconv_pad', 0, 0]}}], 'kwargs': {}}]}, {'module': 'keras.layers', 'class_name': 'BatchNormalization', 'config': {'name': 'block4a_bn', 'trainable': False, 'dtype': {'module': 'keras', 'class_name': 'DTypePolicy', 'config': {'name': 'float32'}, 'registered_name': None}, 'axis': 3, 'momentum': 0.99, 'epsilon': 0.001, 'center': True, 'scale': True, 'beta_initializer': {'module': 'keras.initializers', 'class_name': 'Zeros', 'config': {}, 'registered_name': None}, 'gamma_initializer': {'module': 'keras.initializers', 'class_name': 'Ones', 'config': {}, 'registered_name': None}, 'moving_mean_initializer': {'module': 'keras.initializers', 'class_name': 'Zeros', 'config': {}, 'registered_name': None}, 'moving_variance_initializer': {'module': 'keras.initializers', 'class_name': 'Ones', 'config': {}, 'registered_name': None}, 'beta_regularizer': None, 'gamma_regularizer': None, 'beta_constraint': None, 'gamma_constraint': None, 'synchronized': False}, 'registered_name': None, 'build_config': {'input_shape': [None, 15, 15, 240]}, 'name': 'block4a_bn', 'inbound_nodes': [{'args': [{'class_name': '__keras_tensor__', 'config': {'shape': [None, 15, 15, 240], 'dtype': 'float32', 'keras_history': ['block4a_dwconv', 0, 0]}}], 'kwargs': {'mask': None}}]}, {'module': 'keras.layers', 'class_name': 'Activation', 'config': {'name': 'block4a_activation', 'trainable': False, 'dtype': {'module': 'keras', 'class_name': 'DTypePolicy', 'config': {'name': 'float32'}, 'registered_name': None}, 'activation': 'silu'}, 'registered_name': None, 'name': 'block4a_activation', 'inbound_nodes': [{'args': [{'class_name': '__keras_tensor__', 'config': {'shape': [None, 15, 15, 240], 'dtype': 'float32', 'keras_history': ['block4a_bn', 0, 0]}}], 'kwargs': {}}]}, {'module': 'keras.layers', 'class_name': 'GlobalAveragePooling2D', 'config': {'name': 'block4a_se_squeeze', 'trainable': False, 'dtype': {'module': 'keras', 'class_name': 'DTypePolicy', 'config': {'name': 'float32'}, 'registered_name': None}, 'data_format': 'channels_last', 'keepdims': False}, 'registered_name': None, 'name': 'block4a_se_squeeze', 'inbound_nodes': [{'args': [{'class_name': '__keras_tensor__', 'config': {'shape': [None, 15, 15, 240], 'dtype': 'float32', 'keras_history': ['block4a_activation', 0, 0]}}], 'kwargs': {}}]}, {'module': 'keras.layers', 'class_name': 'Reshape', 'config': {'name': 'block4a_se_reshape', 'trainable': False, 'dtype': {'module': 'keras', 'class_name': 'DTypePolicy', 'config': {'name': 'float32'}, 'registered_name': None}, 'target_shape': [1, 1, 240]}, 'registered_name': None, 'name': 'block4a_se_reshape', 'inbound_nodes': [{'args': [{'class_name': '__keras_tensor__', 'config': {'shape': [None, 240], 'dtype': 'float32', 'keras_history': ['block4a_se_squeeze', 0, 0]}}], 'kwargs': {}}]}, {'module': 'keras.layers', 'class_name': 'Conv2D', 'config': {'name': 'block4a_se_reduce', 'trainable': False, 'dtype': {'module': 'keras', 'class_name': 'DTypePolicy', 'config': {'name': 'float32'}, 'registered_name': None}, 'filters': 10, 'kernel_size': [1, 1], 'strides': [1, 1], 'padding': 'same', 'data_format': 'channels_last', 'dilation_rate': [1, 1], 'groups': 1, 'activation': 'silu', 'use_bias': True, 'kernel_initializer': {'module': 'keras.initializers', 'class_name': 'VarianceScaling', 'config': {'seed': None, 'scale': 2.0, 'mode': 'fan_out', 'distribution': 'truncated_normal'}, 'registered_name': None}, 'bias_initializer': {'module': 'keras.initializers', 'class_name': 'Zeros', 'config': {}, 'registered_name': None}, 'kernel_regularizer': None, 'bias_regularizer': None, 'activity_regularizer': None, 'kernel_constraint': None, 'bias_constraint': None}, 'registered_name': None, 'build_config': {'input_shape': [None, 1, 1, 240]}, 'name': 'block4a_se_reduce', 'inbound_nodes': [{'args': [{'class_name': '__keras_tensor__', 'config': {'shape': [None, 1, 1, 240], 'dtype': 'float32', 'keras_history': ['block4a_se_reshape', 0, 0]}}], 'kwargs': {}}]}, {'module': 'keras.layers', 'class_name': 'Conv2D', 'config': {'name': 'block4a_se_expand', 'trainable': False, 'dtype': {'module': 'keras', 'class_name': 'DTypePolicy', 'config': {'name': 'float32'}, 'registered_name': None}, 'filters': 240, 'kernel_size': [1, 1], 'strides': [1, 1], 'padding': 'same', 'data_format': 'channels_last', 'dilation_rate': [1, 1], 'groups': 1, 'activation': 'sigmoid', 'use_bias': True, 'kernel_initializer': {'module': 'keras.initializers', 'class_name': 'VarianceScaling', 'config': {'seed': None, 'scale': 2.0, 'mode': 'fan_out', 'distribution': 'truncated_normal'}, 'registered_name': None}, 'bias_initializer': {'module': 'keras.initializers', 'class_name': 'Zeros', 'config': {}, 'registered_name': None}, 'kernel_regularizer': None, 'bias_regularizer': None, 'activity_regularizer': None, 'kernel_constraint': None, 'bias_constraint': None}, 'registered_name': None, 'build_config': {'input_shape': [None, 1, 1, 10]}, 'name': 'block4a_se_expand', 'inbound_nodes': [{'args': [{'class_name': '__keras_tensor__', 'config': {'shape': [None, 1, 1, 10], 'dtype': 'float32', 'keras_history': ['block4a_se_reduce', 0, 0]}}], 'kwargs': {}}]}, {'module': 'keras.layers', 'class_name': 'Multiply', 'config': {'name': 'block4a_se_excite', 'trainable': False, 'dtype': {'module': 'keras', 'class_name': 'DTypePolicy', 'config': {'name': 'float32'}, 'registered_name': None}}, 'registered_name': None, 'build_config': {'input_shape': [[None, 15, 15, 240], [None, 1, 1, 240]]}, 'name': 'block4a_se_excite', 'inbound_nodes': [{'args': [[{'class_name': '__keras_tensor__', 'config': {'shape': [None, 15, 15, 240], 'dtype': 'float32', 'keras_history': ['block4a_activation', 0, 0]}}, {'class_name': '__keras_tensor__', 'config': {'shape': [None, 1, 1, 240], 'dtype': 'float32', 'keras_history': ['block4a_se_expand', 0, 0]}}]], 'kwargs': {}}]}, {'module': 'keras.layers', 'class_name': 'Conv2D', 'config': {'name': 'block4a_project_conv', 'trainable': False, 'dtype': {'module': 'keras', 'class_name': 'DTypePolicy', 'config': {'name': 'float32'}, 'registered_name': None}, 'filters': 80, 'kernel_size': [1, 1], 'strides': [1, 1], 'padding': 'same', 'data_format': 'channels_last', 'dilation_rate': [1, 1], 'groups': 1, 'activation': 'linear', 'use_bias': False, 'kernel_initializer': {'module': 'keras.initializers', 'class_name': 'VarianceScaling', 'config': {'seed': None, 'scale': 2.0, 'mode': 'fan_out', 'distribution': 'truncated_normal'}, 'registered_name': None}, 'bias_initializer': {'module': 'keras.initializers', 'class_name': 'Zeros', 'config': {}, 'registered_name': None}, 'kernel_regularizer': None, 'bias_regularizer': None, 'activity_regularizer': None, 'kernel_constraint': None, 'bias_constraint': None}, 'registered_name': None, 'build_config': {'input_shape': [None, 15, 15, 240]}, 'name': 'block4a_project_conv', 'inbound_nodes': [{'args': [{'class_name': '__keras_tensor__', 'config': {'shape': [None, 15, 15, 240], 'dtype': 'float32', 'keras_history': ['block4a_se_excite', 0, 0]}}], 'kwargs': {}}]}, {'module': 'keras.layers', 'class_name': 'BatchNormalization', 'config': {'name': 'block4a_project_bn', 'trainable': False, 'dtype': {'module': 'keras', 'class_name': 'DTypePolicy', 'config': {'name': 'float32'}, 'registered_name': None}, 'axis': 3, 'momentum': 0.99, 'epsilon': 0.001, 'center': True, 'scale': True, 'beta_initializer': {'module': 'keras.initializers', 'class_name': 'Zeros', 'config': {}, 'registered_name': None}, 'gamma_initializer': {'module': 'keras.initializers', 'class_name': 'Ones', 'config': {}, 'registered_name': None}, 'moving_mean_initializer': {'module': 'keras.initializers', 'class_name': 'Zeros', 'config': {}, 'registered_name': None}, 'moving_variance_initializer': {'module': 'keras.initializers', 'class_name': 'Ones', 'config': {}, 'registered_name': None}, 'beta_regularizer': None, 'gamma_regularizer': None, 'beta_constraint': None, 'gamma_constraint': None, 'synchronized': False}, 'registered_name': None, 'build_config': {'input_shape': [None, 15, 15, 80]}, 'name': 'block4a_project_bn', 'inbound_nodes': [{'args': [{'class_name': '__keras_tensor__', 'config': {'shape': [None, 15, 15, 80], 'dtype': 'float32', 'keras_history': ['block4a_project_conv', 0, 0]}}], 'kwargs': {'mask': None}}]}, {'module': 'keras.layers', 'class_name': 'Conv2D', 'config': {'name': 'block4b_expand_conv', 'trainable': False, 'dtype': {'module': 'keras', 'class_name': 'DTypePolicy', 'config': {'name': 'float32'}, 'registered_name': None}, 'filters': 480, 'kernel_size': [1, 1], 'strides': [1, 1], 'padding': 'same', 'data_format': 'channels_last', 'dilation_rate': [1, 1], 'groups': 1, 'activation': 'linear', 'use_bias': False, 'kernel_initializer': {'module': 'keras.initializers', 'class_name': 'VarianceScaling', 'config': {'seed': None, 'scale': 2.0, 'mode': 'fan_out', 'distribution': 'truncated_normal'}, 'registered_name': None}, 'bias_initializer': {'module': 'keras.initializers', 'class_name': 'Zeros', 'config': {}, 'registered_name': None}, 'kernel_regularizer': None, 'bias_regularizer': None, 'activity_regularizer': None, 'kernel_constraint': None, 'bias_constraint': None}, 'registered_name': None, 'build_config': {'input_shape': [None, 15, 15, 80]}, 'name': 'block4b_expand_conv', 'inbound_nodes': [{'args': [{'class_name': '__keras_tensor__', 'config': {'shape': [None, 15, 15, 80], 'dtype': 'float32', 'keras_history': ['block4a_project_bn', 0, 0]}}], 'kwargs': {}}]}, {'module': 'keras.layers', 'class_name': 'BatchNormalization', 'config': {'name': 'block4b_expand_bn', 'trainable': False, 'dtype': {'module': 'keras', 'class_name': 'DTypePolicy', 'config': {'name': 'float32'}, 'registered_name': None}, 'axis': 3, 'momentum': 0.99, 'epsilon': 0.001, 'center': True, 'scale': True, 'beta_initializer': {'module': 'keras.initializers', 'class_name': 'Zeros', 'config': {}, 'registered_name': None}, 'gamma_initializer': {'module': 'keras.initializers', 'class_name': 'Ones', 'config': {}, 'registered_name': None}, 'moving_mean_initializer': {'module': 'keras.initializers', 'class_name': 'Zeros', 'config': {}, 'registered_name': None}, 'moving_variance_initializer': {'module': 'keras.initializers', 'class_name': 'Ones', 'config': {}, 'registered_name': None}, 'beta_regularizer': None, 'gamma_regularizer': None, 'beta_constraint': None, 'gamma_constraint': None, 'synchronized': False}, 'registered_name': None, 'build_config': {'input_shape': [None, 15, 15, 480]}, 'name': 'block4b_expand_bn', 'inbound_nodes': [{'args': [{'class_name': '__keras_tensor__', 'config': {'shape': [None, 15, 15, 480], 'dtype': 'float32', 'keras_history': ['block4b_expand_conv', 0, 0]}}], 'kwargs': {'mask': None}}]}, {'module': 'keras.layers', 'class_name': 'Activation', 'config': {'name': 'block4b_expand_activation', 'trainable': False, 'dtype': {'module': 'keras', 'class_name': 'DTypePolicy', 'config': {'name': 'float32'}, 'registered_name': None}, 'activation': 'silu'}, 'registered_name': None, 'name': 'block4b_expand_activation', 'inbound_nodes': [{'args': [{'class_name': '__keras_tensor__', 'config': {'shape': [None, 15, 15, 480], 'dtype': 'float32', 'keras_history': ['block4b_expand_bn', 0, 0]}}], 'kwargs': {}}]}, {'module': 'keras.layers', 'class_name': 'DepthwiseConv2D', 'config': {'name': 'block4b_dwconv', 'trainable': False, 'dtype': {'module': 'keras', 'class_name': 'DTypePolicy', 'config': {'name': 'float32'}, 'registered_name': None}, 'depth_multiplier': 1, 'kernel_size': [3, 3], 'strides': [1, 1], 'padding': 'same', 'data_format': 'channels_last', 'dilation_rate': [1, 1], 'activation': 'linear', 'use_bias': False, 'depthwise_initializer': {'module': 'keras.initializers', 'class_name': 'VarianceScaling', 'config': {'seed': None, 'scale': 2.0, 'mode': 'fan_out', 'distribution': 'truncated_normal'}, 'registered_name': None}, 'bias_initializer': {'module': 'keras.initializers', 'class_name': 'Zeros', 'config': {}, 'registered_name': None}, 'depthwise_regularizer': None, 'bias_regularizer': None, 'activity_regularizer': None, 'depthwise_constraint': None, 'bias_constraint': None}, 'registered_name': None, 'build_config': {'input_shape': [None, 15, 15, 480]}, 'name': 'block4b_dwconv', 'inbound_nodes': [{'args': [{'class_name': '__keras_tensor__', 'config': {'shape': [None, 15, 15, 480], 'dtype': 'float32', 'keras_history': ['block4b_expand_activation', 0, 0]}}], 'kwargs': {}}]}, {'module': 'keras.layers', 'class_name': 'BatchNormalization', 'config': {'name': 'block4b_bn', 'trainable': False, 'dtype': {'module': 'keras', 'class_name': 'DTypePolicy', 'config': {'name': 'float32'}, 'registered_name': None}, 'axis': 3, 'momentum': 0.99, 'epsilon': 0.001, 'center': True, 'scale': True, 'beta_initializer': {'module': 'keras.initializers', 'class_name': 'Zeros', 'config': {}, 'registered_name': None}, 'gamma_initializer': {'module': 'keras.initializers', 'class_name': 'Ones', 'config': {}, 'registered_name': None}, 'moving_mean_initializer': {'module': 'keras.initializers', 'class_name': 'Zeros', 'config': {}, 'registered_name': None}, 'moving_variance_initializer': {'module': 'keras.initializers', 'class_name': 'Ones', 'config': {}, 'registered_name': None}, 'beta_regularizer': None, 'gamma_regularizer': None, 'beta_constraint': None, 'gamma_constraint': None, 'synchronized': False}, 'registered_name': None, 'build_config': {'input_shape': [None, 15, 15, 480]}, 'name': 'block4b_bn', 'inbound_nodes': [{'args': [{'class_name': '__keras_tensor__', 'config': {'shape': [None, 15, 15, 480], 'dtype': 'float32', 'keras_history': ['block4b_dwconv', 0, 0]}}], 'kwargs': {'mask': None}}]}, {'module': 'keras.layers', 'class_name': 'Activation', 'config': {'name': 'block4b_activation', 'trainable': False, 'dtype': {'module': 'keras', 'class_name': 'DTypePolicy', 'config': {'name': 'float32'}, 'registered_name': None}, 'activation': 'silu'}, 'registered_name': None, 'name': 'block4b_activation', 'inbound_nodes': [{'args': [{'class_name': '__keras_tensor__', 'config': {'shape': [None, 15, 15, 480], 'dtype': 'float32', 'keras_history': ['block4b_bn', 0, 0]}}], 'kwargs': {}}]}, {'module': 'keras.layers', 'class_name': 'GlobalAveragePooling2D', 'config': {'name': 'block4b_se_squeeze', 'trainable': False, 'dtype': {'module': 'keras', 'class_name': 'DTypePolicy', 'config': {'name': 'float32'}, 'registered_name': None}, 'data_format': 'channels_last', 'keepdims': False}, 'registered_name': None, 'name': 'block4b_se_squeeze', 'inbound_nodes': [{'args': [{'class_name': '__keras_tensor__', 'config': {'shape': [None, 15, 15, 480], 'dtype': 'float32', 'keras_history': ['block4b_activation', 0, 0]}}], 'kwargs': {}}]}, {'module': 'keras.layers', 'class_name': 'Reshape', 'config': {'name': 'block4b_se_reshape', 'trainable': False, 'dtype': {'module': 'keras', 'class_name': 'DTypePolicy', 'config': {'name': 'float32'}, 'registered_name': None}, 'target_shape': [1, 1, 480]}, 'registered_name': None, 'name': 'block4b_se_reshape', 'inbound_nodes': [{'args': [{'class_name': '__keras_tensor__', 'config': {'shape': [None, 480], 'dtype': 'float32', 'keras_history': ['block4b_se_squeeze', 0, 0]}}], 'kwargs': {}}]}, {'module': 'keras.layers', 'class_name': 'Conv2D', 'config': {'name': 'block4b_se_reduce', 'trainable': False, 'dtype': {'module': 'keras', 'class_name': 'DTypePolicy', 'config': {'name': 'float32'}, 'registered_name': None}, 'filters': 20, 'kernel_size': [1, 1], 'strides': [1, 1], 'padding': 'same', 'data_format': 'channels_last', 'dilation_rate': [1, 1], 'groups': 1, 'activation': 'silu', 'use_bias': True, 'kernel_initializer': {'module': 'keras.initializers', 'class_name': 'VarianceScaling', 'config': {'seed': None, 'scale': 2.0, 'mode': 'fan_out', 'distribution': 'truncated_normal'}, 'registered_name': None}, 'bias_initializer': {'module': 'keras.initializers', 'class_name': 'Zeros', 'config': {}, 'registered_name': None}, 'kernel_regularizer': None, 'bias_regularizer': None, 'activity_regularizer': None, 'kernel_constraint': None, 'bias_constraint': None}, 'registered_name': None, 'build_config': {'input_shape': [None, 1, 1, 480]}, 'name': 'block4b_se_reduce', 'inbound_nodes': [{'args': [{'class_name': '__keras_tensor__', 'config': {'shape': [None, 1, 1, 480], 'dtype': 'float32', 'keras_history': ['block4b_se_reshape', 0, 0]}}], 'kwargs': {}}]}, {'module': 'keras.layers', 'class_name': 'Conv2D', 'config': {'name': 'block4b_se_expand', 'trainable': False, 'dtype': {'module': 'keras', 'class_name': 'DTypePolicy', 'config': {'name': 'float32'}, 'registered_name': None}, 'filters': 480, 'kernel_size': [1, 1], 'strides': [1, 1], 'padding': 'same', 'data_format': 'channels_last', 'dilation_rate': [1, 1], 'groups': 1, 'activation': 'sigmoid', 'use_bias': True, 'kernel_initializer': {'module': 'keras.initializers', 'class_name': 'VarianceScaling', 'config': {'seed': None, 'scale': 2.0, 'mode': 'fan_out', 'distribution': 'truncated_normal'}, 'registered_name': None}, 'bias_initializer': {'module': 'keras.initializers', 'class_name': 'Zeros', 'config': {}, 'registered_name': None}, 'kernel_regularizer': None, 'bias_regularizer': None, 'activity_regularizer': None, 'kernel_constraint': None, 'bias_constraint': None}, 'registered_name': None, 'build_config': {'input_shape': [None, 1, 1, 20]}, 'name': 'block4b_se_expand', 'inbound_nodes': [{'args': [{'class_name': '__keras_tensor__', 'config': {'shape': [None, 1, 1, 20], 'dtype': 'float32', 'keras_history': ['block4b_se_reduce', 0, 0]}}], 'kwargs': {}}]}, {'module': 'keras.layers', 'class_name': 'Multiply', 'config': {'name': 'block4b_se_excite', 'trainable': False, 'dtype': {'module': 'keras', 'class_name': 'DTypePolicy', 'config': {'name': 'float32'}, 'registered_name': None}}, 'registered_name': None, 'build_config': {'input_shape': [[None, 15, 15, 480], [None, 1, 1, 480]]}, 'name': 'block4b_se_excite', 'inbound_nodes': [{'args': [[{'class_name': '__keras_tensor__', 'config': {'shape': [None, 15, 15, 480], 'dtype': 'float32', 'keras_history': ['block4b_activation', 0, 0]}}, {'class_name': '__keras_tensor__', 'config': {'shape': [None, 1, 1, 480], 'dtype': 'float32', 'keras_history': ['block4b_se_expand', 0, 0]}}]], 'kwargs': {}}]}, {'module': 'keras.layers', 'class_name': 'Conv2D', 'config': {'name': 'block4b_project_conv', 'trainable': False, 'dtype': {'module': 'keras', 'class_name': 'DTypePolicy', 'config': {'name': 'float32'}, 'registered_name': None}, 'filters': 80, 'kernel_size': [1, 1], 'strides': [1, 1], 'padding': 'same', 'data_format': 'channels_last', 'dilation_rate': [1, 1], 'groups': 1, 'activation': 'linear', 'use_bias': False, 'kernel_initializer': {'module': 'keras.initializers', 'class_name': 'VarianceScaling', 'config': {'seed': None, 'scale': 2.0, 'mode': 'fan_out', 'distribution': 'truncated_normal'}, 'registered_name': None}, 'bias_initializer': {'module': 'keras.initializers', 'class_name': 'Zeros', 'config': {}, 'registered_name': None}, 'kernel_regularizer': None, 'bias_regularizer': None, 'activity_regularizer': None, 'kernel_constraint': None, 'bias_constraint': None}, 'registered_name': None, 'build_config': {'input_shape': [None, 15, 15, 480]}, 'name': 'block4b_project_conv', 'inbound_nodes': [{'args': [{'class_name': '__keras_tensor__', 'config': {'shape': [None, 15, 15, 480], 'dtype': 'float32', 'keras_history': ['block4b_se_excite', 0, 0]}}], 'kwargs': {}}]}, {'module': 'keras.layers', 'class_name': 'BatchNormalization', 'config': {'name': 'block4b_project_bn', 'trainable': False, 'dtype': {'module': 'keras', 'class_name': 'DTypePolicy', 'config': {'name': 'float32'}, 'registered_name': None}, 'axis': 3, 'momentum': 0.99, 'epsilon': 0.001, 'center': True, 'scale': True, 'beta_initializer': {'module': 'keras.initializers', 'class_name': 'Zeros', 'config': {}, 'registered_name': None}, 'gamma_initializer': {'module': 'keras.initializers', 'class_name': 'Ones', 'config': {}, 'registered_name': None}, 'moving_mean_initializer': {'module': 'keras.initializers', 'class_name': 'Zeros', 'config': {}, 'registered_name': None}, 'moving_variance_initializer': {'module': 'keras.initializers', 'class_name': 'Ones', 'config': {}, 'registered_name': None}, 'beta_regularizer': None, 'gamma_regularizer': None, 'beta_constraint': None, 'gamma_constraint': None, 'synchronized': False}, 'registered_name': None, 'build_config': {'input_shape': [None, 15, 15, 80]}, 'name': 'block4b_project_bn', 'inbound_nodes': [{'args': [{'class_name': '__keras_tensor__', 'config': {'shape': [None, 15, 15, 80], 'dtype': 'float32', 'keras_history': ['block4b_project_conv', 0, 0]}}], 'kwargs': {'mask': None}}]}, {'module': 'keras.layers', 'class_name': 'Dropout', 'config': {'name': 'block4b_drop', 'trainable': False, 'dtype': {'module': 'keras', 'class_name': 'DTypePolicy', 'config': {'name': 'float32'}, 'registered_name': None}, 'rate': 0.0782608695652174, 'seed': None, 'noise_shape': [None, 1, 1, 1]}, 'registered_name': None, 'name': 'block4b_drop', 'inbound_nodes': [{'args': [{'class_name': '__keras_tensor__', 'config': {'shape': [None, 15, 15, 80], 'dtype': 'float32', 'keras_history': ['block4b_project_bn', 0, 0]}}], 'kwargs': {'training': False}}]}, {'module': 'keras.layers', 'class_name': 'Add', 'config': {'name': 'block4b_add', 'trainable': False, 'dtype': {'module': 'keras', 'class_name': 'DTypePolicy', 'config': {'name': 'float32'}, 'registered_name': None}}, 'registered_name': None, 'build_config': {'input_shape': [[None, 15, 15, 80], [None, 15, 15, 80]]}, 'name': 'block4b_add', 'inbound_nodes': [{'args': [[{'class_name': '__keras_tensor__', 'config': {'shape': [None, 15, 15, 80], 'dtype': 'float32', 'keras_history': ['block4b_drop', 0, 0]}}, {'class_name': '__keras_tensor__', 'config': {'shape': [None, 15, 15, 80], 'dtype': 'float32', 'keras_history': ['block4a_project_bn', 0, 0]}}]], 'kwargs': {}}]}, {'module': 'keras.layers', 'class_name': 'Conv2D', 'config': {'name': 'block4c_expand_conv', 'trainable': False, 'dtype': {'module': 'keras', 'class_name': 'DTypePolicy', 'config': {'name': 'float32'}, 'registered_name': None}, 'filters': 480, 'kernel_size': [1, 1], 'strides': [1, 1], 'padding': 'same', 'data_format': 'channels_last', 'dilation_rate': [1, 1], 'groups': 1, 'activation': 'linear', 'use_bias': False, 'kernel_initializer': {'module': 'keras.initializers', 'class_name': 'VarianceScaling', 'config': {'seed': None, 'scale': 2.0, 'mode': 'fan_out', 'distribution': 'truncated_normal'}, 'registered_name': None}, 'bias_initializer': {'module': 'keras.initializers', 'class_name': 'Zeros', 'config': {}, 'registered_name': None}, 'kernel_regularizer': None, 'bias_regularizer': None, 'activity_regularizer': None, 'kernel_constraint': None, 'bias_constraint': None}, 'registered_name': None, 'build_config': {'input_shape': [None, 15, 15, 80]}, 'name': 'block4c_expand_conv', 'inbound_nodes': [{'args': [{'class_name': '__keras_tensor__', 'config': {'shape': [None, 15, 15, 80], 'dtype': 'float32', 'keras_history': ['block4b_add', 0, 0]}}], 'kwargs': {}}]}, {'module': 'keras.layers', 'class_name': 'BatchNormalization', 'config': {'name': 'block4c_expand_bn', 'trainable': False, 'dtype': {'module': 'keras', 'class_name': 'DTypePolicy', 'config': {'name': 'float32'}, 'registered_name': None}, 'axis': 3, 'momentum': 0.99, 'epsilon': 0.001, 'center': True, 'scale': True, 'beta_initializer': {'module': 'keras.initializers', 'class_name': 'Zeros', 'config': {}, 'registered_name': None}, 'gamma_initializer': {'module': 'keras.initializers', 'class_name': 'Ones', 'config': {}, 'registered_name': None}, 'moving_mean_initializer': {'module': 'keras.initializers', 'class_name': 'Zeros', 'config': {}, 'registered_name': None}, 'moving_variance_initializer': {'module': 'keras.initializers', 'class_name': 'Ones', 'config': {}, 'registered_name': None}, 'beta_regularizer': None, 'gamma_regularizer': None, 'beta_constraint': None, 'gamma_constraint': None, 'synchronized': False}, 'registered_name': None, 'build_config': {'input_shape': [None, 15, 15, 480]}, 'name': 'block4c_expand_bn', 'inbound_nodes': [{'args': [{'class_name': '__keras_tensor__', 'config': {'shape': [None, 15, 15, 480], 'dtype': 'float32', 'keras_history': ['block4c_expand_conv', 0, 0]}}], 'kwargs': {'mask': None}}]}, {'module': 'keras.layers', 'class_name': 'Activation', 'config': {'name': 'block4c_expand_activation', 'trainable': False, 'dtype': {'module': 'keras', 'class_name': 'DTypePolicy', 'config': {'name': 'float32'}, 'registered_name': None}, 'activation': 'silu'}, 'registered_name': None, 'name': 'block4c_expand_activation', 'inbound_nodes': [{'args': [{'class_name': '__keras_tensor__', 'config': {'shape': [None, 15, 15, 480], 'dtype': 'float32', 'keras_history': ['block4c_expand_bn', 0, 0]}}], 'kwargs': {}}]}, {'module': 'keras.layers', 'class_name': 'DepthwiseConv2D', 'config': {'name': 'block4c_dwconv', 'trainable': False, 'dtype': {'module': 'keras', 'class_name': 'DTypePolicy', 'config': {'name': 'float32'}, 'registered_name': None}, 'depth_multiplier': 1, 'kernel_size': [3, 3], 'strides': [1, 1], 'padding': 'same', 'data_format': 'channels_last', 'dilation_rate': [1, 1], 'activation': 'linear', 'use_bias': False, 'depthwise_initializer': {'module': 'keras.initializers', 'class_name': 'VarianceScaling', 'config': {'seed': None, 'scale': 2.0, 'mode': 'fan_out', 'distribution': 'truncated_normal'}, 'registered_name': None}, 'bias_initializer': {'module': 'keras.initializers', 'class_name': 'Zeros', 'config': {}, 'registered_name': None}, 'depthwise_regularizer': None, 'bias_regularizer': None, 'activity_regularizer': None, 'depthwise_constraint': None, 'bias_constraint': None}, 'registered_name': None, 'build_config': {'input_shape': [None, 15, 15, 480]}, 'name': 'block4c_dwconv', 'inbound_nodes': [{'args': [{'class_name': '__keras_tensor__', 'config': {'shape': [None, 15, 15, 480], 'dtype': 'float32', 'keras_history': ['block4c_expand_activation', 0, 0]}}], 'kwargs': {}}]}, {'module': 'keras.layers', 'class_name': 'BatchNormalization', 'config': {'name': 'block4c_bn', 'trainable': False, 'dtype': {'module': 'keras', 'class_name': 'DTypePolicy', 'config': {'name': 'float32'}, 'registered_name': None}, 'axis': 3, 'momentum': 0.99, 'epsilon': 0.001, 'center': True, 'scale': True, 'beta_initializer': {'module': 'keras.initializers', 'class_name': 'Zeros', 'config': {}, 'registered_name': None}, 'gamma_initializer': {'module': 'keras.initializers', 'class_name': 'Ones', 'config': {}, 'registered_name': None}, 'moving_mean_initializer': {'module': 'keras.initializers', 'class_name': 'Zeros', 'config': {}, 'registered_name': None}, 'moving_variance_initializer': {'module': 'keras.initializers', 'class_name': 'Ones', 'config': {}, 'registered_name': None}, 'beta_regularizer': None, 'gamma_regularizer': None, 'beta_constraint': None, 'gamma_constraint': None, 'synchronized': False}, 'registered_name': None, 'build_config': {'input_shape': [None, 15, 15, 480]}, 'name': 'block4c_bn', 'inbound_nodes': [{'args': [{'class_name': '__keras_tensor__', 'config': {'shape': [None, 15, 15, 480], 'dtype': 'float32', 'keras_history': ['block4c_dwconv', 0, 0]}}], 'kwargs': {'mask': None}}]}, {'module': 'keras.layers', 'class_name': 'Activation', 'config': {'name': 'block4c_activation', 'trainable': False, 'dtype': {'module': 'keras', 'class_name': 'DTypePolicy', 'config': {'name': 'float32'}, 'registered_name': None}, 'activation': 'silu'}, 'registered_name': None, 'name': 'block4c_activation', 'inbound_nodes': [{'args': [{'class_name': '__keras_tensor__', 'config': {'shape': [None, 15, 15, 480], 'dtype': 'float32', 'keras_history': ['block4c_bn', 0, 0]}}], 'kwargs': {}}]}, {'module': 'keras.layers', 'class_name': 'GlobalAveragePooling2D', 'config': {'name': 'block4c_se_squeeze', 'trainable': False, 'dtype': {'module': 'keras', 'class_name': 'DTypePolicy', 'config': {'name': 'float32'}, 'registered_name': None}, 'data_format': 'channels_last', 'keepdims': False}, 'registered_name': None, 'name': 'block4c_se_squeeze', 'inbound_nodes': [{'args': [{'class_name': '__keras_tensor__', 'config': {'shape': [None, 15, 15, 480], 'dtype': 'float32', 'keras_history': ['block4c_activation', 0, 0]}}], 'kwargs': {}}]}, {'module': 'keras.layers', 'class_name': 'Reshape', 'config': {'name': 'block4c_se_reshape', 'trainable': False, 'dtype': {'module': 'keras', 'class_name': 'DTypePolicy', 'config': {'name': 'float32'}, 'registered_name': None}, 'target_shape': [1, 1, 480]}, 'registered_name': None, 'name': 'block4c_se_reshape', 'inbound_nodes': [{'args': [{'class_name': '__keras_tensor__', 'config': {'shape': [None, 480], 'dtype': 'float32', 'keras_history': ['block4c_se_squeeze', 0, 0]}}], 'kwargs': {}}]}, {'module': 'keras.layers', 'class_name': 'Conv2D', 'config': {'name': 'block4c_se_reduce', 'trainable': False, 'dtype': {'module': 'keras', 'class_name': 'DTypePolicy', 'config': {'name': 'float32'}, 'registered_name': None}, 'filters': 20, 'kernel_size': [1, 1], 'strides': [1, 1], 'padding': 'same', 'data_format': 'channels_last', 'dilation_rate': [1, 1], 'groups': 1, 'activation': 'silu', 'use_bias': True, 'kernel_initializer': {'module': 'keras.initializers', 'class_name': 'VarianceScaling', 'config': {'seed': None, 'scale': 2.0, 'mode': 'fan_out', 'distribution': 'truncated_normal'}, 'registered_name': None}, 'bias_initializer': {'module': 'keras.initializers', 'class_name': 'Zeros', 'config': {}, 'registered_name': None}, 'kernel_regularizer': None, 'bias_regularizer': None, 'activity_regularizer': None, 'kernel_constraint': None, 'bias_constraint': None}, 'registered_name': None, 'build_config': {'input_shape': [None, 1, 1, 480]}, 'name': 'block4c_se_reduce', 'inbound_nodes': [{'args': [{'class_name': '__keras_tensor__', 'config': {'shape': [None, 1, 1, 480], 'dtype': 'float32', 'keras_history': ['block4c_se_reshape', 0, 0]}}], 'kwargs': {}}]}, {'module': 'keras.layers', 'class_name': 'Conv2D', 'config': {'name': 'block4c_se_expand', 'trainable': False, 'dtype': {'module': 'keras', 'class_name': 'DTypePolicy', 'config': {'name': 'float32'}, 'registered_name': None}, 'filters': 480, 'kernel_size': [1, 1], 'strides': [1, 1], 'padding': 'same', 'data_format': 'channels_last', 'dilation_rate': [1, 1], 'groups': 1, 'activation': 'sigmoid', 'use_bias': True, 'kernel_initializer': {'module': 'keras.initializers', 'class_name': 'VarianceScaling', 'config': {'seed': None, 'scale': 2.0, 'mode': 'fan_out', 'distribution': 'truncated_normal'}, 'registered_name': None}, 'bias_initializer': {'module': 'keras.initializers', 'class_name': 'Zeros', 'config': {}, 'registered_name': None}, 'kernel_regularizer': None, 'bias_regularizer': None, 'activity_regularizer': None, 'kernel_constraint': None, 'bias_constraint': None}, 'registered_name': None, 'build_config': {'input_shape': [None, 1, 1, 20]}, 'name': 'block4c_se_expand', 'inbound_nodes': [{'args': [{'class_name': '__keras_tensor__', 'config': {'shape': [None, 1, 1, 20], 'dtype': 'float32', 'keras_history': ['block4c_se_reduce', 0, 0]}}], 'kwargs': {}}]}, {'module': 'keras.layers', 'class_name': 'Multiply', 'config': {'name': 'block4c_se_excite', 'trainable': False, 'dtype': {'module': 'keras', 'class_name': 'DTypePolicy', 'config': {'name': 'float32'}, 'registered_name': None}}, 'registered_name': None, 'build_config': {'input_shape': [[None, 15, 15, 480], [None, 1, 1, 480]]}, 'name': 'block4c_se_excite', 'inbound_nodes': [{'args': [[{'class_name': '__keras_tensor__', 'config': {'shape': [None, 15, 15, 480], 'dtype': 'float32', 'keras_history': ['block4c_activation', 0, 0]}}, {'class_name': '__keras_tensor__', 'config': {'shape': [None, 1, 1, 480], 'dtype': 'float32', 'keras_history': ['block4c_se_expand', 0, 0]}}]], 'kwargs': {}}]}, {'module': 'keras.layers', 'class_name': 'Conv2D', 'config': {'name': 'block4c_project_conv', 'trainable': False, 'dtype': {'module': 'keras', 'class_name': 'DTypePolicy', 'config': {'name': 'float32'}, 'registered_name': None}, 'filters': 80, 'kernel_size': [1, 1], 'strides': [1, 1], 'padding': 'same', 'data_format': 'channels_last', 'dilation_rate': [1, 1], 'groups': 1, 'activation': 'linear', 'use_bias': False, 'kernel_initializer': {'module': 'keras.initializers', 'class_name': 'VarianceScaling', 'config': {'seed': None, 'scale': 2.0, 'mode': 'fan_out', 'distribution': 'truncated_normal'}, 'registered_name': None}, 'bias_initializer': {'module': 'keras.initializers', 'class_name': 'Zeros', 'config': {}, 'registered_name': None}, 'kernel_regularizer': None, 'bias_regularizer': None, 'activity_regularizer': None, 'kernel_constraint': None, 'bias_constraint': None}, 'registered_name': None, 'build_config': {'input_shape': [None, 15, 15, 480]}, 'name': 'block4c_project_conv', 'inbound_nodes': [{'args': [{'class_name': '__keras_tensor__', 'config': {'shape': [None, 15, 15, 480], 'dtype': 'float32', 'keras_history': ['block4c_se_excite', 0, 0]}}], 'kwargs': {}}]}, {'module': 'keras.layers', 'class_name': 'BatchNormalization', 'config': {'name': 'block4c_project_bn', 'trainable': False, 'dtype': {'module': 'keras', 'class_name': 'DTypePolicy', 'config': {'name': 'float32'}, 'registered_name': None}, 'axis': 3, 'momentum': 0.99, 'epsilon': 0.001, 'center': True, 'scale': True, 'beta_initializer': {'module': 'keras.initializers', 'class_name': 'Zeros', 'config': {}, 'registered_name': None}, 'gamma_initializer': {'module': 'keras.initializers', 'class_name': 'Ones', 'config': {}, 'registered_name': None}, 'moving_mean_initializer': {'module': 'keras.initializers', 'class_name': 'Zeros', 'config': {}, 'registered_name': None}, 'moving_variance_initializer': {'module': 'keras.initializers', 'class_name': 'Ones', 'config': {}, 'registered_name': None}, 'beta_regularizer': None, 'gamma_regularizer': None, 'beta_constraint': None, 'gamma_constraint': None, 'synchronized': False}, 'registered_name': None, 'build_config': {'input_shape': [None, 15, 15, 80]}, 'name': 'block4c_project_bn', 'inbound_nodes': [{'args': [{'class_name': '__keras_tensor__', 'config': {'shape': [None, 15, 15, 80], 'dtype': 'float32', 'keras_history': ['block4c_project_conv', 0, 0]}}], 'kwargs': {'mask': None}}]}, {'module': 'keras.layers', 'class_name': 'Dropout', 'config': {'name': 'block4c_drop', 'trainable': False, 'dtype': {'module': 'keras', 'class_name': 'DTypePolicy', 'config': {'name': 'float32'}, 'registered_name': None}, 'rate': 0.08695652173913043, 'seed': None, 'noise_shape': [None, 1, 1, 1]}, 'registered_name': None, 'name': 'block4c_drop', 'inbound_nodes': [{'args': [{'class_name': '__keras_tensor__', 'config': {'shape': [None, 15, 15, 80], 'dtype': 'float32', 'keras_history': ['block4c_project_bn', 0, 0]}}], 'kwargs': {'training': False}}]}, {'module': 'keras.layers', 'class_name': 'Add', 'config': {'name': 'block4c_add', 'trainable': False, 'dtype': {'module': 'keras', 'class_name': 'DTypePolicy', 'config': {'name': 'float32'}, 'registered_name': None}}, 'registered_name': None, 'build_config': {'input_shape': [[None, 15, 15, 80], [None, 15, 15, 80]]}, 'name': 'block4c_add', 'inbound_nodes': [{'args': [[{'class_name': '__keras_tensor__', 'config': {'shape': [None, 15, 15, 80], 'dtype': 'float32', 'keras_history': ['block4c_drop', 0, 0]}}, {'class_name': '__keras_tensor__', 'config': {'shape': [None, 15, 15, 80], 'dtype': 'float32', 'keras_history': ['block4b_add', 0, 0]}}]], 'kwargs': {}}]}, {'module': 'keras.layers', 'class_name': 'Conv2D', 'config': {'name': 'block4d_expand_conv', 'trainable': False, 'dtype': {'module': 'keras', 'class_name': 'DTypePolicy', 'config': {'name': 'float32'}, 'registered_name': None}, 'filters': 480, 'kernel_size': [1, 1], 'strides': [1, 1], 'padding': 'same', 'data_format': 'channels_last', 'dilation_rate': [1, 1], 'groups': 1, 'activation': 'linear', 'use_bias': False, 'kernel_initializer': {'module': 'keras.initializers', 'class_name': 'VarianceScaling', 'config': {'seed': None, 'scale': 2.0, 'mode': 'fan_out', 'distribution': 'truncated_normal'}, 'registered_name': None}, 'bias_initializer': {'module': 'keras.initializers', 'class_name': 'Zeros', 'config': {}, 'registered_name': None}, 'kernel_regularizer': None, 'bias_regularizer': None, 'activity_regularizer': None, 'kernel_constraint': None, 'bias_constraint': None}, 'registered_name': None, 'build_config': {'input_shape': [None, 15, 15, 80]}, 'name': 'block4d_expand_conv', 'inbound_nodes': [{'args': [{'class_name': '__keras_tensor__', 'config': {'shape': [None, 15, 15, 80], 'dtype': 'float32', 'keras_history': ['block4c_add', 0, 0]}}], 'kwargs': {}}]}, {'module': 'keras.layers', 'class_name': 'BatchNormalization', 'config': {'name': 'block4d_expand_bn', 'trainable': False, 'dtype': {'module': 'keras', 'class_name': 'DTypePolicy', 'config': {'name': 'float32'}, 'registered_name': None}, 'axis': 3, 'momentum': 0.99, 'epsilon': 0.001, 'center': True, 'scale': True, 'beta_initializer': {'module': 'keras.initializers', 'class_name': 'Zeros', 'config': {}, 'registered_name': None}, 'gamma_initializer': {'module': 'keras.initializers', 'class_name': 'Ones', 'config': {}, 'registered_name': None}, 'moving_mean_initializer': {'module': 'keras.initializers', 'class_name': 'Zeros', 'config': {}, 'registered_name': None}, 'moving_variance_initializer': {'module': 'keras.initializers', 'class_name': 'Ones', 'config': {}, 'registered_name': None}, 'beta_regularizer': None, 'gamma_regularizer': None, 'beta_constraint': None, 'gamma_constraint': None, 'synchronized': False}, 'registered_name': None, 'build_config': {'input_shape': [None, 15, 15, 480]}, 'name': 'block4d_expand_bn', 'inbound_nodes': [{'args': [{'class_name': '__keras_tensor__', 'config': {'shape': [None, 15, 15, 480], 'dtype': 'float32', 'keras_history': ['block4d_expand_conv', 0, 0]}}], 'kwargs': {'mask': None}}]}, {'module': 'keras.layers', 'class_name': 'Activation', 'config': {'name': 'block4d_expand_activation', 'trainable': False, 'dtype': {'module': 'keras', 'class_name': 'DTypePolicy', 'config': {'name': 'float32'}, 'registered_name': None}, 'activation': 'silu'}, 'registered_name': None, 'name': 'block4d_expand_activation', 'inbound_nodes': [{'args': [{'class_name': '__keras_tensor__', 'config': {'shape': [None, 15, 15, 480], 'dtype': 'float32', 'keras_history': ['block4d_expand_bn', 0, 0]}}], 'kwargs': {}}]}, {'module': 'keras.layers', 'class_name': 'DepthwiseConv2D', 'config': {'name': 'block4d_dwconv', 'trainable': False, 'dtype': {'module': 'keras', 'class_name': 'DTypePolicy', 'config': {'name': 'float32'}, 'registered_name': None}, 'depth_multiplier': 1, 'kernel_size': [3, 3], 'strides': [1, 1], 'padding': 'same', 'data_format': 'channels_last', 'dilation_rate': [1, 1], 'activation': 'linear', 'use_bias': False, 'depthwise_initializer': {'module': 'keras.initializers', 'class_name': 'VarianceScaling', 'config': {'seed': None, 'scale': 2.0, 'mode': 'fan_out', 'distribution': 'truncated_normal'}, 'registered_name': None}, 'bias_initializer': {'module': 'keras.initializers', 'class_name': 'Zeros', 'config': {}, 'registered_name': None}, 'depthwise_regularizer': None, 'bias_regularizer': None, 'activity_regularizer': None, 'depthwise_constraint': None, 'bias_constraint': None}, 'registered_name': None, 'build_config': {'input_shape': [None, 15, 15, 480]}, 'name': 'block4d_dwconv', 'inbound_nodes': [{'args': [{'class_name': '__keras_tensor__', 'config': {'shape': [None, 15, 15, 480], 'dtype': 'float32', 'keras_history': ['block4d_expand_activation', 0, 0]}}], 'kwargs': {}}]}, {'module': 'keras.layers', 'class_name': 'BatchNormalization', 'config': {'name': 'block4d_bn', 'trainable': False, 'dtype': {'module': 'keras', 'class_name': 'DTypePolicy', 'config': {'name': 'float32'}, 'registered_name': None}, 'axis': 3, 'momentum': 0.99, 'epsilon': 0.001, 'center': True, 'scale': True, 'beta_initializer': {'module': 'keras.initializers', 'class_name': 'Zeros', 'config': {}, 'registered_name': None}, 'gamma_initializer': {'module': 'keras.initializers', 'class_name': 'Ones', 'config': {}, 'registered_name': None}, 'moving_mean_initializer': {'module': 'keras.initializers', 'class_name': 'Zeros', 'config': {}, 'registered_name': None}, 'moving_variance_initializer': {'module': 'keras.initializers', 'class_name': 'Ones', 'config': {}, 'registered_name': None}, 'beta_regularizer': None, 'gamma_regularizer': None, 'beta_constraint': None, 'gamma_constraint': None, 'synchronized': False}, 'registered_name': None, 'build_config': {'input_shape': [None, 15, 15, 480]}, 'name': 'block4d_bn', 'inbound_nodes': [{'args': [{'class_name': '__keras_tensor__', 'config': {'shape': [None, 15, 15, 480], 'dtype': 'float32', 'keras_history': ['block4d_dwconv', 0, 0]}}], 'kwargs': {'mask': None}}]}, {'module': 'keras.layers', 'class_name': 'Activation', 'config': {'name': 'block4d_activation', 'trainable': False, 'dtype': {'module': 'keras', 'class_name': 'DTypePolicy', 'config': {'name': 'float32'}, 'registered_name': None}, 'activation': 'silu'}, 'registered_name': None, 'name': 'block4d_activation', 'inbound_nodes': [{'args': [{'class_name': '__keras_tensor__', 'config': {'shape': [None, 15, 15, 480], 'dtype': 'float32', 'keras_history': ['block4d_bn', 0, 0]}}], 'kwargs': {}}]}, {'module': 'keras.layers', 'class_name': 'GlobalAveragePooling2D', 'config': {'name': 'block4d_se_squeeze', 'trainable': False, 'dtype': {'module': 'keras', 'class_name': 'DTypePolicy', 'config': {'name': 'float32'}, 'registered_name': None}, 'data_format': 'channels_last', 'keepdims': False}, 'registered_name': None, 'name': 'block4d_se_squeeze', 'inbound_nodes': [{'args': [{'class_name': '__keras_tensor__', 'config': {'shape': [None, 15, 15, 480], 'dtype': 'float32', 'keras_history': ['block4d_activation', 0, 0]}}], 'kwargs': {}}]}, {'module': 'keras.layers', 'class_name': 'Reshape', 'config': {'name': 'block4d_se_reshape', 'trainable': False, 'dtype': {'module': 'keras', 'class_name': 'DTypePolicy', 'config': {'name': 'float32'}, 'registered_name': None}, 'target_shape': [1, 1, 480]}, 'registered_name': None, 'name': 'block4d_se_reshape', 'inbound_nodes': [{'args': [{'class_name': '__keras_tensor__', 'config': {'shape': [None, 480], 'dtype': 'float32', 'keras_history': ['block4d_se_squeeze', 0, 0]}}], 'kwargs': {}}]}, {'module': 'keras.layers', 'class_name': 'Conv2D', 'config': {'name': 'block4d_se_reduce', 'trainable': False, 'dtype': {'module': 'keras', 'class_name': 'DTypePolicy', 'config': {'name': 'float32'}, 'registered_name': None}, 'filters': 20, 'kernel_size': [1, 1], 'strides': [1, 1], 'padding': 'same', 'data_format': 'channels_last', 'dilation_rate': [1, 1], 'groups': 1, 'activation': 'silu', 'use_bias': True, 'kernel_initializer': {'module': 'keras.initializers', 'class_name': 'VarianceScaling', 'config': {'seed': None, 'scale': 2.0, 'mode': 'fan_out', 'distribution': 'truncated_normal'}, 'registered_name': None}, 'bias_initializer': {'module': 'keras.initializers', 'class_name': 'Zeros', 'config': {}, 'registered_name': None}, 'kernel_regularizer': None, 'bias_regularizer': None, 'activity_regularizer': None, 'kernel_constraint': None, 'bias_constraint': None}, 'registered_name': None, 'build_config': {'input_shape': [None, 1, 1, 480]}, 'name': 'block4d_se_reduce', 'inbound_nodes': [{'args': [{'class_name': '__keras_tensor__', 'config': {'shape': [None, 1, 1, 480], 'dtype': 'float32', 'keras_history': ['block4d_se_reshape', 0, 0]}}], 'kwargs': {}}]}, {'module': 'keras.layers', 'class_name': 'Conv2D', 'config': {'name': 'block4d_se_expand', 'trainable': False, 'dtype': {'module': 'keras', 'class_name': 'DTypePolicy', 'config': {'name': 'float32'}, 'registered_name': None}, 'filters': 480, 'kernel_size': [1, 1], 'strides': [1, 1], 'padding': 'same', 'data_format': 'channels_last', 'dilation_rate': [1, 1], 'groups': 1, 'activation': 'sigmoid', 'use_bias': True, 'kernel_initializer': {'module': 'keras.initializers', 'class_name': 'VarianceScaling', 'config': {'seed': None, 'scale': 2.0, 'mode': 'fan_out', 'distribution': 'truncated_normal'}, 'registered_name': None}, 'bias_initializer': {'module': 'keras.initializers', 'class_name': 'Zeros', 'config': {}, 'registered_name': None}, 'kernel_regularizer': None, 'bias_regularizer': None, 'activity_regularizer': None, 'kernel_constraint': None, 'bias_constraint': None}, 'registered_name': None, 'build_config': {'input_shape': [None, 1, 1, 20]}, 'name': 'block4d_se_expand', 'inbound_nodes': [{'args': [{'class_name': '__keras_tensor__', 'config': {'shape': [None, 1, 1, 20], 'dtype': 'float32', 'keras_history': ['block4d_se_reduce', 0, 0]}}], 'kwargs': {}}]}, {'module': 'keras.layers', 'class_name': 'Multiply', 'config': {'name': 'block4d_se_excite', 'trainable': False, 'dtype': {'module': 'keras', 'class_name': 'DTypePolicy', 'config': {'name': 'float32'}, 'registered_name': None}}, 'registered_name': None, 'build_config': {'input_shape': [[None, 15, 15, 480], [None, 1, 1, 480]]}, 'name': 'block4d_se_excite', 'inbound_nodes': [{'args': [[{'class_name': '__keras_tensor__', 'config': {'shape': [None, 15, 15, 480], 'dtype': 'float32', 'keras_history': ['block4d_activation', 0, 0]}}, {'class_name': '__keras_tensor__', 'config': {'shape': [None, 1, 1, 480], 'dtype': 'float32', 'keras_history': ['block4d_se_expand', 0, 0]}}]], 'kwargs': {}}]}, {'module': 'keras.layers', 'class_name': 'Conv2D', 'config': {'name': 'block4d_project_conv', 'trainable': False, 'dtype': {'module': 'keras', 'class_name': 'DTypePolicy', 'config': {'name': 'float32'}, 'registered_name': None}, 'filters': 80, 'kernel_size': [1, 1], 'strides': [1, 1], 'padding': 'same', 'data_format': 'channels_last', 'dilation_rate': [1, 1], 'groups': 1, 'activation': 'linear', 'use_bias': False, 'kernel_initializer': {'module': 'keras.initializers', 'class_name': 'VarianceScaling', 'config': {'seed': None, 'scale': 2.0, 'mode': 'fan_out', 'distribution': 'truncated_normal'}, 'registered_name': None}, 'bias_initializer': {'module': 'keras.initializers', 'class_name': 'Zeros', 'config': {}, 'registered_name': None}, 'kernel_regularizer': None, 'bias_regularizer': None, 'activity_regularizer': None, 'kernel_constraint': None, 'bias_constraint': None}, 'registered_name': None, 'build_config': {'input_shape': [None, 15, 15, 480]}, 'name': 'block4d_project_conv', 'inbound_nodes': [{'args': [{'class_name': '__keras_tensor__', 'config': {'shape': [None, 15, 15, 480], 'dtype': 'float32', 'keras_history': ['block4d_se_excite', 0, 0]}}], 'kwargs': {}}]}, {'module': 'keras.layers', 'class_name': 'BatchNormalization', 'config': {'name': 'block4d_project_bn', 'trainable': False, 'dtype': {'module': 'keras', 'class_name': 'DTypePolicy', 'config': {'name': 'float32'}, 'registered_name': None}, 'axis': 3, 'momentum': 0.99, 'epsilon': 0.001, 'center': True, 'scale': True, 'beta_initializer': {'module': 'keras.initializers', 'class_name': 'Zeros', 'config': {}, 'registered_name': None}, 'gamma_initializer': {'module': 'keras.initializers', 'class_name': 'Ones', 'config': {}, 'registered_name': None}, 'moving_mean_initializer': {'module': 'keras.initializers', 'class_name': 'Zeros', 'config': {}, 'registered_name': None}, 'moving_variance_initializer': {'module': 'keras.initializers', 'class_name': 'Ones', 'config': {}, 'registered_name': None}, 'beta_regularizer': None, 'gamma_regularizer': None, 'beta_constraint': None, 'gamma_constraint': None, 'synchronized': False}, 'registered_name': None, 'build_config': {'input_shape': [None, 15, 15, 80]}, 'name': 'block4d_project_bn', 'inbound_nodes': [{'args': [{'class_name': '__keras_tensor__', 'config': {'shape': [None, 15, 15, 80], 'dtype': 'float32', 'keras_history': ['block4d_project_conv', 0, 0]}}], 'kwargs': {'mask': None}}]}, {'module': 'keras.layers', 'class_name': 'Dropout', 'config': {'name': 'block4d_drop', 'trainable': False, 'dtype': {'module': 'keras', 'class_name': 'DTypePolicy', 'config': {'name': 'float32'}, 'registered_name': None}, 'rate': 0.09565217391304348, 'seed': None, 'noise_shape': [None, 1, 1, 1]}, 'registered_name': None, 'name': 'block4d_drop', 'inbound_nodes': [{'args': [{'class_name': '__keras_tensor__', 'config': {'shape': [None, 15, 15, 80], 'dtype': 'float32', 'keras_history': ['block4d_project_bn', 0, 0]}}], 'kwargs': {'training': False}}]}, {'module': 'keras.layers', 'class_name': 'Add', 'config': {'name': 'block4d_add', 'trainable': False, 'dtype': {'module': 'keras', 'class_name': 'DTypePolicy', 'config': {'name': 'float32'}, 'registered_name': None}}, 'registered_name': None, 'build_config': {'input_shape': [[None, 15, 15, 80], [None, 15, 15, 80]]}, 'name': 'block4d_add', 'inbound_nodes': [{'args': [[{'class_name': '__keras_tensor__', 'config': {'shape': [None, 15, 15, 80], 'dtype': 'float32', 'keras_history': ['block4d_drop', 0, 0]}}, {'class_name': '__keras_tensor__', 'config': {'shape': [None, 15, 15, 80], 'dtype': 'float32', 'keras_history': ['block4c_add', 0, 0]}}]], 'kwargs': {}}]}, {'module': 'keras.layers', 'class_name': 'Conv2D', 'config': {'name': 'block5a_expand_conv', 'trainable': False, 'dtype': {'module': 'keras', 'class_name': 'DTypePolicy', 'config': {'name': 'float32'}, 'registered_name': None}, 'filters': 480, 'kernel_size': [1, 1], 'strides': [1, 1], 'padding': 'same', 'data_format': 'channels_last', 'dilation_rate': [1, 1], 'groups': 1, 'activation': 'linear', 'use_bias': False, 'kernel_initializer': {'module': 'keras.initializers', 'class_name': 'VarianceScaling', 'config': {'seed': None, 'scale': 2.0, 'mode': 'fan_out', 'distribution': 'truncated_normal'}, 'registered_name': None}, 'bias_initializer': {'module': 'keras.initializers', 'class_name': 'Zeros', 'config': {}, 'registered_name': None}, 'kernel_regularizer': None, 'bias_regularizer': None, 'activity_regularizer': None, 'kernel_constraint': None, 'bias_constraint': None}, 'registered_name': None, 'build_config': {'input_shape': [None, 15, 15, 80]}, 'name': 'block5a_expand_conv', 'inbound_nodes': [{'args': [{'class_name': '__keras_tensor__', 'config': {'shape': [None, 15, 15, 80], 'dtype': 'float32', 'keras_history': ['block4d_add', 0, 0]}}], 'kwargs': {}}]}, {'module': 'keras.layers', 'class_name': 'BatchNormalization', 'config': {'name': 'block5a_expand_bn', 'trainable': False, 'dtype': {'module': 'keras', 'class_name': 'DTypePolicy', 'config': {'name': 'float32'}, 'registered_name': None}, 'axis': 3, 'momentum': 0.99, 'epsilon': 0.001, 'center': True, 'scale': True, 'beta_initializer': {'module': 'keras.initializers', 'class_name': 'Zeros', 'config': {}, 'registered_name': None}, 'gamma_initializer': {'module': 'keras.initializers', 'class_name': 'Ones', 'config': {}, 'registered_name': None}, 'moving_mean_initializer': {'module': 'keras.initializers', 'class_name': 'Zeros', 'config': {}, 'registered_name': None}, 'moving_variance_initializer': {'module': 'keras.initializers', 'class_name': 'Ones', 'config': {}, 'registered_name': None}, 'beta_regularizer': None, 'gamma_regularizer': None, 'beta_constraint': None, 'gamma_constraint': None, 'synchronized': False}, 'registered_name': None, 'build_config': {'input_shape': [None, 15, 15, 480]}, 'name': 'block5a_expand_bn', 'inbound_nodes': [{'args': [{'class_name': '__keras_tensor__', 'config': {'shape': [None, 15, 15, 480], 'dtype': 'float32', 'keras_history': ['block5a_expand_conv', 0, 0]}}], 'kwargs': {'mask': None}}]}, {'module': 'keras.layers', 'class_name': 'Activation', 'config': {'name': 'block5a_expand_activation', 'trainable': False, 'dtype': {'module': 'keras', 'class_name': 'DTypePolicy', 'config': {'name': 'float32'}, 'registered_name': None}, 'activation': 'silu'}, 'registered_name': None, 'name': 'block5a_expand_activation', 'inbound_nodes': [{'args': [{'class_name': '__keras_tensor__', 'config': {'shape': [None, 15, 15, 480], 'dtype': 'float32', 'keras_history': ['block5a_expand_bn', 0, 0]}}], 'kwargs': {}}]}, {'module': 'keras.layers', 'class_name': 'DepthwiseConv2D', 'config': {'name': 'block5a_dwconv', 'trainable': False, 'dtype': {'module': 'keras', 'class_name': 'DTypePolicy', 'config': {'name': 'float32'}, 'registered_name': None}, 'depth_multiplier': 1, 'kernel_size': [5, 5], 'strides': [1, 1], 'padding': 'same', 'data_format': 'channels_last', 'dilation_rate': [1, 1], 'activation': 'linear', 'use_bias': False, 'depthwise_initializer': {'module': 'keras.initializers', 'class_name': 'VarianceScaling', 'config': {'seed': None, 'scale': 2.0, 'mode': 'fan_out', 'distribution': 'truncated_normal'}, 'registered_name': None}, 'bias_initializer': {'module': 'keras.initializers', 'class_name': 'Zeros', 'config': {}, 'registered_name': None}, 'depthwise_regularizer': None, 'bias_regularizer': None, 'activity_regularizer': None, 'depthwise_constraint': None, 'bias_constraint': None}, 'registered_name': None, 'build_config': {'input_shape': [None, 15, 15, 480]}, 'name': 'block5a_dwconv', 'inbound_nodes': [{'args': [{'class_name': '__keras_tensor__', 'config': {'shape': [None, 15, 15, 480], 'dtype': 'float32', 'keras_history': ['block5a_expand_activation', 0, 0]}}], 'kwargs': {}}]}, {'module': 'keras.layers', 'class_name': 'BatchNormalization', 'config': {'name': 'block5a_bn', 'trainable': False, 'dtype': {'module': 'keras', 'class_name': 'DTypePolicy', 'config': {'name': 'float32'}, 'registered_name': None}, 'axis': 3, 'momentum': 0.99, 'epsilon': 0.001, 'center': True, 'scale': True, 'beta_initializer': {'module': 'keras.initializers', 'class_name': 'Zeros', 'config': {}, 'registered_name': None}, 'gamma_initializer': {'module': 'keras.initializers', 'class_name': 'Ones', 'config': {}, 'registered_name': None}, 'moving_mean_initializer': {'module': 'keras.initializers', 'class_name': 'Zeros', 'config': {}, 'registered_name': None}, 'moving_variance_initializer': {'module': 'keras.initializers', 'class_name': 'Ones', 'config': {}, 'registered_name': None}, 'beta_regularizer': None, 'gamma_regularizer': None, 'beta_constraint': None, 'gamma_constraint': None, 'synchronized': False}, 'registered_name': None, 'build_config': {'input_shape': [None, 15, 15, 480]}, 'name': 'block5a_bn', 'inbound_nodes': [{'args': [{'class_name': '__keras_tensor__', 'config': {'shape': [None, 15, 15, 480], 'dtype': 'float32', 'keras_history': ['block5a_dwconv', 0, 0]}}], 'kwargs': {'mask': None}}]}, {'module': 'keras.layers', 'class_name': 'Activation', 'config': {'name': 'block5a_activation', 'trainable': False, 'dtype': {'module': 'keras', 'class_name': 'DTypePolicy', 'config': {'name': 'float32'}, 'registered_name': None}, 'activation': 'silu'}, 'registered_name': None, 'name': 'block5a_activation', 'inbound_nodes': [{'args': [{'class_name': '__keras_tensor__', 'config': {'shape': [None, 15, 15, 480], 'dtype': 'float32', 'keras_history': ['block5a_bn', 0, 0]}}], 'kwargs': {}}]}, {'module': 'keras.layers', 'class_name': 'GlobalAveragePooling2D', 'config': {'name': 'block5a_se_squeeze', 'trainable': False, 'dtype': {'module': 'keras', 'class_name': 'DTypePolicy', 'config': {'name': 'float32'}, 'registered_name': None}, 'data_format': 'channels_last', 'keepdims': False}, 'registered_name': None, 'name': 'block5a_se_squeeze', 'inbound_nodes': [{'args': [{'class_name': '__keras_tensor__', 'config': {'shape': [None, 15, 15, 480], 'dtype': 'float32', 'keras_history': ['block5a_activation', 0, 0]}}], 'kwargs': {}}]}, {'module': 'keras.layers', 'class_name': 'Reshape', 'config': {'name': 'block5a_se_reshape', 'trainable': False, 'dtype': {'module': 'keras', 'class_name': 'DTypePolicy', 'config': {'name': 'float32'}, 'registered_name': None}, 'target_shape': [1, 1, 480]}, 'registered_name': None, 'name': 'block5a_se_reshape', 'inbound_nodes': [{'args': [{'class_name': '__keras_tensor__', 'config': {'shape': [None, 480], 'dtype': 'float32', 'keras_history': ['block5a_se_squeeze', 0, 0]}}], 'kwargs': {}}]}, {'module': 'keras.layers', 'class_name': 'Conv2D', 'config': {'name': 'block5a_se_reduce', 'trainable': False, 'dtype': {'module': 'keras', 'class_name': 'DTypePolicy', 'config': {'name': 'float32'}, 'registered_name': None}, 'filters': 20, 'kernel_size': [1, 1], 'strides': [1, 1], 'padding': 'same', 'data_format': 'channels_last', 'dilation_rate': [1, 1], 'groups': 1, 'activation': 'silu', 'use_bias': True, 'kernel_initializer': {'module': 'keras.initializers', 'class_name': 'VarianceScaling', 'config': {'seed': None, 'scale': 2.0, 'mode': 'fan_out', 'distribution': 'truncated_normal'}, 'registered_name': None}, 'bias_initializer': {'module': 'keras.initializers', 'class_name': 'Zeros', 'config': {}, 'registered_name': None}, 'kernel_regularizer': None, 'bias_regularizer': None, 'activity_regularizer': None, 'kernel_constraint': None, 'bias_constraint': None}, 'registered_name': None, 'build_config': {'input_shape': [None, 1, 1, 480]}, 'name': 'block5a_se_reduce', 'inbound_nodes': [{'args': [{'class_name': '__keras_tensor__', 'config': {'shape': [None, 1, 1, 480], 'dtype': 'float32', 'keras_history': ['block5a_se_reshape', 0, 0]}}], 'kwargs': {}}]}, {'module': 'keras.layers', 'class_name': 'Conv2D', 'config': {'name': 'block5a_se_expand', 'trainable': False, 'dtype': {'module': 'keras', 'class_name': 'DTypePolicy', 'config': {'name': 'float32'}, 'registered_name': None}, 'filters': 480, 'kernel_size': [1, 1], 'strides': [1, 1], 'padding': 'same', 'data_format': 'channels_last', 'dilation_rate': [1, 1], 'groups': 1, 'activation': 'sigmoid', 'use_bias': True, 'kernel_initializer': {'module': 'keras.initializers', 'class_name': 'VarianceScaling', 'config': {'seed': None, 'scale': 2.0, 'mode': 'fan_out', 'distribution': 'truncated_normal'}, 'registered_name': None}, 'bias_initializer': {'module': 'keras.initializers', 'class_name': 'Zeros', 'config': {}, 'registered_name': None}, 'kernel_regularizer': None, 'bias_regularizer': None, 'activity_regularizer': None, 'kernel_constraint': None, 'bias_constraint': None}, 'registered_name': None, 'build_config': {'input_shape': [None, 1, 1, 20]}, 'name': 'block5a_se_expand', 'inbound_nodes': [{'args': [{'class_name': '__keras_tensor__', 'config': {'shape': [None, 1, 1, 20], 'dtype': 'float32', 'keras_history': ['block5a_se_reduce', 0, 0]}}], 'kwargs': {}}]}, {'module': 'keras.layers', 'class_name': 'Multiply', 'config': {'name': 'block5a_se_excite', 'trainable': False, 'dtype': {'module': 'keras', 'class_name': 'DTypePolicy', 'config': {'name': 'float32'}, 'registered_name': None}}, 'registered_name': None, 'build_config': {'input_shape': [[None, 15, 15, 480], [None, 1, 1, 480]]}, 'name': 'block5a_se_excite', 'inbound_nodes': [{'args': [[{'class_name': '__keras_tensor__', 'config': {'shape': [None, 15, 15, 480], 'dtype': 'float32', 'keras_history': ['block5a_activation', 0, 0]}}, {'class_name': '__keras_tensor__', 'config': {'shape': [None, 1, 1, 480], 'dtype': 'float32', 'keras_history': ['block5a_se_expand', 0, 0]}}]], 'kwargs': {}}]}, {'module': 'keras.layers', 'class_name': 'Conv2D', 'config': {'name': 'block5a_project_conv', 'trainable': False, 'dtype': {'module': 'keras', 'class_name': 'DTypePolicy', 'config': {'name': 'float32'}, 'registered_name': None}, 'filters': 112, 'kernel_size': [1, 1], 'strides': [1, 1], 'padding': 'same', 'data_format': 'channels_last', 'dilation_rate': [1, 1], 'groups': 1, 'activation': 'linear', 'use_bias': False, 'kernel_initializer': {'module': 'keras.initializers', 'class_name': 'VarianceScaling', 'config': {'seed': None, 'scale': 2.0, 'mode': 'fan_out', 'distribution': 'truncated_normal'}, 'registered_name': None}, 'bias_initializer': {'module': 'keras.initializers', 'class_name': 'Zeros', 'config': {}, 'registered_name': None}, 'kernel_regularizer': None, 'bias_regularizer': None, 'activity_regularizer': None, 'kernel_constraint': None, 'bias_constraint': None}, 'registered_name': None, 'build_config': {'input_shape': [None, 15, 15, 480]}, 'name': 'block5a_project_conv', 'inbound_nodes': [{'args': [{'class_name': '__keras_tensor__', 'config': {'shape': [None, 15, 15, 480], 'dtype': 'float32', 'keras_history': ['block5a_se_excite', 0, 0]}}], 'kwargs': {}}]}, {'module': 'keras.layers', 'class_name': 'BatchNormalization', 'config': {'name': 'block5a_project_bn', 'trainable': False, 'dtype': {'module': 'keras', 'class_name': 'DTypePolicy', 'config': {'name': 'float32'}, 'registered_name': None}, 'axis': 3, 'momentum': 0.99, 'epsilon': 0.001, 'center': True, 'scale': True, 'beta_initializer': {'module': 'keras.initializers', 'class_name': 'Zeros', 'config': {}, 'registered_name': None}, 'gamma_initializer': {'module': 'keras.initializers', 'class_name': 'Ones', 'config': {}, 'registered_name': None}, 'moving_mean_initializer': {'module': 'keras.initializers', 'class_name': 'Zeros', 'config': {}, 'registered_name': None}, 'moving_variance_initializer': {'module': 'keras.initializers', 'class_name': 'Ones', 'config': {}, 'registered_name': None}, 'beta_regularizer': None, 'gamma_regularizer': None, 'beta_constraint': None, 'gamma_constraint': None, 'synchronized': False}, 'registered_name': None, 'build_config': {'input_shape': [None, 15, 15, 112]}, 'name': 'block5a_project_bn', 'inbound_nodes': [{'args': [{'class_name': '__keras_tensor__', 'config': {'shape': [None, 15, 15, 112], 'dtype': 'float32', 'keras_history': ['block5a_project_conv', 0, 0]}}], 'kwargs': {'mask': None}}]}, {'module': 'keras.layers', 'class_name': 'Conv2D', 'config': {'name': 'block5b_expand_conv', 'trainable': False, 'dtype': {'module': 'keras', 'class_name': 'DTypePolicy', 'config': {'name': 'float32'}, 'registered_name': None}, 'filters': 672, 'kernel_size': [1, 1], 'strides': [1, 1], 'padding': 'same', 'data_format': 'channels_last', 'dilation_rate': [1, 1], 'groups': 1, 'activation': 'linear', 'use_bias': False, 'kernel_initializer': {'module': 'keras.initializers', 'class_name': 'VarianceScaling', 'config': {'seed': None, 'scale': 2.0, 'mode': 'fan_out', 'distribution': 'truncated_normal'}, 'registered_name': None}, 'bias_initializer': {'module': 'keras.initializers', 'class_name': 'Zeros', 'config': {}, 'registered_name': None}, 'kernel_regularizer': None, 'bias_regularizer': None, 'activity_regularizer': None, 'kernel_constraint': None, 'bias_constraint': None}, 'registered_name': None, 'build_config': {'input_shape': [None, 15, 15, 112]}, 'name': 'block5b_expand_conv', 'inbound_nodes': [{'args': [{'class_name': '__keras_tensor__', 'config': {'shape': [None, 15, 15, 112], 'dtype': 'float32', 'keras_history': ['block5a_project_bn', 0, 0]}}], 'kwargs': {}}]}, {'module': 'keras.layers', 'class_name': 'BatchNormalization', 'config': {'name': 'block5b_expand_bn', 'trainable': False, 'dtype': {'module': 'keras', 'class_name': 'DTypePolicy', 'config': {'name': 'float32'}, 'registered_name': None}, 'axis': 3, 'momentum': 0.99, 'epsilon': 0.001, 'center': True, 'scale': True, 'beta_initializer': {'module': 'keras.initializers', 'class_name': 'Zeros', 'config': {}, 'registered_name': None}, 'gamma_initializer': {'module': 'keras.initializers', 'class_name': 'Ones', 'config': {}, 'registered_name': None}, 'moving_mean_initializer': {'module': 'keras.initializers', 'class_name': 'Zeros', 'config': {}, 'registered_name': None}, 'moving_variance_initializer': {'module': 'keras.initializers', 'class_name': 'Ones', 'config': {}, 'registered_name': None}, 'beta_regularizer': None, 'gamma_regularizer': None, 'beta_constraint': None, 'gamma_constraint': None, 'synchronized': False}, 'registered_name': None, 'build_config': {'input_shape': [None, 15, 15, 672]}, 'name': 'block5b_expand_bn', 'inbound_nodes': [{'args': [{'class_name': '__keras_tensor__', 'config': {'shape': [None, 15, 15, 672], 'dtype': 'float32', 'keras_history': ['block5b_expand_conv', 0, 0]}}], 'kwargs': {'mask': None}}]}, {'module': 'keras.layers', 'class_name': 'Activation', 'config': {'name': 'block5b_expand_activation', 'trainable': False, 'dtype': {'module': 'keras', 'class_name': 'DTypePolicy', 'config': {'name': 'float32'}, 'registered_name': None}, 'activation': 'silu'}, 'registered_name': None, 'name': 'block5b_expand_activation', 'inbound_nodes': [{'args': [{'class_name': '__keras_tensor__', 'config': {'shape': [None, 15, 15, 672], 'dtype': 'float32', 'keras_history': ['block5b_expand_bn', 0, 0]}}], 'kwargs': {}}]}, {'module': 'keras.layers', 'class_name': 'DepthwiseConv2D', 'config': {'name': 'block5b_dwconv', 'trainable': False, 'dtype': {'module': 'keras', 'class_name': 'DTypePolicy', 'config': {'name': 'float32'}, 'registered_name': None}, 'depth_multiplier': 1, 'kernel_size': [5, 5], 'strides': [1, 1], 'padding': 'same', 'data_format': 'channels_last', 'dilation_rate': [1, 1], 'activation': 'linear', 'use_bias': False, 'depthwise_initializer': {'module': 'keras.initializers', 'class_name': 'VarianceScaling', 'config': {'seed': None, 'scale': 2.0, 'mode': 'fan_out', 'distribution': 'truncated_normal'}, 'registered_name': None}, 'bias_initializer': {'module': 'keras.initializers', 'class_name': 'Zeros', 'config': {}, 'registered_name': None}, 'depthwise_regularizer': None, 'bias_regularizer': None, 'activity_regularizer': None, 'depthwise_constraint': None, 'bias_constraint': None}, 'registered_name': None, 'build_config': {'input_shape': [None, 15, 15, 672]}, 'name': 'block5b_dwconv', 'inbound_nodes': [{'args': [{'class_name': '__keras_tensor__', 'config': {'shape': [None, 15, 15, 672], 'dtype': 'float32', 'keras_history': ['block5b_expand_activation', 0, 0]}}], 'kwargs': {}}]}, {'module': 'keras.layers', 'class_name': 'BatchNormalization', 'config': {'name': 'block5b_bn', 'trainable': False, 'dtype': {'module': 'keras', 'class_name': 'DTypePolicy', 'config': {'name': 'float32'}, 'registered_name': None}, 'axis': 3, 'momentum': 0.99, 'epsilon': 0.001, 'center': True, 'scale': True, 'beta_initializer': {'module': 'keras.initializers', 'class_name': 'Zeros', 'config': {}, 'registered_name': None}, 'gamma_initializer': {'module': 'keras.initializers', 'class_name': 'Ones', 'config': {}, 'registered_name': None}, 'moving_mean_initializer': {'module': 'keras.initializers', 'class_name': 'Zeros', 'config': {}, 'registered_name': None}, 'moving_variance_initializer': {'module': 'keras.initializers', 'class_name': 'Ones', 'config': {}, 'registered_name': None}, 'beta_regularizer': None, 'gamma_regularizer': None, 'beta_constraint': None, 'gamma_constraint': None, 'synchronized': False}, 'registered_name': None, 'build_config': {'input_shape': [None, 15, 15, 672]}, 'name': 'block5b_bn', 'inbound_nodes': [{'args': [{'class_name': '__keras_tensor__', 'config': {'shape': [None, 15, 15, 672], 'dtype': 'float32', 'keras_history': ['block5b_dwconv', 0, 0]}}], 'kwargs': {'mask': None}}]}, {'module': 'keras.layers', 'class_name': 'Activation', 'config': {'name': 'block5b_activation', 'trainable': False, 'dtype': {'module': 'keras', 'class_name': 'DTypePolicy', 'config': {'name': 'float32'}, 'registered_name': None}, 'activation': 'silu'}, 'registered_name': None, 'name': 'block5b_activation', 'inbound_nodes': [{'args': [{'class_name': '__keras_tensor__', 'config': {'shape': [None, 15, 15, 672], 'dtype': 'float32', 'keras_history': ['block5b_bn', 0, 0]}}], 'kwargs': {}}]}, {'module': 'keras.layers', 'class_name': 'GlobalAveragePooling2D', 'config': {'name': 'block5b_se_squeeze', 'trainable': False, 'dtype': {'module': 'keras', 'class_name': 'DTypePolicy', 'config': {'name': 'float32'}, 'registered_name': None}, 'data_format': 'channels_last', 'keepdims': False}, 'registered_name': None, 'name': 'block5b_se_squeeze', 'inbound_nodes': [{'args': [{'class_name': '__keras_tensor__', 'config': {'shape': [None, 15, 15, 672], 'dtype': 'float32', 'keras_history': ['block5b_activation', 0, 0]}}], 'kwargs': {}}]}, {'module': 'keras.layers', 'class_name': 'Reshape', 'config': {'name': 'block5b_se_reshape', 'trainable': False, 'dtype': {'module': 'keras', 'class_name': 'DTypePolicy', 'config': {'name': 'float32'}, 'registered_name': None}, 'target_shape': [1, 1, 672]}, 'registered_name': None, 'name': 'block5b_se_reshape', 'inbound_nodes': [{'args': [{'class_name': '__keras_tensor__', 'config': {'shape': [None, 672], 'dtype': 'float32', 'keras_history': ['block5b_se_squeeze', 0, 0]}}], 'kwargs': {}}]}, {'module': 'keras.layers', 'class_name': 'Conv2D', 'config': {'name': 'block5b_se_reduce', 'trainable': False, 'dtype': {'module': 'keras', 'class_name': 'DTypePolicy', 'config': {'name': 'float32'}, 'registered_name': None}, 'filters': 28, 'kernel_size': [1, 1], 'strides': [1, 1], 'padding': 'same', 'data_format': 'channels_last', 'dilation_rate': [1, 1], 'groups': 1, 'activation': 'silu', 'use_bias': True, 'kernel_initializer': {'module': 'keras.initializers', 'class_name': 'VarianceScaling', 'config': {'seed': None, 'scale': 2.0, 'mode': 'fan_out', 'distribution': 'truncated_normal'}, 'registered_name': None}, 'bias_initializer': {'module': 'keras.initializers', 'class_name': 'Zeros', 'config': {}, 'registered_name': None}, 'kernel_regularizer': None, 'bias_regularizer': None, 'activity_regularizer': None, 'kernel_constraint': None, 'bias_constraint': None}, 'registered_name': None, 'build_config': {'input_shape': [None, 1, 1, 672]}, 'name': 'block5b_se_reduce', 'inbound_nodes': [{'args': [{'class_name': '__keras_tensor__', 'config': {'shape': [None, 1, 1, 672], 'dtype': 'float32', 'keras_history': ['block5b_se_reshape', 0, 0]}}], 'kwargs': {}}]}, {'module': 'keras.layers', 'class_name': 'Conv2D', 'config': {'name': 'block5b_se_expand', 'trainable': False, 'dtype': {'module': 'keras', 'class_name': 'DTypePolicy', 'config': {'name': 'float32'}, 'registered_name': None}, 'filters': 672, 'kernel_size': [1, 1], 'strides': [1, 1], 'padding': 'same', 'data_format': 'channels_last', 'dilation_rate': [1, 1], 'groups': 1, 'activation': 'sigmoid', 'use_bias': True, 'kernel_initializer': {'module': 'keras.initializers', 'class_name': 'VarianceScaling', 'config': {'seed': None, 'scale': 2.0, 'mode': 'fan_out', 'distribution': 'truncated_normal'}, 'registered_name': None}, 'bias_initializer': {'module': 'keras.initializers', 'class_name': 'Zeros', 'config': {}, 'registered_name': None}, 'kernel_regularizer': None, 'bias_regularizer': None, 'activity_regularizer': None, 'kernel_constraint': None, 'bias_constraint': None}, 'registered_name': None, 'build_config': {'input_shape': [None, 1, 1, 28]}, 'name': 'block5b_se_expand', 'inbound_nodes': [{'args': [{'class_name': '__keras_tensor__', 'config': {'shape': [None, 1, 1, 28], 'dtype': 'float32', 'keras_history': ['block5b_se_reduce', 0, 0]}}], 'kwargs': {}}]}, {'module': 'keras.layers', 'class_name': 'Multiply', 'config': {'name': 'block5b_se_excite', 'trainable': False, 'dtype': {'module': 'keras', 'class_name': 'DTypePolicy', 'config': {'name': 'float32'}, 'registered_name': None}}, 'registered_name': None, 'build_config': {'input_shape': [[None, 15, 15, 672], [None, 1, 1, 672]]}, 'name': 'block5b_se_excite', 'inbound_nodes': [{'args': [[{'class_name': '__keras_tensor__', 'config': {'shape': [None, 15, 15, 672], 'dtype': 'float32', 'keras_history': ['block5b_activation', 0, 0]}}, {'class_name': '__keras_tensor__', 'config': {'shape': [None, 1, 1, 672], 'dtype': 'float32', 'keras_history': ['block5b_se_expand', 0, 0]}}]], 'kwargs': {}}]}, {'module': 'keras.layers', 'class_name': 'Conv2D', 'config': {'name': 'block5b_project_conv', 'trainable': False, 'dtype': {'module': 'keras', 'class_name': 'DTypePolicy', 'config': {'name': 'float32'}, 'registered_name': None}, 'filters': 112, 'kernel_size': [1, 1], 'strides': [1, 1], 'padding': 'same', 'data_format': 'channels_last', 'dilation_rate': [1, 1], 'groups': 1, 'activation': 'linear', 'use_bias': False, 'kernel_initializer': {'module': 'keras.initializers', 'class_name': 'VarianceScaling', 'config': {'seed': None, 'scale': 2.0, 'mode': 'fan_out', 'distribution': 'truncated_normal'}, 'registered_name': None}, 'bias_initializer': {'module': 'keras.initializers', 'class_name': 'Zeros', 'config': {}, 'registered_name': None}, 'kernel_regularizer': None, 'bias_regularizer': None, 'activity_regularizer': None, 'kernel_constraint': None, 'bias_constraint': None}, 'registered_name': None, 'build_config': {'input_shape': [None, 15, 15, 672]}, 'name': 'block5b_project_conv', 'inbound_nodes': [{'args': [{'class_name': '__keras_tensor__', 'config': {'shape': [None, 15, 15, 672], 'dtype': 'float32', 'keras_history': ['block5b_se_excite', 0, 0]}}], 'kwargs': {}}]}, {'module': 'keras.layers', 'class_name': 'BatchNormalization', 'config': {'name': 'block5b_project_bn', 'trainable': False, 'dtype': {'module': 'keras', 'class_name': 'DTypePolicy', 'config': {'name': 'float32'}, 'registered_name': None}, 'axis': 3, 'momentum': 0.99, 'epsilon': 0.001, 'center': True, 'scale': True, 'beta_initializer': {'module': 'keras.initializers', 'class_name': 'Zeros', 'config': {}, 'registered_name': None}, 'gamma_initializer': {'module': 'keras.initializers', 'class_name': 'Ones', 'config': {}, 'registered_name': None}, 'moving_mean_initializer': {'module': 'keras.initializers', 'class_name': 'Zeros', 'config': {}, 'registered_name': None}, 'moving_variance_initializer': {'module': 'keras.initializers', 'class_name': 'Ones', 'config': {}, 'registered_name': None}, 'beta_regularizer': None, 'gamma_regularizer': None, 'beta_constraint': None, 'gamma_constraint': None, 'synchronized': False}, 'registered_name': None, 'build_config': {'input_shape': [None, 15, 15, 112]}, 'name': 'block5b_project_bn', 'inbound_nodes': [{'args': [{'class_name': '__keras_tensor__', 'config': {'shape': [None, 15, 15, 112], 'dtype': 'float32', 'keras_history': ['block5b_project_conv', 0, 0]}}], 'kwargs': {'mask': None}}]}, {'module': 'keras.layers', 'class_name': 'Dropout', 'config': {'name': 'block5b_drop', 'trainable': False, 'dtype': {'module': 'keras', 'class_name': 'DTypePolicy', 'config': {'name': 'float32'}, 'registered_name': None}, 'rate': 0.11304347826086956, 'seed': None, 'noise_shape': [None, 1, 1, 1]}, 'registered_name': None, 'name': 'block5b_drop', 'inbound_nodes': [{'args': [{'class_name': '__keras_tensor__', 'config': {'shape': [None, 15, 15, 112], 'dtype': 'float32', 'keras_history': ['block5b_project_bn', 0, 0]}}], 'kwargs': {'training': False}}]}, {'module': 'keras.layers', 'class_name': 'Add', 'config': {'name': 'block5b_add', 'trainable': False, 'dtype': {'module': 'keras', 'class_name': 'DTypePolicy', 'config': {'name': 'float32'}, 'registered_name': None}}, 'registered_name': None, 'build_config': {'input_shape': [[None, 15, 15, 112], [None, 15, 15, 112]]}, 'name': 'block5b_add', 'inbound_nodes': [{'args': [[{'class_name': '__keras_tensor__', 'config': {'shape': [None, 15, 15, 112], 'dtype': 'float32', 'keras_history': ['block5b_drop', 0, 0]}}, {'class_name': '__keras_tensor__', 'config': {'shape': [None, 15, 15, 112], 'dtype': 'float32', 'keras_history': ['block5a_project_bn', 0, 0]}}]], 'kwargs': {}}]}, {'module': 'keras.layers', 'class_name': 'Conv2D', 'config': {'name': 'block5c_expand_conv', 'trainable': False, 'dtype': {'module': 'keras', 'class_name': 'DTypePolicy', 'config': {'name': 'float32'}, 'registered_name': None}, 'filters': 672, 'kernel_size': [1, 1], 'strides': [1, 1], 'padding': 'same', 'data_format': 'channels_last', 'dilation_rate': [1, 1], 'groups': 1, 'activation': 'linear', 'use_bias': False, 'kernel_initializer': {'module': 'keras.initializers', 'class_name': 'VarianceScaling', 'config': {'seed': None, 'scale': 2.0, 'mode': 'fan_out', 'distribution': 'truncated_normal'}, 'registered_name': None}, 'bias_initializer': {'module': 'keras.initializers', 'class_name': 'Zeros', 'config': {}, 'registered_name': None}, 'kernel_regularizer': None, 'bias_regularizer': None, 'activity_regularizer': None, 'kernel_constraint': None, 'bias_constraint': None}, 'registered_name': None, 'build_config': {'input_shape': [None, 15, 15, 112]}, 'name': 'block5c_expand_conv', 'inbound_nodes': [{'args': [{'class_name': '__keras_tensor__', 'config': {'shape': [None, 15, 15, 112], 'dtype': 'float32', 'keras_history': ['block5b_add', 0, 0]}}], 'kwargs': {}}]}, {'module': 'keras.layers', 'class_name': 'BatchNormalization', 'config': {'name': 'block5c_expand_bn', 'trainable': False, 'dtype': {'module': 'keras', 'class_name': 'DTypePolicy', 'config': {'name': 'float32'}, 'registered_name': None}, 'axis': 3, 'momentum': 0.99, 'epsilon': 0.001, 'center': True, 'scale': True, 'beta_initializer': {'module': 'keras.initializers', 'class_name': 'Zeros', 'config': {}, 'registered_name': None}, 'gamma_initializer': {'module': 'keras.initializers', 'class_name': 'Ones', 'config': {}, 'registered_name': None}, 'moving_mean_initializer': {'module': 'keras.initializers', 'class_name': 'Zeros', 'config': {}, 'registered_name': None}, 'moving_variance_initializer': {'module': 'keras.initializers', 'class_name': 'Ones', 'config': {}, 'registered_name': None}, 'beta_regularizer': None, 'gamma_regularizer': None, 'beta_constraint': None, 'gamma_constraint': None, 'synchronized': False}, 'registered_name': None, 'build_config': {'input_shape': [None, 15, 15, 672]}, 'name': 'block5c_expand_bn', 'inbound_nodes': [{'args': [{'class_name': '__keras_tensor__', 'config': {'shape': [None, 15, 15, 672], 'dtype': 'float32', 'keras_history': ['block5c_expand_conv', 0, 0]}}], 'kwargs': {'mask': None}}]}, {'module': 'keras.layers', 'class_name': 'Activation', 'config': {'name': 'block5c_expand_activation', 'trainable': False, 'dtype': {'module': 'keras', 'class_name': 'DTypePolicy', 'config': {'name': 'float32'}, 'registered_name': None}, 'activation': 'silu'}, 'registered_name': None, 'name': 'block5c_expand_activation', 'inbound_nodes': [{'args': [{'class_name': '__keras_tensor__', 'config': {'shape': [None, 15, 15, 672], 'dtype': 'float32', 'keras_history': ['block5c_expand_bn', 0, 0]}}], 'kwargs': {}}]}, {'module': 'keras.layers', 'class_name': 'DepthwiseConv2D', 'config': {'name': 'block5c_dwconv', 'trainable': False, 'dtype': {'module': 'keras', 'class_name': 'DTypePolicy', 'config': {'name': 'float32'}, 'registered_name': None}, 'depth_multiplier': 1, 'kernel_size': [5, 5], 'strides': [1, 1], 'padding': 'same', 'data_format': 'channels_last', 'dilation_rate': [1, 1], 'activation': 'linear', 'use_bias': False, 'depthwise_initializer': {'module': 'keras.initializers', 'class_name': 'VarianceScaling', 'config': {'seed': None, 'scale': 2.0, 'mode': 'fan_out', 'distribution': 'truncated_normal'}, 'registered_name': None}, 'bias_initializer': {'module': 'keras.initializers', 'class_name': 'Zeros', 'config': {}, 'registered_name': None}, 'depthwise_regularizer': None, 'bias_regularizer': None, 'activity_regularizer': None, 'depthwise_constraint': None, 'bias_constraint': None}, 'registered_name': None, 'build_config': {'input_shape': [None, 15, 15, 672]}, 'name': 'block5c_dwconv', 'inbound_nodes': [{'args': [{'class_name': '__keras_tensor__', 'config': {'shape': [None, 15, 15, 672], 'dtype': 'float32', 'keras_history': ['block5c_expand_activation', 0, 0]}}], 'kwargs': {}}]}, {'module': 'keras.layers', 'class_name': 'BatchNormalization', 'config': {'name': 'block5c_bn', 'trainable': False, 'dtype': {'module': 'keras', 'class_name': 'DTypePolicy', 'config': {'name': 'float32'}, 'registered_name': None}, 'axis': 3, 'momentum': 0.99, 'epsilon': 0.001, 'center': True, 'scale': True, 'beta_initializer': {'module': 'keras.initializers', 'class_name': 'Zeros', 'config': {}, 'registered_name': None}, 'gamma_initializer': {'module': 'keras.initializers', 'class_name': 'Ones', 'config': {}, 'registered_name': None}, 'moving_mean_initializer': {'module': 'keras.initializers', 'class_name': 'Zeros', 'config': {}, 'registered_name': None}, 'moving_variance_initializer': {'module': 'keras.initializers', 'class_name': 'Ones', 'config': {}, 'registered_name': None}, 'beta_regularizer': None, 'gamma_regularizer': None, 'beta_constraint': None, 'gamma_constraint': None, 'synchronized': False}, 'registered_name': None, 'build_config': {'input_shape': [None, 15, 15, 672]}, 'name': 'block5c_bn', 'inbound_nodes': [{'args': [{'class_name': '__keras_tensor__', 'config': {'shape': [None, 15, 15, 672], 'dtype': 'float32', 'keras_history': ['block5c_dwconv', 0, 0]}}], 'kwargs': {'mask': None}}]}, {'module': 'keras.layers', 'class_name': 'Activation', 'config': {'name': 'block5c_activation', 'trainable': False, 'dtype': {'module': 'keras', 'class_name': 'DTypePolicy', 'config': {'name': 'float32'}, 'registered_name': None}, 'activation': 'silu'}, 'registered_name': None, 'name': 'block5c_activation', 'inbound_nodes': [{'args': [{'class_name': '__keras_tensor__', 'config': {'shape': [None, 15, 15, 672], 'dtype': 'float32', 'keras_history': ['block5c_bn', 0, 0]}}], 'kwargs': {}}]}, {'module': 'keras.layers', 'class_name': 'GlobalAveragePooling2D', 'config': {'name': 'block5c_se_squeeze', 'trainable': False, 'dtype': {'module': 'keras', 'class_name': 'DTypePolicy', 'config': {'name': 'float32'}, 'registered_name': None}, 'data_format': 'channels_last', 'keepdims': False}, 'registered_name': None, 'name': 'block5c_se_squeeze', 'inbound_nodes': [{'args': [{'class_name': '__keras_tensor__', 'config': {'shape': [None, 15, 15, 672], 'dtype': 'float32', 'keras_history': ['block5c_activation', 0, 0]}}], 'kwargs': {}}]}, {'module': 'keras.layers', 'class_name': 'Reshape', 'config': {'name': 'block5c_se_reshape', 'trainable': False, 'dtype': {'module': 'keras', 'class_name': 'DTypePolicy', 'config': {'name': 'float32'}, 'registered_name': None}, 'target_shape': [1, 1, 672]}, 'registered_name': None, 'name': 'block5c_se_reshape', 'inbound_nodes': [{'args': [{'class_name': '__keras_tensor__', 'config': {'shape': [None, 672], 'dtype': 'float32', 'keras_history': ['block5c_se_squeeze', 0, 0]}}], 'kwargs': {}}]}, {'module': 'keras.layers', 'class_name': 'Conv2D', 'config': {'name': 'block5c_se_reduce', 'trainable': False, 'dtype': {'module': 'keras', 'class_name': 'DTypePolicy', 'config': {'name': 'float32'}, 'registered_name': None}, 'filters': 28, 'kernel_size': [1, 1], 'strides': [1, 1], 'padding': 'same', 'data_format': 'channels_last', 'dilation_rate': [1, 1], 'groups': 1, 'activation': 'silu', 'use_bias': True, 'kernel_initializer': {'module': 'keras.initializers', 'class_name': 'VarianceScaling', 'config': {'seed': None, 'scale': 2.0, 'mode': 'fan_out', 'distribution': 'truncated_normal'}, 'registered_name': None}, 'bias_initializer': {'module': 'keras.initializers', 'class_name': 'Zeros', 'config': {}, 'registered_name': None}, 'kernel_regularizer': None, 'bias_regularizer': None, 'activity_regularizer': None, 'kernel_constraint': None, 'bias_constraint': None}, 'registered_name': None, 'build_config': {'input_shape': [None, 1, 1, 672]}, 'name': 'block5c_se_reduce', 'inbound_nodes': [{'args': [{'class_name': '__keras_tensor__', 'config': {'shape': [None, 1, 1, 672], 'dtype': 'float32', 'keras_history': ['block5c_se_reshape', 0, 0]}}], 'kwargs': {}}]}, {'module': 'keras.layers', 'class_name': 'Conv2D', 'config': {'name': 'block5c_se_expand', 'trainable': False, 'dtype': {'module': 'keras', 'class_name': 'DTypePolicy', 'config': {'name': 'float32'}, 'registered_name': None}, 'filters': 672, 'kernel_size': [1, 1], 'strides': [1, 1], 'padding': 'same', 'data_format': 'channels_last', 'dilation_rate': [1, 1], 'groups': 1, 'activation': 'sigmoid', 'use_bias': True, 'kernel_initializer': {'module': 'keras.initializers', 'class_name': 'VarianceScaling', 'config': {'seed': None, 'scale': 2.0, 'mode': 'fan_out', 'distribution': 'truncated_normal'}, 'registered_name': None}, 'bias_initializer': {'module': 'keras.initializers', 'class_name': 'Zeros', 'config': {}, 'registered_name': None}, 'kernel_regularizer': None, 'bias_regularizer': None, 'activity_regularizer': None, 'kernel_constraint': None, 'bias_constraint': None}, 'registered_name': None, 'build_config': {'input_shape': [None, 1, 1, 28]}, 'name': 'block5c_se_expand', 'inbound_nodes': [{'args': [{'class_name': '__keras_tensor__', 'config': {'shape': [None, 1, 1, 28], 'dtype': 'float32', 'keras_history': ['block5c_se_reduce', 0, 0]}}], 'kwargs': {}}]}, {'module': 'keras.layers', 'class_name': 'Multiply', 'config': {'name': 'block5c_se_excite', 'trainable': False, 'dtype': {'module': 'keras', 'class_name': 'DTypePolicy', 'config': {'name': 'float32'}, 'registered_name': None}}, 'registered_name': None, 'build_config': {'input_shape': [[None, 15, 15, 672], [None, 1, 1, 672]]}, 'name': 'block5c_se_excite', 'inbound_nodes': [{'args': [[{'class_name': '__keras_tensor__', 'config': {'shape': [None, 15, 15, 672], 'dtype': 'float32', 'keras_history': ['block5c_activation', 0, 0]}}, {'class_name': '__keras_tensor__', 'config': {'shape': [None, 1, 1, 672], 'dtype': 'float32', 'keras_history': ['block5c_se_expand', 0, 0]}}]], 'kwargs': {}}]}, {'module': 'keras.layers', 'class_name': 'Conv2D', 'config': {'name': 'block5c_project_conv', 'trainable': False, 'dtype': {'module': 'keras', 'class_name': 'DTypePolicy', 'config': {'name': 'float32'}, 'registered_name': None}, 'filters': 112, 'kernel_size': [1, 1], 'strides': [1, 1], 'padding': 'same', 'data_format': 'channels_last', 'dilation_rate': [1, 1], 'groups': 1, 'activation': 'linear', 'use_bias': False, 'kernel_initializer': {'module': 'keras.initializers', 'class_name': 'VarianceScaling', 'config': {'seed': None, 'scale': 2.0, 'mode': 'fan_out', 'distribution': 'truncated_normal'}, 'registered_name': None}, 'bias_initializer': {'module': 'keras.initializers', 'class_name': 'Zeros', 'config': {}, 'registered_name': None}, 'kernel_regularizer': None, 'bias_regularizer': None, 'activity_regularizer': None, 'kernel_constraint': None, 'bias_constraint': None}, 'registered_name': None, 'build_config': {'input_shape': [None, 15, 15, 672]}, 'name': 'block5c_project_conv', 'inbound_nodes': [{'args': [{'class_name': '__keras_tensor__', 'config': {'shape': [None, 15, 15, 672], 'dtype': 'float32', 'keras_history': ['block5c_se_excite', 0, 0]}}], 'kwargs': {}}]}, {'module': 'keras.layers', 'class_name': 'BatchNormalization', 'config': {'name': 'block5c_project_bn', 'trainable': False, 'dtype': {'module': 'keras', 'class_name': 'DTypePolicy', 'config': {'name': 'float32'}, 'registered_name': None}, 'axis': 3, 'momentum': 0.99, 'epsilon': 0.001, 'center': True, 'scale': True, 'beta_initializer': {'module': 'keras.initializers', 'class_name': 'Zeros', 'config': {}, 'registered_name': None}, 'gamma_initializer': {'module': 'keras.initializers', 'class_name': 'Ones', 'config': {}, 'registered_name': None}, 'moving_mean_initializer': {'module': 'keras.initializers', 'class_name': 'Zeros', 'config': {}, 'registered_name': None}, 'moving_variance_initializer': {'module': 'keras.initializers', 'class_name': 'Ones', 'config': {}, 'registered_name': None}, 'beta_regularizer': None, 'gamma_regularizer': None, 'beta_constraint': None, 'gamma_constraint': None, 'synchronized': False}, 'registered_name': None, 'build_config': {'input_shape': [None, 15, 15, 112]}, 'name': 'block5c_project_bn', 'inbound_nodes': [{'args': [{'class_name': '__keras_tensor__', 'config': {'shape': [None, 15, 15, 112], 'dtype': 'float32', 'keras_history': ['block5c_project_conv', 0, 0]}}], 'kwargs': {'mask': None}}]}, {'module': 'keras.layers', 'class_name': 'Dropout', 'config': {'name': 'block5c_drop', 'trainable': False, 'dtype': {'module': 'keras', 'class_name': 'DTypePolicy', 'config': {'name': 'float32'}, 'registered_name': None}, 'rate': 0.12173913043478261, 'seed': None, 'noise_shape': [None, 1, 1, 1]}, 'registered_name': None, 'name': 'block5c_drop', 'inbound_nodes': [{'args': [{'class_name': '__keras_tensor__', 'config': {'shape': [None, 15, 15, 112], 'dtype': 'float32', 'keras_history': ['block5c_project_bn', 0, 0]}}], 'kwargs': {'training': False}}]}, {'module': 'keras.layers', 'class_name': 'Add', 'config': {'name': 'block5c_add', 'trainable': False, 'dtype': {'module': 'keras', 'class_name': 'DTypePolicy', 'config': {'name': 'float32'}, 'registered_name': None}}, 'registered_name': None, 'build_config': {'input_shape': [[None, 15, 15, 112], [None, 15, 15, 112]]}, 'name': 'block5c_add', 'inbound_nodes': [{'args': [[{'class_name': '__keras_tensor__', 'config': {'shape': [None, 15, 15, 112], 'dtype': 'float32', 'keras_history': ['block5c_drop', 0, 0]}}, {'class_name': '__keras_tensor__', 'config': {'shape': [None, 15, 15, 112], 'dtype': 'float32', 'keras_history': ['block5b_add', 0, 0]}}]], 'kwargs': {}}]}, {'module': 'keras.layers', 'class_name': 'Conv2D', 'config': {'name': 'block5d_expand_conv', 'trainable': False, 'dtype': {'module': 'keras', 'class_name': 'DTypePolicy', 'config': {'name': 'float32'}, 'registered_name': None}, 'filters': 672, 'kernel_size': [1, 1], 'strides': [1, 1], 'padding': 'same', 'data_format': 'channels_last', 'dilation_rate': [1, 1], 'groups': 1, 'activation': 'linear', 'use_bias': False, 'kernel_initializer': {'module': 'keras.initializers', 'class_name': 'VarianceScaling', 'config': {'seed': None, 'scale': 2.0, 'mode': 'fan_out', 'distribution': 'truncated_normal'}, 'registered_name': None}, 'bias_initializer': {'module': 'keras.initializers', 'class_name': 'Zeros', 'config': {}, 'registered_name': None}, 'kernel_regularizer': None, 'bias_regularizer': None, 'activity_regularizer': None, 'kernel_constraint': None, 'bias_constraint': None}, 'registered_name': None, 'build_config': {'input_shape': [None, 15, 15, 112]}, 'name': 'block5d_expand_conv', 'inbound_nodes': [{'args': [{'class_name': '__keras_tensor__', 'config': {'shape': [None, 15, 15, 112], 'dtype': 'float32', 'keras_history': ['block5c_add', 0, 0]}}], 'kwargs': {}}]}, {'module': 'keras.layers', 'class_name': 'BatchNormalization', 'config': {'name': 'block5d_expand_bn', 'trainable': False, 'dtype': {'module': 'keras', 'class_name': 'DTypePolicy', 'config': {'name': 'float32'}, 'registered_name': None}, 'axis': 3, 'momentum': 0.99, 'epsilon': 0.001, 'center': True, 'scale': True, 'beta_initializer': {'module': 'keras.initializers', 'class_name': 'Zeros', 'config': {}, 'registered_name': None}, 'gamma_initializer': {'module': 'keras.initializers', 'class_name': 'Ones', 'config': {}, 'registered_name': None}, 'moving_mean_initializer': {'module': 'keras.initializers', 'class_name': 'Zeros', 'config': {}, 'registered_name': None}, 'moving_variance_initializer': {'module': 'keras.initializers', 'class_name': 'Ones', 'config': {}, 'registered_name': None}, 'beta_regularizer': None, 'gamma_regularizer': None, 'beta_constraint': None, 'gamma_constraint': None, 'synchronized': False}, 'registered_name': None, 'build_config': {'input_shape': [None, 15, 15, 672]}, 'name': 'block5d_expand_bn', 'inbound_nodes': [{'args': [{'class_name': '__keras_tensor__', 'config': {'shape': [None, 15, 15, 672], 'dtype': 'float32', 'keras_history': ['block5d_expand_conv', 0, 0]}}], 'kwargs': {'mask': None}}]}, {'module': 'keras.layers', 'class_name': 'Activation', 'config': {'name': 'block5d_expand_activation', 'trainable': False, 'dtype': {'module': 'keras', 'class_name': 'DTypePolicy', 'config': {'name': 'float32'}, 'registered_name': None}, 'activation': 'silu'}, 'registered_name': None, 'name': 'block5d_expand_activation', 'inbound_nodes': [{'args': [{'class_name': '__keras_tensor__', 'config': {'shape': [None, 15, 15, 672], 'dtype': 'float32', 'keras_history': ['block5d_expand_bn', 0, 0]}}], 'kwargs': {}}]}, {'module': 'keras.layers', 'class_name': 'DepthwiseConv2D', 'config': {'name': 'block5d_dwconv', 'trainable': False, 'dtype': {'module': 'keras', 'class_name': 'DTypePolicy', 'config': {'name': 'float32'}, 'registered_name': None}, 'depth_multiplier': 1, 'kernel_size': [5, 5], 'strides': [1, 1], 'padding': 'same', 'data_format': 'channels_last', 'dilation_rate': [1, 1], 'activation': 'linear', 'use_bias': False, 'depthwise_initializer': {'module': 'keras.initializers', 'class_name': 'VarianceScaling', 'config': {'seed': None, 'scale': 2.0, 'mode': 'fan_out', 'distribution': 'truncated_normal'}, 'registered_name': None}, 'bias_initializer': {'module': 'keras.initializers', 'class_name': 'Zeros', 'config': {}, 'registered_name': None}, 'depthwise_regularizer': None, 'bias_regularizer': None, 'activity_regularizer': None, 'depthwise_constraint': None, 'bias_constraint': None}, 'registered_name': None, 'build_config': {'input_shape': [None, 15, 15, 672]}, 'name': 'block5d_dwconv', 'inbound_nodes': [{'args': [{'class_name': '__keras_tensor__', 'config': {'shape': [None, 15, 15, 672], 'dtype': 'float32', 'keras_history': ['block5d_expand_activation', 0, 0]}}], 'kwargs': {}}]}, {'module': 'keras.layers', 'class_name': 'BatchNormalization', 'config': {'name': 'block5d_bn', 'trainable': False, 'dtype': {'module': 'keras', 'class_name': 'DTypePolicy', 'config': {'name': 'float32'}, 'registered_name': None}, 'axis': 3, 'momentum': 0.99, 'epsilon': 0.001, 'center': True, 'scale': True, 'beta_initializer': {'module': 'keras.initializers', 'class_name': 'Zeros', 'config': {}, 'registered_name': None}, 'gamma_initializer': {'module': 'keras.initializers', 'class_name': 'Ones', 'config': {}, 'registered_name': None}, 'moving_mean_initializer': {'module': 'keras.initializers', 'class_name': 'Zeros', 'config': {}, 'registered_name': None}, 'moving_variance_initializer': {'module': 'keras.initializers', 'class_name': 'Ones', 'config': {}, 'registered_name': None}, 'beta_regularizer': None, 'gamma_regularizer': None, 'beta_constraint': None, 'gamma_constraint': None, 'synchronized': False}, 'registered_name': None, 'build_config': {'input_shape': [None, 15, 15, 672]}, 'name': 'block5d_bn', 'inbound_nodes': [{'args': [{'class_name': '__keras_tensor__', 'config': {'shape': [None, 15, 15, 672], 'dtype': 'float32', 'keras_history': ['block5d_dwconv', 0, 0]}}], 'kwargs': {'mask': None}}]}, {'module': 'keras.layers', 'class_name': 'Activation', 'config': {'name': 'block5d_activation', 'trainable': False, 'dtype': {'module': 'keras', 'class_name': 'DTypePolicy', 'config': {'name': 'float32'}, 'registered_name': None}, 'activation': 'silu'}, 'registered_name': None, 'name': 'block5d_activation', 'inbound_nodes': [{'args': [{'class_name': '__keras_tensor__', 'config': {'shape': [None, 15, 15, 672], 'dtype': 'float32', 'keras_history': ['block5d_bn', 0, 0]}}], 'kwargs': {}}]}, {'module': 'keras.layers', 'class_name': 'GlobalAveragePooling2D', 'config': {'name': 'block5d_se_squeeze', 'trainable': False, 'dtype': {'module': 'keras', 'class_name': 'DTypePolicy', 'config': {'name': 'float32'}, 'registered_name': None}, 'data_format': 'channels_last', 'keepdims': False}, 'registered_name': None, 'name': 'block5d_se_squeeze', 'inbound_nodes': [{'args': [{'class_name': '__keras_tensor__', 'config': {'shape': [None, 15, 15, 672], 'dtype': 'float32', 'keras_history': ['block5d_activation', 0, 0]}}], 'kwargs': {}}]}, {'module': 'keras.layers', 'class_name': 'Reshape', 'config': {'name': 'block5d_se_reshape', 'trainable': False, 'dtype': {'module': 'keras', 'class_name': 'DTypePolicy', 'config': {'name': 'float32'}, 'registered_name': None}, 'target_shape': [1, 1, 672]}, 'registered_name': None, 'name': 'block5d_se_reshape', 'inbound_nodes': [{'args': [{'class_name': '__keras_tensor__', 'config': {'shape': [None, 672], 'dtype': 'float32', 'keras_history': ['block5d_se_squeeze', 0, 0]}}], 'kwargs': {}}]}, {'module': 'keras.layers', 'class_name': 'Conv2D', 'config': {'name': 'block5d_se_reduce', 'trainable': False, 'dtype': {'module': 'keras', 'class_name': 'DTypePolicy', 'config': {'name': 'float32'}, 'registered_name': None}, 'filters': 28, 'kernel_size': [1, 1], 'strides': [1, 1], 'padding': 'same', 'data_format': 'channels_last', 'dilation_rate': [1, 1], 'groups': 1, 'activation': 'silu', 'use_bias': True, 'kernel_initializer': {'module': 'keras.initializers', 'class_name': 'VarianceScaling', 'config': {'seed': None, 'scale': 2.0, 'mode': 'fan_out', 'distribution': 'truncated_normal'}, 'registered_name': None}, 'bias_initializer': {'module': 'keras.initializers', 'class_name': 'Zeros', 'config': {}, 'registered_name': None}, 'kernel_regularizer': None, 'bias_regularizer': None, 'activity_regularizer': None, 'kernel_constraint': None, 'bias_constraint': None}, 'registered_name': None, 'build_config': {'input_shape': [None, 1, 1, 672]}, 'name': 'block5d_se_reduce', 'inbound_nodes': [{'args': [{'class_name': '__keras_tensor__', 'config': {'shape': [None, 1, 1, 672], 'dtype': 'float32', 'keras_history': ['block5d_se_reshape', 0, 0]}}], 'kwargs': {}}]}, {'module': 'keras.layers', 'class_name': 'Conv2D', 'config': {'name': 'block5d_se_expand', 'trainable': False, 'dtype': {'module': 'keras', 'class_name': 'DTypePolicy', 'config': {'name': 'float32'}, 'registered_name': None}, 'filters': 672, 'kernel_size': [1, 1], 'strides': [1, 1], 'padding': 'same', 'data_format': 'channels_last', 'dilation_rate': [1, 1], 'groups': 1, 'activation': 'sigmoid', 'use_bias': True, 'kernel_initializer': {'module': 'keras.initializers', 'class_name': 'VarianceScaling', 'config': {'seed': None, 'scale': 2.0, 'mode': 'fan_out', 'distribution': 'truncated_normal'}, 'registered_name': None}, 'bias_initializer': {'module': 'keras.initializers', 'class_name': 'Zeros', 'config': {}, 'registered_name': None}, 'kernel_regularizer': None, 'bias_regularizer': None, 'activity_regularizer': None, 'kernel_constraint': None, 'bias_constraint': None}, 'registered_name': None, 'build_config': {'input_shape': [None, 1, 1, 28]}, 'name': 'block5d_se_expand', 'inbound_nodes': [{'args': [{'class_name': '__keras_tensor__', 'config': {'shape': [None, 1, 1, 28], 'dtype': 'float32', 'keras_history': ['block5d_se_reduce', 0, 0]}}], 'kwargs': {}}]}, {'module': 'keras.layers', 'class_name': 'Multiply', 'config': {'name': 'block5d_se_excite', 'trainable': False, 'dtype': {'module': 'keras', 'class_name': 'DTypePolicy', 'config': {'name': 'float32'}, 'registered_name': None}}, 'registered_name': None, 'build_config': {'input_shape': [[None, 15, 15, 672], [None, 1, 1, 672]]}, 'name': 'block5d_se_excite', 'inbound_nodes': [{'args': [[{'class_name': '__keras_tensor__', 'config': {'shape': [None, 15, 15, 672], 'dtype': 'float32', 'keras_history': ['block5d_activation', 0, 0]}}, {'class_name': '__keras_tensor__', 'config': {'shape': [None, 1, 1, 672], 'dtype': 'float32', 'keras_history': ['block5d_se_expand', 0, 0]}}]], 'kwargs': {}}]}, {'module': 'keras.layers', 'class_name': 'Conv2D', 'config': {'name': 'block5d_project_conv', 'trainable': False, 'dtype': {'module': 'keras', 'class_name': 'DTypePolicy', 'config': {'name': 'float32'}, 'registered_name': None}, 'filters': 112, 'kernel_size': [1, 1], 'strides': [1, 1], 'padding': 'same', 'data_format': 'channels_last', 'dilation_rate': [1, 1], 'groups': 1, 'activation': 'linear', 'use_bias': False, 'kernel_initializer': {'module': 'keras.initializers', 'class_name': 'VarianceScaling', 'config': {'seed': None, 'scale': 2.0, 'mode': 'fan_out', 'distribution': 'truncated_normal'}, 'registered_name': None}, 'bias_initializer': {'module': 'keras.initializers', 'class_name': 'Zeros', 'config': {}, 'registered_name': None}, 'kernel_regularizer': None, 'bias_regularizer': None, 'activity_regularizer': None, 'kernel_constraint': None, 'bias_constraint': None}, 'registered_name': None, 'build_config': {'input_shape': [None, 15, 15, 672]}, 'name': 'block5d_project_conv', 'inbound_nodes': [{'args': [{'class_name': '__keras_tensor__', 'config': {'shape': [None, 15, 15, 672], 'dtype': 'float32', 'keras_history': ['block5d_se_excite', 0, 0]}}], 'kwargs': {}}]}, {'module': 'keras.layers', 'class_name': 'BatchNormalization', 'config': {'name': 'block5d_project_bn', 'trainable': False, 'dtype': {'module': 'keras', 'class_name': 'DTypePolicy', 'config': {'name': 'float32'}, 'registered_name': None}, 'axis': 3, 'momentum': 0.99, 'epsilon': 0.001, 'center': True, 'scale': True, 'beta_initializer': {'module': 'keras.initializers', 'class_name': 'Zeros', 'config': {}, 'registered_name': None}, 'gamma_initializer': {'module': 'keras.initializers', 'class_name': 'Ones', 'config': {}, 'registered_name': None}, 'moving_mean_initializer': {'module': 'keras.initializers', 'class_name': 'Zeros', 'config': {}, 'registered_name': None}, 'moving_variance_initializer': {'module': 'keras.initializers', 'class_name': 'Ones', 'config': {}, 'registered_name': None}, 'beta_regularizer': None, 'gamma_regularizer': None, 'beta_constraint': None, 'gamma_constraint': None, 'synchronized': False}, 'registered_name': None, 'build_config': {'input_shape': [None, 15, 15, 112]}, 'name': 'block5d_project_bn', 'inbound_nodes': [{'args': [{'class_name': '__keras_tensor__', 'config': {'shape': [None, 15, 15, 112], 'dtype': 'float32', 'keras_history': ['block5d_project_conv', 0, 0]}}], 'kwargs': {'mask': None}}]}, {'module': 'keras.layers', 'class_name': 'Dropout', 'config': {'name': 'block5d_drop', 'trainable': False, 'dtype': {'module': 'keras', 'class_name': 'DTypePolicy', 'config': {'name': 'float32'}, 'registered_name': None}, 'rate': 0.13043478260869565, 'seed': None, 'noise_shape': [None, 1, 1, 1]}, 'registered_name': None, 'name': 'block5d_drop', 'inbound_nodes': [{'args': [{'class_name': '__keras_tensor__', 'config': {'shape': [None, 15, 15, 112], 'dtype': 'float32', 'keras_history': ['block5d_project_bn', 0, 0]}}], 'kwargs': {'training': False}}]}, {'module': 'keras.layers', 'class_name': 'Add', 'config': {'name': 'block5d_add', 'trainable': False, 'dtype': {'module': 'keras', 'class_name': 'DTypePolicy', 'config': {'name': 'float32'}, 'registered_name': None}}, 'registered_name': None, 'build_config': {'input_shape': [[None, 15, 15, 112], [None, 15, 15, 112]]}, 'name': 'block5d_add', 'inbound_nodes': [{'args': [[{'class_name': '__keras_tensor__', 'config': {'shape': [None, 15, 15, 112], 'dtype': 'float32', 'keras_history': ['block5d_drop', 0, 0]}}, {'class_name': '__keras_tensor__', 'config': {'shape': [None, 15, 15, 112], 'dtype': 'float32', 'keras_history': ['block5c_add', 0, 0]}}]], 'kwargs': {}}]}, {'module': 'keras.layers', 'class_name': 'Conv2D', 'config': {'name': 'block6a_expand_conv', 'trainable': False, 'dtype': {'module': 'keras', 'class_name': 'DTypePolicy', 'config': {'name': 'float32'}, 'registered_name': None}, 'filters': 672, 'kernel_size': [1, 1], 'strides': [1, 1], 'padding': 'same', 'data_format': 'channels_last', 'dilation_rate': [1, 1], 'groups': 1, 'activation': 'linear', 'use_bias': False, 'kernel_initializer': {'module': 'keras.initializers', 'class_name': 'VarianceScaling', 'config': {'seed': None, 'scale': 2.0, 'mode': 'fan_out', 'distribution': 'truncated_normal'}, 'registered_name': None}, 'bias_initializer': {'module': 'keras.initializers', 'class_name': 'Zeros', 'config': {}, 'registered_name': None}, 'kernel_regularizer': None, 'bias_regularizer': None, 'activity_regularizer': None, 'kernel_constraint': None, 'bias_constraint': None}, 'registered_name': None, 'build_config': {'input_shape': [None, 15, 15, 112]}, 'name': 'block6a_expand_conv', 'inbound_nodes': [{'args': [{'class_name': '__keras_tensor__', 'config': {'shape': [None, 15, 15, 112], 'dtype': 'float32', 'keras_history': ['block5d_add', 0, 0]}}], 'kwargs': {}}]}, {'module': 'keras.layers', 'class_name': 'BatchNormalization', 'config': {'name': 'block6a_expand_bn', 'trainable': False, 'dtype': {'module': 'keras', 'class_name': 'DTypePolicy', 'config': {'name': 'float32'}, 'registered_name': None}, 'axis': 3, 'momentum': 0.99, 'epsilon': 0.001, 'center': True, 'scale': True, 'beta_initializer': {'module': 'keras.initializers', 'class_name': 'Zeros', 'config': {}, 'registered_name': None}, 'gamma_initializer': {'module': 'keras.initializers', 'class_name': 'Ones', 'config': {}, 'registered_name': None}, 'moving_mean_initializer': {'module': 'keras.initializers', 'class_name': 'Zeros', 'config': {}, 'registered_name': None}, 'moving_variance_initializer': {'module': 'keras.initializers', 'class_name': 'Ones', 'config': {}, 'registered_name': None}, 'beta_regularizer': None, 'gamma_regularizer': None, 'beta_constraint': None, 'gamma_constraint': None, 'synchronized': False}, 'registered_name': None, 'build_config': {'input_shape': [None, 15, 15, 672]}, 'name': 'block6a_expand_bn', 'inbound_nodes': [{'args': [{'class_name': '__keras_tensor__', 'config': {'shape': [None, 15, 15, 672], 'dtype': 'float32', 'keras_history': ['block6a_expand_conv', 0, 0]}}], 'kwargs': {'mask': None}}]}, {'module': 'keras.layers', 'class_name': 'Activation', 'config': {'name': 'block6a_expand_activation', 'trainable': False, 'dtype': {'module': 'keras', 'class_name': 'DTypePolicy', 'config': {'name': 'float32'}, 'registered_name': None}, 'activation': 'silu'}, 'registered_name': None, 'name': 'block6a_expand_activation', 'inbound_nodes': [{'args': [{'class_name': '__keras_tensor__', 'config': {'shape': [None, 15, 15, 672], 'dtype': 'float32', 'keras_history': ['block6a_expand_bn', 0, 0]}}], 'kwargs': {}}]}, {'module': 'keras.layers', 'class_name': 'ZeroPadding2D', 'config': {'name': 'block6a_dwconv_pad', 'trainable': False, 'dtype': {'module': 'keras', 'class_name': 'DTypePolicy', 'config': {'name': 'float32'}, 'registered_name': None}, 'padding': [[2, 2], [2, 2]], 'data_format': 'channels_last'}, 'registered_name': None, 'build_config': {'input_shape': [None, 15, 15, 672]}, 'name': 'block6a_dwconv_pad', 'inbound_nodes': [{'args': [{'class_name': '__keras_tensor__', 'config': {'shape': [None, 15, 15, 672], 'dtype': 'float32', 'keras_history': ['block6a_expand_activation', 0, 0]}}], 'kwargs': {}}]}, {'module': 'keras.layers', 'class_name': 'DepthwiseConv2D', 'config': {'name': 'block6a_dwconv', 'trainable': False, 'dtype': {'module': 'keras', 'class_name': 'DTypePolicy', 'config': {'name': 'float32'}, 'registered_name': None}, 'depth_multiplier': 1, 'kernel_size': [5, 5], 'strides': [2, 2], 'padding': 'valid', 'data_format': 'channels_last', 'dilation_rate': [1, 1], 'activation': 'linear', 'use_bias': False, 'depthwise_initializer': {'module': 'keras.initializers', 'class_name': 'VarianceScaling', 'config': {'seed': None, 'scale': 2.0, 'mode': 'fan_out', 'distribution': 'truncated_normal'}, 'registered_name': None}, 'bias_initializer': {'module': 'keras.initializers', 'class_name': 'Zeros', 'config': {}, 'registered_name': None}, 'depthwise_regularizer': None, 'bias_regularizer': None, 'activity_regularizer': None, 'depthwise_constraint': None, 'bias_constraint': None}, 'registered_name': None, 'build_config': {'input_shape': [None, 19, 19, 672]}, 'name': 'block6a_dwconv', 'inbound_nodes': [{'args': [{'class_name': '__keras_tensor__', 'config': {'shape': [None, 19, 19, 672], 'dtype': 'float32', 'keras_history': ['block6a_dwconv_pad', 0, 0]}}], 'kwargs': {}}]}, {'module': 'keras.layers', 'class_name': 'BatchNormalization', 'config': {'name': 'block6a_bn', 'trainable': False, 'dtype': {'module': 'keras', 'class_name': 'DTypePolicy', 'config': {'name': 'float32'}, 'registered_name': None}, 'axis': 3, 'momentum': 0.99, 'epsilon': 0.001, 'center': True, 'scale': True, 'beta_initializer': {'module': 'keras.initializers', 'class_name': 'Zeros', 'config': {}, 'registered_name': None}, 'gamma_initializer': {'module': 'keras.initializers', 'class_name': 'Ones', 'config': {}, 'registered_name': None}, 'moving_mean_initializer': {'module': 'keras.initializers', 'class_name': 'Zeros', 'config': {}, 'registered_name': None}, 'moving_variance_initializer': {'module': 'keras.initializers', 'class_name': 'Ones', 'config': {}, 'registered_name': None}, 'beta_regularizer': None, 'gamma_regularizer': None, 'beta_constraint': None, 'gamma_constraint': None, 'synchronized': False}, 'registered_name': None, 'build_config': {'input_shape': [None, 8, 8, 672]}, 'name': 'block6a_bn', 'inbound_nodes': [{'args': [{'class_name': '__keras_tensor__', 'config': {'shape': [None, 8, 8, 672], 'dtype': 'float32', 'keras_history': ['block6a_dwconv', 0, 0]}}], 'kwargs': {'mask': None}}]}, {'module': 'keras.layers', 'class_name': 'Activation', 'config': {'name': 'block6a_activation', 'trainable': False, 'dtype': {'module': 'keras', 'class_name': 'DTypePolicy', 'config': {'name': 'float32'}, 'registered_name': None}, 'activation': 'silu'}, 'registered_name': None, 'name': 'block6a_activation', 'inbound_nodes': [{'args': [{'class_name': '__keras_tensor__', 'config': {'shape': [None, 8, 8, 672], 'dtype': 'float32', 'keras_history': ['block6a_bn', 0, 0]}}], 'kwargs': {}}]}, {'module': 'keras.layers', 'class_name': 'GlobalAveragePooling2D', 'config': {'name': 'block6a_se_squeeze', 'trainable': False, 'dtype': {'module': 'keras', 'class_name': 'DTypePolicy', 'config': {'name': 'float32'}, 'registered_name': None}, 'data_format': 'channels_last', 'keepdims': False}, 'registered_name': None, 'name': 'block6a_se_squeeze', 'inbound_nodes': [{'args': [{'class_name': '__keras_tensor__', 'config': {'shape': [None, 8, 8, 672], 'dtype': 'float32', 'keras_history': ['block6a_activation', 0, 0]}}], 'kwargs': {}}]}, {'module': 'keras.layers', 'class_name': 'Reshape', 'config': {'name': 'block6a_se_reshape', 'trainable': False, 'dtype': {'module': 'keras', 'class_name': 'DTypePolicy', 'config': {'name': 'float32'}, 'registered_name': None}, 'target_shape': [1, 1, 672]}, 'registered_name': None, 'name': 'block6a_se_reshape', 'inbound_nodes': [{'args': [{'class_name': '__keras_tensor__', 'config': {'shape': [None, 672], 'dtype': 'float32', 'keras_history': ['block6a_se_squeeze', 0, 0]}}], 'kwargs': {}}]}, {'module': 'keras.layers', 'class_name': 'Conv2D', 'config': {'name': 'block6a_se_reduce', 'trainable': False, 'dtype': {'module': 'keras', 'class_name': 'DTypePolicy', 'config': {'name': 'float32'}, 'registered_name': None}, 'filters': 28, 'kernel_size': [1, 1], 'strides': [1, 1], 'padding': 'same', 'data_format': 'channels_last', 'dilation_rate': [1, 1], 'groups': 1, 'activation': 'silu', 'use_bias': True, 'kernel_initializer': {'module': 'keras.initializers', 'class_name': 'VarianceScaling', 'config': {'seed': None, 'scale': 2.0, 'mode': 'fan_out', 'distribution': 'truncated_normal'}, 'registered_name': None}, 'bias_initializer': {'module': 'keras.initializers', 'class_name': 'Zeros', 'config': {}, 'registered_name': None}, 'kernel_regularizer': None, 'bias_regularizer': None, 'activity_regularizer': None, 'kernel_constraint': None, 'bias_constraint': None}, 'registered_name': None, 'build_config': {'input_shape': [None, 1, 1, 672]}, 'name': 'block6a_se_reduce', 'inbound_nodes': [{'args': [{'class_name': '__keras_tensor__', 'config': {'shape': [None, 1, 1, 672], 'dtype': 'float32', 'keras_history': ['block6a_se_reshape', 0, 0]}}], 'kwargs': {}}]}, {'module': 'keras.layers', 'class_name': 'Conv2D', 'config': {'name': 'block6a_se_expand', 'trainable': False, 'dtype': {'module': 'keras', 'class_name': 'DTypePolicy', 'config': {'name': 'float32'}, 'registered_name': None}, 'filters': 672, 'kernel_size': [1, 1], 'strides': [1, 1], 'padding': 'same', 'data_format': 'channels_last', 'dilation_rate': [1, 1], 'groups': 1, 'activation': 'sigmoid', 'use_bias': True, 'kernel_initializer': {'module': 'keras.initializers', 'class_name': 'VarianceScaling', 'config': {'seed': None, 'scale': 2.0, 'mode': 'fan_out', 'distribution': 'truncated_normal'}, 'registered_name': None}, 'bias_initializer': {'module': 'keras.initializers', 'class_name': 'Zeros', 'config': {}, 'registered_name': None}, 'kernel_regularizer': None, 'bias_regularizer': None, 'activity_regularizer': None, 'kernel_constraint': None, 'bias_constraint': None}, 'registered_name': None, 'build_config': {'input_shape': [None, 1, 1, 28]}, 'name': 'block6a_se_expand', 'inbound_nodes': [{'args': [{'class_name': '__keras_tensor__', 'config': {'shape': [None, 1, 1, 28], 'dtype': 'float32', 'keras_history': ['block6a_se_reduce', 0, 0]}}], 'kwargs': {}}]}, {'module': 'keras.layers', 'class_name': 'Multiply', 'config': {'name': 'block6a_se_excite', 'trainable': False, 'dtype': {'module': 'keras', 'class_name': 'DTypePolicy', 'config': {'name': 'float32'}, 'registered_name': None}}, 'registered_name': None, 'build_config': {'input_shape': [[None, 8, 8, 672], [None, 1, 1, 672]]}, 'name': 'block6a_se_excite', 'inbound_nodes': [{'args': [[{'class_name': '__keras_tensor__', 'config': {'shape': [None, 8, 8, 672], 'dtype': 'float32', 'keras_history': ['block6a_activation', 0, 0]}}, {'class_name': '__keras_tensor__', 'config': {'shape': [None, 1, 1, 672], 'dtype': 'float32', 'keras_history': ['block6a_se_expand', 0, 0]}}]], 'kwargs': {}}]}, {'module': 'keras.layers', 'class_name': 'Conv2D', 'config': {'name': 'block6a_project_conv', 'trainable': False, 'dtype': {'module': 'keras', 'class_name': 'DTypePolicy', 'config': {'name': 'float32'}, 'registered_name': None}, 'filters': 192, 'kernel_size': [1, 1], 'strides': [1, 1], 'padding': 'same', 'data_format': 'channels_last', 'dilation_rate': [1, 1], 'groups': 1, 'activation': 'linear', 'use_bias': False, 'kernel_initializer': {'module': 'keras.initializers', 'class_name': 'VarianceScaling', 'config': {'seed': None, 'scale': 2.0, 'mode': 'fan_out', 'distribution': 'truncated_normal'}, 'registered_name': None}, 'bias_initializer': {'module': 'keras.initializers', 'class_name': 'Zeros', 'config': {}, 'registered_name': None}, 'kernel_regularizer': None, 'bias_regularizer': None, 'activity_regularizer': None, 'kernel_constraint': None, 'bias_constraint': None}, 'registered_name': None, 'build_config': {'input_shape': [None, 8, 8, 672]}, 'name': 'block6a_project_conv', 'inbound_nodes': [{'args': [{'class_name': '__keras_tensor__', 'config': {'shape': [None, 8, 8, 672], 'dtype': 'float32', 'keras_history': ['block6a_se_excite', 0, 0]}}], 'kwargs': {}}]}, {'module': 'keras.layers', 'class_name': 'BatchNormalization', 'config': {'name': 'block6a_project_bn', 'trainable': False, 'dtype': {'module': 'keras', 'class_name': 'DTypePolicy', 'config': {'name': 'float32'}, 'registered_name': None}, 'axis': 3, 'momentum': 0.99, 'epsilon': 0.001, 'center': True, 'scale': True, 'beta_initializer': {'module': 'keras.initializers', 'class_name': 'Zeros', 'config': {}, 'registered_name': None}, 'gamma_initializer': {'module': 'keras.initializers', 'class_name': 'Ones', 'config': {}, 'registered_name': None}, 'moving_mean_initializer': {'module': 'keras.initializers', 'class_name': 'Zeros', 'config': {}, 'registered_name': None}, 'moving_variance_initializer': {'module': 'keras.initializers', 'class_name': 'Ones', 'config': {}, 'registered_name': None}, 'beta_regularizer': None, 'gamma_regularizer': None, 'beta_constraint': None, 'gamma_constraint': None, 'synchronized': False}, 'registered_name': None, 'build_config': {'input_shape': [None, 8, 8, 192]}, 'name': 'block6a_project_bn', 'inbound_nodes': [{'args': [{'class_name': '__keras_tensor__', 'config': {'shape': [None, 8, 8, 192], 'dtype': 'float32', 'keras_history': ['block6a_project_conv', 0, 0]}}], 'kwargs': {'mask': None}}]}, {'module': 'keras.layers', 'class_name': 'Conv2D', 'config': {'name': 'block6b_expand_conv', 'trainable': False, 'dtype': {'module': 'keras', 'class_name': 'DTypePolicy', 'config': {'name': 'float32'}, 'registered_name': None}, 'filters': 1152, 'kernel_size': [1, 1], 'strides': [1, 1], 'padding': 'same', 'data_format': 'channels_last', 'dilation_rate': [1, 1], 'groups': 1, 'activation': 'linear', 'use_bias': False, 'kernel_initializer': {'module': 'keras.initializers', 'class_name': 'VarianceScaling', 'config': {'seed': None, 'scale': 2.0, 'mode': 'fan_out', 'distribution': 'truncated_normal'}, 'registered_name': None}, 'bias_initializer': {'module': 'keras.initializers', 'class_name': 'Zeros', 'config': {}, 'registered_name': None}, 'kernel_regularizer': None, 'bias_regularizer': None, 'activity_regularizer': None, 'kernel_constraint': None, 'bias_constraint': None}, 'registered_name': None, 'build_config': {'input_shape': [None, 8, 8, 192]}, 'name': 'block6b_expand_conv', 'inbound_nodes': [{'args': [{'class_name': '__keras_tensor__', 'config': {'shape': [None, 8, 8, 192], 'dtype': 'float32', 'keras_history': ['block6a_project_bn', 0, 0]}}], 'kwargs': {}}]}, {'module': 'keras.layers', 'class_name': 'BatchNormalization', 'config': {'name': 'block6b_expand_bn', 'trainable': False, 'dtype': {'module': 'keras', 'class_name': 'DTypePolicy', 'config': {'name': 'float32'}, 'registered_name': None}, 'axis': 3, 'momentum': 0.99, 'epsilon': 0.001, 'center': True, 'scale': True, 'beta_initializer': {'module': 'keras.initializers', 'class_name': 'Zeros', 'config': {}, 'registered_name': None}, 'gamma_initializer': {'module': 'keras.initializers', 'class_name': 'Ones', 'config': {}, 'registered_name': None}, 'moving_mean_initializer': {'module': 'keras.initializers', 'class_name': 'Zeros', 'config': {}, 'registered_name': None}, 'moving_variance_initializer': {'module': 'keras.initializers', 'class_name': 'Ones', 'config': {}, 'registered_name': None}, 'beta_regularizer': None, 'gamma_regularizer': None, 'beta_constraint': None, 'gamma_constraint': None, 'synchronized': False}, 'registered_name': None, 'build_config': {'input_shape': [None, 8, 8, 1152]}, 'name': 'block6b_expand_bn', 'inbound_nodes': [{'args': [{'class_name': '__keras_tensor__', 'config': {'shape': [None, 8, 8, 1152], 'dtype': 'float32', 'keras_history': ['block6b_expand_conv', 0, 0]}}], 'kwargs': {'mask': None}}]}, {'module': 'keras.layers', 'class_name': 'Activation', 'config': {'name': 'block6b_expand_activation', 'trainable': False, 'dtype': {'module': 'keras', 'class_name': 'DTypePolicy', 'config': {'name': 'float32'}, 'registered_name': None}, 'activation': 'silu'}, 'registered_name': None, 'name': 'block6b_expand_activation', 'inbound_nodes': [{'args': [{'class_name': '__keras_tensor__', 'config': {'shape': [None, 8, 8, 1152], 'dtype': 'float32', 'keras_history': ['block6b_expand_bn', 0, 0]}}], 'kwargs': {}}]}, {'module': 'keras.layers', 'class_name': 'DepthwiseConv2D', 'config': {'name': 'block6b_dwconv', 'trainable': False, 'dtype': {'module': 'keras', 'class_name': 'DTypePolicy', 'config': {'name': 'float32'}, 'registered_name': None}, 'depth_multiplier': 1, 'kernel_size': [5, 5], 'strides': [1, 1], 'padding': 'same', 'data_format': 'channels_last', 'dilation_rate': [1, 1], 'activation': 'linear', 'use_bias': False, 'depthwise_initializer': {'module': 'keras.initializers', 'class_name': 'VarianceScaling', 'config': {'seed': None, 'scale': 2.0, 'mode': 'fan_out', 'distribution': 'truncated_normal'}, 'registered_name': None}, 'bias_initializer': {'module': 'keras.initializers', 'class_name': 'Zeros', 'config': {}, 'registered_name': None}, 'depthwise_regularizer': None, 'bias_regularizer': None, 'activity_regularizer': None, 'depthwise_constraint': None, 'bias_constraint': None}, 'registered_name': None, 'build_config': {'input_shape': [None, 8, 8, 1152]}, 'name': 'block6b_dwconv', 'inbound_nodes': [{'args': [{'class_name': '__keras_tensor__', 'config': {'shape': [None, 8, 8, 1152], 'dtype': 'float32', 'keras_history': ['block6b_expand_activation', 0, 0]}}], 'kwargs': {}}]}, {'module': 'keras.layers', 'class_name': 'BatchNormalization', 'config': {'name': 'block6b_bn', 'trainable': False, 'dtype': {'module': 'keras', 'class_name': 'DTypePolicy', 'config': {'name': 'float32'}, 'registered_name': None}, 'axis': 3, 'momentum': 0.99, 'epsilon': 0.001, 'center': True, 'scale': True, 'beta_initializer': {'module': 'keras.initializers', 'class_name': 'Zeros', 'config': {}, 'registered_name': None}, 'gamma_initializer': {'module': 'keras.initializers', 'class_name': 'Ones', 'config': {}, 'registered_name': None}, 'moving_mean_initializer': {'module': 'keras.initializers', 'class_name': 'Zeros', 'config': {}, 'registered_name': None}, 'moving_variance_initializer': {'module': 'keras.initializers', 'class_name': 'Ones', 'config': {}, 'registered_name': None}, 'beta_regularizer': None, 'gamma_regularizer': None, 'beta_constraint': None, 'gamma_constraint': None, 'synchronized': False}, 'registered_name': None, 'build_config': {'input_shape': [None, 8, 8, 1152]}, 'name': 'block6b_bn', 'inbound_nodes': [{'args': [{'class_name': '__keras_tensor__', 'config': {'shape': [None, 8, 8, 1152], 'dtype': 'float32', 'keras_history': ['block6b_dwconv', 0, 0]}}], 'kwargs': {'mask': None}}]}, {'module': 'keras.layers', 'class_name': 'Activation', 'config': {'name': 'block6b_activation', 'trainable': False, 'dtype': {'module': 'keras', 'class_name': 'DTypePolicy', 'config': {'name': 'float32'}, 'registered_name': None}, 'activation': 'silu'}, 'registered_name': None, 'name': 'block6b_activation', 'inbound_nodes': [{'args': [{'class_name': '__keras_tensor__', 'config': {'shape': [None, 8, 8, 1152], 'dtype': 'float32', 'keras_history': ['block6b_bn', 0, 0]}}], 'kwargs': {}}]}, {'module': 'keras.layers', 'class_name': 'GlobalAveragePooling2D', 'config': {'name': 'block6b_se_squeeze', 'trainable': False, 'dtype': {'module': 'keras', 'class_name': 'DTypePolicy', 'config': {'name': 'float32'}, 'registered_name': None}, 'data_format': 'channels_last', 'keepdims': False}, 'registered_name': None, 'name': 'block6b_se_squeeze', 'inbound_nodes': [{'args': [{'class_name': '__keras_tensor__', 'config': {'shape': [None, 8, 8, 1152], 'dtype': 'float32', 'keras_history': ['block6b_activation', 0, 0]}}], 'kwargs': {}}]}, {'module': 'keras.layers', 'class_name': 'Reshape', 'config': {'name': 'block6b_se_reshape', 'trainable': False, 'dtype': {'module': 'keras', 'class_name': 'DTypePolicy', 'config': {'name': 'float32'}, 'registered_name': None}, 'target_shape': [1, 1, 1152]}, 'registered_name': None, 'name': 'block6b_se_reshape', 'inbound_nodes': [{'args': [{'class_name': '__keras_tensor__', 'config': {'shape': [None, 1152], 'dtype': 'float32', 'keras_history': ['block6b_se_squeeze', 0, 0]}}], 'kwargs': {}}]}, {'module': 'keras.layers', 'class_name': 'Conv2D', 'config': {'name': 'block6b_se_reduce', 'trainable': False, 'dtype': {'module': 'keras', 'class_name': 'DTypePolicy', 'config': {'name': 'float32'}, 'registered_name': None}, 'filters': 48, 'kernel_size': [1, 1], 'strides': [1, 1], 'padding': 'same', 'data_format': 'channels_last', 'dilation_rate': [1, 1], 'groups': 1, 'activation': 'silu', 'use_bias': True, 'kernel_initializer': {'module': 'keras.initializers', 'class_name': 'VarianceScaling', 'config': {'seed': None, 'scale': 2.0, 'mode': 'fan_out', 'distribution': 'truncated_normal'}, 'registered_name': None}, 'bias_initializer': {'module': 'keras.initializers', 'class_name': 'Zeros', 'config': {}, 'registered_name': None}, 'kernel_regularizer': None, 'bias_regularizer': None, 'activity_regularizer': None, 'kernel_constraint': None, 'bias_constraint': None}, 'registered_name': None, 'build_config': {'input_shape': [None, 1, 1, 1152]}, 'name': 'block6b_se_reduce', 'inbound_nodes': [{'args': [{'class_name': '__keras_tensor__', 'config': {'shape': [None, 1, 1, 1152], 'dtype': 'float32', 'keras_history': ['block6b_se_reshape', 0, 0]}}], 'kwargs': {}}]}, {'module': 'keras.layers', 'class_name': 'Conv2D', 'config': {'name': 'block6b_se_expand', 'trainable': False, 'dtype': {'module': 'keras', 'class_name': 'DTypePolicy', 'config': {'name': 'float32'}, 'registered_name': None}, 'filters': 1152, 'kernel_size': [1, 1], 'strides': [1, 1], 'padding': 'same', 'data_format': 'channels_last', 'dilation_rate': [1, 1], 'groups': 1, 'activation': 'sigmoid', 'use_bias': True, 'kernel_initializer': {'module': 'keras.initializers', 'class_name': 'VarianceScaling', 'config': {'seed': None, 'scale': 2.0, 'mode': 'fan_out', 'distribution': 'truncated_normal'}, 'registered_name': None}, 'bias_initializer': {'module': 'keras.initializers', 'class_name': 'Zeros', 'config': {}, 'registered_name': None}, 'kernel_regularizer': None, 'bias_regularizer': None, 'activity_regularizer': None, 'kernel_constraint': None, 'bias_constraint': None}, 'registered_name': None, 'build_config': {'input_shape': [None, 1, 1, 48]}, 'name': 'block6b_se_expand', 'inbound_nodes': [{'args': [{'class_name': '__keras_tensor__', 'config': {'shape': [None, 1, 1, 48], 'dtype': 'float32', 'keras_history': ['block6b_se_reduce', 0, 0]}}], 'kwargs': {}}]}, {'module': 'keras.layers', 'class_name': 'Multiply', 'config': {'name': 'block6b_se_excite', 'trainable': False, 'dtype': {'module': 'keras', 'class_name': 'DTypePolicy', 'config': {'name': 'float32'}, 'registered_name': None}}, 'registered_name': None, 'build_config': {'input_shape': [[None, 8, 8, 1152], [None, 1, 1, 1152]]}, 'name': 'block6b_se_excite', 'inbound_nodes': [{'args': [[{'class_name': '__keras_tensor__', 'config': {'shape': [None, 8, 8, 1152], 'dtype': 'float32', 'keras_history': ['block6b_activation', 0, 0]}}, {'class_name': '__keras_tensor__', 'config': {'shape': [None, 1, 1, 1152], 'dtype': 'float32', 'keras_history': ['block6b_se_expand', 0, 0]}}]], 'kwargs': {}}]}, {'module': 'keras.layers', 'class_name': 'Conv2D', 'config': {'name': 'block6b_project_conv', 'trainable': False, 'dtype': {'module': 'keras', 'class_name': 'DTypePolicy', 'config': {'name': 'float32'}, 'registered_name': None}, 'filters': 192, 'kernel_size': [1, 1], 'strides': [1, 1], 'padding': 'same', 'data_format': 'channels_last', 'dilation_rate': [1, 1], 'groups': 1, 'activation': 'linear', 'use_bias': False, 'kernel_initializer': {'module': 'keras.initializers', 'class_name': 'VarianceScaling', 'config': {'seed': None, 'scale': 2.0, 'mode': 'fan_out', 'distribution': 'truncated_normal'}, 'registered_name': None}, 'bias_initializer': {'module': 'keras.initializers', 'class_name': 'Zeros', 'config': {}, 'registered_name': None}, 'kernel_regularizer': None, 'bias_regularizer': None, 'activity_regularizer': None, 'kernel_constraint': None, 'bias_constraint': None}, 'registered_name': None, 'build_config': {'input_shape': [None, 8, 8, 1152]}, 'name': 'block6b_project_conv', 'inbound_nodes': [{'args': [{'class_name': '__keras_tensor__', 'config': {'shape': [None, 8, 8, 1152], 'dtype': 'float32', 'keras_history': ['block6b_se_excite', 0, 0]}}], 'kwargs': {}}]}, {'module': 'keras.layers', 'class_name': 'BatchNormalization', 'config': {'name': 'block6b_project_bn', 'trainable': False, 'dtype': {'module': 'keras', 'class_name': 'DTypePolicy', 'config': {'name': 'float32'}, 'registered_name': None}, 'axis': 3, 'momentum': 0.99, 'epsilon': 0.001, 'center': True, 'scale': True, 'beta_initializer': {'module': 'keras.initializers', 'class_name': 'Zeros', 'config': {}, 'registered_name': None}, 'gamma_initializer': {'module': 'keras.initializers', 'class_name': 'Ones', 'config': {}, 'registered_name': None}, 'moving_mean_initializer': {'module': 'keras.initializers', 'class_name': 'Zeros', 'config': {}, 'registered_name': None}, 'moving_variance_initializer': {'module': 'keras.initializers', 'class_name': 'Ones', 'config': {}, 'registered_name': None}, 'beta_regularizer': None, 'gamma_regularizer': None, 'beta_constraint': None, 'gamma_constraint': None, 'synchronized': False}, 'registered_name': None, 'build_config': {'input_shape': [None, 8, 8, 192]}, 'name': 'block6b_project_bn', 'inbound_nodes': [{'args': [{'class_name': '__keras_tensor__', 'config': {'shape': [None, 8, 8, 192], 'dtype': 'float32', 'keras_history': ['block6b_project_conv', 0, 0]}}], 'kwargs': {'mask': None}}]}, {'module': 'keras.layers', 'class_name': 'Dropout', 'config': {'name': 'block6b_drop', 'trainable': False, 'dtype': {'module': 'keras', 'class_name': 'DTypePolicy', 'config': {'name': 'float32'}, 'registered_name': None}, 'rate': 0.14782608695652175, 'seed': None, 'noise_shape': [None, 1, 1, 1]}, 'registered_name': None, 'name': 'block6b_drop', 'inbound_nodes': [{'args': [{'class_name': '__keras_tensor__', 'config': {'shape': [None, 8, 8, 192], 'dtype': 'float32', 'keras_history': ['block6b_project_bn', 0, 0]}}], 'kwargs': {'training': False}}]}, {'module': 'keras.layers', 'class_name': 'Add', 'config': {'name': 'block6b_add', 'trainable': False, 'dtype': {'module': 'keras', 'class_name': 'DTypePolicy', 'config': {'name': 'float32'}, 'registered_name': None}}, 'registered_name': None, 'build_config': {'input_shape': [[None, 8, 8, 192], [None, 8, 8, 192]]}, 'name': 'block6b_add', 'inbound_nodes': [{'args': [[{'class_name': '__keras_tensor__', 'config': {'shape': [None, 8, 8, 192], 'dtype': 'float32', 'keras_history': ['block6b_drop', 0, 0]}}, {'class_name': '__keras_tensor__', 'config': {'shape': [None, 8, 8, 192], 'dtype': 'float32', 'keras_history': ['block6a_project_bn', 0, 0]}}]], 'kwargs': {}}]}, {'module': 'keras.layers', 'class_name': 'Conv2D', 'config': {'name': 'block6c_expand_conv', 'trainable': False, 'dtype': {'module': 'keras', 'class_name': 'DTypePolicy', 'config': {'name': 'float32'}, 'registered_name': None}, 'filters': 1152, 'kernel_size': [1, 1], 'strides': [1, 1], 'padding': 'same', 'data_format': 'channels_last', 'dilation_rate': [1, 1], 'groups': 1, 'activation': 'linear', 'use_bias': False, 'kernel_initializer': {'module': 'keras.initializers', 'class_name': 'VarianceScaling', 'config': {'seed': None, 'scale': 2.0, 'mode': 'fan_out', 'distribution': 'truncated_normal'}, 'registered_name': None}, 'bias_initializer': {'module': 'keras.initializers', 'class_name': 'Zeros', 'config': {}, 'registered_name': None}, 'kernel_regularizer': None, 'bias_regularizer': None, 'activity_regularizer': None, 'kernel_constraint': None, 'bias_constraint': None}, 'registered_name': None, 'build_config': {'input_shape': [None, 8, 8, 192]}, 'name': 'block6c_expand_conv', 'inbound_nodes': [{'args': [{'class_name': '__keras_tensor__', 'config': {'shape': [None, 8, 8, 192], 'dtype': 'float32', 'keras_history': ['block6b_add', 0, 0]}}], 'kwargs': {}}]}, {'module': 'keras.layers', 'class_name': 'BatchNormalization', 'config': {'name': 'block6c_expand_bn', 'trainable': False, 'dtype': {'module': 'keras', 'class_name': 'DTypePolicy', 'config': {'name': 'float32'}, 'registered_name': None}, 'axis': 3, 'momentum': 0.99, 'epsilon': 0.001, 'center': True, 'scale': True, 'beta_initializer': {'module': 'keras.initializers', 'class_name': 'Zeros', 'config': {}, 'registered_name': None}, 'gamma_initializer': {'module': 'keras.initializers', 'class_name': 'Ones', 'config': {}, 'registered_name': None}, 'moving_mean_initializer': {'module': 'keras.initializers', 'class_name': 'Zeros', 'config': {}, 'registered_name': None}, 'moving_variance_initializer': {'module': 'keras.initializers', 'class_name': 'Ones', 'config': {}, 'registered_name': None}, 'beta_regularizer': None, 'gamma_regularizer': None, 'beta_constraint': None, 'gamma_constraint': None, 'synchronized': False}, 'registered_name': None, 'build_config': {'input_shape': [None, 8, 8, 1152]}, 'name': 'block6c_expand_bn', 'inbound_nodes': [{'args': [{'class_name': '__keras_tensor__', 'config': {'shape': [None, 8, 8, 1152], 'dtype': 'float32', 'keras_history': ['block6c_expand_conv', 0, 0]}}], 'kwargs': {'mask': None}}]}, {'module': 'keras.layers', 'class_name': 'Activation', 'config': {'name': 'block6c_expand_activation', 'trainable': False, 'dtype': {'module': 'keras', 'class_name': 'DTypePolicy', 'config': {'name': 'float32'}, 'registered_name': None}, 'activation': 'silu'}, 'registered_name': None, 'name': 'block6c_expand_activation', 'inbound_nodes': [{'args': [{'class_name': '__keras_tensor__', 'config': {'shape': [None, 8, 8, 1152], 'dtype': 'float32', 'keras_history': ['block6c_expand_bn', 0, 0]}}], 'kwargs': {}}]}, {'module': 'keras.layers', 'class_name': 'DepthwiseConv2D', 'config': {'name': 'block6c_dwconv', 'trainable': False, 'dtype': {'module': 'keras', 'class_name': 'DTypePolicy', 'config': {'name': 'float32'}, 'registered_name': None}, 'depth_multiplier': 1, 'kernel_size': [5, 5], 'strides': [1, 1], 'padding': 'same', 'data_format': 'channels_last', 'dilation_rate': [1, 1], 'activation': 'linear', 'use_bias': False, 'depthwise_initializer': {'module': 'keras.initializers', 'class_name': 'VarianceScaling', 'config': {'seed': None, 'scale': 2.0, 'mode': 'fan_out', 'distribution': 'truncated_normal'}, 'registered_name': None}, 'bias_initializer': {'module': 'keras.initializers', 'class_name': 'Zeros', 'config': {}, 'registered_name': None}, 'depthwise_regularizer': None, 'bias_regularizer': None, 'activity_regularizer': None, 'depthwise_constraint': None, 'bias_constraint': None}, 'registered_name': None, 'build_config': {'input_shape': [None, 8, 8, 1152]}, 'name': 'block6c_dwconv', 'inbound_nodes': [{'args': [{'class_name': '__keras_tensor__', 'config': {'shape': [None, 8, 8, 1152], 'dtype': 'float32', 'keras_history': ['block6c_expand_activation', 0, 0]}}], 'kwargs': {}}]}, {'module': 'keras.layers', 'class_name': 'BatchNormalization', 'config': {'name': 'block6c_bn', 'trainable': False, 'dtype': {'module': 'keras', 'class_name': 'DTypePolicy', 'config': {'name': 'float32'}, 'registered_name': None}, 'axis': 3, 'momentum': 0.99, 'epsilon': 0.001, 'center': True, 'scale': True, 'beta_initializer': {'module': 'keras.initializers', 'class_name': 'Zeros', 'config': {}, 'registered_name': None}, 'gamma_initializer': {'module': 'keras.initializers', 'class_name': 'Ones', 'config': {}, 'registered_name': None}, 'moving_mean_initializer': {'module': 'keras.initializers', 'class_name': 'Zeros', 'config': {}, 'registered_name': None}, 'moving_variance_initializer': {'module': 'keras.initializers', 'class_name': 'Ones', 'config': {}, 'registered_name': None}, 'beta_regularizer': None, 'gamma_regularizer': None, 'beta_constraint': None, 'gamma_constraint': None, 'synchronized': False}, 'registered_name': None, 'build_config': {'input_shape': [None, 8, 8, 1152]}, 'name': 'block6c_bn', 'inbound_nodes': [{'args': [{'class_name': '__keras_tensor__', 'config': {'shape': [None, 8, 8, 1152], 'dtype': 'float32', 'keras_history': ['block6c_dwconv', 0, 0]}}], 'kwargs': {'mask': None}}]}, {'module': 'keras.layers', 'class_name': 'Activation', 'config': {'name': 'block6c_activation', 'trainable': False, 'dtype': {'module': 'keras', 'class_name': 'DTypePolicy', 'config': {'name': 'float32'}, 'registered_name': None}, 'activation': 'silu'}, 'registered_name': None, 'name': 'block6c_activation', 'inbound_nodes': [{'args': [{'class_name': '__keras_tensor__', 'config': {'shape': [None, 8, 8, 1152], 'dtype': 'float32', 'keras_history': ['block6c_bn', 0, 0]}}], 'kwargs': {}}]}, {'module': 'keras.layers', 'class_name': 'GlobalAveragePooling2D', 'config': {'name': 'block6c_se_squeeze', 'trainable': False, 'dtype': {'module': 'keras', 'class_name': 'DTypePolicy', 'config': {'name': 'float32'}, 'registered_name': None}, 'data_format': 'channels_last', 'keepdims': False}, 'registered_name': None, 'name': 'block6c_se_squeeze', 'inbound_nodes': [{'args': [{'class_name': '__keras_tensor__', 'config': {'shape': [None, 8, 8, 1152], 'dtype': 'float32', 'keras_history': ['block6c_activation', 0, 0]}}], 'kwargs': {}}]}, {'module': 'keras.layers', 'class_name': 'Reshape', 'config': {'name': 'block6c_se_reshape', 'trainable': False, 'dtype': {'module': 'keras', 'class_name': 'DTypePolicy', 'config': {'name': 'float32'}, 'registered_name': None}, 'target_shape': [1, 1, 1152]}, 'registered_name': None, 'name': 'block6c_se_reshape', 'inbound_nodes': [{'args': [{'class_name': '__keras_tensor__', 'config': {'shape': [None, 1152], 'dtype': 'float32', 'keras_history': ['block6c_se_squeeze', 0, 0]}}], 'kwargs': {}}]}, {'module': 'keras.layers', 'class_name': 'Conv2D', 'config': {'name': 'block6c_se_reduce', 'trainable': False, 'dtype': {'module': 'keras', 'class_name': 'DTypePolicy', 'config': {'name': 'float32'}, 'registered_name': None}, 'filters': 48, 'kernel_size': [1, 1], 'strides': [1, 1], 'padding': 'same', 'data_format': 'channels_last', 'dilation_rate': [1, 1], 'groups': 1, 'activation': 'silu', 'use_bias': True, 'kernel_initializer': {'module': 'keras.initializers', 'class_name': 'VarianceScaling', 'config': {'seed': None, 'scale': 2.0, 'mode': 'fan_out', 'distribution': 'truncated_normal'}, 'registered_name': None}, 'bias_initializer': {'module': 'keras.initializers', 'class_name': 'Zeros', 'config': {}, 'registered_name': None}, 'kernel_regularizer': None, 'bias_regularizer': None, 'activity_regularizer': None, 'kernel_constraint': None, 'bias_constraint': None}, 'registered_name': None, 'build_config': {'input_shape': [None, 1, 1, 1152]}, 'name': 'block6c_se_reduce', 'inbound_nodes': [{'args': [{'class_name': '__keras_tensor__', 'config': {'shape': [None, 1, 1, 1152], 'dtype': 'float32', 'keras_history': ['block6c_se_reshape', 0, 0]}}], 'kwargs': {}}]}, {'module': 'keras.layers', 'class_name': 'Conv2D', 'config': {'name': 'block6c_se_expand', 'trainable': False, 'dtype': {'module': 'keras', 'class_name': 'DTypePolicy', 'config': {'name': 'float32'}, 'registered_name': None}, 'filters': 1152, 'kernel_size': [1, 1], 'strides': [1, 1], 'padding': 'same', 'data_format': 'channels_last', 'dilation_rate': [1, 1], 'groups': 1, 'activation': 'sigmoid', 'use_bias': True, 'kernel_initializer': {'module': 'keras.initializers', 'class_name': 'VarianceScaling', 'config': {'seed': None, 'scale': 2.0, 'mode': 'fan_out', 'distribution': 'truncated_normal'}, 'registered_name': None}, 'bias_initializer': {'module': 'keras.initializers', 'class_name': 'Zeros', 'config': {}, 'registered_name': None}, 'kernel_regularizer': None, 'bias_regularizer': None, 'activity_regularizer': None, 'kernel_constraint': None, 'bias_constraint': None}, 'registered_name': None, 'build_config': {'input_shape': [None, 1, 1, 48]}, 'name': 'block6c_se_expand', 'inbound_nodes': [{'args': [{'class_name': '__keras_tensor__', 'config': {'shape': [None, 1, 1, 48], 'dtype': 'float32', 'keras_history': ['block6c_se_reduce', 0, 0]}}], 'kwargs': {}}]}, {'module': 'keras.layers', 'class_name': 'Multiply', 'config': {'name': 'block6c_se_excite', 'trainable': False, 'dtype': {'module': 'keras', 'class_name': 'DTypePolicy', 'config': {'name': 'float32'}, 'registered_name': None}}, 'registered_name': None, 'build_config': {'input_shape': [[None, 8, 8, 1152], [None, 1, 1, 1152]]}, 'name': 'block6c_se_excite', 'inbound_nodes': [{'args': [[{'class_name': '__keras_tensor__', 'config': {'shape': [None, 8, 8, 1152], 'dtype': 'float32', 'keras_history': ['block6c_activation', 0, 0]}}, {'class_name': '__keras_tensor__', 'config': {'shape': [None, 1, 1, 1152], 'dtype': 'float32', 'keras_history': ['block6c_se_expand', 0, 0]}}]], 'kwargs': {}}]}, {'module': 'keras.layers', 'class_name': 'Conv2D', 'config': {'name': 'block6c_project_conv', 'trainable': False, 'dtype': {'module': 'keras', 'class_name': 'DTypePolicy', 'config': {'name': 'float32'}, 'registered_name': None}, 'filters': 192, 'kernel_size': [1, 1], 'strides': [1, 1], 'padding': 'same', 'data_format': 'channels_last', 'dilation_rate': [1, 1], 'groups': 1, 'activation': 'linear', 'use_bias': False, 'kernel_initializer': {'module': 'keras.initializers', 'class_name': 'VarianceScaling', 'config': {'seed': None, 'scale': 2.0, 'mode': 'fan_out', 'distribution': 'truncated_normal'}, 'registered_name': None}, 'bias_initializer': {'module': 'keras.initializers', 'class_name': 'Zeros', 'config': {}, 'registered_name': None}, 'kernel_regularizer': None, 'bias_regularizer': None, 'activity_regularizer': None, 'kernel_constraint': None, 'bias_constraint': None}, 'registered_name': None, 'build_config': {'input_shape': [None, 8, 8, 1152]}, 'name': 'block6c_project_conv', 'inbound_nodes': [{'args': [{'class_name': '__keras_tensor__', 'config': {'shape': [None, 8, 8, 1152], 'dtype': 'float32', 'keras_history': ['block6c_se_excite', 0, 0]}}], 'kwargs': {}}]}, {'module': 'keras.layers', 'class_name': 'BatchNormalization', 'config': {'name': 'block6c_project_bn', 'trainable': False, 'dtype': {'module': 'keras', 'class_name': 'DTypePolicy', 'config': {'name': 'float32'}, 'registered_name': None}, 'axis': 3, 'momentum': 0.99, 'epsilon': 0.001, 'center': True, 'scale': True, 'beta_initializer': {'module': 'keras.initializers', 'class_name': 'Zeros', 'config': {}, 'registered_name': None}, 'gamma_initializer': {'module': 'keras.initializers', 'class_name': 'Ones', 'config': {}, 'registered_name': None}, 'moving_mean_initializer': {'module': 'keras.initializers', 'class_name': 'Zeros', 'config': {}, 'registered_name': None}, 'moving_variance_initializer': {'module': 'keras.initializers', 'class_name': 'Ones', 'config': {}, 'registered_name': None}, 'beta_regularizer': None, 'gamma_regularizer': None, 'beta_constraint': None, 'gamma_constraint': None, 'synchronized': False}, 'registered_name': None, 'build_config': {'input_shape': [None, 8, 8, 192]}, 'name': 'block6c_project_bn', 'inbound_nodes': [{'args': [{'class_name': '__keras_tensor__', 'config': {'shape': [None, 8, 8, 192], 'dtype': 'float32', 'keras_history': ['block6c_project_conv', 0, 0]}}], 'kwargs': {'mask': None}}]}, {'module': 'keras.layers', 'class_name': 'Dropout', 'config': {'name': 'block6c_drop', 'trainable': False, 'dtype': {'module': 'keras', 'class_name': 'DTypePolicy', 'config': {'name': 'float32'}, 'registered_name': None}, 'rate': 0.1565217391304348, 'seed': None, 'noise_shape': [None, 1, 1, 1]}, 'registered_name': None, 'name': 'block6c_drop', 'inbound_nodes': [{'args': [{'class_name': '__keras_tensor__', 'config': {'shape': [None, 8, 8, 192], 'dtype': 'float32', 'keras_history': ['block6c_project_bn', 0, 0]}}], 'kwargs': {'training': False}}]}, {'module': 'keras.layers', 'class_name': 'Add', 'config': {'name': 'block6c_add', 'trainable': False, 'dtype': {'module': 'keras', 'class_name': 'DTypePolicy', 'config': {'name': 'float32'}, 'registered_name': None}}, 'registered_name': None, 'build_config': {'input_shape': [[None, 8, 8, 192], [None, 8, 8, 192]]}, 'name': 'block6c_add', 'inbound_nodes': [{'args': [[{'class_name': '__keras_tensor__', 'config': {'shape': [None, 8, 8, 192], 'dtype': 'float32', 'keras_history': ['block6c_drop', 0, 0]}}, {'class_name': '__keras_tensor__', 'config': {'shape': [None, 8, 8, 192], 'dtype': 'float32', 'keras_history': ['block6b_add', 0, 0]}}]], 'kwargs': {}}]}, {'module': 'keras.layers', 'class_name': 'Conv2D', 'config': {'name': 'block6d_expand_conv', 'trainable': False, 'dtype': {'module': 'keras', 'class_name': 'DTypePolicy', 'config': {'name': 'float32'}, 'registered_name': None}, 'filters': 1152, 'kernel_size': [1, 1], 'strides': [1, 1], 'padding': 'same', 'data_format': 'channels_last', 'dilation_rate': [1, 1], 'groups': 1, 'activation': 'linear', 'use_bias': False, 'kernel_initializer': {'module': 'keras.initializers', 'class_name': 'VarianceScaling', 'config': {'seed': None, 'scale': 2.0, 'mode': 'fan_out', 'distribution': 'truncated_normal'}, 'registered_name': None}, 'bias_initializer': {'module': 'keras.initializers', 'class_name': 'Zeros', 'config': {}, 'registered_name': None}, 'kernel_regularizer': None, 'bias_regularizer': None, 'activity_regularizer': None, 'kernel_constraint': None, 'bias_constraint': None}, 'registered_name': None, 'build_config': {'input_shape': [None, 8, 8, 192]}, 'name': 'block6d_expand_conv', 'inbound_nodes': [{'args': [{'class_name': '__keras_tensor__', 'config': {'shape': [None, 8, 8, 192], 'dtype': 'float32', 'keras_history': ['block6c_add', 0, 0]}}], 'kwargs': {}}]}, {'module': 'keras.layers', 'class_name': 'BatchNormalization', 'config': {'name': 'block6d_expand_bn', 'trainable': True, 'dtype': {'module': 'keras', 'class_name': 'DTypePolicy', 'config': {'name': 'float32'}, 'registered_name': None}, 'axis': 3, 'momentum': 0.99, 'epsilon': 0.001, 'center': True, 'scale': True, 'beta_initializer': {'module': 'keras.initializers', 'class_name': 'Zeros', 'config': {}, 'registered_name': None}, 'gamma_initializer': {'module': 'keras.initializers', 'class_name': 'Ones', 'config': {}, 'registered_name': None}, 'moving_mean_initializer': {'module': 'keras.initializers', 'class_name': 'Zeros', 'config': {}, 'registered_name': None}, 'moving_variance_initializer': {'module': 'keras.initializers', 'class_name': 'Ones', 'config': {}, 'registered_name': None}, 'beta_regularizer': None, 'gamma_regularizer': None, 'beta_constraint': None, 'gamma_constraint': None, 'synchronized': False}, 'registered_name': None, 'build_config': {'input_shape': [None, 8, 8, 1152]}, 'name': 'block6d_expand_bn', 'inbound_nodes': [{'args': [{'class_name': '__keras_tensor__', 'config': {'shape': [None, 8, 8, 1152], 'dtype': 'float32', 'keras_history': ['block6d_expand_conv', 0, 0]}}], 'kwargs': {'mask': None}}]}, {'module': 'keras.layers', 'class_name': 'Activation', 'config': {'name': 'block6d_expand_activation', 'trainable': True, 'dtype': {'module': 'keras', 'class_name': 'DTypePolicy', 'config': {'name': 'float32'}, 'registered_name': None}, 'activation': 'silu'}, 'registered_name': None, 'name': 'block6d_expand_activation', 'inbound_nodes': [{'args': [{'class_name': '__keras_tensor__', 'config': {'shape': [None, 8, 8, 1152], 'dtype': 'float32', 'keras_history': ['block6d_expand_bn', 0, 0]}}], 'kwargs': {}}]}, {'module': 'keras.layers', 'class_name': 'DepthwiseConv2D', 'config': {'name': 'block6d_dwconv', 'trainable': True, 'dtype': {'module': 'keras', 'class_name': 'DTypePolicy', 'config': {'name': 'float32'}, 'registered_name': None}, 'depth_multiplier': 1, 'kernel_size': [5, 5], 'strides': [1, 1], 'padding': 'same', 'data_format': 'channels_last', 'dilation_rate': [1, 1], 'activation': 'linear', 'use_bias': False, 'depthwise_initializer': {'module': 'keras.initializers', 'class_name': 'VarianceScaling', 'config': {'seed': None, 'scale': 2.0, 'mode': 'fan_out', 'distribution': 'truncated_normal'}, 'registered_name': None}, 'bias_initializer': {'module': 'keras.initializers', 'class_name': 'Zeros', 'config': {}, 'registered_name': None}, 'depthwise_regularizer': None, 'bias_regularizer': None, 'activity_regularizer': None, 'depthwise_constraint': None, 'bias_constraint': None}, 'registered_name': None, 'build_config': {'input_shape': [None, 8, 8, 1152]}, 'name': 'block6d_dwconv', 'inbound_nodes': [{'args': [{'class_name': '__keras_tensor__', 'config': {'shape': [None, 8, 8, 1152], 'dtype': 'float32', 'keras_history': ['block6d_expand_activation', 0, 0]}}], 'kwargs': {}}]}, {'module': 'keras.layers', 'class_name': 'BatchNormalization', 'config': {'name': 'block6d_bn', 'trainable': True, 'dtype': {'module': 'keras', 'class_name': 'DTypePolicy', 'config': {'name': 'float32'}, 'registered_name': None}, 'axis': 3, 'momentum': 0.99, 'epsilon': 0.001, 'center': True, 'scale': True, 'beta_initializer': {'module': 'keras.initializers', 'class_name': 'Zeros', 'config': {}, 'registered_name': None}, 'gamma_initializer': {'module': 'keras.initializers', 'class_name': 'Ones', 'config': {}, 'registered_name': None}, 'moving_mean_initializer': {'module': 'keras.initializers', 'class_name': 'Zeros', 'config': {}, 'registered_name': None}, 'moving_variance_initializer': {'module': 'keras.initializers', 'class_name': 'Ones', 'config': {}, 'registered_name': None}, 'beta_regularizer': None, 'gamma_regularizer': None, 'beta_constraint': None, 'gamma_constraint': None, 'synchronized': False}, 'registered_name': None, 'build_config': {'input_shape': [None, 8, 8, 1152]}, 'name': 'block6d_bn', 'inbound_nodes': [{'args': [{'class_name': '__keras_tensor__', 'config': {'shape': [None, 8, 8, 1152], 'dtype': 'float32', 'keras_history': ['block6d_dwconv', 0, 0]}}], 'kwargs': {'mask': None}}]}, {'module': 'keras.layers', 'class_name': 'Activation', 'config': {'name': 'block6d_activation', 'trainable': True, 'dtype': {'module': 'keras', 'class_name': 'DTypePolicy', 'config': {'name': 'float32'}, 'registered_name': None}, 'activation': 'silu'}, 'registered_name': None, 'name': 'block6d_activation', 'inbound_nodes': [{'args': [{'class_name': '__keras_tensor__', 'config': {'shape': [None, 8, 8, 1152], 'dtype': 'float32', 'keras_history': ['block6d_bn', 0, 0]}}], 'kwargs': {}}]}, {'module': 'keras.layers', 'class_name': 'GlobalAveragePooling2D', 'config': {'name': 'block6d_se_squeeze', 'trainable': True, 'dtype': {'module': 'keras', 'class_name': 'DTypePolicy', 'config': {'name': 'float32'}, 'registered_name': None}, 'data_format': 'channels_last', 'keepdims': False}, 'registered_name': None, 'name': 'block6d_se_squeeze', 'inbound_nodes': [{'args': [{'class_name': '__keras_tensor__', 'config': {'shape': [None, 8, 8, 1152], 'dtype': 'float32', 'keras_history': ['block6d_activation', 0, 0]}}], 'kwargs': {}}]}, {'module': 'keras.layers', 'class_name': 'Reshape', 'config': {'name': 'block6d_se_reshape', 'trainable': True, 'dtype': {'module': 'keras', 'class_name': 'DTypePolicy', 'config': {'name': 'float32'}, 'registered_name': None}, 'target_shape': [1, 1, 1152]}, 'registered_name': None, 'name': 'block6d_se_reshape', 'inbound_nodes': [{'args': [{'class_name': '__keras_tensor__', 'config': {'shape': [None, 1152], 'dtype': 'float32', 'keras_history': ['block6d_se_squeeze', 0, 0]}}], 'kwargs': {}}]}, {'module': 'keras.layers', 'class_name': 'Conv2D', 'config': {'name': 'block6d_se_reduce', 'trainable': True, 'dtype': {'module': 'keras', 'class_name': 'DTypePolicy', 'config': {'name': 'float32'}, 'registered_name': None}, 'filters': 48, 'kernel_size': [1, 1], 'strides': [1, 1], 'padding': 'same', 'data_format': 'channels_last', 'dilation_rate': [1, 1], 'groups': 1, 'activation': 'silu', 'use_bias': True, 'kernel_initializer': {'module': 'keras.initializers', 'class_name': 'VarianceScaling', 'config': {'seed': None, 'scale': 2.0, 'mode': 'fan_out', 'distribution': 'truncated_normal'}, 'registered_name': None}, 'bias_initializer': {'module': 'keras.initializers', 'class_name': 'Zeros', 'config': {}, 'registered_name': None}, 'kernel_regularizer': None, 'bias_regularizer': None, 'activity_regularizer': None, 'kernel_constraint': None, 'bias_constraint': None}, 'registered_name': None, 'build_config': {'input_shape': [None, 1, 1, 1152]}, 'name': 'block6d_se_reduce', 'inbound_nodes': [{'args': [{'class_name': '__keras_tensor__', 'config': {'shape': [None, 1, 1, 1152], 'dtype': 'float32', 'keras_history': ['block6d_se_reshape', 0, 0]}}], 'kwargs': {}}]}, {'module': 'keras.layers', 'class_name': 'Conv2D', 'config': {'name': 'block6d_se_expand', 'trainable': True, 'dtype': {'module': 'keras', 'class_name': 'DTypePolicy', 'config': {'name': 'float32'}, 'registered_name': None}, 'filters': 1152, 'kernel_size': [1, 1], 'strides': [1, 1], 'padding': 'same', 'data_format': 'channels_last', 'dilation_rate': [1, 1], 'groups': 1, 'activation': 'sigmoid', 'use_bias': True, 'kernel_initializer': {'module': 'keras.initializers', 'class_name': 'VarianceScaling', 'config': {'seed': None, 'scale': 2.0, 'mode': 'fan_out', 'distribution': 'truncated_normal'}, 'registered_name': None}, 'bias_initializer': {'module': 'keras.initializers', 'class_name': 'Zeros', 'config': {}, 'registered_name': None}, 'kernel_regularizer': None, 'bias_regularizer': None, 'activity_regularizer': None, 'kernel_constraint': None, 'bias_constraint': None}, 'registered_name': None, 'build_config': {'input_shape': [None, 1, 1, 48]}, 'name': 'block6d_se_expand', 'inbound_nodes': [{'args': [{'class_name': '__keras_tensor__', 'config': {'shape': [None, 1, 1, 48], 'dtype': 'float32', 'keras_history': ['block6d_se_reduce', 0, 0]}}], 'kwargs': {}}]}, {'module': 'keras.layers', 'class_name': 'Multiply', 'config': {'name': 'block6d_se_excite', 'trainable': True, 'dtype': {'module': 'keras', 'class_name': 'DTypePolicy', 'config': {'name': 'float32'}, 'registered_name': None}}, 'registered_name': None, 'build_config': {'input_shape': [[None, 8, 8, 1152], [None, 1, 1, 1152]]}, 'name': 'block6d_se_excite', 'inbound_nodes': [{'args': [[{'class_name': '__keras_tensor__', 'config': {'shape': [None, 8, 8, 1152], 'dtype': 'float32', 'keras_history': ['block6d_activation', 0, 0]}}, {'class_name': '__keras_tensor__', 'config': {'shape': [None, 1, 1, 1152], 'dtype': 'float32', 'keras_history': ['block6d_se_expand', 0, 0]}}]], 'kwargs': {}}]}, {'module': 'keras.layers', 'class_name': 'Conv2D', 'config': {'name': 'block6d_project_conv', 'trainable': True, 'dtype': {'module': 'keras', 'class_name': 'DTypePolicy', 'config': {'name': 'float32'}, 'registered_name': None}, 'filters': 192, 'kernel_size': [1, 1], 'strides': [1, 1], 'padding': 'same', 'data_format': 'channels_last', 'dilation_rate': [1, 1], 'groups': 1, 'activation': 'linear', 'use_bias': False, 'kernel_initializer': {'module': 'keras.initializers', 'class_name': 'VarianceScaling', 'config': {'seed': None, 'scale': 2.0, 'mode': 'fan_out', 'distribution': 'truncated_normal'}, 'registered_name': None}, 'bias_initializer': {'module': 'keras.initializers', 'class_name': 'Zeros', 'config': {}, 'registered_name': None}, 'kernel_regularizer': None, 'bias_regularizer': None, 'activity_regularizer': None, 'kernel_constraint': None, 'bias_constraint': None}, 'registered_name': None, 'build_config': {'input_shape': [None, 8, 8, 1152]}, 'name': 'block6d_project_conv', 'inbound_nodes': [{'args': [{'class_name': '__keras_tensor__', 'config': {'shape': [None, 8, 8, 1152], 'dtype': 'float32', 'keras_history': ['block6d_se_excite', 0, 0]}}], 'kwargs': {}}]}, {'module': 'keras.layers', 'class_name': 'BatchNormalization', 'config': {'name': 'block6d_project_bn', 'trainable': True, 'dtype': {'module': 'keras', 'class_name': 'DTypePolicy', 'config': {'name': 'float32'}, 'registered_name': None}, 'axis': 3, 'momentum': 0.99, 'epsilon': 0.001, 'center': True, 'scale': True, 'beta_initializer': {'module': 'keras.initializers', 'class_name': 'Zeros', 'config': {}, 'registered_name': None}, 'gamma_initializer': {'module': 'keras.initializers', 'class_name': 'Ones', 'config': {}, 'registered_name': None}, 'moving_mean_initializer': {'module': 'keras.initializers', 'class_name': 'Zeros', 'config': {}, 'registered_name': None}, 'moving_variance_initializer': {'module': 'keras.initializers', 'class_name': 'Ones', 'config': {}, 'registered_name': None}, 'beta_regularizer': None, 'gamma_regularizer': None, 'beta_constraint': None, 'gamma_constraint': None, 'synchronized': False}, 'registered_name': None, 'build_config': {'input_shape': [None, 8, 8, 192]}, 'name': 'block6d_project_bn', 'inbound_nodes': [{'args': [{'class_name': '__keras_tensor__', 'config': {'shape': [None, 8, 8, 192], 'dtype': 'float32', 'keras_history': ['block6d_project_conv', 0, 0]}}], 'kwargs': {'mask': None}}]}, {'module': 'keras.layers', 'class_name': 'Dropout', 'config': {'name': 'block6d_drop', 'trainable': True, 'dtype': {'module': 'keras', 'class_name': 'DTypePolicy', 'config': {'name': 'float32'}, 'registered_name': None}, 'rate': 0.16521739130434784, 'seed': None, 'noise_shape': [None, 1, 1, 1]}, 'registered_name': None, 'name': 'block6d_drop', 'inbound_nodes': [{'args': [{'class_name': '__keras_tensor__', 'config': {'shape': [None, 8, 8, 192], 'dtype': 'float32', 'keras_history': ['block6d_project_bn', 0, 0]}}], 'kwargs': {'training': False}}]}, {'module': 'keras.layers', 'class_name': 'Add', 'config': {'name': 'block6d_add', 'trainable': True, 'dtype': {'module': 'keras', 'class_name': 'DTypePolicy', 'config': {'name': 'float32'}, 'registered_name': None}}, 'registered_name': None, 'build_config': {'input_shape': [[None, 8, 8, 192], [None, 8, 8, 192]]}, 'name': 'block6d_add', 'inbound_nodes': [{'args': [[{'class_name': '__keras_tensor__', 'config': {'shape': [None, 8, 8, 192], 'dtype': 'float32', 'keras_history': ['block6d_drop', 0, 0]}}, {'class_name': '__keras_tensor__', 'config': {'shape': [None, 8, 8, 192], 'dtype': 'float32', 'keras_history': ['block6c_add', 0, 0]}}]], 'kwargs': {}}]}, {'module': 'keras.layers', 'class_name': 'Conv2D', 'config': {'name': 'block6e_expand_conv', 'trainable': True, 'dtype': {'module': 'keras', 'class_name': 'DTypePolicy', 'config': {'name': 'float32'}, 'registered_name': None}, 'filters': 1152, 'kernel_size': [1, 1], 'strides': [1, 1], 'padding': 'same', 'data_format': 'channels_last', 'dilation_rate': [1, 1], 'groups': 1, 'activation': 'linear', 'use_bias': False, 'kernel_initializer': {'module': 'keras.initializers', 'class_name': 'VarianceScaling', 'config': {'seed': None, 'scale': 2.0, 'mode': 'fan_out', 'distribution': 'truncated_normal'}, 'registered_name': None}, 'bias_initializer': {'module': 'keras.initializers', 'class_name': 'Zeros', 'config': {}, 'registered_name': None}, 'kernel_regularizer': None, 'bias_regularizer': None, 'activity_regularizer': None, 'kernel_constraint': None, 'bias_constraint': None}, 'registered_name': None, 'build_config': {'input_shape': [None, 8, 8, 192]}, 'name': 'block6e_expand_conv', 'inbound_nodes': [{'args': [{'class_name': '__keras_tensor__', 'config': {'shape': [None, 8, 8, 192], 'dtype': 'float32', 'keras_history': ['block6d_add', 0, 0]}}], 'kwargs': {}}]}, {'module': 'keras.layers', 'class_name': 'BatchNormalization', 'config': {'name': 'block6e_expand_bn', 'trainable': True, 'dtype': {'module': 'keras', 'class_name': 'DTypePolicy', 'config': {'name': 'float32'}, 'registered_name': None}, 'axis': 3, 'momentum': 0.99, 'epsilon': 0.001, 'center': True, 'scale': True, 'beta_initializer': {'module': 'keras.initializers', 'class_name': 'Zeros', 'config': {}, 'registered_name': None}, 'gamma_initializer': {'module': 'keras.initializers', 'class_name': 'Ones', 'config': {}, 'registered_name': None}, 'moving_mean_initializer': {'module': 'keras.initializers', 'class_name': 'Zeros', 'config': {}, 'registered_name': None}, 'moving_variance_initializer': {'module': 'keras.initializers', 'class_name': 'Ones', 'config': {}, 'registered_name': None}, 'beta_regularizer': None, 'gamma_regularizer': None, 'beta_constraint': None, 'gamma_constraint': None, 'synchronized': False}, 'registered_name': None, 'build_config': {'input_shape': [None, 8, 8, 1152]}, 'name': 'block6e_expand_bn', 'inbound_nodes': [{'args': [{'class_name': '__keras_tensor__', 'config': {'shape': [None, 8, 8, 1152], 'dtype': 'float32', 'keras_history': ['block6e_expand_conv', 0, 0]}}], 'kwargs': {'mask': None}}]}, {'module': 'keras.layers', 'class_name': 'Activation', 'config': {'name': 'block6e_expand_activation', 'trainable': True, 'dtype': {'module': 'keras', 'class_name': 'DTypePolicy', 'config': {'name': 'float32'}, 'registered_name': None}, 'activation': 'silu'}, 'registered_name': None, 'name': 'block6e_expand_activation', 'inbound_nodes': [{'args': [{'class_name': '__keras_tensor__', 'config': {'shape': [None, 8, 8, 1152], 'dtype': 'float32', 'keras_history': ['block6e_expand_bn', 0, 0]}}], 'kwargs': {}}]}, {'module': 'keras.layers', 'class_name': 'DepthwiseConv2D', 'config': {'name': 'block6e_dwconv', 'trainable': True, 'dtype': {'module': 'keras', 'class_name': 'DTypePolicy', 'config': {'name': 'float32'}, 'registered_name': None}, 'depth_multiplier': 1, 'kernel_size': [5, 5], 'strides': [1, 1], 'padding': 'same', 'data_format': 'channels_last', 'dilation_rate': [1, 1], 'activation': 'linear', 'use_bias': False, 'depthwise_initializer': {'module': 'keras.initializers', 'class_name': 'VarianceScaling', 'config': {'seed': None, 'scale': 2.0, 'mode': 'fan_out', 'distribution': 'truncated_normal'}, 'registered_name': None}, 'bias_initializer': {'module': 'keras.initializers', 'class_name': 'Zeros', 'config': {}, 'registered_name': None}, 'depthwise_regularizer': None, 'bias_regularizer': None, 'activity_regularizer': None, 'depthwise_constraint': None, 'bias_constraint': None}, 'registered_name': None, 'build_config': {'input_shape': [None, 8, 8, 1152]}, 'name': 'block6e_dwconv', 'inbound_nodes': [{'args': [{'class_name': '__keras_tensor__', 'config': {'shape': [None, 8, 8, 1152], 'dtype': 'float32', 'keras_history': ['block6e_expand_activation', 0, 0]}}], 'kwargs': {}}]}, {'module': 'keras.layers', 'class_name': 'BatchNormalization', 'config': {'name': 'block6e_bn', 'trainable': True, 'dtype': {'module': 'keras', 'class_name': 'DTypePolicy', 'config': {'name': 'float32'}, 'registered_name': None}, 'axis': 3, 'momentum': 0.99, 'epsilon': 0.001, 'center': True, 'scale': True, 'beta_initializer': {'module': 'keras.initializers', 'class_name': 'Zeros', 'config': {}, 'registered_name': None}, 'gamma_initializer': {'module': 'keras.initializers', 'class_name': 'Ones', 'config': {}, 'registered_name': None}, 'moving_mean_initializer': {'module': 'keras.initializers', 'class_name': 'Zeros', 'config': {}, 'registered_name': None}, 'moving_variance_initializer': {'module': 'keras.initializers', 'class_name': 'Ones', 'config': {}, 'registered_name': None}, 'beta_regularizer': None, 'gamma_regularizer': None, 'beta_constraint': None, 'gamma_constraint': None, 'synchronized': False}, 'registered_name': None, 'build_config': {'input_shape': [None, 8, 8, 1152]}, 'name': 'block6e_bn', 'inbound_nodes': [{'args': [{'class_name': '__keras_tensor__', 'config': {'shape': [None, 8, 8, 1152], 'dtype': 'float32', 'keras_history': ['block6e_dwconv', 0, 0]}}], 'kwargs': {'mask': None}}]}, {'module': 'keras.layers', 'class_name': 'Activation', 'config': {'name': 'block6e_activation', 'trainable': True, 'dtype': {'module': 'keras', 'class_name': 'DTypePolicy', 'config': {'name': 'float32'}, 'registered_name': None}, 'activation': 'silu'}, 'registered_name': None, 'name': 'block6e_activation', 'inbound_nodes': [{'args': [{'class_name': '__keras_tensor__', 'config': {'shape': [None, 8, 8, 1152], 'dtype': 'float32', 'keras_history': ['block6e_bn', 0, 0]}}], 'kwargs': {}}]}, {'module': 'keras.layers', 'class_name': 'GlobalAveragePooling2D', 'config': {'name': 'block6e_se_squeeze', 'trainable': True, 'dtype': {'module': 'keras', 'class_name': 'DTypePolicy', 'config': {'name': 'float32'}, 'registered_name': None}, 'data_format': 'channels_last', 'keepdims': False}, 'registered_name': None, 'name': 'block6e_se_squeeze', 'inbound_nodes': [{'args': [{'class_name': '__keras_tensor__', 'config': {'shape': [None, 8, 8, 1152], 'dtype': 'float32', 'keras_history': ['block6e_activation', 0, 0]}}], 'kwargs': {}}]}, {'module': 'keras.layers', 'class_name': 'Reshape', 'config': {'name': 'block6e_se_reshape', 'trainable': True, 'dtype': {'module': 'keras', 'class_name': 'DTypePolicy', 'config': {'name': 'float32'}, 'registered_name': None}, 'target_shape': [1, 1, 1152]}, 'registered_name': None, 'name': 'block6e_se_reshape', 'inbound_nodes': [{'args': [{'class_name': '__keras_tensor__', 'config': {'shape': [None, 1152], 'dtype': 'float32', 'keras_history': ['block6e_se_squeeze', 0, 0]}}], 'kwargs': {}}]}, {'module': 'keras.layers', 'class_name': 'Conv2D', 'config': {'name': 'block6e_se_reduce', 'trainable': True, 'dtype': {'module': 'keras', 'class_name': 'DTypePolicy', 'config': {'name': 'float32'}, 'registered_name': None}, 'filters': 48, 'kernel_size': [1, 1], 'strides': [1, 1], 'padding': 'same', 'data_format': 'channels_last', 'dilation_rate': [1, 1], 'groups': 1, 'activation': 'silu', 'use_bias': True, 'kernel_initializer': {'module': 'keras.initializers', 'class_name': 'VarianceScaling', 'config': {'seed': None, 'scale': 2.0, 'mode': 'fan_out', 'distribution': 'truncated_normal'}, 'registered_name': None}, 'bias_initializer': {'module': 'keras.initializers', 'class_name': 'Zeros', 'config': {}, 'registered_name': None}, 'kernel_regularizer': None, 'bias_regularizer': None, 'activity_regularizer': None, 'kernel_constraint': None, 'bias_constraint': None}, 'registered_name': None, 'build_config': {'input_shape': [None, 1, 1, 1152]}, 'name': 'block6e_se_reduce', 'inbound_nodes': [{'args': [{'class_name': '__keras_tensor__', 'config': {'shape': [None, 1, 1, 1152], 'dtype': 'float32', 'keras_history': ['block6e_se_reshape', 0, 0]}}], 'kwargs': {}}]}, {'module': 'keras.layers', 'class_name': 'Conv2D', 'config': {'name': 'block6e_se_expand', 'trainable': True, 'dtype': {'module': 'keras', 'class_name': 'DTypePolicy', 'config': {'name': 'float32'}, 'registered_name': None}, 'filters': 1152, 'kernel_size': [1, 1], 'strides': [1, 1], 'padding': 'same', 'data_format': 'channels_last', 'dilation_rate': [1, 1], 'groups': 1, 'activation': 'sigmoid', 'use_bias': True, 'kernel_initializer': {'module': 'keras.initializers', 'class_name': 'VarianceScaling', 'config': {'seed': None, 'scale': 2.0, 'mode': 'fan_out', 'distribution': 'truncated_normal'}, 'registered_name': None}, 'bias_initializer': {'module': 'keras.initializers', 'class_name': 'Zeros', 'config': {}, 'registered_name': None}, 'kernel_regularizer': None, 'bias_regularizer': None, 'activity_regularizer': None, 'kernel_constraint': None, 'bias_constraint': None}, 'registered_name': None, 'build_config': {'input_shape': [None, 1, 1, 48]}, 'name': 'block6e_se_expand', 'inbound_nodes': [{'args': [{'class_name': '__keras_tensor__', 'config': {'shape': [None, 1, 1, 48], 'dtype': 'float32', 'keras_history': ['block6e_se_reduce', 0, 0]}}], 'kwargs': {}}]}, {'module': 'keras.layers', 'class_name': 'Multiply', 'config': {'name': 'block6e_se_excite', 'trainable': True, 'dtype': {'module': 'keras', 'class_name': 'DTypePolicy', 'config': {'name': 'float32'}, 'registered_name': None}}, 'registered_name': None, 'build_config': {'input_shape': [[None, 8, 8, 1152], [None, 1, 1, 1152]]}, 'name': 'block6e_se_excite', 'inbound_nodes': [{'args': [[{'class_name': '__keras_tensor__', 'config': {'shape': [None, 8, 8, 1152], 'dtype': 'float32', 'keras_history': ['block6e_activation', 0, 0]}}, {'class_name': '__keras_tensor__', 'config': {'shape': [None, 1, 1, 1152], 'dtype': 'float32', 'keras_history': ['block6e_se_expand', 0, 0]}}]], 'kwargs': {}}]}, {'module': 'keras.layers', 'class_name': 'Conv2D', 'config': {'name': 'block6e_project_conv', 'trainable': True, 'dtype': {'module': 'keras', 'class_name': 'DTypePolicy', 'config': {'name': 'float32'}, 'registered_name': None}, 'filters': 192, 'kernel_size': [1, 1], 'strides': [1, 1], 'padding': 'same', 'data_format': 'channels_last', 'dilation_rate': [1, 1], 'groups': 1, 'activation': 'linear', 'use_bias': False, 'kernel_initializer': {'module': 'keras.initializers', 'class_name': 'VarianceScaling', 'config': {'seed': None, 'scale': 2.0, 'mode': 'fan_out', 'distribution': 'truncated_normal'}, 'registered_name': None}, 'bias_initializer': {'module': 'keras.initializers', 'class_name': 'Zeros', 'config': {}, 'registered_name': None}, 'kernel_regularizer': None, 'bias_regularizer': None, 'activity_regularizer': None, 'kernel_constraint': None, 'bias_constraint': None}, 'registered_name': None, 'build_config': {'input_shape': [None, 8, 8, 1152]}, 'name': 'block6e_project_conv', 'inbound_nodes': [{'args': [{'class_name': '__keras_tensor__', 'config': {'shape': [None, 8, 8, 1152], 'dtype': 'float32', 'keras_history': ['block6e_se_excite', 0, 0]}}], 'kwargs': {}}]}, {'module': 'keras.layers', 'class_name': 'BatchNormalization', 'config': {'name': 'block6e_project_bn', 'trainable': True, 'dtype': {'module': 'keras', 'class_name': 'DTypePolicy', 'config': {'name': 'float32'}, 'registered_name': None}, 'axis': 3, 'momentum': 0.99, 'epsilon': 0.001, 'center': True, 'scale': True, 'beta_initializer': {'module': 'keras.initializers', 'class_name': 'Zeros', 'config': {}, 'registered_name': None}, 'gamma_initializer': {'module': 'keras.initializers', 'class_name': 'Ones', 'config': {}, 'registered_name': None}, 'moving_mean_initializer': {'module': 'keras.initializers', 'class_name': 'Zeros', 'config': {}, 'registered_name': None}, 'moving_variance_initializer': {'module': 'keras.initializers', 'class_name': 'Ones', 'config': {}, 'registered_name': None}, 'beta_regularizer': None, 'gamma_regularizer': None, 'beta_constraint': None, 'gamma_constraint': None, 'synchronized': False}, 'registered_name': None, 'build_config': {'input_shape': [None, 8, 8, 192]}, 'name': 'block6e_project_bn', 'inbound_nodes': [{'args': [{'class_name': '__keras_tensor__', 'config': {'shape': [None, 8, 8, 192], 'dtype': 'float32', 'keras_history': ['block6e_project_conv', 0, 0]}}], 'kwargs': {'mask': None}}]}, {'module': 'keras.layers', 'class_name': 'Dropout', 'config': {'name': 'block6e_drop', 'trainable': True, 'dtype': {'module': 'keras', 'class_name': 'DTypePolicy', 'config': {'name': 'float32'}, 'registered_name': None}, 'rate': 0.17391304347826086, 'seed': None, 'noise_shape': [None, 1, 1, 1]}, 'registered_name': None, 'name': 'block6e_drop', 'inbound_nodes': [{'args': [{'class_name': '__keras_tensor__', 'config': {'shape': [None, 8, 8, 192], 'dtype': 'float32', 'keras_history': ['block6e_project_bn', 0, 0]}}], 'kwargs': {'training': False}}]}, {'module': 'keras.layers', 'class_name': 'Add', 'config': {'name': 'block6e_add', 'trainable': True, 'dtype': {'module': 'keras', 'class_name': 'DTypePolicy', 'config': {'name': 'float32'}, 'registered_name': None}}, 'registered_name': None, 'build_config': {'input_shape': [[None, 8, 8, 192], [None, 8, 8, 192]]}, 'name': 'block6e_add', 'inbound_nodes': [{'args': [[{'class_name': '__keras_tensor__', 'config': {'shape': [None, 8, 8, 192], 'dtype': 'float32', 'keras_history': ['block6e_drop', 0, 0]}}, {'class_name': '__keras_tensor__', 'config': {'shape': [None, 8, 8, 192], 'dtype': 'float32', 'keras_history': ['block6d_add', 0, 0]}}]], 'kwargs': {}}]}, {'module': 'keras.layers', 'class_name': 'Conv2D', 'config': {'name': 'block7a_expand_conv', 'trainable': True, 'dtype': {'module': 'keras', 'class_name': 'DTypePolicy', 'config': {'name': 'float32'}, 'registered_name': None}, 'filters': 1152, 'kernel_size': [1, 1], 'strides': [1, 1], 'padding': 'same', 'data_format': 'channels_last', 'dilation_rate': [1, 1], 'groups': 1, 'activation': 'linear', 'use_bias': False, 'kernel_initializer': {'module': 'keras.initializers', 'class_name': 'VarianceScaling', 'config': {'seed': None, 'scale': 2.0, 'mode': 'fan_out', 'distribution': 'truncated_normal'}, 'registered_name': None}, 'bias_initializer': {'module': 'keras.initializers', 'class_name': 'Zeros', 'config': {}, 'registered_name': None}, 'kernel_regularizer': None, 'bias_regularizer': None, 'activity_regularizer': None, 'kernel_constraint': None, 'bias_constraint': None}, 'registered_name': None, 'build_config': {'input_shape': [None, 8, 8, 192]}, 'name': 'block7a_expand_conv', 'inbound_nodes': [{'args': [{'class_name': '__keras_tensor__', 'config': {'shape': [None, 8, 8, 192], 'dtype': 'float32', 'keras_history': ['block6e_add', 0, 0]}}], 'kwargs': {}}]}, {'module': 'keras.layers', 'class_name': 'BatchNormalization', 'config': {'name': 'block7a_expand_bn', 'trainable': True, 'dtype': {'module': 'keras', 'class_name': 'DTypePolicy', 'config': {'name': 'float32'}, 'registered_name': None}, 'axis': 3, 'momentum': 0.99, 'epsilon': 0.001, 'center': True, 'scale': True, 'beta_initializer': {'module': 'keras.initializers', 'class_name': 'Zeros', 'config': {}, 'registered_name': None}, 'gamma_initializer': {'module': 'keras.initializers', 'class_name': 'Ones', 'config': {}, 'registered_name': None}, 'moving_mean_initializer': {'module': 'keras.initializers', 'class_name': 'Zeros', 'config': {}, 'registered_name': None}, 'moving_variance_initializer': {'module': 'keras.initializers', 'class_name': 'Ones', 'config': {}, 'registered_name': None}, 'beta_regularizer': None, 'gamma_regularizer': None, 'beta_constraint': None, 'gamma_constraint': None, 'synchronized': False}, 'registered_name': None, 'build_config': {'input_shape': [None, 8, 8, 1152]}, 'name': 'block7a_expand_bn', 'inbound_nodes': [{'args': [{'class_name': '__keras_tensor__', 'config': {'shape': [None, 8, 8, 1152], 'dtype': 'float32', 'keras_history': ['block7a_expand_conv', 0, 0]}}], 'kwargs': {'mask': None}}]}, {'module': 'keras.layers', 'class_name': 'Activation', 'config': {'name': 'block7a_expand_activation', 'trainable': True, 'dtype': {'module': 'keras', 'class_name': 'DTypePolicy', 'config': {'name': 'float32'}, 'registered_name': None}, 'activation': 'silu'}, 'registered_name': None, 'name': 'block7a_expand_activation', 'inbound_nodes': [{'args': [{'class_name': '__keras_tensor__', 'config': {'shape': [None, 8, 8, 1152], 'dtype': 'float32', 'keras_history': ['block7a_expand_bn', 0, 0]}}], 'kwargs': {}}]}, {'module': 'keras.layers', 'class_name': 'DepthwiseConv2D', 'config': {'name': 'block7a_dwconv', 'trainable': True, 'dtype': {'module': 'keras', 'class_name': 'DTypePolicy', 'config': {'name': 'float32'}, 'registered_name': None}, 'depth_multiplier': 1, 'kernel_size': [3, 3], 'strides': [1, 1], 'padding': 'same', 'data_format': 'channels_last', 'dilation_rate': [1, 1], 'activation': 'linear', 'use_bias': False, 'depthwise_initializer': {'module': 'keras.initializers', 'class_name': 'VarianceScaling', 'config': {'seed': None, 'scale': 2.0, 'mode': 'fan_out', 'distribution': 'truncated_normal'}, 'registered_name': None}, 'bias_initializer': {'module': 'keras.initializers', 'class_name': 'Zeros', 'config': {}, 'registered_name': None}, 'depthwise_regularizer': None, 'bias_regularizer': None, 'activity_regularizer': None, 'depthwise_constraint': None, 'bias_constraint': None}, 'registered_name': None, 'build_config': {'input_shape': [None, 8, 8, 1152]}, 'name': 'block7a_dwconv', 'inbound_nodes': [{'args': [{'class_name': '__keras_tensor__', 'config': {'shape': [None, 8, 8, 1152], 'dtype': 'float32', 'keras_history': ['block7a_expand_activation', 0, 0]}}], 'kwargs': {}}]}, {'module': 'keras.layers', 'class_name': 'BatchNormalization', 'config': {'name': 'block7a_bn', 'trainable': True, 'dtype': {'module': 'keras', 'class_name': 'DTypePolicy', 'config': {'name': 'float32'}, 'registered_name': None}, 'axis': 3, 'momentum': 0.99, 'epsilon': 0.001, 'center': True, 'scale': True, 'beta_initializer': {'module': 'keras.initializers', 'class_name': 'Zeros', 'config': {}, 'registered_name': None}, 'gamma_initializer': {'module': 'keras.initializers', 'class_name': 'Ones', 'config': {}, 'registered_name': None}, 'moving_mean_initializer': {'module': 'keras.initializers', 'class_name': 'Zeros', 'config': {}, 'registered_name': None}, 'moving_variance_initializer': {'module': 'keras.initializers', 'class_name': 'Ones', 'config': {}, 'registered_name': None}, 'beta_regularizer': None, 'gamma_regularizer': None, 'beta_constraint': None, 'gamma_constraint': None, 'synchronized': False}, 'registered_name': None, 'build_config': {'input_shape': [None, 8, 8, 1152]}, 'name': 'block7a_bn', 'inbound_nodes': [{'args': [{'class_name': '__keras_tensor__', 'config': {'shape': [None, 8, 8, 1152], 'dtype': 'float32', 'keras_history': ['block7a_dwconv', 0, 0]}}], 'kwargs': {'mask': None}}]}, {'module': 'keras.layers', 'class_name': 'Activation', 'config': {'name': 'block7a_activation', 'trainable': True, 'dtype': {'module': 'keras', 'class_name': 'DTypePolicy', 'config': {'name': 'float32'}, 'registered_name': None}, 'activation': 'silu'}, 'registered_name': None, 'name': 'block7a_activation', 'inbound_nodes': [{'args': [{'class_name': '__keras_tensor__', 'config': {'shape': [None, 8, 8, 1152], 'dtype': 'float32', 'keras_history': ['block7a_bn', 0, 0]}}], 'kwargs': {}}]}, {'module': 'keras.layers', 'class_name': 'GlobalAveragePooling2D', 'config': {'name': 'block7a_se_squeeze', 'trainable': True, 'dtype': {'module': 'keras', 'class_name': 'DTypePolicy', 'config': {'name': 'float32'}, 'registered_name': None}, 'data_format': 'channels_last', 'keepdims': False}, 'registered_name': None, 'name': 'block7a_se_squeeze', 'inbound_nodes': [{'args': [{'class_name': '__keras_tensor__', 'config': {'shape': [None, 8, 8, 1152], 'dtype': 'float32', 'keras_history': ['block7a_activation', 0, 0]}}], 'kwargs': {}}]}, {'module': 'keras.layers', 'class_name': 'Reshape', 'config': {'name': 'block7a_se_reshape', 'trainable': True, 'dtype': {'module': 'keras', 'class_name': 'DTypePolicy', 'config': {'name': 'float32'}, 'registered_name': None}, 'target_shape': [1, 1, 1152]}, 'registered_name': None, 'name': 'block7a_se_reshape', 'inbound_nodes': [{'args': [{'class_name': '__keras_tensor__', 'config': {'shape': [None, 1152], 'dtype': 'float32', 'keras_history': ['block7a_se_squeeze', 0, 0]}}], 'kwargs': {}}]}, {'module': 'keras.layers', 'class_name': 'Conv2D', 'config': {'name': 'block7a_se_reduce', 'trainable': True, 'dtype': {'module': 'keras', 'class_name': 'DTypePolicy', 'config': {'name': 'float32'}, 'registered_name': None}, 'filters': 48, 'kernel_size': [1, 1], 'strides': [1, 1], 'padding': 'same', 'data_format': 'channels_last', 'dilation_rate': [1, 1], 'groups': 1, 'activation': 'silu', 'use_bias': True, 'kernel_initializer': {'module': 'keras.initializers', 'class_name': 'VarianceScaling', 'config': {'seed': None, 'scale': 2.0, 'mode': 'fan_out', 'distribution': 'truncated_normal'}, 'registered_name': None}, 'bias_initializer': {'module': 'keras.initializers', 'class_name': 'Zeros', 'config': {}, 'registered_name': None}, 'kernel_regularizer': None, 'bias_regularizer': None, 'activity_regularizer': None, 'kernel_constraint': None, 'bias_constraint': None}, 'registered_name': None, 'build_config': {'input_shape': [None, 1, 1, 1152]}, 'name': 'block7a_se_reduce', 'inbound_nodes': [{'args': [{'class_name': '__keras_tensor__', 'config': {'shape': [None, 1, 1, 1152], 'dtype': 'float32', 'keras_history': ['block7a_se_reshape', 0, 0]}}], 'kwargs': {}}]}, {'module': 'keras.layers', 'class_name': 'Conv2D', 'config': {'name': 'block7a_se_expand', 'trainable': True, 'dtype': {'module': 'keras', 'class_name': 'DTypePolicy', 'config': {'name': 'float32'}, 'registered_name': None}, 'filters': 1152, 'kernel_size': [1, 1], 'strides': [1, 1], 'padding': 'same', 'data_format': 'channels_last', 'dilation_rate': [1, 1], 'groups': 1, 'activation': 'sigmoid', 'use_bias': True, 'kernel_initializer': {'module': 'keras.initializers', 'class_name': 'VarianceScaling', 'config': {'seed': None, 'scale': 2.0, 'mode': 'fan_out', 'distribution': 'truncated_normal'}, 'registered_name': None}, 'bias_initializer': {'module': 'keras.initializers', 'class_name': 'Zeros', 'config': {}, 'registered_name': None}, 'kernel_regularizer': None, 'bias_regularizer': None, 'activity_regularizer': None, 'kernel_constraint': None, 'bias_constraint': None}, 'registered_name': None, 'build_config': {'input_shape': [None, 1, 1, 48]}, 'name': 'block7a_se_expand', 'inbound_nodes': [{'args': [{'class_name': '__keras_tensor__', 'config': {'shape': [None, 1, 1, 48], 'dtype': 'float32', 'keras_history': ['block7a_se_reduce', 0, 0]}}], 'kwargs': {}}]}, {'module': 'keras.layers', 'class_name': 'Multiply', 'config': {'name': 'block7a_se_excite', 'trainable': True, 'dtype': {'module': 'keras', 'class_name': 'DTypePolicy', 'config': {'name': 'float32'}, 'registered_name': None}}, 'registered_name': None, 'build_config': {'input_shape': [[None, 8, 8, 1152], [None, 1, 1, 1152]]}, 'name': 'block7a_se_excite', 'inbound_nodes': [{'args': [[{'class_name': '__keras_tensor__', 'config': {'shape': [None, 8, 8, 1152], 'dtype': 'float32', 'keras_history': ['block7a_activation', 0, 0]}}, {'class_name': '__keras_tensor__', 'config': {'shape': [None, 1, 1, 1152], 'dtype': 'float32', 'keras_history': ['block7a_se_expand', 0, 0]}}]], 'kwargs': {}}]}, {'module': 'keras.layers', 'class_name': 'Conv2D', 'config': {'name': 'block7a_project_conv', 'trainable': True, 'dtype': {'module': 'keras', 'class_name': 'DTypePolicy', 'config': {'name': 'float32'}, 'registered_name': None}, 'filters': 320, 'kernel_size': [1, 1], 'strides': [1, 1], 'padding': 'same', 'data_format': 'channels_last', 'dilation_rate': [1, 1], 'groups': 1, 'activation': 'linear', 'use_bias': False, 'kernel_initializer': {'module': 'keras.initializers', 'class_name': 'VarianceScaling', 'config': {'seed': None, 'scale': 2.0, 'mode': 'fan_out', 'distribution': 'truncated_normal'}, 'registered_name': None}, 'bias_initializer': {'module': 'keras.initializers', 'class_name': 'Zeros', 'config': {}, 'registered_name': None}, 'kernel_regularizer': None, 'bias_regularizer': None, 'activity_regularizer': None, 'kernel_constraint': None, 'bias_constraint': None}, 'registered_name': None, 'build_config': {'input_shape': [None, 8, 8, 1152]}, 'name': 'block7a_project_conv', 'inbound_nodes': [{'args': [{'class_name': '__keras_tensor__', 'config': {'shape': [None, 8, 8, 1152], 'dtype': 'float32', 'keras_history': ['block7a_se_excite', 0, 0]}}], 'kwargs': {}}]}, {'module': 'keras.layers', 'class_name': 'BatchNormalization', 'config': {'name': 'block7a_project_bn', 'trainable': True, 'dtype': {'module': 'keras', 'class_name': 'DTypePolicy', 'config': {'name': 'float32'}, 'registered_name': None}, 'axis': 3, 'momentum': 0.99, 'epsilon': 0.001, 'center': True, 'scale': True, 'beta_initializer': {'module': 'keras.initializers', 'class_name': 'Zeros', 'config': {}, 'registered_name': None}, 'gamma_initializer': {'module': 'keras.initializers', 'class_name': 'Ones', 'config': {}, 'registered_name': None}, 'moving_mean_initializer': {'module': 'keras.initializers', 'class_name': 'Zeros', 'config': {}, 'registered_name': None}, 'moving_variance_initializer': {'module': 'keras.initializers', 'class_name': 'Ones', 'config': {}, 'registered_name': None}, 'beta_regularizer': None, 'gamma_regularizer': None, 'beta_constraint': None, 'gamma_constraint': None, 'synchronized': False}, 'registered_name': None, 'build_config': {'input_shape': [None, 8, 8, 320]}, 'name': 'block7a_project_bn', 'inbound_nodes': [{'args': [{'class_name': '__keras_tensor__', 'config': {'shape': [None, 8, 8, 320], 'dtype': 'float32', 'keras_history': ['block7a_project_conv', 0, 0]}}], 'kwargs': {'mask': None}}]}, {'module': 'keras.layers', 'class_name': 'Conv2D', 'config': {'name': 'block7b_expand_conv', 'trainable': True, 'dtype': {'module': 'keras', 'class_name': 'DTypePolicy', 'config': {'name': 'float32'}, 'registered_name': None}, 'filters': 1920, 'kernel_size': [1, 1], 'strides': [1, 1], 'padding': 'same', 'data_format': 'channels_last', 'dilation_rate': [1, 1], 'groups': 1, 'activation': 'linear', 'use_bias': False, 'kernel_initializer': {'module': 'keras.initializers', 'class_name': 'VarianceScaling', 'config': {'seed': None, 'scale': 2.0, 'mode': 'fan_out', 'distribution': 'truncated_normal'}, 'registered_name': None}, 'bias_initializer': {'module': 'keras.initializers', 'class_name': 'Zeros', 'config': {}, 'registered_name': None}, 'kernel_regularizer': None, 'bias_regularizer': None, 'activity_regularizer': None, 'kernel_constraint': None, 'bias_constraint': None}, 'registered_name': None, 'build_config': {'input_shape': [None, 8, 8, 320]}, 'name': 'block7b_expand_conv', 'inbound_nodes': [{'args': [{'class_name': '__keras_tensor__', 'config': {'shape': [None, 8, 8, 320], 'dtype': 'float32', 'keras_history': ['block7a_project_bn', 0, 0]}}], 'kwargs': {}}]}, {'module': 'keras.layers', 'class_name': 'BatchNormalization', 'config': {'name': 'block7b_expand_bn', 'trainable': True, 'dtype': {'module': 'keras', 'class_name': 'DTypePolicy', 'config': {'name': 'float32'}, 'registered_name': None}, 'axis': 3, 'momentum': 0.99, 'epsilon': 0.001, 'center': True, 'scale': True, 'beta_initializer': {'module': 'keras.initializers', 'class_name': 'Zeros', 'config': {}, 'registered_name': None}, 'gamma_initializer': {'module': 'keras.initializers', 'class_name': 'Ones', 'config': {}, 'registered_name': None}, 'moving_mean_initializer': {'module': 'keras.initializers', 'class_name': 'Zeros', 'config': {}, 'registered_name': None}, 'moving_variance_initializer': {'module': 'keras.initializers', 'class_name': 'Ones', 'config': {}, 'registered_name': None}, 'beta_regularizer': None, 'gamma_regularizer': None, 'beta_constraint': None, 'gamma_constraint': None, 'synchronized': False}, 'registered_name': None, 'build_config': {'input_shape': [None, 8, 8, 1920]}, 'name': 'block7b_expand_bn', 'inbound_nodes': [{'args': [{'class_name': '__keras_tensor__', 'config': {'shape': [None, 8, 8, 1920], 'dtype': 'float32', 'keras_history': ['block7b_expand_conv', 0, 0]}}], 'kwargs': {'mask': None}}]}, {'module': 'keras.layers', 'class_name': 'Activation', 'config': {'name': 'block7b_expand_activation', 'trainable': True, 'dtype': {'module': 'keras', 'class_name': 'DTypePolicy', 'config': {'name': 'float32'}, 'registered_name': None}, 'activation': 'silu'}, 'registered_name': None, 'name': 'block7b_expand_activation', 'inbound_nodes': [{'args': [{'class_name': '__keras_tensor__', 'config': {'shape': [None, 8, 8, 1920], 'dtype': 'float32', 'keras_history': ['block7b_expand_bn', 0, 0]}}], 'kwargs': {}}]}, {'module': 'keras.layers', 'class_name': 'DepthwiseConv2D', 'config': {'name': 'block7b_dwconv', 'trainable': True, 'dtype': {'module': 'keras', 'class_name': 'DTypePolicy', 'config': {'name': 'float32'}, 'registered_name': None}, 'depth_multiplier': 1, 'kernel_size': [3, 3], 'strides': [1, 1], 'padding': 'same', 'data_format': 'channels_last', 'dilation_rate': [1, 1], 'activation': 'linear', 'use_bias': False, 'depthwise_initializer': {'module': 'keras.initializers', 'class_name': 'VarianceScaling', 'config': {'seed': None, 'scale': 2.0, 'mode': 'fan_out', 'distribution': 'truncated_normal'}, 'registered_name': None}, 'bias_initializer': {'module': 'keras.initializers', 'class_name': 'Zeros', 'config': {}, 'registered_name': None}, 'depthwise_regularizer': None, 'bias_regularizer': None, 'activity_regularizer': None, 'depthwise_constraint': None, 'bias_constraint': None}, 'registered_name': None, 'build_config': {'input_shape': [None, 8, 8, 1920]}, 'name': 'block7b_dwconv', 'inbound_nodes': [{'args': [{'class_name': '__keras_tensor__', 'config': {'shape': [None, 8, 8, 1920], 'dtype': 'float32', 'keras_history': ['block7b_expand_activation', 0, 0]}}], 'kwargs': {}}]}, {'module': 'keras.layers', 'class_name': 'BatchNormalization', 'config': {'name': 'block7b_bn', 'trainable': True, 'dtype': {'module': 'keras', 'class_name': 'DTypePolicy', 'config': {'name': 'float32'}, 'registered_name': None}, 'axis': 3, 'momentum': 0.99, 'epsilon': 0.001, 'center': True, 'scale': True, 'beta_initializer': {'module': 'keras.initializers', 'class_name': 'Zeros', 'config': {}, 'registered_name': None}, 'gamma_initializer': {'module': 'keras.initializers', 'class_name': 'Ones', 'config': {}, 'registered_name': None}, 'moving_mean_initializer': {'module': 'keras.initializers', 'class_name': 'Zeros', 'config': {}, 'registered_name': None}, 'moving_variance_initializer': {'module': 'keras.initializers', 'class_name': 'Ones', 'config': {}, 'registered_name': None}, 'beta_regularizer': None, 'gamma_regularizer': None, 'beta_constraint': None, 'gamma_constraint': None, 'synchronized': False}, 'registered_name': None, 'build_config': {'input_shape': [None, 8, 8, 1920]}, 'name': 'block7b_bn', 'inbound_nodes': [{'args': [{'class_name': '__keras_tensor__', 'config': {'shape': [None, 8, 8, 1920], 'dtype': 'float32', 'keras_history': ['block7b_dwconv', 0, 0]}}], 'kwargs': {'mask': None}}]}, {'module': 'keras.layers', 'class_name': 'Activation', 'config': {'name': 'block7b_activation', 'trainable': True, 'dtype': {'module': 'keras', 'class_name': 'DTypePolicy', 'config': {'name': 'float32'}, 'registered_name': None}, 'activation': 'silu'}, 'registered_name': None, 'name': 'block7b_activation', 'inbound_nodes': [{'args': [{'class_name': '__keras_tensor__', 'config': {'shape': [None, 8, 8, 1920], 'dtype': 'float32', 'keras_history': ['block7b_bn', 0, 0]}}], 'kwargs': {}}]}, {'module': 'keras.layers', 'class_name': 'GlobalAveragePooling2D', 'config': {'name': 'block7b_se_squeeze', 'trainable': True, 'dtype': {'module': 'keras', 'class_name': 'DTypePolicy', 'config': {'name': 'float32'}, 'registered_name': None}, 'data_format': 'channels_last', 'keepdims': False}, 'registered_name': None, 'name': 'block7b_se_squeeze', 'inbound_nodes': [{'args': [{'class_name': '__keras_tensor__', 'config': {'shape': [None, 8, 8, 1920], 'dtype': 'float32', 'keras_history': ['block7b_activation', 0, 0]}}], 'kwargs': {}}]}, {'module': 'keras.layers', 'class_name': 'Reshape', 'config': {'name': 'block7b_se_reshape', 'trainable': True, 'dtype': {'module': 'keras', 'class_name': 'DTypePolicy', 'config': {'name': 'float32'}, 'registered_name': None}, 'target_shape': [1, 1, 1920]}, 'registered_name': None, 'name': 'block7b_se_reshape', 'inbound_nodes': [{'args': [{'class_name': '__keras_tensor__', 'config': {'shape': [None, 1920], 'dtype': 'float32', 'keras_history': ['block7b_se_squeeze', 0, 0]}}], 'kwargs': {}}]}, {'module': 'keras.layers', 'class_name': 'Conv2D', 'config': {'name': 'block7b_se_reduce', 'trainable': True, 'dtype': {'module': 'keras', 'class_name': 'DTypePolicy', 'config': {'name': 'float32'}, 'registered_name': None}, 'filters': 80, 'kernel_size': [1, 1], 'strides': [1, 1], 'padding': 'same', 'data_format': 'channels_last', 'dilation_rate': [1, 1], 'groups': 1, 'activation': 'silu', 'use_bias': True, 'kernel_initializer': {'module': 'keras.initializers', 'class_name': 'VarianceScaling', 'config': {'seed': None, 'scale': 2.0, 'mode': 'fan_out', 'distribution': 'truncated_normal'}, 'registered_name': None}, 'bias_initializer': {'module': 'keras.initializers', 'class_name': 'Zeros', 'config': {}, 'registered_name': None}, 'kernel_regularizer': None, 'bias_regularizer': None, 'activity_regularizer': None, 'kernel_constraint': None, 'bias_constraint': None}, 'registered_name': None, 'build_config': {'input_shape': [None, 1, 1, 1920]}, 'name': 'block7b_se_reduce', 'inbound_nodes': [{'args': [{'class_name': '__keras_tensor__', 'config': {'shape': [None, 1, 1, 1920], 'dtype': 'float32', 'keras_history': ['block7b_se_reshape', 0, 0]}}], 'kwargs': {}}]}, {'module': 'keras.layers', 'class_name': 'Conv2D', 'config': {'name': 'block7b_se_expand', 'trainable': True, 'dtype': {'module': 'keras', 'class_name': 'DTypePolicy', 'config': {'name': 'float32'}, 'registered_name': None}, 'filters': 1920, 'kernel_size': [1, 1], 'strides': [1, 1], 'padding': 'same', 'data_format': 'channels_last', 'dilation_rate': [1, 1], 'groups': 1, 'activation': 'sigmoid', 'use_bias': True, 'kernel_initializer': {'module': 'keras.initializers', 'class_name': 'VarianceScaling', 'config': {'seed': None, 'scale': 2.0, 'mode': 'fan_out', 'distribution': 'truncated_normal'}, 'registered_name': None}, 'bias_initializer': {'module': 'keras.initializers', 'class_name': 'Zeros', 'config': {}, 'registered_name': None}, 'kernel_regularizer': None, 'bias_regularizer': None, 'activity_regularizer': None, 'kernel_constraint': None, 'bias_constraint': None}, 'registered_name': None, 'build_config': {'input_shape': [None, 1, 1, 80]}, 'name': 'block7b_se_expand', 'inbound_nodes': [{'args': [{'class_name': '__keras_tensor__', 'config': {'shape': [None, 1, 1, 80], 'dtype': 'float32', 'keras_history': ['block7b_se_reduce', 0, 0]}}], 'kwargs': {}}]}, {'module': 'keras.layers', 'class_name': 'Multiply', 'config': {'name': 'block7b_se_excite', 'trainable': True, 'dtype': {'module': 'keras', 'class_name': 'DTypePolicy', 'config': {'name': 'float32'}, 'registered_name': None}}, 'registered_name': None, 'build_config': {'input_shape': [[None, 8, 8, 1920], [None, 1, 1, 1920]]}, 'name': 'block7b_se_excite', 'inbound_nodes': [{'args': [[{'class_name': '__keras_tensor__', 'config': {'shape': [None, 8, 8, 1920], 'dtype': 'float32', 'keras_history': ['block7b_activation', 0, 0]}}, {'class_name': '__keras_tensor__', 'config': {'shape': [None, 1, 1, 1920], 'dtype': 'float32', 'keras_history': ['block7b_se_expand', 0, 0]}}]], 'kwargs': {}}]}, {'module': 'keras.layers', 'class_name': 'Conv2D', 'config': {'name': 'block7b_project_conv', 'trainable': True, 'dtype': {'module': 'keras', 'class_name': 'DTypePolicy', 'config': {'name': 'float32'}, 'registered_name': None}, 'filters': 320, 'kernel_size': [1, 1], 'strides': [1, 1], 'padding': 'same', 'data_format': 'channels_last', 'dilation_rate': [1, 1], 'groups': 1, 'activation': 'linear', 'use_bias': False, 'kernel_initializer': {'module': 'keras.initializers', 'class_name': 'VarianceScaling', 'config': {'seed': None, 'scale': 2.0, 'mode': 'fan_out', 'distribution': 'truncated_normal'}, 'registered_name': None}, 'bias_initializer': {'module': 'keras.initializers', 'class_name': 'Zeros', 'config': {}, 'registered_name': None}, 'kernel_regularizer': None, 'bias_regularizer': None, 'activity_regularizer': None, 'kernel_constraint': None, 'bias_constraint': None}, 'registered_name': None, 'build_config': {'input_shape': [None, 8, 8, 1920]}, 'name': 'block7b_project_conv', 'inbound_nodes': [{'args': [{'class_name': '__keras_tensor__', 'config': {'shape': [None, 8, 8, 1920], 'dtype': 'float32', 'keras_history': ['block7b_se_excite', 0, 0]}}], 'kwargs': {}}]}, {'module': 'keras.layers', 'class_name': 'BatchNormalization', 'config': {'name': 'block7b_project_bn', 'trainable': True, 'dtype': {'module': 'keras', 'class_name': 'DTypePolicy', 'config': {'name': 'float32'}, 'registered_name': None}, 'axis': 3, 'momentum': 0.99, 'epsilon': 0.001, 'center': True, 'scale': True, 'beta_initializer': {'module': 'keras.initializers', 'class_name': 'Zeros', 'config': {}, 'registered_name': None}, 'gamma_initializer': {'module': 'keras.initializers', 'class_name': 'Ones', 'config': {}, 'registered_name': None}, 'moving_mean_initializer': {'module': 'keras.initializers', 'class_name': 'Zeros', 'config': {}, 'registered_name': None}, 'moving_variance_initializer': {'module': 'keras.initializers', 'class_name': 'Ones', 'config': {}, 'registered_name': None}, 'beta_regularizer': None, 'gamma_regularizer': None, 'beta_constraint': None, 'gamma_constraint': None, 'synchronized': False}, 'registered_name': None, 'build_config': {'input_shape': [None, 8, 8, 320]}, 'name': 'block7b_project_bn', 'inbound_nodes': [{'args': [{'class_name': '__keras_tensor__', 'config': {'shape': [None, 8, 8, 320], 'dtype': 'float32', 'keras_history': ['block7b_project_conv', 0, 0]}}], 'kwargs': {'mask': None}}]}, {'module': 'keras.layers', 'class_name': 'Dropout', 'config': {'name': 'block7b_drop', 'trainable': True, 'dtype': {'module': 'keras', 'class_name': 'DTypePolicy', 'config': {'name': 'float32'}, 'registered_name': None}, 'rate': 0.19130434782608696, 'seed': None, 'noise_shape': [None, 1, 1, 1]}, 'registered_name': None, 'name': 'block7b_drop', 'inbound_nodes': [{'args': [{'class_name': '__keras_tensor__', 'config': {'shape': [None, 8, 8, 320], 'dtype': 'float32', 'keras_history': ['block7b_project_bn', 0, 0]}}], 'kwargs': {'training': False}}]}, {'module': 'keras.layers', 'class_name': 'Add', 'config': {'name': 'block7b_add', 'trainable': True, 'dtype': {'module': 'keras', 'class_name': 'DTypePolicy', 'config': {'name': 'float32'}, 'registered_name': None}}, 'registered_name': None, 'build_config': {'input_shape': [[None, 8, 8, 320], [None, 8, 8, 320]]}, 'name': 'block7b_add', 'inbound_nodes': [{'args': [[{'class_name': '__keras_tensor__', 'config': {'shape': [None, 8, 8, 320], 'dtype': 'float32', 'keras_history': ['block7b_drop', 0, 0]}}, {'class_name': '__keras_tensor__', 'config': {'shape': [None, 8, 8, 320], 'dtype': 'float32', 'keras_history': ['block7a_project_bn', 0, 0]}}]], 'kwargs': {}}]}, {'module': 'keras.layers', 'class_name': 'Conv2D', 'config': {'name': 'top_conv', 'trainable': True, 'dtype': {'module': 'keras', 'class_name': 'DTypePolicy', 'config': {'name': 'float32'}, 'registered_name': None}, 'filters': 1280, 'kernel_size': [1, 1], 'strides': [1, 1], 'padding': 'same', 'data_format': 'channels_last', 'dilation_rate': [1, 1], 'groups': 1, 'activation': 'linear', 'use_bias': False, 'kernel_initializer': {'module': 'keras.initializers', 'class_name': 'VarianceScaling', 'config': {'seed': None, 'scale': 2.0, 'mode': 'fan_out', 'distribution': 'truncated_normal'}, 'registered_name': None}, 'bias_initializer': {'module': 'keras.initializers', 'class_name': 'Zeros', 'config': {}, 'registered_name': None}, 'kernel_regularizer': None, 'bias_regularizer': None, 'activity_regularizer': None, 'kernel_constraint': None, 'bias_constraint': None}, 'registered_name': None, 'build_config': {'input_shape': [None, 8, 8, 320]}, 'name': 'top_conv', 'inbound_nodes': [{'args': [{'class_name': '__keras_tensor__', 'config': {'shape': [None, 8, 8, 320], 'dtype': 'float32', 'keras_history': ['block7b_add', 0, 0]}}], 'kwargs': {}}]}, {'module': 'keras.layers', 'class_name': 'BatchNormalization', 'config': {'name': 'top_bn', 'trainable': True, 'dtype': {'module': 'keras', 'class_name': 'DTypePolicy', 'config': {'name': 'float32'}, 'registered_name': None}, 'axis': 3, 'momentum': 0.99, 'epsilon': 0.001, 'center': True, 'scale': True, 'beta_initializer': {'module': 'keras.initializers', 'class_name': 'Zeros', 'config': {}, 'registered_name': None}, 'gamma_initializer': {'module': 'keras.initializers', 'class_name': 'Ones', 'config': {}, 'registered_name': None}, 'moving_mean_initializer': {'module': 'keras.initializers', 'class_name': 'Zeros', 'config': {}, 'registered_name': None}, 'moving_variance_initializer': {'module': 'keras.initializers', 'class_name': 'Ones', 'config': {}, 'registered_name': None}, 'beta_regularizer': None, 'gamma_regularizer': None, 'beta_constraint': None, 'gamma_constraint': None, 'synchronized': False}, 'registered_name': None, 'build_config': {'input_shape': [None, 8, 8, 1280]}, 'name': 'top_bn', 'inbound_nodes': [{'args': [{'class_name': '__keras_tensor__', 'config': {'shape': [None, 8, 8, 1280], 'dtype': 'float32', 'keras_history': ['top_conv', 0, 0]}}], 'kwargs': {'mask': None}}]}, {'module': 'keras.layers', 'class_name': 'Activation', 'config': {'name': 'top_activation', 'trainable': True, 'dtype': {'module': 'keras', 'class_name': 'DTypePolicy', 'config': {'name': 'float32'}, 'registered_name': None}, 'activation': 'silu'}, 'registered_name': None, 'name': 'top_activation', 'inbound_nodes': [{'args': [{'class_name': '__keras_tensor__', 'config': {'shape': [None, 8, 8, 1280], 'dtype': 'float32', 'keras_history': ['top_bn', 0, 0]}}], 'kwargs': {}}]}], 'input_layers': ['input_layer_2', 0, 0], 'output_layers': ['top_activation', 0, 0]}, 'registered_name': 'Functional', 'build_config': {'input_shape': None}, 'compile_config': {}, 'name': 'efficientnetb1', 'inbound_nodes': [{'args': [{'class_name': '__keras_tensor__', 'config': {'shape': [None, 240, 240, 3], 'dtype': 'float32', 'keras_history': ['input_layer_3', 0, 0]}}], 'kwargs': {'training': False, 'mask': None}}]}.

Exception encountered: functional_from_config.<locals>.get_tensor() takes 3 positional arguments but 13 were givenTraceback (most recent call last):
  File "/home/ashik/miniconda3/envs/cardioretina/lib/python3.10/site-packages/keras/src/saving/serialization_lib.py", line 718, in deserialize_keras_object
    instance = cls.from_config(inner_config)
  File "/home/ashik/miniconda3/envs/cardioretina/lib/python3.10/site-packages/keras/src/models/model.py", line 517, in from_config
    return functional_from_config(
  File "/home/ashik/miniconda3/envs/cardioretina/lib/python3.10/site-packages/keras/src/models/functional.py", line 574, in functional_from_config
    input_tensors = map_tensors(config["input_layers"])
  File "/home/ashik/miniconda3/envs/cardioretina/lib/python3.10/site-packages/keras/src/models/functional.py", line 569, in map_tensors
    tensor_list = [get_tensor(*v) for v in tensors]
  File "/home/ashik/miniconda3/envs/cardioretina/lib/python3.10/site-packages/keras/src/models/functional.py", line 569, in <listcomp>
    tensor_list = [get_tensor(*v) for v in tensors]
TypeError: functional_from_config.<locals>.get_tensor() takes 3 positional arguments but 13 were given

During handling of the above exception, another exception occurred:

Traceback (most recent call last):
  File "/home/ashik/miniconda3/envs/cardioretina/lib/python3.10/site-packages/keras/src/saving/serialization_lib.py", line 718, in deserialize_keras_object
    instance = cls.from_config(inner_config)
  File "/home/ashik/miniconda3/envs/cardioretina/lib/python3.10/site-packages/keras/src/models/model.py", line 517, in from_config
    return functional_from_config(
  File "/home/ashik/miniconda3/envs/cardioretina/lib/python3.10/site-packages/keras/src/models/functional.py", line 517, in functional_from_config
    process_layer(layer_data)
  File "/home/ashik/miniconda3/envs/cardioretina/lib/python3.10/site-packages/keras/src/models/functional.py", line 501, in process_layer
    layer = serialization_lib.deserialize_keras_object(
  File "/home/ashik/miniconda3/envs/cardioretina/lib/python3.10/site-packages/keras/src/saving/serialization_lib.py", line 720, in deserialize_keras_object
    raise TypeError(
TypeError: <class 'keras.src.models.functional.Functional'> could not be deserialized properly. Please ensure that components that are Python object instances (layers, models, etc.) returned by `get_config()` are explicitly deserialized in the model's `from_config()` method.

config={'module': 'keras.src.models.functional', 'class_name': 'Functional', 'config': {'name': 'efficientnetb1', 'trainable': True, 'layers': [{'module': 'keras.layers', 'class_name': 'InputLayer', 'config': {'batch_shape': [None, 240, 240, 3], 'dtype': 'float32', 'sparse': False, 'ragged': False, 'name': 'input_layer_2', 'optional': False}, 'registered_name': None, 'name': 'input_layer_2', 'inbound_nodes': []}, {'module': 'keras.layers', 'class_name': 'Rescaling', 'config': {'name': 'rescaling_2', 'trainable': False, 'dtype': {'module': 'keras', 'class_name': 'DTypePolicy', 'config': {'name': 'float32'}, 'registered_name': None}, 'scale': 0.00392156862745098, 'offset': 0.0}, 'registered_name': None, 'build_config': {'input_shape': [None, 240, 240, 3]}, 'name': 'rescaling_2', 'inbound_nodes': [{'args': [{'class_name': '__keras_tensor__', 'config': {'shape': [None, 240, 240, 3], 'dtype': 'float32', 'keras_history': ['input_layer_2', 0, 0]}}], 'kwargs': {}}]}, {'module': 'keras.layers', 'class_name': 'Normalization', 'config': {'name': 'normalization_1', 'trainable': False, 'dtype': {'module': 'keras', 'class_name': 'DTypePolicy', 'config': {'name': 'float32'}, 'registered_name': None}, 'axis': [3], 'invert': False, 'mean': None, 'variance': None}, 'registered_name': None, 'build_config': {'input_shape': [None, 240, 240, 3]}, 'name': 'normalization_1', 'inbound_nodes': [{'args': [{'class_name': '__keras_tensor__', 'config': {'shape': [None, 240, 240, 3], 'dtype': 'float32', 'keras_history': ['rescaling_2', 0, 0]}}], 'kwargs': {}}]}, {'module': 'keras.layers', 'class_name': 'Rescaling', 'config': {'name': 'rescaling_3', 'trainable': False, 'dtype': {'module': 'keras', 'class_name': 'DTypePolicy', 'config': {'name': 'float32'}, 'registered_name': None}, 'scale': [2.0896918976428642, 2.1128856368212916, 2.1081851067789197], 'offset': 0.0}, 'registered_name': None, 'build_config': {'input_shape': [None, 240, 240, 3]}, 'name': 'rescaling_3', 'inbound_nodes': [{'args': [{'class_name': '__keras_tensor__', 'config': {'shape': [None, 240, 240, 3], 'dtype': 'float32', 'keras_history': ['normalization_1', 0, 0]}}], 'kwargs': {}}]}, {'module': 'keras.layers', 'class_name': 'ZeroPadding2D', 'config': {'name': 'stem_conv_pad', 'trainable': False, 'dtype': {'module': 'keras', 'class_name': 'DTypePolicy', 'config': {'name': 'float32'}, 'registered_name': None}, 'padding': [[0, 1], [0, 1]], 'data_format': 'channels_last'}, 'registered_name': None, 'build_config': {'input_shape': [None, 240, 240, 3]}, 'name': 'stem_conv_pad', 'inbound_nodes': [{'args': [{'class_name': '__keras_tensor__', 'config': {'shape': [None, 240, 240, 3], 'dtype': 'float32', 'keras_history': ['rescaling_3', 0, 0]}}], 'kwargs': {}}]}, {'module': 'keras.layers', 'class_name': 'Conv2D', 'config': {'name': 'stem_conv', 'trainable': False, 'dtype': {'module': 'keras', 'class_name': 'DTypePolicy', 'config': {'name': 'float32'}, 'registered_name': None}, 'filters': 32, 'kernel_size': [3, 3], 'strides': [2, 2], 'padding': 'valid', 'data_format': 'channels_last', 'dilation_rate': [1, 1], 'groups': 1, 'activation': 'linear', 'use_bias': False, 'kernel_initializer': {'module': 'keras.initializers', 'class_name': 'VarianceScaling', 'config': {'seed': None, 'scale': 2.0, 'mode': 'fan_out', 'distribution': 'truncated_normal'}, 'registered_name': None}, 'bias_initializer': {'module': 'keras.initializers', 'class_name': 'Zeros', 'config': {}, 'registered_name': None}, 'kernel_regularizer': None, 'bias_regularizer': None, 'activity_regularizer': None, 'kernel_constraint': None, 'bias_constraint': None}, 'registered_name': None, 'build_config': {'input_shape': [None, 241, 241, 3]}, 'name': 'stem_conv', 'inbound_nodes': [{'args': [{'class_name': '__keras_tensor__', 'config': {'shape': [None, 241, 241, 3], 'dtype': 'float32', 'keras_history': ['stem_conv_pad', 0, 0]}}], 'kwargs': {}}]}, {'module': 'keras.layers', 'class_name': 'BatchNormalization', 'config': {'name': 'stem_bn', 'trainable': False, 'dtype': {'module': 'keras', 'class_name': 'DTypePolicy', 'config': {'name': 'float32'}, 'registered_name': None}, 'axis': 3, 'momentum': 0.99, 'epsilon': 0.001, 'center': True, 'scale': True, 'beta_initializer': {'module': 'keras.initializers', 'class_name': 'Zeros', 'config': {}, 'registered_name': None}, 'gamma_initializer': {'module': 'keras.initializers', 'class_name': 'Ones', 'config': {}, 'registered_name': None}, 'moving_mean_initializer': {'module': 'keras.initializers', 'class_name': 'Zeros', 'config': {}, 'registered_name': None}, 'moving_variance_initializer': {'module': 'keras.initializers', 'class_name': 'Ones', 'config': {}, 'registered_name': None}, 'beta_regularizer': None, 'gamma_regularizer': None, 'beta_constraint': None, 'gamma_constraint': None, 'synchronized': False}, 'registered_name': None, 'build_config': {'input_shape': [None, 120, 120, 32]}, 'name': 'stem_bn', 'inbound_nodes': [{'args': [{'class_name': '__keras_tensor__', 'config': {'shape': [None, 120, 120, 32], 'dtype': 'float32', 'keras_history': ['stem_conv', 0, 0]}}], 'kwargs': {'mask': None}}]}, {'module': 'keras.layers', 'class_name': 'Activation', 'config': {'name': 'stem_activation', 'trainable': False, 'dtype': {'module': 'keras', 'class_name': 'DTypePolicy', 'config': {'name': 'float32'}, 'registered_name': None}, 'activation': 'silu'}, 'registered_name': None, 'name': 'stem_activation', 'inbound_nodes': [{'args': [{'class_name': '__keras_tensor__', 'config': {'shape': [None, 120, 120, 32], 'dtype': 'float32', 'keras_history': ['stem_bn', 0, 0]}}], 'kwargs': {}}]}, {'module': 'keras.layers', 'class_name': 'DepthwiseConv2D', 'config': {'name': 'block1a_dwconv', 'trainable': False, 'dtype': {'module': 'keras', 'class_name': 'DTypePolicy', 'config': {'name': 'float32'}, 'registered_name': None}, 'depth_multiplier': 1, 'kernel_size': [3, 3], 'strides': [1, 1], 'padding': 'same', 'data_format': 'channels_last', 'dilation_rate': [1, 1], 'activation': 'linear', 'use_bias': False, 'depthwise_initializer': {'module': 'keras.initializers', 'class_name': 'VarianceScaling', 'config': {'seed': None, 'scale': 2.0, 'mode': 'fan_out', 'distribution': 'truncated_normal'}, 'registered_name': None}, 'bias_initializer': {'module': 'keras.initializers', 'class_name': 'Zeros', 'config': {}, 'registered_name': None}, 'depthwise_regularizer': None, 'bias_regularizer': None, 'activity_regularizer': None, 'depthwise_constraint': None, 'bias_constraint': None}, 'registered_name': None, 'build_config': {'input_shape': [None, 120, 120, 32]}, 'name': 'block1a_dwconv', 'inbound_nodes': [{'args': [{'class_name': '__keras_tensor__', 'config': {'shape': [None, 120, 120, 32], 'dtype': 'float32', 'keras_history': ['stem_activation', 0, 0]}}], 'kwargs': {}}]}, {'module': 'keras.layers', 'class_name': 'BatchNormalization', 'config': {'name': 'block1a_bn', 'trainable': False, 'dtype': {'module': 'keras', 'class_name': 'DTypePolicy', 'config': {'name': 'float32'}, 'registered_name': None}, 'axis': 3, 'momentum': 0.99, 'epsilon': 0.001, 'center': True, 'scale': True, 'beta_initializer': {'module': 'keras.initializers', 'class_name': 'Zeros', 'config': {}, 'registered_name': None}, 'gamma_initializer': {'module': 'keras.initializers', 'class_name': 'Ones', 'config': {}, 'registered_name': None}, 'moving_mean_initializer': {'module': 'keras.initializers', 'class_name': 'Zeros', 'config': {}, 'registered_name': None}, 'moving_variance_initializer': {'module': 'keras.initializers', 'class_name': 'Ones', 'config': {}, 'registered_name': None}, 'beta_regularizer': None, 'gamma_regularizer': None, 'beta_constraint': None, 'gamma_constraint': None, 'synchronized': False}, 'registered_name': None, 'build_config': {'input_shape': [None, 120, 120, 32]}, 'name': 'block1a_bn', 'inbound_nodes': [{'args': [{'class_name': '__keras_tensor__', 'config': {'shape': [None, 120, 120, 32], 'dtype': 'float32', 'keras_history': ['block1a_dwconv', 0, 0]}}], 'kwargs': {'mask': None}}]}, {'module': 'keras.layers', 'class_name': 'Activation', 'config': {'name': 'block1a_activation', 'trainable': False, 'dtype': {'module': 'keras', 'class_name': 'DTypePolicy', 'config': {'name': 'float32'}, 'registered_name': None}, 'activation': 'silu'}, 'registered_name': None, 'name': 'block1a_activation', 'inbound_nodes': [{'args': [{'class_name': '__keras_tensor__', 'config': {'shape': [None, 120, 120, 32], 'dtype': 'float32', 'keras_history': ['block1a_bn', 0, 0]}}], 'kwargs': {}}]}, {'module': 'keras.layers', 'class_name': 'GlobalAveragePooling2D', 'config': {'name': 'block1a_se_squeeze', 'trainable': False, 'dtype': {'module': 'keras', 'class_name': 'DTypePolicy', 'config': {'name': 'float32'}, 'registered_name': None}, 'data_format': 'channels_last', 'keepdims': False}, 'registered_name': None, 'name': 'block1a_se_squeeze', 'inbound_nodes': [{'args': [{'class_name': '__keras_tensor__', 'config': {'shape': [None, 120, 120, 32], 'dtype': 'float32', 'keras_history': ['block1a_activation', 0, 0]}}], 'kwargs': {}}]}, {'module': 'keras.layers', 'class_name': 'Reshape', 'config': {'name': 'block1a_se_reshape', 'trainable': False, 'dtype': {'module': 'keras', 'class_name': 'DTypePolicy', 'config': {'name': 'float32'}, 'registered_name': None}, 'target_shape': [1, 1, 32]}, 'registered_name': None, 'name': 'block1a_se_reshape', 'inbound_nodes': [{'args': [{'class_name': '__keras_tensor__', 'config': {'shape': [None, 32], 'dtype': 'float32', 'keras_history': ['block1a_se_squeeze', 0, 0]}}], 'kwargs': {}}]}, {'module': 'keras.layers', 'class_name': 'Conv2D', 'config': {'name': 'block1a_se_reduce', 'trainable': False, 'dtype': {'module': 'keras', 'class_name': 'DTypePolicy', 'config': {'name': 'float32'}, 'registered_name': None}, 'filters': 8, 'kernel_size': [1, 1], 'strides': [1, 1], 'padding': 'same', 'data_format': 'channels_last', 'dilation_rate': [1, 1], 'groups': 1, 'activation': 'silu', 'use_bias': True, 'kernel_initializer': {'module': 'keras.initializers', 'class_name': 'VarianceScaling', 'config': {'seed': None, 'scale': 2.0, 'mode': 'fan_out', 'distribution': 'truncated_normal'}, 'registered_name': None}, 'bias_initializer': {'module': 'keras.initializers', 'class_name': 'Zeros', 'config': {}, 'registered_name': None}, 'kernel_regularizer': None, 'bias_regularizer': None, 'activity_regularizer': None, 'kernel_constraint': None, 'bias_constraint': None}, 'registered_name': None, 'build_config': {'input_shape': [None, 1, 1, 32]}, 'name': 'block1a_se_reduce', 'inbound_nodes': [{'args': [{'class_name': '__keras_tensor__', 'config': {'shape': [None, 1, 1, 32], 'dtype': 'float32', 'keras_history': ['block1a_se_reshape', 0, 0]}}], 'kwargs': {}}]}, {'module': 'keras.layers', 'class_name': 'Conv2D', 'config': {'name': 'block1a_se_expand', 'trainable': False, 'dtype': {'module': 'keras', 'class_name': 'DTypePolicy', 'config': {'name': 'float32'}, 'registered_name': None}, 'filters': 32, 'kernel_size': [1, 1], 'strides': [1, 1], 'padding': 'same', 'data_format': 'channels_last', 'dilation_rate': [1, 1], 'groups': 1, 'activation': 'sigmoid', 'use_bias': True, 'kernel_initializer': {'module': 'keras.initializers', 'class_name': 'VarianceScaling', 'config': {'seed': None, 'scale': 2.0, 'mode': 'fan_out', 'distribution': 'truncated_normal'}, 'registered_name': None}, 'bias_initializer': {'module': 'keras.initializers', 'class_name': 'Zeros', 'config': {}, 'registered_name': None}, 'kernel_regularizer': None, 'bias_regularizer': None, 'activity_regularizer': None, 'kernel_constraint': None, 'bias_constraint': None}, 'registered_name': None, 'build_config': {'input_shape': [None, 1, 1, 8]}, 'name': 'block1a_se_expand', 'inbound_nodes': [{'args': [{'class_name': '__keras_tensor__', 'config': {'shape': [None, 1, 1, 8], 'dtype': 'float32', 'keras_history': ['block1a_se_reduce', 0, 0]}}], 'kwargs': {}}]}, {'module': 'keras.layers', 'class_name': 'Multiply', 'config': {'name': 'block1a_se_excite', 'trainable': False, 'dtype': {'module': 'keras', 'class_name': 'DTypePolicy', 'config': {'name': 'float32'}, 'registered_name': None}}, 'registered_name': None, 'build_config': {'input_shape': [[None, 120, 120, 32], [None, 1, 1, 32]]}, 'name': 'block1a_se_excite', 'inbound_nodes': [{'args': [[{'class_name': '__keras_tensor__', 'config': {'shape': [None, 120, 120, 32], 'dtype': 'float32', 'keras_history': ['block1a_activation', 0, 0]}}, {'class_name': '__keras_tensor__', 'config': {'shape': [None, 1, 1, 32], 'dtype': 'float32', 'keras_history': ['block1a_se_expand', 0, 0]}}]], 'kwargs': {}}]}, {'module': 'keras.layers', 'class_name': 'Conv2D', 'config': {'name': 'block1a_project_conv', 'trainable': False, 'dtype': {'module': 'keras', 'class_name': 'DTypePolicy', 'config': {'name': 'float32'}, 'registered_name': None}, 'filters': 16, 'kernel_size': [1, 1], 'strides': [1, 1], 'padding': 'same', 'data_format': 'channels_last', 'dilation_rate': [1, 1], 'groups': 1, 'activation': 'linear', 'use_bias': False, 'kernel_initializer': {'module': 'keras.initializers', 'class_name': 'VarianceScaling', 'config': {'seed': None, 'scale': 2.0, 'mode': 'fan_out', 'distribution': 'truncated_normal'}, 'registered_name': None}, 'bias_initializer': {'module': 'keras.initializers', 'class_name': 'Zeros', 'config': {}, 'registered_name': None}, 'kernel_regularizer': None, 'bias_regularizer': None, 'activity_regularizer': None, 'kernel_constraint': None, 'bias_constraint': None}, 'registered_name': None, 'build_config': {'input_shape': [None, 120, 120, 32]}, 'name': 'block1a_project_conv', 'inbound_nodes': [{'args': [{'class_name': '__keras_tensor__', 'config': {'shape': [None, 120, 120, 32], 'dtype': 'float32', 'keras_history': ['block1a_se_excite', 0, 0]}}], 'kwargs': {}}]}, {'module': 'keras.layers', 'class_name': 'BatchNormalization', 'config': {'name': 'block1a_project_bn', 'trainable': False, 'dtype': {'module': 'keras', 'class_name': 'DTypePolicy', 'config': {'name': 'float32'}, 'registered_name': None}, 'axis': 3, 'momentum': 0.99, 'epsilon': 0.001, 'center': True, 'scale': True, 'beta_initializer': {'module': 'keras.initializers', 'class_name': 'Zeros', 'config': {}, 'registered_name': None}, 'gamma_initializer': {'module': 'keras.initializers', 'class_name': 'Ones', 'config': {}, 'registered_name': None}, 'moving_mean_initializer': {'module': 'keras.initializers', 'class_name': 'Zeros', 'config': {}, 'registered_name': None}, 'moving_variance_initializer': {'module': 'keras.initializers', 'class_name': 'Ones', 'config': {}, 'registered_name': None}, 'beta_regularizer': None, 'gamma_regularizer': None, 'beta_constraint': None, 'gamma_constraint': None, 'synchronized': False}, 'registered_name': None, 'build_config': {'input_shape': [None, 120, 120, 16]}, 'name': 'block1a_project_bn', 'inbound_nodes': [{'args': [{'class_name': '__keras_tensor__', 'config': {'shape': [None, 120, 120, 16], 'dtype': 'float32', 'keras_history': ['block1a_project_conv', 0, 0]}}], 'kwargs': {'mask': None}}]}, {'module': 'keras.layers', 'class_name': 'DepthwiseConv2D', 'config': {'name': 'block1b_dwconv', 'trainable': False, 'dtype': {'module': 'keras', 'class_name': 'DTypePolicy', 'config': {'name': 'float32'}, 'registered_name': None}, 'depth_multiplier': 1, 'kernel_size': [3, 3], 'strides': [1, 1], 'padding': 'same', 'data_format': 'channels_last', 'dilation_rate': [1, 1], 'activation': 'linear', 'use_bias': False, 'depthwise_initializer': {'module': 'keras.initializers', 'class_name': 'VarianceScaling', 'config': {'seed': None, 'scale': 2.0, 'mode': 'fan_out', 'distribution': 'truncated_normal'}, 'registered_name': None}, 'bias_initializer': {'module': 'keras.initializers', 'class_name': 'Zeros', 'config': {}, 'registered_name': None}, 'depthwise_regularizer': None, 'bias_regularizer': None, 'activity_regularizer': None, 'depthwise_constraint': None, 'bias_constraint': None}, 'registered_name': None, 'build_config': {'input_shape': [None, 120, 120, 16]}, 'name': 'block1b_dwconv', 'inbound_nodes': [{'args': [{'class_name': '__keras_tensor__', 'config': {'shape': [None, 120, 120, 16], 'dtype': 'float32', 'keras_history': ['block1a_project_bn', 0, 0]}}], 'kwargs': {}}]}, {'module': 'keras.layers', 'class_name': 'BatchNormalization', 'config': {'name': 'block1b_bn', 'trainable': False, 'dtype': {'module': 'keras', 'class_name': 'DTypePolicy', 'config': {'name': 'float32'}, 'registered_name': None}, 'axis': 3, 'momentum': 0.99, 'epsilon': 0.001, 'center': True, 'scale': True, 'beta_initializer': {'module': 'keras.initializers', 'class_name': 'Zeros', 'config': {}, 'registered_name': None}, 'gamma_initializer': {'module': 'keras.initializers', 'class_name': 'Ones', 'config': {}, 'registered_name': None}, 'moving_mean_initializer': {'module': 'keras.initializers', 'class_name': 'Zeros', 'config': {}, 'registered_name': None}, 'moving_variance_initializer': {'module': 'keras.initializers', 'class_name': 'Ones', 'config': {}, 'registered_name': None}, 'beta_regularizer': None, 'gamma_regularizer': None, 'beta_constraint': None, 'gamma_constraint': None, 'synchronized': False}, 'registered_name': None, 'build_config': {'input_shape': [None, 120, 120, 16]}, 'name': 'block1b_bn', 'inbound_nodes': [{'args': [{'class_name': '__keras_tensor__', 'config': {'shape': [None, 120, 120, 16], 'dtype': 'float32', 'keras_history': ['block1b_dwconv', 0, 0]}}], 'kwargs': {'mask': None}}]}, {'module': 'keras.layers', 'class_name': 'Activation', 'config': {'name': 'block1b_activation', 'trainable': False, 'dtype': {'module': 'keras', 'class_name': 'DTypePolicy', 'config': {'name': 'float32'}, 'registered_name': None}, 'activation': 'silu'}, 'registered_name': None, 'name': 'block1b_activation', 'inbound_nodes': [{'args': [{'class_name': '__keras_tensor__', 'config': {'shape': [None, 120, 120, 16], 'dtype': 'float32', 'keras_history': ['block1b_bn', 0, 0]}}], 'kwargs': {}}]}, {'module': 'keras.layers', 'class_name': 'GlobalAveragePooling2D', 'config': {'name': 'block1b_se_squeeze', 'trainable': False, 'dtype': {'module': 'keras', 'class_name': 'DTypePolicy', 'config': {'name': 'float32'}, 'registered_name': None}, 'data_format': 'channels_last', 'keepdims': False}, 'registered_name': None, 'name': 'block1b_se_squeeze', 'inbound_nodes': [{'args': [{'class_name': '__keras_tensor__', 'config': {'shape': [None, 120, 120, 16], 'dtype': 'float32', 'keras_history': ['block1b_activation', 0, 0]}}], 'kwargs': {}}]}, {'module': 'keras.layers', 'class_name': 'Reshape', 'config': {'name': 'block1b_se_reshape', 'trainable': False, 'dtype': {'module': 'keras', 'class_name': 'DTypePolicy', 'config': {'name': 'float32'}, 'registered_name': None}, 'target_shape': [1, 1, 16]}, 'registered_name': None, 'name': 'block1b_se_reshape', 'inbound_nodes': [{'args': [{'class_name': '__keras_tensor__', 'config': {'shape': [None, 16], 'dtype': 'float32', 'keras_history': ['block1b_se_squeeze', 0, 0]}}], 'kwargs': {}}]}, {'module': 'keras.layers', 'class_name': 'Conv2D', 'config': {'name': 'block1b_se_reduce', 'trainable': False, 'dtype': {'module': 'keras', 'class_name': 'DTypePolicy', 'config': {'name': 'float32'}, 'registered_name': None}, 'filters': 4, 'kernel_size': [1, 1], 'strides': [1, 1], 'padding': 'same', 'data_format': 'channels_last', 'dilation_rate': [1, 1], 'groups': 1, 'activation': 'silu', 'use_bias': True, 'kernel_initializer': {'module': 'keras.initializers', 'class_name': 'VarianceScaling', 'config': {'seed': None, 'scale': 2.0, 'mode': 'fan_out', 'distribution': 'truncated_normal'}, 'registered_name': None}, 'bias_initializer': {'module': 'keras.initializers', 'class_name': 'Zeros', 'config': {}, 'registered_name': None}, 'kernel_regularizer': None, 'bias_regularizer': None, 'activity_regularizer': None, 'kernel_constraint': None, 'bias_constraint': None}, 'registered_name': None, 'build_config': {'input_shape': [None, 1, 1, 16]}, 'name': 'block1b_se_reduce', 'inbound_nodes': [{'args': [{'class_name': '__keras_tensor__', 'config': {'shape': [None, 1, 1, 16], 'dtype': 'float32', 'keras_history': ['block1b_se_reshape', 0, 0]}}], 'kwargs': {}}]}, {'module': 'keras.layers', 'class_name': 'Conv2D', 'config': {'name': 'block1b_se_expand', 'trainable': False, 'dtype': {'module': 'keras', 'class_name': 'DTypePolicy', 'config': {'name': 'float32'}, 'registered_name': None}, 'filters': 16, 'kernel_size': [1, 1], 'strides': [1, 1], 'padding': 'same', 'data_format': 'channels_last', 'dilation_rate': [1, 1], 'groups': 1, 'activation': 'sigmoid', 'use_bias': True, 'kernel_initializer': {'module': 'keras.initializers', 'class_name': 'VarianceScaling', 'config': {'seed': None, 'scale': 2.0, 'mode': 'fan_out', 'distribution': 'truncated_normal'}, 'registered_name': None}, 'bias_initializer': {'module': 'keras.initializers', 'class_name': 'Zeros', 'config': {}, 'registered_name': None}, 'kernel_regularizer': None, 'bias_regularizer': None, 'activity_regularizer': None, 'kernel_constraint': None, 'bias_constraint': None}, 'registered_name': None, 'build_config': {'input_shape': [None, 1, 1, 4]}, 'name': 'block1b_se_expand', 'inbound_nodes': [{'args': [{'class_name': '__keras_tensor__', 'config': {'shape': [None, 1, 1, 4], 'dtype': 'float32', 'keras_history': ['block1b_se_reduce', 0, 0]}}], 'kwargs': {}}]}, {'module': 'keras.layers', 'class_name': 'Multiply', 'config': {'name': 'block1b_se_excite', 'trainable': False, 'dtype': {'module': 'keras', 'class_name': 'DTypePolicy', 'config': {'name': 'float32'}, 'registered_name': None}}, 'registered_name': None, 'build_config': {'input_shape': [[None, 120, 120, 16], [None, 1, 1, 16]]}, 'name': 'block1b_se_excite', 'inbound_nodes': [{'args': [[{'class_name': '__keras_tensor__', 'config': {'shape': [None, 120, 120, 16], 'dtype': 'float32', 'keras_history': ['block1b_activation', 0, 0]}}, {'class_name': '__keras_tensor__', 'config': {'shape': [None, 1, 1, 16], 'dtype': 'float32', 'keras_history': ['block1b_se_expand', 0, 0]}}]], 'kwargs': {}}]}, {'module': 'keras.layers', 'class_name': 'Conv2D', 'config': {'name': 'block1b_project_conv', 'trainable': False, 'dtype': {'module': 'keras', 'class_name': 'DTypePolicy', 'config': {'name': 'float32'}, 'registered_name': None}, 'filters': 16, 'kernel_size': [1, 1], 'strides': [1, 1], 'padding': 'same', 'data_format': 'channels_last', 'dilation_rate': [1, 1], 'groups': 1, 'activation': 'linear', 'use_bias': False, 'kernel_initializer': {'module': 'keras.initializers', 'class_name': 'VarianceScaling', 'config': {'seed': None, 'scale': 2.0, 'mode': 'fan_out', 'distribution': 'truncated_normal'}, 'registered_name': None}, 'bias_initializer': {'module': 'keras.initializers', 'class_name': 'Zeros', 'config': {}, 'registered_name': None}, 'kernel_regularizer': None, 'bias_regularizer': None, 'activity_regularizer': None, 'kernel_constraint': None, 'bias_constraint': None}, 'registered_name': None, 'build_config': {'input_shape': [None, 120, 120, 16]}, 'name': 'block1b_project_conv', 'inbound_nodes': [{'args': [{'class_name': '__keras_tensor__', 'config': {'shape': [None, 120, 120, 16], 'dtype': 'float32', 'keras_history': ['block1b_se_excite', 0, 0]}}], 'kwargs': {}}]}, {'module': 'keras.layers', 'class_name': 'BatchNormalization', 'config': {'name': 'block1b_project_bn', 'trainable': False, 'dtype': {'module': 'keras', 'class_name': 'DTypePolicy', 'config': {'name': 'float32'}, 'registered_name': None}, 'axis': 3, 'momentum': 0.99, 'epsilon': 0.001, 'center': True, 'scale': True, 'beta_initializer': {'module': 'keras.initializers', 'class_name': 'Zeros', 'config': {}, 'registered_name': None}, 'gamma_initializer': {'module': 'keras.initializers', 'class_name': 'Ones', 'config': {}, 'registered_name': None}, 'moving_mean_initializer': {'module': 'keras.initializers', 'class_name': 'Zeros', 'config': {}, 'registered_name': None}, 'moving_variance_initializer': {'module': 'keras.initializers', 'class_name': 'Ones', 'config': {}, 'registered_name': None}, 'beta_regularizer': None, 'gamma_regularizer': None, 'beta_constraint': None, 'gamma_constraint': None, 'synchronized': False}, 'registered_name': None, 'build_config': {'input_shape': [None, 120, 120, 16]}, 'name': 'block1b_project_bn', 'inbound_nodes': [{'args': [{'class_name': '__keras_tensor__', 'config': {'shape': [None, 120, 120, 16], 'dtype': 'float32', 'keras_history': ['block1b_project_conv', 0, 0]}}], 'kwargs': {'mask': None}}]}, {'module': 'keras.layers', 'class_name': 'Dropout', 'config': {'name': 'block1b_drop', 'trainable': False, 'dtype': {'module': 'keras', 'class_name': 'DTypePolicy', 'config': {'name': 'float32'}, 'registered_name': None}, 'rate': 0.008695652173913044, 'seed': None, 'noise_shape': [None, 1, 1, 1]}, 'registered_name': None, 'name': 'block1b_drop', 'inbound_nodes': [{'args': [{'class_name': '__keras_tensor__', 'config': {'shape': [None, 120, 120, 16], 'dtype': 'float32', 'keras_history': ['block1b_project_bn', 0, 0]}}], 'kwargs': {'training': False}}]}, {'module': 'keras.layers', 'class_name': 'Add', 'config': {'name': 'block1b_add', 'trainable': False, 'dtype': {'module': 'keras', 'class_name': 'DTypePolicy', 'config': {'name': 'float32'}, 'registered_name': None}}, 'registered_name': None, 'build_config': {'input_shape': [[None, 120, 120, 16], [None, 120, 120, 16]]}, 'name': 'block1b_add', 'inbound_nodes': [{'args': [[{'class_name': '__keras_tensor__', 'config': {'shape': [None, 120, 120, 16], 'dtype': 'float32', 'keras_history': ['block1b_drop', 0, 0]}}, {'class_name': '__keras_tensor__', 'config': {'shape': [None, 120, 120, 16], 'dtype': 'float32', 'keras_history': ['block1a_project_bn', 0, 0]}}]], 'kwargs': {}}]}, {'module': 'keras.layers', 'class_name': 'Conv2D', 'config': {'name': 'block2a_expand_conv', 'trainable': False, 'dtype': {'module': 'keras', 'class_name': 'DTypePolicy', 'config': {'name': 'float32'}, 'registered_name': None}, 'filters': 96, 'kernel_size': [1, 1], 'strides': [1, 1], 'padding': 'same', 'data_format': 'channels_last', 'dilation_rate': [1, 1], 'groups': 1, 'activation': 'linear', 'use_bias': False, 'kernel_initializer': {'module': 'keras.initializers', 'class_name': 'VarianceScaling', 'config': {'seed': None, 'scale': 2.0, 'mode': 'fan_out', 'distribution': 'truncated_normal'}, 'registered_name': None}, 'bias_initializer': {'module': 'keras.initializers', 'class_name': 'Zeros', 'config': {}, 'registered_name': None}, 'kernel_regularizer': None, 'bias_regularizer': None, 'activity_regularizer': None, 'kernel_constraint': None, 'bias_constraint': None}, 'registered_name': None, 'build_config': {'input_shape': [None, 120, 120, 16]}, 'name': 'block2a_expand_conv', 'inbound_nodes': [{'args': [{'class_name': '__keras_tensor__', 'config': {'shape': [None, 120, 120, 16], 'dtype': 'float32', 'keras_history': ['block1b_add', 0, 0]}}], 'kwargs': {}}]}, {'module': 'keras.layers', 'class_name': 'BatchNormalization', 'config': {'name': 'block2a_expand_bn', 'trainable': False, 'dtype': {'module': 'keras', 'class_name': 'DTypePolicy', 'config': {'name': 'float32'}, 'registered_name': None}, 'axis': 3, 'momentum': 0.99, 'epsilon': 0.001, 'center': True, 'scale': True, 'beta_initializer': {'module': 'keras.initializers', 'class_name': 'Zeros', 'config': {}, 'registered_name': None}, 'gamma_initializer': {'module': 'keras.initializers', 'class_name': 'Ones', 'config': {}, 'registered_name': None}, 'moving_mean_initializer': {'module': 'keras.initializers', 'class_name': 'Zeros', 'config': {}, 'registered_name': None}, 'moving_variance_initializer': {'module': 'keras.initializers', 'class_name': 'Ones', 'config': {}, 'registered_name': None}, 'beta_regularizer': None, 'gamma_regularizer': None, 'beta_constraint': None, 'gamma_constraint': None, 'synchronized': False}, 'registered_name': None, 'build_config': {'input_shape': [None, 120, 120, 96]}, 'name': 'block2a_expand_bn', 'inbound_nodes': [{'args': [{'class_name': '__keras_tensor__', 'config': {'shape': [None, 120, 120, 96], 'dtype': 'float32', 'keras_history': ['block2a_expand_conv', 0, 0]}}], 'kwargs': {'mask': None}}]}, {'module': 'keras.layers', 'class_name': 'Activation', 'config': {'name': 'block2a_expand_activation', 'trainable': False, 'dtype': {'module': 'keras', 'class_name': 'DTypePolicy', 'config': {'name': 'float32'}, 'registered_name': None}, 'activation': 'silu'}, 'registered_name': None, 'name': 'block2a_expand_activation', 'inbound_nodes': [{'args': [{'class_name': '__keras_tensor__', 'config': {'shape': [None, 120, 120, 96], 'dtype': 'float32', 'keras_history': ['block2a_expand_bn', 0, 0]}}], 'kwargs': {}}]}, {'module': 'keras.layers', 'class_name': 'ZeroPadding2D', 'config': {'name': 'block2a_dwconv_pad', 'trainable': False, 'dtype': {'module': 'keras', 'class_name': 'DTypePolicy', 'config': {'name': 'float32'}, 'registered_name': None}, 'padding': [[0, 1], [0, 1]], 'data_format': 'channels_last'}, 'registered_name': None, 'build_config': {'input_shape': [None, 120, 120, 96]}, 'name': 'block2a_dwconv_pad', 'inbound_nodes': [{'args': [{'class_name': '__keras_tensor__', 'config': {'shape': [None, 120, 120, 96], 'dtype': 'float32', 'keras_history': ['block2a_expand_activation', 0, 0]}}], 'kwargs': {}}]}, {'module': 'keras.layers', 'class_name': 'DepthwiseConv2D', 'config': {'name': 'block2a_dwconv', 'trainable': False, 'dtype': {'module': 'keras', 'class_name': 'DTypePolicy', 'config': {'name': 'float32'}, 'registered_name': None}, 'depth_multiplier': 1, 'kernel_size': [3, 3], 'strides': [2, 2], 'padding': 'valid', 'data_format': 'channels_last', 'dilation_rate': [1, 1], 'activation': 'linear', 'use_bias': False, 'depthwise_initializer': {'module': 'keras.initializers', 'class_name': 'VarianceScaling', 'config': {'seed': None, 'scale': 2.0, 'mode': 'fan_out', 'distribution': 'truncated_normal'}, 'registered_name': None}, 'bias_initializer': {'module': 'keras.initializers', 'class_name': 'Zeros', 'config': {}, 'registered_name': None}, 'depthwise_regularizer': None, 'bias_regularizer': None, 'activity_regularizer': None, 'depthwise_constraint': None, 'bias_constraint': None}, 'registered_name': None, 'build_config': {'input_shape': [None, 121, 121, 96]}, 'name': 'block2a_dwconv', 'inbound_nodes': [{'args': [{'class_name': '__keras_tensor__', 'config': {'shape': [None, 121, 121, 96], 'dtype': 'float32', 'keras_history': ['block2a_dwconv_pad', 0, 0]}}], 'kwargs': {}}]}, {'module': 'keras.layers', 'class_name': 'BatchNormalization', 'config': {'name': 'block2a_bn', 'trainable': False, 'dtype': {'module': 'keras', 'class_name': 'DTypePolicy', 'config': {'name': 'float32'}, 'registered_name': None}, 'axis': 3, 'momentum': 0.99, 'epsilon': 0.001, 'center': True, 'scale': True, 'beta_initializer': {'module': 'keras.initializers', 'class_name': 'Zeros', 'config': {}, 'registered_name': None}, 'gamma_initializer': {'module': 'keras.initializers', 'class_name': 'Ones', 'config': {}, 'registered_name': None}, 'moving_mean_initializer': {'module': 'keras.initializers', 'class_name': 'Zeros', 'config': {}, 'registered_name': None}, 'moving_variance_initializer': {'module': 'keras.initializers', 'class_name': 'Ones', 'config': {}, 'registered_name': None}, 'beta_regularizer': None, 'gamma_regularizer': None, 'beta_constraint': None, 'gamma_constraint': None, 'synchronized': False}, 'registered_name': None, 'build_config': {'input_shape': [None, 60, 60, 96]}, 'name': 'block2a_bn', 'inbound_nodes': [{'args': [{'class_name': '__keras_tensor__', 'config': {'shape': [None, 60, 60, 96], 'dtype': 'float32', 'keras_history': ['block2a_dwconv', 0, 0]}}], 'kwargs': {'mask': None}}]}, {'module': 'keras.layers', 'class_name': 'Activation', 'config': {'name': 'block2a_activation', 'trainable': False, 'dtype': {'module': 'keras', 'class_name': 'DTypePolicy', 'config': {'name': 'float32'}, 'registered_name': None}, 'activation': 'silu'}, 'registered_name': None, 'name': 'block2a_activation', 'inbound_nodes': [{'args': [{'class_name': '__keras_tensor__', 'config': {'shape': [None, 60, 60, 96], 'dtype': 'float32', 'keras_history': ['block2a_bn', 0, 0]}}], 'kwargs': {}}]}, {'module': 'keras.layers', 'class_name': 'GlobalAveragePooling2D', 'config': {'name': 'block2a_se_squeeze', 'trainable': False, 'dtype': {'module': 'keras', 'class_name': 'DTypePolicy', 'config': {'name': 'float32'}, 'registered_name': None}, 'data_format': 'channels_last', 'keepdims': False}, 'registered_name': None, 'name': 'block2a_se_squeeze', 'inbound_nodes': [{'args': [{'class_name': '__keras_tensor__', 'config': {'shape': [None, 60, 60, 96], 'dtype': 'float32', 'keras_history': ['block2a_activation', 0, 0]}}], 'kwargs': {}}]}, {'module': 'keras.layers', 'class_name': 'Reshape', 'config': {'name': 'block2a_se_reshape', 'trainable': False, 'dtype': {'module': 'keras', 'class_name': 'DTypePolicy', 'config': {'name': 'float32'}, 'registered_name': None}, 'target_shape': [1, 1, 96]}, 'registered_name': None, 'name': 'block2a_se_reshape', 'inbound_nodes': [{'args': [{'class_name': '__keras_tensor__', 'config': {'shape': [None, 96], 'dtype': 'float32', 'keras_history': ['block2a_se_squeeze', 0, 0]}}], 'kwargs': {}}]}, {'module': 'keras.layers', 'class_name': 'Conv2D', 'config': {'name': 'block2a_se_reduce', 'trainable': False, 'dtype': {'module': 'keras', 'class_name': 'DTypePolicy', 'config': {'name': 'float32'}, 'registered_name': None}, 'filters': 4, 'kernel_size': [1, 1], 'strides': [1, 1], 'padding': 'same', 'data_format': 'channels_last', 'dilation_rate': [1, 1], 'groups': 1, 'activation': 'silu', 'use_bias': True, 'kernel_initializer': {'module': 'keras.initializers', 'class_name': 'VarianceScaling', 'config': {'seed': None, 'scale': 2.0, 'mode': 'fan_out', 'distribution': 'truncated_normal'}, 'registered_name': None}, 'bias_initializer': {'module': 'keras.initializers', 'class_name': 'Zeros', 'config': {}, 'registered_name': None}, 'kernel_regularizer': None, 'bias_regularizer': None, 'activity_regularizer': None, 'kernel_constraint': None, 'bias_constraint': None}, 'registered_name': None, 'build_config': {'input_shape': [None, 1, 1, 96]}, 'name': 'block2a_se_reduce', 'inbound_nodes': [{'args': [{'class_name': '__keras_tensor__', 'config': {'shape': [None, 1, 1, 96], 'dtype': 'float32', 'keras_history': ['block2a_se_reshape', 0, 0]}}], 'kwargs': {}}]}, {'module': 'keras.layers', 'class_name': 'Conv2D', 'config': {'name': 'block2a_se_expand', 'trainable': False, 'dtype': {'module': 'keras', 'class_name': 'DTypePolicy', 'config': {'name': 'float32'}, 'registered_name': None}, 'filters': 96, 'kernel_size': [1, 1], 'strides': [1, 1], 'padding': 'same', 'data_format': 'channels_last', 'dilation_rate': [1, 1], 'groups': 1, 'activation': 'sigmoid', 'use_bias': True, 'kernel_initializer': {'module': 'keras.initializers', 'class_name': 'VarianceScaling', 'config': {'seed': None, 'scale': 2.0, 'mode': 'fan_out', 'distribution': 'truncated_normal'}, 'registered_name': None}, 'bias_initializer': {'module': 'keras.initializers', 'class_name': 'Zeros', 'config': {}, 'registered_name': None}, 'kernel_regularizer': None, 'bias_regularizer': None, 'activity_regularizer': None, 'kernel_constraint': None, 'bias_constraint': None}, 'registered_name': None, 'build_config': {'input_shape': [None, 1, 1, 4]}, 'name': 'block2a_se_expand', 'inbound_nodes': [{'args': [{'class_name': '__keras_tensor__', 'config': {'shape': [None, 1, 1, 4], 'dtype': 'float32', 'keras_history': ['block2a_se_reduce', 0, 0]}}], 'kwargs': {}}]}, {'module': 'keras.layers', 'class_name': 'Multiply', 'config': {'name': 'block2a_se_excite', 'trainable': False, 'dtype': {'module': 'keras', 'class_name': 'DTypePolicy', 'config': {'name': 'float32'}, 'registered_name': None}}, 'registered_name': None, 'build_config': {'input_shape': [[None, 60, 60, 96], [None, 1, 1, 96]]}, 'name': 'block2a_se_excite', 'inbound_nodes': [{'args': [[{'class_name': '__keras_tensor__', 'config': {'shape': [None, 60, 60, 96], 'dtype': 'float32', 'keras_history': ['block2a_activation', 0, 0]}}, {'class_name': '__keras_tensor__', 'config': {'shape': [None, 1, 1, 96], 'dtype': 'float32', 'keras_history': ['block2a_se_expand', 0, 0]}}]], 'kwargs': {}}]}, {'module': 'keras.layers', 'class_name': 'Conv2D', 'config': {'name': 'block2a_project_conv', 'trainable': False, 'dtype': {'module': 'keras', 'class_name': 'DTypePolicy', 'config': {'name': 'float32'}, 'registered_name': None}, 'filters': 24, 'kernel_size': [1, 1], 'strides': [1, 1], 'padding': 'same', 'data_format': 'channels_last', 'dilation_rate': [1, 1], 'groups': 1, 'activation': 'linear', 'use_bias': False, 'kernel_initializer': {'module': 'keras.initializers', 'class_name': 'VarianceScaling', 'config': {'seed': None, 'scale': 2.0, 'mode': 'fan_out', 'distribution': 'truncated_normal'}, 'registered_name': None}, 'bias_initializer': {'module': 'keras.initializers', 'class_name': 'Zeros', 'config': {}, 'registered_name': None}, 'kernel_regularizer': None, 'bias_regularizer': None, 'activity_regularizer': None, 'kernel_constraint': None, 'bias_constraint': None}, 'registered_name': None, 'build_config': {'input_shape': [None, 60, 60, 96]}, 'name': 'block2a_project_conv', 'inbound_nodes': [{'args': [{'class_name': '__keras_tensor__', 'config': {'shape': [None, 60, 60, 96], 'dtype': 'float32', 'keras_history': ['block2a_se_excite', 0, 0]}}], 'kwargs': {}}]}, {'module': 'keras.layers', 'class_name': 'BatchNormalization', 'config': {'name': 'block2a_project_bn', 'trainable': False, 'dtype': {'module': 'keras', 'class_name': 'DTypePolicy', 'config': {'name': 'float32'}, 'registered_name': None}, 'axis': 3, 'momentum': 0.99, 'epsilon': 0.001, 'center': True, 'scale': True, 'beta_initializer': {'module': 'keras.initializers', 'class_name': 'Zeros', 'config': {}, 'registered_name': None}, 'gamma_initializer': {'module': 'keras.initializers', 'class_name': 'Ones', 'config': {}, 'registered_name': None}, 'moving_mean_initializer': {'module': 'keras.initializers', 'class_name': 'Zeros', 'config': {}, 'registered_name': None}, 'moving_variance_initializer': {'module': 'keras.initializers', 'class_name': 'Ones', 'config': {}, 'registered_name': None}, 'beta_regularizer': None, 'gamma_regularizer': None, 'beta_constraint': None, 'gamma_constraint': None, 'synchronized': False}, 'registered_name': None, 'build_config': {'input_shape': [None, 60, 60, 24]}, 'name': 'block2a_project_bn', 'inbound_nodes': [{'args': [{'class_name': '__keras_tensor__', 'config': {'shape': [None, 60, 60, 24], 'dtype': 'float32', 'keras_history': ['block2a_project_conv', 0, 0]}}], 'kwargs': {'mask': None}}]}, {'module': 'keras.layers', 'class_name': 'Conv2D', 'config': {'name': 'block2b_expand_conv', 'trainable': False, 'dtype': {'module': 'keras', 'class_name': 'DTypePolicy', 'config': {'name': 'float32'}, 'registered_name': None}, 'filters': 144, 'kernel_size': [1, 1], 'strides': [1, 1], 'padding': 'same', 'data_format': 'channels_last', 'dilation_rate': [1, 1], 'groups': 1, 'activation': 'linear', 'use_bias': False, 'kernel_initializer': {'module': 'keras.initializers', 'class_name': 'VarianceScaling', 'config': {'seed': None, 'scale': 2.0, 'mode': 'fan_out', 'distribution': 'truncated_normal'}, 'registered_name': None}, 'bias_initializer': {'module': 'keras.initializers', 'class_name': 'Zeros', 'config': {}, 'registered_name': None}, 'kernel_regularizer': None, 'bias_regularizer': None, 'activity_regularizer': None, 'kernel_constraint': None, 'bias_constraint': None}, 'registered_name': None, 'build_config': {'input_shape': [None, 60, 60, 24]}, 'name': 'block2b_expand_conv', 'inbound_nodes': [{'args': [{'class_name': '__keras_tensor__', 'config': {'shape': [None, 60, 60, 24], 'dtype': 'float32', 'keras_history': ['block2a_project_bn', 0, 0]}}], 'kwargs': {}}]}, {'module': 'keras.layers', 'class_name': 'BatchNormalization', 'config': {'name': 'block2b_expand_bn', 'trainable': False, 'dtype': {'module': 'keras', 'class_name': 'DTypePolicy', 'config': {'name': 'float32'}, 'registered_name': None}, 'axis': 3, 'momentum': 0.99, 'epsilon': 0.001, 'center': True, 'scale': True, 'beta_initializer': {'module': 'keras.initializers', 'class_name': 'Zeros', 'config': {}, 'registered_name': None}, 'gamma_initializer': {'module': 'keras.initializers', 'class_name': 'Ones', 'config': {}, 'registered_name': None}, 'moving_mean_initializer': {'module': 'keras.initializers', 'class_name': 'Zeros', 'config': {}, 'registered_name': None}, 'moving_variance_initializer': {'module': 'keras.initializers', 'class_name': 'Ones', 'config': {}, 'registered_name': None}, 'beta_regularizer': None, 'gamma_regularizer': None, 'beta_constraint': None, 'gamma_constraint': None, 'synchronized': False}, 'registered_name': None, 'build_config': {'input_shape': [None, 60, 60, 144]}, 'name': 'block2b_expand_bn', 'inbound_nodes': [{'args': [{'class_name': '__keras_tensor__', 'config': {'shape': [None, 60, 60, 144], 'dtype': 'float32', 'keras_history': ['block2b_expand_conv', 0, 0]}}], 'kwargs': {'mask': None}}]}, {'module': 'keras.layers', 'class_name': 'Activation', 'config': {'name': 'block2b_expand_activation', 'trainable': False, 'dtype': {'module': 'keras', 'class_name': 'DTypePolicy', 'config': {'name': 'float32'}, 'registered_name': None}, 'activation': 'silu'}, 'registered_name': None, 'name': 'block2b_expand_activation', 'inbound_nodes': [{'args': [{'class_name': '__keras_tensor__', 'config': {'shape': [None, 60, 60, 144], 'dtype': 'float32', 'keras_history': ['block2b_expand_bn', 0, 0]}}], 'kwargs': {}}]}, {'module': 'keras.layers', 'class_name': 'DepthwiseConv2D', 'config': {'name': 'block2b_dwconv', 'trainable': False, 'dtype': {'module': 'keras', 'class_name': 'DTypePolicy', 'config': {'name': 'float32'}, 'registered_name': None}, 'depth_multiplier': 1, 'kernel_size': [3, 3], 'strides': [1, 1], 'padding': 'same', 'data_format': 'channels_last', 'dilation_rate': [1, 1], 'activation': 'linear', 'use_bias': False, 'depthwise_initializer': {'module': 'keras.initializers', 'class_name': 'VarianceScaling', 'config': {'seed': None, 'scale': 2.0, 'mode': 'fan_out', 'distribution': 'truncated_normal'}, 'registered_name': None}, 'bias_initializer': {'module': 'keras.initializers', 'class_name': 'Zeros', 'config': {}, 'registered_name': None}, 'depthwise_regularizer': None, 'bias_regularizer': None, 'activity_regularizer': None, 'depthwise_constraint': None, 'bias_constraint': None}, 'registered_name': None, 'build_config': {'input_shape': [None, 60, 60, 144]}, 'name': 'block2b_dwconv', 'inbound_nodes': [{'args': [{'class_name': '__keras_tensor__', 'config': {'shape': [None, 60, 60, 144], 'dtype': 'float32', 'keras_history': ['block2b_expand_activation', 0, 0]}}], 'kwargs': {}}]}, {'module': 'keras.layers', 'class_name': 'BatchNormalization', 'config': {'name': 'block2b_bn', 'trainable': False, 'dtype': {'module': 'keras', 'class_name': 'DTypePolicy', 'config': {'name': 'float32'}, 'registered_name': None}, 'axis': 3, 'momentum': 0.99, 'epsilon': 0.001, 'center': True, 'scale': True, 'beta_initializer': {'module': 'keras.initializers', 'class_name': 'Zeros', 'config': {}, 'registered_name': None}, 'gamma_initializer': {'module': 'keras.initializers', 'class_name': 'Ones', 'config': {}, 'registered_name': None}, 'moving_mean_initializer': {'module': 'keras.initializers', 'class_name': 'Zeros', 'config': {}, 'registered_name': None}, 'moving_variance_initializer': {'module': 'keras.initializers', 'class_name': 'Ones', 'config': {}, 'registered_name': None}, 'beta_regularizer': None, 'gamma_regularizer': None, 'beta_constraint': None, 'gamma_constraint': None, 'synchronized': False}, 'registered_name': None, 'build_config': {'input_shape': [None, 60, 60, 144]}, 'name': 'block2b_bn', 'inbound_nodes': [{'args': [{'class_name': '__keras_tensor__', 'config': {'shape': [None, 60, 60, 144], 'dtype': 'float32', 'keras_history': ['block2b_dwconv', 0, 0]}}], 'kwargs': {'mask': None}}]}, {'module': 'keras.layers', 'class_name': 'Activation', 'config': {'name': 'block2b_activation', 'trainable': False, 'dtype': {'module': 'keras', 'class_name': 'DTypePolicy', 'config': {'name': 'float32'}, 'registered_name': None}, 'activation': 'silu'}, 'registered_name': None, 'name': 'block2b_activation', 'inbound_nodes': [{'args': [{'class_name': '__keras_tensor__', 'config': {'shape': [None, 60, 60, 144], 'dtype': 'float32', 'keras_history': ['block2b_bn', 0, 0]}}], 'kwargs': {}}]}, {'module': 'keras.layers', 'class_name': 'GlobalAveragePooling2D', 'config': {'name': 'block2b_se_squeeze', 'trainable': False, 'dtype': {'module': 'keras', 'class_name': 'DTypePolicy', 'config': {'name': 'float32'}, 'registered_name': None}, 'data_format': 'channels_last', 'keepdims': False}, 'registered_name': None, 'name': 'block2b_se_squeeze', 'inbound_nodes': [{'args': [{'class_name': '__keras_tensor__', 'config': {'shape': [None, 60, 60, 144], 'dtype': 'float32', 'keras_history': ['block2b_activation', 0, 0]}}], 'kwargs': {}}]}, {'module': 'keras.layers', 'class_name': 'Reshape', 'config': {'name': 'block2b_se_reshape', 'trainable': False, 'dtype': {'module': 'keras', 'class_name': 'DTypePolicy', 'config': {'name': 'float32'}, 'registered_name': None}, 'target_shape': [1, 1, 144]}, 'registered_name': None, 'name': 'block2b_se_reshape', 'inbound_nodes': [{'args': [{'class_name': '__keras_tensor__', 'config': {'shape': [None, 144], 'dtype': 'float32', 'keras_history': ['block2b_se_squeeze', 0, 0]}}], 'kwargs': {}}]}, {'module': 'keras.layers', 'class_name': 'Conv2D', 'config': {'name': 'block2b_se_reduce', 'trainable': False, 'dtype': {'module': 'keras', 'class_name': 'DTypePolicy', 'config': {'name': 'float32'}, 'registered_name': None}, 'filters': 6, 'kernel_size': [1, 1], 'strides': [1, 1], 'padding': 'same', 'data_format': 'channels_last', 'dilation_rate': [1, 1], 'groups': 1, 'activation': 'silu', 'use_bias': True, 'kernel_initializer': {'module': 'keras.initializers', 'class_name': 'VarianceScaling', 'config': {'seed': None, 'scale': 2.0, 'mode': 'fan_out', 'distribution': 'truncated_normal'}, 'registered_name': None}, 'bias_initializer': {'module': 'keras.initializers', 'class_name': 'Zeros', 'config': {}, 'registered_name': None}, 'kernel_regularizer': None, 'bias_regularizer': None, 'activity_regularizer': None, 'kernel_constraint': None, 'bias_constraint': None}, 'registered_name': None, 'build_config': {'input_shape': [None, 1, 1, 144]}, 'name': 'block2b_se_reduce', 'inbound_nodes': [{'args': [{'class_name': '__keras_tensor__', 'config': {'shape': [None, 1, 1, 144], 'dtype': 'float32', 'keras_history': ['block2b_se_reshape', 0, 0]}}], 'kwargs': {}}]}, {'module': 'keras.layers', 'class_name': 'Conv2D', 'config': {'name': 'block2b_se_expand', 'trainable': False, 'dtype': {'module': 'keras', 'class_name': 'DTypePolicy', 'config': {'name': 'float32'}, 'registered_name': None}, 'filters': 144, 'kernel_size': [1, 1], 'strides': [1, 1], 'padding': 'same', 'data_format': 'channels_last', 'dilation_rate': [1, 1], 'groups': 1, 'activation': 'sigmoid', 'use_bias': True, 'kernel_initializer': {'module': 'keras.initializers', 'class_name': 'VarianceScaling', 'config': {'seed': None, 'scale': 2.0, 'mode': 'fan_out', 'distribution': 'truncated_normal'}, 'registered_name': None}, 'bias_initializer': {'module': 'keras.initializers', 'class_name': 'Zeros', 'config': {}, 'registered_name': None}, 'kernel_regularizer': None, 'bias_regularizer': None, 'activity_regularizer': None, 'kernel_constraint': None, 'bias_constraint': None}, 'registered_name': None, 'build_config': {'input_shape': [None, 1, 1, 6]}, 'name': 'block2b_se_expand', 'inbound_nodes': [{'args': [{'class_name': '__keras_tensor__', 'config': {'shape': [None, 1, 1, 6], 'dtype': 'float32', 'keras_history': ['block2b_se_reduce', 0, 0]}}], 'kwargs': {}}]}, {'module': 'keras.layers', 'class_name': 'Multiply', 'config': {'name': 'block2b_se_excite', 'trainable': False, 'dtype': {'module': 'keras', 'class_name': 'DTypePolicy', 'config': {'name': 'float32'}, 'registered_name': None}}, 'registered_name': None, 'build_config': {'input_shape': [[None, 60, 60, 144], [None, 1, 1, 144]]}, 'name': 'block2b_se_excite', 'inbound_nodes': [{'args': [[{'class_name': '__keras_tensor__', 'config': {'shape': [None, 60, 60, 144], 'dtype': 'float32', 'keras_history': ['block2b_activation', 0, 0]}}, {'class_name': '__keras_tensor__', 'config': {'shape': [None, 1, 1, 144], 'dtype': 'float32', 'keras_history': ['block2b_se_expand', 0, 0]}}]], 'kwargs': {}}]}, {'module': 'keras.layers', 'class_name': 'Conv2D', 'config': {'name': 'block2b_project_conv', 'trainable': False, 'dtype': {'module': 'keras', 'class_name': 'DTypePolicy', 'config': {'name': 'float32'}, 'registered_name': None}, 'filters': 24, 'kernel_size': [1, 1], 'strides': [1, 1], 'padding': 'same', 'data_format': 'channels_last', 'dilation_rate': [1, 1], 'groups': 1, 'activation': 'linear', 'use_bias': False, 'kernel_initializer': {'module': 'keras.initializers', 'class_name': 'VarianceScaling', 'config': {'seed': None, 'scale': 2.0, 'mode': 'fan_out', 'distribution': 'truncated_normal'}, 'registered_name': None}, 'bias_initializer': {'module': 'keras.initializers', 'class_name': 'Zeros', 'config': {}, 'registered_name': None}, 'kernel_regularizer': None, 'bias_regularizer': None, 'activity_regularizer': None, 'kernel_constraint': None, 'bias_constraint': None}, 'registered_name': None, 'build_config': {'input_shape': [None, 60, 60, 144]}, 'name': 'block2b_project_conv', 'inbound_nodes': [{'args': [{'class_name': '__keras_tensor__', 'config': {'shape': [None, 60, 60, 144], 'dtype': 'float32', 'keras_history': ['block2b_se_excite', 0, 0]}}], 'kwargs': {}}]}, {'module': 'keras.layers', 'class_name': 'BatchNormalization', 'config': {'name': 'block2b_project_bn', 'trainable': False, 'dtype': {'module': 'keras', 'class_name': 'DTypePolicy', 'config': {'name': 'float32'}, 'registered_name': None}, 'axis': 3, 'momentum': 0.99, 'epsilon': 0.001, 'center': True, 'scale': True, 'beta_initializer': {'module': 'keras.initializers', 'class_name': 'Zeros', 'config': {}, 'registered_name': None}, 'gamma_initializer': {'module': 'keras.initializers', 'class_name': 'Ones', 'config': {}, 'registered_name': None}, 'moving_mean_initializer': {'module': 'keras.initializers', 'class_name': 'Zeros', 'config': {}, 'registered_name': None}, 'moving_variance_initializer': {'module': 'keras.initializers', 'class_name': 'Ones', 'config': {}, 'registered_name': None}, 'beta_regularizer': None, 'gamma_regularizer': None, 'beta_constraint': None, 'gamma_constraint': None, 'synchronized': False}, 'registered_name': None, 'build_config': {'input_shape': [None, 60, 60, 24]}, 'name': 'block2b_project_bn', 'inbound_nodes': [{'args': [{'class_name': '__keras_tensor__', 'config': {'shape': [None, 60, 60, 24], 'dtype': 'float32', 'keras_history': ['block2b_project_conv', 0, 0]}}], 'kwargs': {'mask': None}}]}, {'module': 'keras.layers', 'class_name': 'Dropout', 'config': {'name': 'block2b_drop', 'trainable': False, 'dtype': {'module': 'keras', 'class_name': 'DTypePolicy', 'config': {'name': 'float32'}, 'registered_name': None}, 'rate': 0.026086956521739136, 'seed': None, 'noise_shape': [None, 1, 1, 1]}, 'registered_name': None, 'name': 'block2b_drop', 'inbound_nodes': [{'args': [{'class_name': '__keras_tensor__', 'config': {'shape': [None, 60, 60, 24], 'dtype': 'float32', 'keras_history': ['block2b_project_bn', 0, 0]}}], 'kwargs': {'training': False}}]}, {'module': 'keras.layers', 'class_name': 'Add', 'config': {'name': 'block2b_add', 'trainable': False, 'dtype': {'module': 'keras', 'class_name': 'DTypePolicy', 'config': {'name': 'float32'}, 'registered_name': None}}, 'registered_name': None, 'build_config': {'input_shape': [[None, 60, 60, 24], [None, 60, 60, 24]]}, 'name': 'block2b_add', 'inbound_nodes': [{'args': [[{'class_name': '__keras_tensor__', 'config': {'shape': [None, 60, 60, 24], 'dtype': 'float32', 'keras_history': ['block2b_drop', 0, 0]}}, {'class_name': '__keras_tensor__', 'config': {'shape': [None, 60, 60, 24], 'dtype': 'float32', 'keras_history': ['block2a_project_bn', 0, 0]}}]], 'kwargs': {}}]}, {'module': 'keras.layers', 'class_name': 'Conv2D', 'config': {'name': 'block2c_expand_conv', 'trainable': False, 'dtype': {'module': 'keras', 'class_name': 'DTypePolicy', 'config': {'name': 'float32'}, 'registered_name': None}, 'filters': 144, 'kernel_size': [1, 1], 'strides': [1, 1], 'padding': 'same', 'data_format': 'channels_last', 'dilation_rate': [1, 1], 'groups': 1, 'activation': 'linear', 'use_bias': False, 'kernel_initializer': {'module': 'keras.initializers', 'class_name': 'VarianceScaling', 'config': {'seed': None, 'scale': 2.0, 'mode': 'fan_out', 'distribution': 'truncated_normal'}, 'registered_name': None}, 'bias_initializer': {'module': 'keras.initializers', 'class_name': 'Zeros', 'config': {}, 'registered_name': None}, 'kernel_regularizer': None, 'bias_regularizer': None, 'activity_regularizer': None, 'kernel_constraint': None, 'bias_constraint': None}, 'registered_name': None, 'build_config': {'input_shape': [None, 60, 60, 24]}, 'name': 'block2c_expand_conv', 'inbound_nodes': [{'args': [{'class_name': '__keras_tensor__', 'config': {'shape': [None, 60, 60, 24], 'dtype': 'float32', 'keras_history': ['block2b_add', 0, 0]}}], 'kwargs': {}}]}, {'module': 'keras.layers', 'class_name': 'BatchNormalization', 'config': {'name': 'block2c_expand_bn', 'trainable': False, 'dtype': {'module': 'keras', 'class_name': 'DTypePolicy', 'config': {'name': 'float32'}, 'registered_name': None}, 'axis': 3, 'momentum': 0.99, 'epsilon': 0.001, 'center': True, 'scale': True, 'beta_initializer': {'module': 'keras.initializers', 'class_name': 'Zeros', 'config': {}, 'registered_name': None}, 'gamma_initializer': {'module': 'keras.initializers', 'class_name': 'Ones', 'config': {}, 'registered_name': None}, 'moving_mean_initializer': {'module': 'keras.initializers', 'class_name': 'Zeros', 'config': {}, 'registered_name': None}, 'moving_variance_initializer': {'module': 'keras.initializers', 'class_name': 'Ones', 'config': {}, 'registered_name': None}, 'beta_regularizer': None, 'gamma_regularizer': None, 'beta_constraint': None, 'gamma_constraint': None, 'synchronized': False}, 'registered_name': None, 'build_config': {'input_shape': [None, 60, 60, 144]}, 'name': 'block2c_expand_bn', 'inbound_nodes': [{'args': [{'class_name': '__keras_tensor__', 'config': {'shape': [None, 60, 60, 144], 'dtype': 'float32', 'keras_history': ['block2c_expand_conv', 0, 0]}}], 'kwargs': {'mask': None}}]}, {'module': 'keras.layers', 'class_name': 'Activation', 'config': {'name': 'block2c_expand_activation', 'trainable': False, 'dtype': {'module': 'keras', 'class_name': 'DTypePolicy', 'config': {'name': 'float32'}, 'registered_name': None}, 'activation': 'silu'}, 'registered_name': None, 'name': 'block2c_expand_activation', 'inbound_nodes': [{'args': [{'class_name': '__keras_tensor__', 'config': {'shape': [None, 60, 60, 144], 'dtype': 'float32', 'keras_history': ['block2c_expand_bn', 0, 0]}}], 'kwargs': {}}]}, {'module': 'keras.layers', 'class_name': 'DepthwiseConv2D', 'config': {'name': 'block2c_dwconv', 'trainable': False, 'dtype': {'module': 'keras', 'class_name': 'DTypePolicy', 'config': {'name': 'float32'}, 'registered_name': None}, 'depth_multiplier': 1, 'kernel_size': [3, 3], 'strides': [1, 1], 'padding': 'same', 'data_format': 'channels_last', 'dilation_rate': [1, 1], 'activation': 'linear', 'use_bias': False, 'depthwise_initializer': {'module': 'keras.initializers', 'class_name': 'VarianceScaling', 'config': {'seed': None, 'scale': 2.0, 'mode': 'fan_out', 'distribution': 'truncated_normal'}, 'registered_name': None}, 'bias_initializer': {'module': 'keras.initializers', 'class_name': 'Zeros', 'config': {}, 'registered_name': None}, 'depthwise_regularizer': None, 'bias_regularizer': None, 'activity_regularizer': None, 'depthwise_constraint': None, 'bias_constraint': None}, 'registered_name': None, 'build_config': {'input_shape': [None, 60, 60, 144]}, 'name': 'block2c_dwconv', 'inbound_nodes': [{'args': [{'class_name': '__keras_tensor__', 'config': {'shape': [None, 60, 60, 144], 'dtype': 'float32', 'keras_history': ['block2c_expand_activation', 0, 0]}}], 'kwargs': {}}]}, {'module': 'keras.layers', 'class_name': 'BatchNormalization', 'config': {'name': 'block2c_bn', 'trainable': False, 'dtype': {'module': 'keras', 'class_name': 'DTypePolicy', 'config': {'name': 'float32'}, 'registered_name': None}, 'axis': 3, 'momentum': 0.99, 'epsilon': 0.001, 'center': True, 'scale': True, 'beta_initializer': {'module': 'keras.initializers', 'class_name': 'Zeros', 'config': {}, 'registered_name': None}, 'gamma_initializer': {'module': 'keras.initializers', 'class_name': 'Ones', 'config': {}, 'registered_name': None}, 'moving_mean_initializer': {'module': 'keras.initializers', 'class_name': 'Zeros', 'config': {}, 'registered_name': None}, 'moving_variance_initializer': {'module': 'keras.initializers', 'class_name': 'Ones', 'config': {}, 'registered_name': None}, 'beta_regularizer': None, 'gamma_regularizer': None, 'beta_constraint': None, 'gamma_constraint': None, 'synchronized': False}, 'registered_name': None, 'build_config': {'input_shape': [None, 60, 60, 144]}, 'name': 'block2c_bn', 'inbound_nodes': [{'args': [{'class_name': '__keras_tensor__', 'config': {'shape': [None, 60, 60, 144], 'dtype': 'float32', 'keras_history': ['block2c_dwconv', 0, 0]}}], 'kwargs': {'mask': None}}]}, {'module': 'keras.layers', 'class_name': 'Activation', 'config': {'name': 'block2c_activation', 'trainable': False, 'dtype': {'module': 'keras', 'class_name': 'DTypePolicy', 'config': {'name': 'float32'}, 'registered_name': None}, 'activation': 'silu'}, 'registered_name': None, 'name': 'block2c_activation', 'inbound_nodes': [{'args': [{'class_name': '__keras_tensor__', 'config': {'shape': [None, 60, 60, 144], 'dtype': 'float32', 'keras_history': ['block2c_bn', 0, 0]}}], 'kwargs': {}}]}, {'module': 'keras.layers', 'class_name': 'GlobalAveragePooling2D', 'config': {'name': 'block2c_se_squeeze', 'trainable': False, 'dtype': {'module': 'keras', 'class_name': 'DTypePolicy', 'config': {'name': 'float32'}, 'registered_name': None}, 'data_format': 'channels_last', 'keepdims': False}, 'registered_name': None, 'name': 'block2c_se_squeeze', 'inbound_nodes': [{'args': [{'class_name': '__keras_tensor__', 'config': {'shape': [None, 60, 60, 144], 'dtype': 'float32', 'keras_history': ['block2c_activation', 0, 0]}}], 'kwargs': {}}]}, {'module': 'keras.layers', 'class_name': 'Reshape', 'config': {'name': 'block2c_se_reshape', 'trainable': False, 'dtype': {'module': 'keras', 'class_name': 'DTypePolicy', 'config': {'name': 'float32'}, 'registered_name': None}, 'target_shape': [1, 1, 144]}, 'registered_name': None, 'name': 'block2c_se_reshape', 'inbound_nodes': [{'args': [{'class_name': '__keras_tensor__', 'config': {'shape': [None, 144], 'dtype': 'float32', 'keras_history': ['block2c_se_squeeze', 0, 0]}}], 'kwargs': {}}]}, {'module': 'keras.layers', 'class_name': 'Conv2D', 'config': {'name': 'block2c_se_reduce', 'trainable': False, 'dtype': {'module': 'keras', 'class_name': 'DTypePolicy', 'config': {'name': 'float32'}, 'registered_name': None}, 'filters': 6, 'kernel_size': [1, 1], 'strides': [1, 1], 'padding': 'same', 'data_format': 'channels_last', 'dilation_rate': [1, 1], 'groups': 1, 'activation': 'silu', 'use_bias': True, 'kernel_initializer': {'module': 'keras.initializers', 'class_name': 'VarianceScaling', 'config': {'seed': None, 'scale': 2.0, 'mode': 'fan_out', 'distribution': 'truncated_normal'}, 'registered_name': None}, 'bias_initializer': {'module': 'keras.initializers', 'class_name': 'Zeros', 'config': {}, 'registered_name': None}, 'kernel_regularizer': None, 'bias_regularizer': None, 'activity_regularizer': None, 'kernel_constraint': None, 'bias_constraint': None}, 'registered_name': None, 'build_config': {'input_shape': [None, 1, 1, 144]}, 'name': 'block2c_se_reduce', 'inbound_nodes': [{'args': [{'class_name': '__keras_tensor__', 'config': {'shape': [None, 1, 1, 144], 'dtype': 'float32', 'keras_history': ['block2c_se_reshape', 0, 0]}}], 'kwargs': {}}]}, {'module': 'keras.layers', 'class_name': 'Conv2D', 'config': {'name': 'block2c_se_expand', 'trainable': False, 'dtype': {'module': 'keras', 'class_name': 'DTypePolicy', 'config': {'name': 'float32'}, 'registered_name': None}, 'filters': 144, 'kernel_size': [1, 1], 'strides': [1, 1], 'padding': 'same', 'data_format': 'channels_last', 'dilation_rate': [1, 1], 'groups': 1, 'activation': 'sigmoid', 'use_bias': True, 'kernel_initializer': {'module': 'keras.initializers', 'class_name': 'VarianceScaling', 'config': {'seed': None, 'scale': 2.0, 'mode': 'fan_out', 'distribution': 'truncated_normal'}, 'registered_name': None}, 'bias_initializer': {'module': 'keras.initializers', 'class_name': 'Zeros', 'config': {}, 'registered_name': None}, 'kernel_regularizer': None, 'bias_regularizer': None, 'activity_regularizer': None, 'kernel_constraint': None, 'bias_constraint': None}, 'registered_name': None, 'build_config': {'input_shape': [None, 1, 1, 6]}, 'name': 'block2c_se_expand', 'inbound_nodes': [{'args': [{'class_name': '__keras_tensor__', 'config': {'shape': [None, 1, 1, 6], 'dtype': 'float32', 'keras_history': ['block2c_se_reduce', 0, 0]}}], 'kwargs': {}}]}, {'module': 'keras.layers', 'class_name': 'Multiply', 'config': {'name': 'block2c_se_excite', 'trainable': False, 'dtype': {'module': 'keras', 'class_name': 'DTypePolicy', 'config': {'name': 'float32'}, 'registered_name': None}}, 'registered_name': None, 'build_config': {'input_shape': [[None, 60, 60, 144], [None, 1, 1, 144]]}, 'name': 'block2c_se_excite', 'inbound_nodes': [{'args': [[{'class_name': '__keras_tensor__', 'config': {'shape': [None, 60, 60, 144], 'dtype': 'float32', 'keras_history': ['block2c_activation', 0, 0]}}, {'class_name': '__keras_tensor__', 'config': {'shape': [None, 1, 1, 144], 'dtype': 'float32', 'keras_history': ['block2c_se_expand', 0, 0]}}]], 'kwargs': {}}]}, {'module': 'keras.layers', 'class_name': 'Conv2D', 'config': {'name': 'block2c_project_conv', 'trainable': False, 'dtype': {'module': 'keras', 'class_name': 'DTypePolicy', 'config': {'name': 'float32'}, 'registered_name': None}, 'filters': 24, 'kernel_size': [1, 1], 'strides': [1, 1], 'padding': 'same', 'data_format': 'channels_last', 'dilation_rate': [1, 1], 'groups': 1, 'activation': 'linear', 'use_bias': False, 'kernel_initializer': {'module': 'keras.initializers', 'class_name': 'VarianceScaling', 'config': {'seed': None, 'scale': 2.0, 'mode': 'fan_out', 'distribution': 'truncated_normal'}, 'registered_name': None}, 'bias_initializer': {'module': 'keras.initializers', 'class_name': 'Zeros', 'config': {}, 'registered_name': None}, 'kernel_regularizer': None, 'bias_regularizer': None, 'activity_regularizer': None, 'kernel_constraint': None, 'bias_constraint': None}, 'registered_name': None, 'build_config': {'input_shape': [None, 60, 60, 144]}, 'name': 'block2c_project_conv', 'inbound_nodes': [{'args': [{'class_name': '__keras_tensor__', 'config': {'shape': [None, 60, 60, 144], 'dtype': 'float32', 'keras_history': ['block2c_se_excite', 0, 0]}}], 'kwargs': {}}]}, {'module': 'keras.layers', 'class_name': 'BatchNormalization', 'config': {'name': 'block2c_project_bn', 'trainable': False, 'dtype': {'module': 'keras', 'class_name': 'DTypePolicy', 'config': {'name': 'float32'}, 'registered_name': None}, 'axis': 3, 'momentum': 0.99, 'epsilon': 0.001, 'center': True, 'scale': True, 'beta_initializer': {'module': 'keras.initializers', 'class_name': 'Zeros', 'config': {}, 'registered_name': None}, 'gamma_initializer': {'module': 'keras.initializers', 'class_name': 'Ones', 'config': {}, 'registered_name': None}, 'moving_mean_initializer': {'module': 'keras.initializers', 'class_name': 'Zeros', 'config': {}, 'registered_name': None}, 'moving_variance_initializer': {'module': 'keras.initializers', 'class_name': 'Ones', 'config': {}, 'registered_name': None}, 'beta_regularizer': None, 'gamma_regularizer': None, 'beta_constraint': None, 'gamma_constraint': None, 'synchronized': False}, 'registered_name': None, 'build_config': {'input_shape': [None, 60, 60, 24]}, 'name': 'block2c_project_bn', 'inbound_nodes': [{'args': [{'class_name': '__keras_tensor__', 'config': {'shape': [None, 60, 60, 24], 'dtype': 'float32', 'keras_history': ['block2c_project_conv', 0, 0]}}], 'kwargs': {'mask': None}}]}, {'module': 'keras.layers', 'class_name': 'Dropout', 'config': {'name': 'block2c_drop', 'trainable': False, 'dtype': {'module': 'keras', 'class_name': 'DTypePolicy', 'config': {'name': 'float32'}, 'registered_name': None}, 'rate': 0.034782608695652174, 'seed': None, 'noise_shape': [None, 1, 1, 1]}, 'registered_name': None, 'name': 'block2c_drop', 'inbound_nodes': [{'args': [{'class_name': '__keras_tensor__', 'config': {'shape': [None, 60, 60, 24], 'dtype': 'float32', 'keras_history': ['block2c_project_bn', 0, 0]}}], 'kwargs': {'training': False}}]}, {'module': 'keras.layers', 'class_name': 'Add', 'config': {'name': 'block2c_add', 'trainable': False, 'dtype': {'module': 'keras', 'class_name': 'DTypePolicy', 'config': {'name': 'float32'}, 'registered_name': None}}, 'registered_name': None, 'build_config': {'input_shape': [[None, 60, 60, 24], [None, 60, 60, 24]]}, 'name': 'block2c_add', 'inbound_nodes': [{'args': [[{'class_name': '__keras_tensor__', 'config': {'shape': [None, 60, 60, 24], 'dtype': 'float32', 'keras_history': ['block2c_drop', 0, 0]}}, {'class_name': '__keras_tensor__', 'config': {'shape': [None, 60, 60, 24], 'dtype': 'float32', 'keras_history': ['block2b_add', 0, 0]}}]], 'kwargs': {}}]}, {'module': 'keras.layers', 'class_name': 'Conv2D', 'config': {'name': 'block3a_expand_conv', 'trainable': False, 'dtype': {'module': 'keras', 'class_name': 'DTypePolicy', 'config': {'name': 'float32'}, 'registered_name': None}, 'filters': 144, 'kernel_size': [1, 1], 'strides': [1, 1], 'padding': 'same', 'data_format': 'channels_last', 'dilation_rate': [1, 1], 'groups': 1, 'activation': 'linear', 'use_bias': False, 'kernel_initializer': {'module': 'keras.initializers', 'class_name': 'VarianceScaling', 'config': {'seed': None, 'scale': 2.0, 'mode': 'fan_out', 'distribution': 'truncated_normal'}, 'registered_name': None}, 'bias_initializer': {'module': 'keras.initializers', 'class_name': 'Zeros', 'config': {}, 'registered_name': None}, 'kernel_regularizer': None, 'bias_regularizer': None, 'activity_regularizer': None, 'kernel_constraint': None, 'bias_constraint': None}, 'registered_name': None, 'build_config': {'input_shape': [None, 60, 60, 24]}, 'name': 'block3a_expand_conv', 'inbound_nodes': [{'args': [{'class_name': '__keras_tensor__', 'config': {'shape': [None, 60, 60, 24], 'dtype': 'float32', 'keras_history': ['block2c_add', 0, 0]}}], 'kwargs': {}}]}, {'module': 'keras.layers', 'class_name': 'BatchNormalization', 'config': {'name': 'block3a_expand_bn', 'trainable': False, 'dtype': {'module': 'keras', 'class_name': 'DTypePolicy', 'config': {'name': 'float32'}, 'registered_name': None}, 'axis': 3, 'momentum': 0.99, 'epsilon': 0.001, 'center': True, 'scale': True, 'beta_initializer': {'module': 'keras.initializers', 'class_name': 'Zeros', 'config': {}, 'registered_name': None}, 'gamma_initializer': {'module': 'keras.initializers', 'class_name': 'Ones', 'config': {}, 'registered_name': None}, 'moving_mean_initializer': {'module': 'keras.initializers', 'class_name': 'Zeros', 'config': {}, 'registered_name': None}, 'moving_variance_initializer': {'module': 'keras.initializers', 'class_name': 'Ones', 'config': {}, 'registered_name': None}, 'beta_regularizer': None, 'gamma_regularizer': None, 'beta_constraint': None, 'gamma_constraint': None, 'synchronized': False}, 'registered_name': None, 'build_config': {'input_shape': [None, 60, 60, 144]}, 'name': 'block3a_expand_bn', 'inbound_nodes': [{'args': [{'class_name': '__keras_tensor__', 'config': {'shape': [None, 60, 60, 144], 'dtype': 'float32', 'keras_history': ['block3a_expand_conv', 0, 0]}}], 'kwargs': {'mask': None}}]}, {'module': 'keras.layers', 'class_name': 'Activation', 'config': {'name': 'block3a_expand_activation', 'trainable': False, 'dtype': {'module': 'keras', 'class_name': 'DTypePolicy', 'config': {'name': 'float32'}, 'registered_name': None}, 'activation': 'silu'}, 'registered_name': None, 'name': 'block3a_expand_activation', 'inbound_nodes': [{'args': [{'class_name': '__keras_tensor__', 'config': {'shape': [None, 60, 60, 144], 'dtype': 'float32', 'keras_history': ['block3a_expand_bn', 0, 0]}}], 'kwargs': {}}]}, {'module': 'keras.layers', 'class_name': 'ZeroPadding2D', 'config': {'name': 'block3a_dwconv_pad', 'trainable': False, 'dtype': {'module': 'keras', 'class_name': 'DTypePolicy', 'config': {'name': 'float32'}, 'registered_name': None}, 'padding': [[1, 2], [1, 2]], 'data_format': 'channels_last'}, 'registered_name': None, 'build_config': {'input_shape': [None, 60, 60, 144]}, 'name': 'block3a_dwconv_pad', 'inbound_nodes': [{'args': [{'class_name': '__keras_tensor__', 'config': {'shape': [None, 60, 60, 144], 'dtype': 'float32', 'keras_history': ['block3a_expand_activation', 0, 0]}}], 'kwargs': {}}]}, {'module': 'keras.layers', 'class_name': 'DepthwiseConv2D', 'config': {'name': 'block3a_dwconv', 'trainable': False, 'dtype': {'module': 'keras', 'class_name': 'DTypePolicy', 'config': {'name': 'float32'}, 'registered_name': None}, 'depth_multiplier': 1, 'kernel_size': [5, 5], 'strides': [2, 2], 'padding': 'valid', 'data_format': 'channels_last', 'dilation_rate': [1, 1], 'activation': 'linear', 'use_bias': False, 'depthwise_initializer': {'module': 'keras.initializers', 'class_name': 'VarianceScaling', 'config': {'seed': None, 'scale': 2.0, 'mode': 'fan_out', 'distribution': 'truncated_normal'}, 'registered_name': None}, 'bias_initializer': {'module': 'keras.initializers', 'class_name': 'Zeros', 'config': {}, 'registered_name': None}, 'depthwise_regularizer': None, 'bias_regularizer': None, 'activity_regularizer': None, 'depthwise_constraint': None, 'bias_constraint': None}, 'registered_name': None, 'build_config': {'input_shape': [None, 63, 63, 144]}, 'name': 'block3a_dwconv', 'inbound_nodes': [{'args': [{'class_name': '__keras_tensor__', 'config': {'shape': [None, 63, 63, 144], 'dtype': 'float32', 'keras_history': ['block3a_dwconv_pad', 0, 0]}}], 'kwargs': {}}]}, {'module': 'keras.layers', 'class_name': 'BatchNormalization', 'config': {'name': 'block3a_bn', 'trainable': False, 'dtype': {'module': 'keras', 'class_name': 'DTypePolicy', 'config': {'name': 'float32'}, 'registered_name': None}, 'axis': 3, 'momentum': 0.99, 'epsilon': 0.001, 'center': True, 'scale': True, 'beta_initializer': {'module': 'keras.initializers', 'class_name': 'Zeros', 'config': {}, 'registered_name': None}, 'gamma_initializer': {'module': 'keras.initializers', 'class_name': 'Ones', 'config': {}, 'registered_name': None}, 'moving_mean_initializer': {'module': 'keras.initializers', 'class_name': 'Zeros', 'config': {}, 'registered_name': None}, 'moving_variance_initializer': {'module': 'keras.initializers', 'class_name': 'Ones', 'config': {}, 'registered_name': None}, 'beta_regularizer': None, 'gamma_regularizer': None, 'beta_constraint': None, 'gamma_constraint': None, 'synchronized': False}, 'registered_name': None, 'build_config': {'input_shape': [None, 30, 30, 144]}, 'name': 'block3a_bn', 'inbound_nodes': [{'args': [{'class_name': '__keras_tensor__', 'config': {'shape': [None, 30, 30, 144], 'dtype': 'float32', 'keras_history': ['block3a_dwconv', 0, 0]}}], 'kwargs': {'mask': None}}]}, {'module': 'keras.layers', 'class_name': 'Activation', 'config': {'name': 'block3a_activation', 'trainable': False, 'dtype': {'module': 'keras', 'class_name': 'DTypePolicy', 'config': {'name': 'float32'}, 'registered_name': None}, 'activation': 'silu'}, 'registered_name': None, 'name': 'block3a_activation', 'inbound_nodes': [{'args': [{'class_name': '__keras_tensor__', 'config': {'shape': [None, 30, 30, 144], 'dtype': 'float32', 'keras_history': ['block3a_bn', 0, 0]}}], 'kwargs': {}}]}, {'module': 'keras.layers', 'class_name': 'GlobalAveragePooling2D', 'config': {'name': 'block3a_se_squeeze', 'trainable': False, 'dtype': {'module': 'keras', 'class_name': 'DTypePolicy', 'config': {'name': 'float32'}, 'registered_name': None}, 'data_format': 'channels_last', 'keepdims': False}, 'registered_name': None, 'name': 'block3a_se_squeeze', 'inbound_nodes': [{'args': [{'class_name': '__keras_tensor__', 'config': {'shape': [None, 30, 30, 144], 'dtype': 'float32', 'keras_history': ['block3a_activation', 0, 0]}}], 'kwargs': {}}]}, {'module': 'keras.layers', 'class_name': 'Reshape', 'config': {'name': 'block3a_se_reshape', 'trainable': False, 'dtype': {'module': 'keras', 'class_name': 'DTypePolicy', 'config': {'name': 'float32'}, 'registered_name': None}, 'target_shape': [1, 1, 144]}, 'registered_name': None, 'name': 'block3a_se_reshape', 'inbound_nodes': [{'args': [{'class_name': '__keras_tensor__', 'config': {'shape': [None, 144], 'dtype': 'float32', 'keras_history': ['block3a_se_squeeze', 0, 0]}}], 'kwargs': {}}]}, {'module': 'keras.layers', 'class_name': 'Conv2D', 'config': {'name': 'block3a_se_reduce', 'trainable': False, 'dtype': {'module': 'keras', 'class_name': 'DTypePolicy', 'config': {'name': 'float32'}, 'registered_name': None}, 'filters': 6, 'kernel_size': [1, 1], 'strides': [1, 1], 'padding': 'same', 'data_format': 'channels_last', 'dilation_rate': [1, 1], 'groups': 1, 'activation': 'silu', 'use_bias': True, 'kernel_initializer': {'module': 'keras.initializers', 'class_name': 'VarianceScaling', 'config': {'seed': None, 'scale': 2.0, 'mode': 'fan_out', 'distribution': 'truncated_normal'}, 'registered_name': None}, 'bias_initializer': {'module': 'keras.initializers', 'class_name': 'Zeros', 'config': {}, 'registered_name': None}, 'kernel_regularizer': None, 'bias_regularizer': None, 'activity_regularizer': None, 'kernel_constraint': None, 'bias_constraint': None}, 'registered_name': None, 'build_config': {'input_shape': [None, 1, 1, 144]}, 'name': 'block3a_se_reduce', 'inbound_nodes': [{'args': [{'class_name': '__keras_tensor__', 'config': {'shape': [None, 1, 1, 144], 'dtype': 'float32', 'keras_history': ['block3a_se_reshape', 0, 0]}}], 'kwargs': {}}]}, {'module': 'keras.layers', 'class_name': 'Conv2D', 'config': {'name': 'block3a_se_expand', 'trainable': False, 'dtype': {'module': 'keras', 'class_name': 'DTypePolicy', 'config': {'name': 'float32'}, 'registered_name': None}, 'filters': 144, 'kernel_size': [1, 1], 'strides': [1, 1], 'padding': 'same', 'data_format': 'channels_last', 'dilation_rate': [1, 1], 'groups': 1, 'activation': 'sigmoid', 'use_bias': True, 'kernel_initializer': {'module': 'keras.initializers', 'class_name': 'VarianceScaling', 'config': {'seed': None, 'scale': 2.0, 'mode': 'fan_out', 'distribution': 'truncated_normal'}, 'registered_name': None}, 'bias_initializer': {'module': 'keras.initializers', 'class_name': 'Zeros', 'config': {}, 'registered_name': None}, 'kernel_regularizer': None, 'bias_regularizer': None, 'activity_regularizer': None, 'kernel_constraint': None, 'bias_constraint': None}, 'registered_name': None, 'build_config': {'input_shape': [None, 1, 1, 6]}, 'name': 'block3a_se_expand', 'inbound_nodes': [{'args': [{'class_name': '__keras_tensor__', 'config': {'shape': [None, 1, 1, 6], 'dtype': 'float32', 'keras_history': ['block3a_se_reduce', 0, 0]}}], 'kwargs': {}}]}, {'module': 'keras.layers', 'class_name': 'Multiply', 'config': {'name': 'block3a_se_excite', 'trainable': False, 'dtype': {'module': 'keras', 'class_name': 'DTypePolicy', 'config': {'name': 'float32'}, 'registered_name': None}}, 'registered_name': None, 'build_config': {'input_shape': [[None, 30, 30, 144], [None, 1, 1, 144]]}, 'name': 'block3a_se_excite', 'inbound_nodes': [{'args': [[{'class_name': '__keras_tensor__', 'config': {'shape': [None, 30, 30, 144], 'dtype': 'float32', 'keras_history': ['block3a_activation', 0, 0]}}, {'class_name': '__keras_tensor__', 'config': {'shape': [None, 1, 1, 144], 'dtype': 'float32', 'keras_history': ['block3a_se_expand', 0, 0]}}]], 'kwargs': {}}]}, {'module': 'keras.layers', 'class_name': 'Conv2D', 'config': {'name': 'block3a_project_conv', 'trainable': False, 'dtype': {'module': 'keras', 'class_name': 'DTypePolicy', 'config': {'name': 'float32'}, 'registered_name': None}, 'filters': 40, 'kernel_size': [1, 1], 'strides': [1, 1], 'padding': 'same', 'data_format': 'channels_last', 'dilation_rate': [1, 1], 'groups': 1, 'activation': 'linear', 'use_bias': False, 'kernel_initializer': {'module': 'keras.initializers', 'class_name': 'VarianceScaling', 'config': {'seed': None, 'scale': 2.0, 'mode': 'fan_out', 'distribution': 'truncated_normal'}, 'registered_name': None}, 'bias_initializer': {'module': 'keras.initializers', 'class_name': 'Zeros', 'config': {}, 'registered_name': None}, 'kernel_regularizer': None, 'bias_regularizer': None, 'activity_regularizer': None, 'kernel_constraint': None, 'bias_constraint': None}, 'registered_name': None, 'build_config': {'input_shape': [None, 30, 30, 144]}, 'name': 'block3a_project_conv', 'inbound_nodes': [{'args': [{'class_name': '__keras_tensor__', 'config': {'shape': [None, 30, 30, 144], 'dtype': 'float32', 'keras_history': ['block3a_se_excite', 0, 0]}}], 'kwargs': {}}]}, {'module': 'keras.layers', 'class_name': 'BatchNormalization', 'config': {'name': 'block3a_project_bn', 'trainable': False, 'dtype': {'module': 'keras', 'class_name': 'DTypePolicy', 'config': {'name': 'float32'}, 'registered_name': None}, 'axis': 3, 'momentum': 0.99, 'epsilon': 0.001, 'center': True, 'scale': True, 'beta_initializer': {'module': 'keras.initializers', 'class_name': 'Zeros', 'config': {}, 'registered_name': None}, 'gamma_initializer': {'module': 'keras.initializers', 'class_name': 'Ones', 'config': {}, 'registered_name': None}, 'moving_mean_initializer': {'module': 'keras.initializers', 'class_name': 'Zeros', 'config': {}, 'registered_name': None}, 'moving_variance_initializer': {'module': 'keras.initializers', 'class_name': 'Ones', 'config': {}, 'registered_name': None}, 'beta_regularizer': None, 'gamma_regularizer': None, 'beta_constraint': None, 'gamma_constraint': None, 'synchronized': False}, 'registered_name': None, 'build_config': {'input_shape': [None, 30, 30, 40]}, 'name': 'block3a_project_bn', 'inbound_nodes': [{'args': [{'class_name': '__keras_tensor__', 'config': {'shape': [None, 30, 30, 40], 'dtype': 'float32', 'keras_history': ['block3a_project_conv', 0, 0]}}], 'kwargs': {'mask': None}}]}, {'module': 'keras.layers', 'class_name': 'Conv2D', 'config': {'name': 'block3b_expand_conv', 'trainable': False, 'dtype': {'module': 'keras', 'class_name': 'DTypePolicy', 'config': {'name': 'float32'}, 'registered_name': None}, 'filters': 240, 'kernel_size': [1, 1], 'strides': [1, 1], 'padding': 'same', 'data_format': 'channels_last', 'dilation_rate': [1, 1], 'groups': 1, 'activation': 'linear', 'use_bias': False, 'kernel_initializer': {'module': 'keras.initializers', 'class_name': 'VarianceScaling', 'config': {'seed': None, 'scale': 2.0, 'mode': 'fan_out', 'distribution': 'truncated_normal'}, 'registered_name': None}, 'bias_initializer': {'module': 'keras.initializers', 'class_name': 'Zeros', 'config': {}, 'registered_name': None}, 'kernel_regularizer': None, 'bias_regularizer': None, 'activity_regularizer': None, 'kernel_constraint': None, 'bias_constraint': None}, 'registered_name': None, 'build_config': {'input_shape': [None, 30, 30, 40]}, 'name': 'block3b_expand_conv', 'inbound_nodes': [{'args': [{'class_name': '__keras_tensor__', 'config': {'shape': [None, 30, 30, 40], 'dtype': 'float32', 'keras_history': ['block3a_project_bn', 0, 0]}}], 'kwargs': {}}]}, {'module': 'keras.layers', 'class_name': 'BatchNormalization', 'config': {'name': 'block3b_expand_bn', 'trainable': False, 'dtype': {'module': 'keras', 'class_name': 'DTypePolicy', 'config': {'name': 'float32'}, 'registered_name': None}, 'axis': 3, 'momentum': 0.99, 'epsilon': 0.001, 'center': True, 'scale': True, 'beta_initializer': {'module': 'keras.initializers', 'class_name': 'Zeros', 'config': {}, 'registered_name': None}, 'gamma_initializer': {'module': 'keras.initializers', 'class_name': 'Ones', 'config': {}, 'registered_name': None}, 'moving_mean_initializer': {'module': 'keras.initializers', 'class_name': 'Zeros', 'config': {}, 'registered_name': None}, 'moving_variance_initializer': {'module': 'keras.initializers', 'class_name': 'Ones', 'config': {}, 'registered_name': None}, 'beta_regularizer': None, 'gamma_regularizer': None, 'beta_constraint': None, 'gamma_constraint': None, 'synchronized': False}, 'registered_name': None, 'build_config': {'input_shape': [None, 30, 30, 240]}, 'name': 'block3b_expand_bn', 'inbound_nodes': [{'args': [{'class_name': '__keras_tensor__', 'config': {'shape': [None, 30, 30, 240], 'dtype': 'float32', 'keras_history': ['block3b_expand_conv', 0, 0]}}], 'kwargs': {'mask': None}}]}, {'module': 'keras.layers', 'class_name': 'Activation', 'config': {'name': 'block3b_expand_activation', 'trainable': False, 'dtype': {'module': 'keras', 'class_name': 'DTypePolicy', 'config': {'name': 'float32'}, 'registered_name': None}, 'activation': 'silu'}, 'registered_name': None, 'name': 'block3b_expand_activation', 'inbound_nodes': [{'args': [{'class_name': '__keras_tensor__', 'config': {'shape': [None, 30, 30, 240], 'dtype': 'float32', 'keras_history': ['block3b_expand_bn', 0, 0]}}], 'kwargs': {}}]}, {'module': 'keras.layers', 'class_name': 'DepthwiseConv2D', 'config': {'name': 'block3b_dwconv', 'trainable': False, 'dtype': {'module': 'keras', 'class_name': 'DTypePolicy', 'config': {'name': 'float32'}, 'registered_name': None}, 'depth_multiplier': 1, 'kernel_size': [5, 5], 'strides': [1, 1], 'padding': 'same', 'data_format': 'channels_last', 'dilation_rate': [1, 1], 'activation': 'linear', 'use_bias': False, 'depthwise_initializer': {'module': 'keras.initializers', 'class_name': 'VarianceScaling', 'config': {'seed': None, 'scale': 2.0, 'mode': 'fan_out', 'distribution': 'truncated_normal'}, 'registered_name': None}, 'bias_initializer': {'module': 'keras.initializers', 'class_name': 'Zeros', 'config': {}, 'registered_name': None}, 'depthwise_regularizer': None, 'bias_regularizer': None, 'activity_regularizer': None, 'depthwise_constraint': None, 'bias_constraint': None}, 'registered_name': None, 'build_config': {'input_shape': [None, 30, 30, 240]}, 'name': 'block3b_dwconv', 'inbound_nodes': [{'args': [{'class_name': '__keras_tensor__', 'config': {'shape': [None, 30, 30, 240], 'dtype': 'float32', 'keras_history': ['block3b_expand_activation', 0, 0]}}], 'kwargs': {}}]}, {'module': 'keras.layers', 'class_name': 'BatchNormalization', 'config': {'name': 'block3b_bn', 'trainable': False, 'dtype': {'module': 'keras', 'class_name': 'DTypePolicy', 'config': {'name': 'float32'}, 'registered_name': None}, 'axis': 3, 'momentum': 0.99, 'epsilon': 0.001, 'center': True, 'scale': True, 'beta_initializer': {'module': 'keras.initializers', 'class_name': 'Zeros', 'config': {}, 'registered_name': None}, 'gamma_initializer': {'module': 'keras.initializers', 'class_name': 'Ones', 'config': {}, 'registered_name': None}, 'moving_mean_initializer': {'module': 'keras.initializers', 'class_name': 'Zeros', 'config': {}, 'registered_name': None}, 'moving_variance_initializer': {'module': 'keras.initializers', 'class_name': 'Ones', 'config': {}, 'registered_name': None}, 'beta_regularizer': None, 'gamma_regularizer': None, 'beta_constraint': None, 'gamma_constraint': None, 'synchronized': False}, 'registered_name': None, 'build_config': {'input_shape': [None, 30, 30, 240]}, 'name': 'block3b_bn', 'inbound_nodes': [{'args': [{'class_name': '__keras_tensor__', 'config': {'shape': [None, 30, 30, 240], 'dtype': 'float32', 'keras_history': ['block3b_dwconv', 0, 0]}}], 'kwargs': {'mask': None}}]}, {'module': 'keras.layers', 'class_name': 'Activation', 'config': {'name': 'block3b_activation', 'trainable': False, 'dtype': {'module': 'keras', 'class_name': 'DTypePolicy', 'config': {'name': 'float32'}, 'registered_name': None}, 'activation': 'silu'}, 'registered_name': None, 'name': 'block3b_activation', 'inbound_nodes': [{'args': [{'class_name': '__keras_tensor__', 'config': {'shape': [None, 30, 30, 240], 'dtype': 'float32', 'keras_history': ['block3b_bn', 0, 0]}}], 'kwargs': {}}]}, {'module': 'keras.layers', 'class_name': 'GlobalAveragePooling2D', 'config': {'name': 'block3b_se_squeeze', 'trainable': False, 'dtype': {'module': 'keras', 'class_name': 'DTypePolicy', 'config': {'name': 'float32'}, 'registered_name': None}, 'data_format': 'channels_last', 'keepdims': False}, 'registered_name': None, 'name': 'block3b_se_squeeze', 'inbound_nodes': [{'args': [{'class_name': '__keras_tensor__', 'config': {'shape': [None, 30, 30, 240], 'dtype': 'float32', 'keras_history': ['block3b_activation', 0, 0]}}], 'kwargs': {}}]}, {'module': 'keras.layers', 'class_name': 'Reshape', 'config': {'name': 'block3b_se_reshape', 'trainable': False, 'dtype': {'module': 'keras', 'class_name': 'DTypePolicy', 'config': {'name': 'float32'}, 'registered_name': None}, 'target_shape': [1, 1, 240]}, 'registered_name': None, 'name': 'block3b_se_reshape', 'inbound_nodes': [{'args': [{'class_name': '__keras_tensor__', 'config': {'shape': [None, 240], 'dtype': 'float32', 'keras_history': ['block3b_se_squeeze', 0, 0]}}], 'kwargs': {}}]}, {'module': 'keras.layers', 'class_name': 'Conv2D', 'config': {'name': 'block3b_se_reduce', 'trainable': False, 'dtype': {'module': 'keras', 'class_name': 'DTypePolicy', 'config': {'name': 'float32'}, 'registered_name': None}, 'filters': 10, 'kernel_size': [1, 1], 'strides': [1, 1], 'padding': 'same', 'data_format': 'channels_last', 'dilation_rate': [1, 1], 'groups': 1, 'activation': 'silu', 'use_bias': True, 'kernel_initializer': {'module': 'keras.initializers', 'class_name': 'VarianceScaling', 'config': {'seed': None, 'scale': 2.0, 'mode': 'fan_out', 'distribution': 'truncated_normal'}, 'registered_name': None}, 'bias_initializer': {'module': 'keras.initializers', 'class_name': 'Zeros', 'config': {}, 'registered_name': None}, 'kernel_regularizer': None, 'bias_regularizer': None, 'activity_regularizer': None, 'kernel_constraint': None, 'bias_constraint': None}, 'registered_name': None, 'build_config': {'input_shape': [None, 1, 1, 240]}, 'name': 'block3b_se_reduce', 'inbound_nodes': [{'args': [{'class_name': '__keras_tensor__', 'config': {'shape': [None, 1, 1, 240], 'dtype': 'float32', 'keras_history': ['block3b_se_reshape', 0, 0]}}], 'kwargs': {}}]}, {'module': 'keras.layers', 'class_name': 'Conv2D', 'config': {'name': 'block3b_se_expand', 'trainable': False, 'dtype': {'module': 'keras', 'class_name': 'DTypePolicy', 'config': {'name': 'float32'}, 'registered_name': None}, 'filters': 240, 'kernel_size': [1, 1], 'strides': [1, 1], 'padding': 'same', 'data_format': 'channels_last', 'dilation_rate': [1, 1], 'groups': 1, 'activation': 'sigmoid', 'use_bias': True, 'kernel_initializer': {'module': 'keras.initializers', 'class_name': 'VarianceScaling', 'config': {'seed': None, 'scale': 2.0, 'mode': 'fan_out', 'distribution': 'truncated_normal'}, 'registered_name': None}, 'bias_initializer': {'module': 'keras.initializers', 'class_name': 'Zeros', 'config': {}, 'registered_name': None}, 'kernel_regularizer': None, 'bias_regularizer': None, 'activity_regularizer': None, 'kernel_constraint': None, 'bias_constraint': None}, 'registered_name': None, 'build_config': {'input_shape': [None, 1, 1, 10]}, 'name': 'block3b_se_expand', 'inbound_nodes': [{'args': [{'class_name': '__keras_tensor__', 'config': {'shape': [None, 1, 1, 10], 'dtype': 'float32', 'keras_history': ['block3b_se_reduce', 0, 0]}}], 'kwargs': {}}]}, {'module': 'keras.layers', 'class_name': 'Multiply', 'config': {'name': 'block3b_se_excite', 'trainable': False, 'dtype': {'module': 'keras', 'class_name': 'DTypePolicy', 'config': {'name': 'float32'}, 'registered_name': None}}, 'registered_name': None, 'build_config': {'input_shape': [[None, 30, 30, 240], [None, 1, 1, 240]]}, 'name': 'block3b_se_excite', 'inbound_nodes': [{'args': [[{'class_name': '__keras_tensor__', 'config': {'shape': [None, 30, 30, 240], 'dtype': 'float32', 'keras_history': ['block3b_activation', 0, 0]}}, {'class_name': '__keras_tensor__', 'config': {'shape': [None, 1, 1, 240], 'dtype': 'float32', 'keras_history': ['block3b_se_expand', 0, 0]}}]], 'kwargs': {}}]}, {'module': 'keras.layers', 'class_name': 'Conv2D', 'config': {'name': 'block3b_project_conv', 'trainable': False, 'dtype': {'module': 'keras', 'class_name': 'DTypePolicy', 'config': {'name': 'float32'}, 'registered_name': None}, 'filters': 40, 'kernel_size': [1, 1], 'strides': [1, 1], 'padding': 'same', 'data_format': 'channels_last', 'dilation_rate': [1, 1], 'groups': 1, 'activation': 'linear', 'use_bias': False, 'kernel_initializer': {'module': 'keras.initializers', 'class_name': 'VarianceScaling', 'config': {'seed': None, 'scale': 2.0, 'mode': 'fan_out', 'distribution': 'truncated_normal'}, 'registered_name': None}, 'bias_initializer': {'module': 'keras.initializers', 'class_name': 'Zeros', 'config': {}, 'registered_name': None}, 'kernel_regularizer': None, 'bias_regularizer': None, 'activity_regularizer': None, 'kernel_constraint': None, 'bias_constraint': None}, 'registered_name': None, 'build_config': {'input_shape': [None, 30, 30, 240]}, 'name': 'block3b_project_conv', 'inbound_nodes': [{'args': [{'class_name': '__keras_tensor__', 'config': {'shape': [None, 30, 30, 240], 'dtype': 'float32', 'keras_history': ['block3b_se_excite', 0, 0]}}], 'kwargs': {}}]}, {'module': 'keras.layers', 'class_name': 'BatchNormalization', 'config': {'name': 'block3b_project_bn', 'trainable': False, 'dtype': {'module': 'keras', 'class_name': 'DTypePolicy', 'config': {'name': 'float32'}, 'registered_name': None}, 'axis': 3, 'momentum': 0.99, 'epsilon': 0.001, 'center': True, 'scale': True, 'beta_initializer': {'module': 'keras.initializers', 'class_name': 'Zeros', 'config': {}, 'registered_name': None}, 'gamma_initializer': {'module': 'keras.initializers', 'class_name': 'Ones', 'config': {}, 'registered_name': None}, 'moving_mean_initializer': {'module': 'keras.initializers', 'class_name': 'Zeros', 'config': {}, 'registered_name': None}, 'moving_variance_initializer': {'module': 'keras.initializers', 'class_name': 'Ones', 'config': {}, 'registered_name': None}, 'beta_regularizer': None, 'gamma_regularizer': None, 'beta_constraint': None, 'gamma_constraint': None, 'synchronized': False}, 'registered_name': None, 'build_config': {'input_shape': [None, 30, 30, 40]}, 'name': 'block3b_project_bn', 'inbound_nodes': [{'args': [{'class_name': '__keras_tensor__', 'config': {'shape': [None, 30, 30, 40], 'dtype': 'float32', 'keras_history': ['block3b_project_conv', 0, 0]}}], 'kwargs': {'mask': None}}]}, {'module': 'keras.layers', 'class_name': 'Dropout', 'config': {'name': 'block3b_drop', 'trainable': False, 'dtype': {'module': 'keras', 'class_name': 'DTypePolicy', 'config': {'name': 'float32'}, 'registered_name': None}, 'rate': 0.05217391304347827, 'seed': None, 'noise_shape': [None, 1, 1, 1]}, 'registered_name': None, 'name': 'block3b_drop', 'inbound_nodes': [{'args': [{'class_name': '__keras_tensor__', 'config': {'shape': [None, 30, 30, 40], 'dtype': 'float32', 'keras_history': ['block3b_project_bn', 0, 0]}}], 'kwargs': {'training': False}}]}, {'module': 'keras.layers', 'class_name': 'Add', 'config': {'name': 'block3b_add', 'trainable': False, 'dtype': {'module': 'keras', 'class_name': 'DTypePolicy', 'config': {'name': 'float32'}, 'registered_name': None}}, 'registered_name': None, 'build_config': {'input_shape': [[None, 30, 30, 40], [None, 30, 30, 40]]}, 'name': 'block3b_add', 'inbound_nodes': [{'args': [[{'class_name': '__keras_tensor__', 'config': {'shape': [None, 30, 30, 40], 'dtype': 'float32', 'keras_history': ['block3b_drop', 0, 0]}}, {'class_name': '__keras_tensor__', 'config': {'shape': [None, 30, 30, 40], 'dtype': 'float32', 'keras_history': ['block3a_project_bn', 0, 0]}}]], 'kwargs': {}}]}, {'module': 'keras.layers', 'class_name': 'Conv2D', 'config': {'name': 'block3c_expand_conv', 'trainable': False, 'dtype': {'module': 'keras', 'class_name': 'DTypePolicy', 'config': {'name': 'float32'}, 'registered_name': None}, 'filters': 240, 'kernel_size': [1, 1], 'strides': [1, 1], 'padding': 'same', 'data_format': 'channels_last', 'dilation_rate': [1, 1], 'groups': 1, 'activation': 'linear', 'use_bias': False, 'kernel_initializer': {'module': 'keras.initializers', 'class_name': 'VarianceScaling', 'config': {'seed': None, 'scale': 2.0, 'mode': 'fan_out', 'distribution': 'truncated_normal'}, 'registered_name': None}, 'bias_initializer': {'module': 'keras.initializers', 'class_name': 'Zeros', 'config': {}, 'registered_name': None}, 'kernel_regularizer': None, 'bias_regularizer': None, 'activity_regularizer': None, 'kernel_constraint': None, 'bias_constraint': None}, 'registered_name': None, 'build_config': {'input_shape': [None, 30, 30, 40]}, 'name': 'block3c_expand_conv', 'inbound_nodes': [{'args': [{'class_name': '__keras_tensor__', 'config': {'shape': [None, 30, 30, 40], 'dtype': 'float32', 'keras_history': ['block3b_add', 0, 0]}}], 'kwargs': {}}]}, {'module': 'keras.layers', 'class_name': 'BatchNormalization', 'config': {'name': 'block3c_expand_bn', 'trainable': False, 'dtype': {'module': 'keras', 'class_name': 'DTypePolicy', 'config': {'name': 'float32'}, 'registered_name': None}, 'axis': 3, 'momentum': 0.99, 'epsilon': 0.001, 'center': True, 'scale': True, 'beta_initializer': {'module': 'keras.initializers', 'class_name': 'Zeros', 'config': {}, 'registered_name': None}, 'gamma_initializer': {'module': 'keras.initializers', 'class_name': 'Ones', 'config': {}, 'registered_name': None}, 'moving_mean_initializer': {'module': 'keras.initializers', 'class_name': 'Zeros', 'config': {}, 'registered_name': None}, 'moving_variance_initializer': {'module': 'keras.initializers', 'class_name': 'Ones', 'config': {}, 'registered_name': None}, 'beta_regularizer': None, 'gamma_regularizer': None, 'beta_constraint': None, 'gamma_constraint': None, 'synchronized': False}, 'registered_name': None, 'build_config': {'input_shape': [None, 30, 30, 240]}, 'name': 'block3c_expand_bn', 'inbound_nodes': [{'args': [{'class_name': '__keras_tensor__', 'config': {'shape': [None, 30, 30, 240], 'dtype': 'float32', 'keras_history': ['block3c_expand_conv', 0, 0]}}], 'kwargs': {'mask': None}}]}, {'module': 'keras.layers', 'class_name': 'Activation', 'config': {'name': 'block3c_expand_activation', 'trainable': False, 'dtype': {'module': 'keras', 'class_name': 'DTypePolicy', 'config': {'name': 'float32'}, 'registered_name': None}, 'activation': 'silu'}, 'registered_name': None, 'name': 'block3c_expand_activation', 'inbound_nodes': [{'args': [{'class_name': '__keras_tensor__', 'config': {'shape': [None, 30, 30, 240], 'dtype': 'float32', 'keras_history': ['block3c_expand_bn', 0, 0]}}], 'kwargs': {}}]}, {'module': 'keras.layers', 'class_name': 'DepthwiseConv2D', 'config': {'name': 'block3c_dwconv', 'trainable': False, 'dtype': {'module': 'keras', 'class_name': 'DTypePolicy', 'config': {'name': 'float32'}, 'registered_name': None}, 'depth_multiplier': 1, 'kernel_size': [5, 5], 'strides': [1, 1], 'padding': 'same', 'data_format': 'channels_last', 'dilation_rate': [1, 1], 'activation': 'linear', 'use_bias': False, 'depthwise_initializer': {'module': 'keras.initializers', 'class_name': 'VarianceScaling', 'config': {'seed': None, 'scale': 2.0, 'mode': 'fan_out', 'distribution': 'truncated_normal'}, 'registered_name': None}, 'bias_initializer': {'module': 'keras.initializers', 'class_name': 'Zeros', 'config': {}, 'registered_name': None}, 'depthwise_regularizer': None, 'bias_regularizer': None, 'activity_regularizer': None, 'depthwise_constraint': None, 'bias_constraint': None}, 'registered_name': None, 'build_config': {'input_shape': [None, 30, 30, 240]}, 'name': 'block3c_dwconv', 'inbound_nodes': [{'args': [{'class_name': '__keras_tensor__', 'config': {'shape': [None, 30, 30, 240], 'dtype': 'float32', 'keras_history': ['block3c_expand_activation', 0, 0]}}], 'kwargs': {}}]}, {'module': 'keras.layers', 'class_name': 'BatchNormalization', 'config': {'name': 'block3c_bn', 'trainable': False, 'dtype': {'module': 'keras', 'class_name': 'DTypePolicy', 'config': {'name': 'float32'}, 'registered_name': None}, 'axis': 3, 'momentum': 0.99, 'epsilon': 0.001, 'center': True, 'scale': True, 'beta_initializer': {'module': 'keras.initializers', 'class_name': 'Zeros', 'config': {}, 'registered_name': None}, 'gamma_initializer': {'module': 'keras.initializers', 'class_name': 'Ones', 'config': {}, 'registered_name': None}, 'moving_mean_initializer': {'module': 'keras.initializers', 'class_name': 'Zeros', 'config': {}, 'registered_name': None}, 'moving_variance_initializer': {'module': 'keras.initializers', 'class_name': 'Ones', 'config': {}, 'registered_name': None}, 'beta_regularizer': None, 'gamma_regularizer': None, 'beta_constraint': None, 'gamma_constraint': None, 'synchronized': False}, 'registered_name': None, 'build_config': {'input_shape': [None, 30, 30, 240]}, 'name': 'block3c_bn', 'inbound_nodes': [{'args': [{'class_name': '__keras_tensor__', 'config': {'shape': [None, 30, 30, 240], 'dtype': 'float32', 'keras_history': ['block3c_dwconv', 0, 0]}}], 'kwargs': {'mask': None}}]}, {'module': 'keras.layers', 'class_name': 'Activation', 'config': {'name': 'block3c_activation', 'trainable': False, 'dtype': {'module': 'keras', 'class_name': 'DTypePolicy', 'config': {'name': 'float32'}, 'registered_name': None}, 'activation': 'silu'}, 'registered_name': None, 'name': 'block3c_activation', 'inbound_nodes': [{'args': [{'class_name': '__keras_tensor__', 'config': {'shape': [None, 30, 30, 240], 'dtype': 'float32', 'keras_history': ['block3c_bn', 0, 0]}}], 'kwargs': {}}]}, {'module': 'keras.layers', 'class_name': 'GlobalAveragePooling2D', 'config': {'name': 'block3c_se_squeeze', 'trainable': False, 'dtype': {'module': 'keras', 'class_name': 'DTypePolicy', 'config': {'name': 'float32'}, 'registered_name': None}, 'data_format': 'channels_last', 'keepdims': False}, 'registered_name': None, 'name': 'block3c_se_squeeze', 'inbound_nodes': [{'args': [{'class_name': '__keras_tensor__', 'config': {'shape': [None, 30, 30, 240], 'dtype': 'float32', 'keras_history': ['block3c_activation', 0, 0]}}], 'kwargs': {}}]}, {'module': 'keras.layers', 'class_name': 'Reshape', 'config': {'name': 'block3c_se_reshape', 'trainable': False, 'dtype': {'module': 'keras', 'class_name': 'DTypePolicy', 'config': {'name': 'float32'}, 'registered_name': None}, 'target_shape': [1, 1, 240]}, 'registered_name': None, 'name': 'block3c_se_reshape', 'inbound_nodes': [{'args': [{'class_name': '__keras_tensor__', 'config': {'shape': [None, 240], 'dtype': 'float32', 'keras_history': ['block3c_se_squeeze', 0, 0]}}], 'kwargs': {}}]}, {'module': 'keras.layers', 'class_name': 'Conv2D', 'config': {'name': 'block3c_se_reduce', 'trainable': False, 'dtype': {'module': 'keras', 'class_name': 'DTypePolicy', 'config': {'name': 'float32'}, 'registered_name': None}, 'filters': 10, 'kernel_size': [1, 1], 'strides': [1, 1], 'padding': 'same', 'data_format': 'channels_last', 'dilation_rate': [1, 1], 'groups': 1, 'activation': 'silu', 'use_bias': True, 'kernel_initializer': {'module': 'keras.initializers', 'class_name': 'VarianceScaling', 'config': {'seed': None, 'scale': 2.0, 'mode': 'fan_out', 'distribution': 'truncated_normal'}, 'registered_name': None}, 'bias_initializer': {'module': 'keras.initializers', 'class_name': 'Zeros', 'config': {}, 'registered_name': None}, 'kernel_regularizer': None, 'bias_regularizer': None, 'activity_regularizer': None, 'kernel_constraint': None, 'bias_constraint': None}, 'registered_name': None, 'build_config': {'input_shape': [None, 1, 1, 240]}, 'name': 'block3c_se_reduce', 'inbound_nodes': [{'args': [{'class_name': '__keras_tensor__', 'config': {'shape': [None, 1, 1, 240], 'dtype': 'float32', 'keras_history': ['block3c_se_reshape', 0, 0]}}], 'kwargs': {}}]}, {'module': 'keras.layers', 'class_name': 'Conv2D', 'config': {'name': 'block3c_se_expand', 'trainable': False, 'dtype': {'module': 'keras', 'class_name': 'DTypePolicy', 'config': {'name': 'float32'}, 'registered_name': None}, 'filters': 240, 'kernel_size': [1, 1], 'strides': [1, 1], 'padding': 'same', 'data_format': 'channels_last', 'dilation_rate': [1, 1], 'groups': 1, 'activation': 'sigmoid', 'use_bias': True, 'kernel_initializer': {'module': 'keras.initializers', 'class_name': 'VarianceScaling', 'config': {'seed': None, 'scale': 2.0, 'mode': 'fan_out', 'distribution': 'truncated_normal'}, 'registered_name': None}, 'bias_initializer': {'module': 'keras.initializers', 'class_name': 'Zeros', 'config': {}, 'registered_name': None}, 'kernel_regularizer': None, 'bias_regularizer': None, 'activity_regularizer': None, 'kernel_constraint': None, 'bias_constraint': None}, 'registered_name': None, 'build_config': {'input_shape': [None, 1, 1, 10]}, 'name': 'block3c_se_expand', 'inbound_nodes': [{'args': [{'class_name': '__keras_tensor__', 'config': {'shape': [None, 1, 1, 10], 'dtype': 'float32', 'keras_history': ['block3c_se_reduce', 0, 0]}}], 'kwargs': {}}]}, {'module': 'keras.layers', 'class_name': 'Multiply', 'config': {'name': 'block3c_se_excite', 'trainable': False, 'dtype': {'module': 'keras', 'class_name': 'DTypePolicy', 'config': {'name': 'float32'}, 'registered_name': None}}, 'registered_name': None, 'build_config': {'input_shape': [[None, 30, 30, 240], [None, 1, 1, 240]]}, 'name': 'block3c_se_excite', 'inbound_nodes': [{'args': [[{'class_name': '__keras_tensor__', 'config': {'shape': [None, 30, 30, 240], 'dtype': 'float32', 'keras_history': ['block3c_activation', 0, 0]}}, {'class_name': '__keras_tensor__', 'config': {'shape': [None, 1, 1, 240], 'dtype': 'float32', 'keras_history': ['block3c_se_expand', 0, 0]}}]], 'kwargs': {}}]}, {'module': 'keras.layers', 'class_name': 'Conv2D', 'config': {'name': 'block3c_project_conv', 'trainable': False, 'dtype': {'module': 'keras', 'class_name': 'DTypePolicy', 'config': {'name': 'float32'}, 'registered_name': None}, 'filters': 40, 'kernel_size': [1, 1], 'strides': [1, 1], 'padding': 'same', 'data_format': 'channels_last', 'dilation_rate': [1, 1], 'groups': 1, 'activation': 'linear', 'use_bias': False, 'kernel_initializer': {'module': 'keras.initializers', 'class_name': 'VarianceScaling', 'config': {'seed': None, 'scale': 2.0, 'mode': 'fan_out', 'distribution': 'truncated_normal'}, 'registered_name': None}, 'bias_initializer': {'module': 'keras.initializers', 'class_name': 'Zeros', 'config': {}, 'registered_name': None}, 'kernel_regularizer': None, 'bias_regularizer': None, 'activity_regularizer': None, 'kernel_constraint': None, 'bias_constraint': None}, 'registered_name': None, 'build_config': {'input_shape': [None, 30, 30, 240]}, 'name': 'block3c_project_conv', 'inbound_nodes': [{'args': [{'class_name': '__keras_tensor__', 'config': {'shape': [None, 30, 30, 240], 'dtype': 'float32', 'keras_history': ['block3c_se_excite', 0, 0]}}], 'kwargs': {}}]}, {'module': 'keras.layers', 'class_name': 'BatchNormalization', 'config': {'name': 'block3c_project_bn', 'trainable': False, 'dtype': {'module': 'keras', 'class_name': 'DTypePolicy', 'config': {'name': 'float32'}, 'registered_name': None}, 'axis': 3, 'momentum': 0.99, 'epsilon': 0.001, 'center': True, 'scale': True, 'beta_initializer': {'module': 'keras.initializers', 'class_name': 'Zeros', 'config': {}, 'registered_name': None}, 'gamma_initializer': {'module': 'keras.initializers', 'class_name': 'Ones', 'config': {}, 'registered_name': None}, 'moving_mean_initializer': {'module': 'keras.initializers', 'class_name': 'Zeros', 'config': {}, 'registered_name': None}, 'moving_variance_initializer': {'module': 'keras.initializers', 'class_name': 'Ones', 'config': {}, 'registered_name': None}, 'beta_regularizer': None, 'gamma_regularizer': None, 'beta_constraint': None, 'gamma_constraint': None, 'synchronized': False}, 'registered_name': None, 'build_config': {'input_shape': [None, 30, 30, 40]}, 'name': 'block3c_project_bn', 'inbound_nodes': [{'args': [{'class_name': '__keras_tensor__', 'config': {'shape': [None, 30, 30, 40], 'dtype': 'float32', 'keras_history': ['block3c_project_conv', 0, 0]}}], 'kwargs': {'mask': None}}]}, {'module': 'keras.layers', 'class_name': 'Dropout', 'config': {'name': 'block3c_drop', 'trainable': False, 'dtype': {'module': 'keras', 'class_name': 'DTypePolicy', 'config': {'name': 'float32'}, 'registered_name': None}, 'rate': 0.06086956521739131, 'seed': None, 'noise_shape': [None, 1, 1, 1]}, 'registered_name': None, 'name': 'block3c_drop', 'inbound_nodes': [{'args': [{'class_name': '__keras_tensor__', 'config': {'shape': [None, 30, 30, 40], 'dtype': 'float32', 'keras_history': ['block3c_project_bn', 0, 0]}}], 'kwargs': {'training': False}}]}, {'module': 'keras.layers', 'class_name': 'Add', 'config': {'name': 'block3c_add', 'trainable': False, 'dtype': {'module': 'keras', 'class_name': 'DTypePolicy', 'config': {'name': 'float32'}, 'registered_name': None}}, 'registered_name': None, 'build_config': {'input_shape': [[None, 30, 30, 40], [None, 30, 30, 40]]}, 'name': 'block3c_add', 'inbound_nodes': [{'args': [[{'class_name': '__keras_tensor__', 'config': {'shape': [None, 30, 30, 40], 'dtype': 'float32', 'keras_history': ['block3c_drop', 0, 0]}}, {'class_name': '__keras_tensor__', 'config': {'shape': [None, 30, 30, 40], 'dtype': 'float32', 'keras_history': ['block3b_add', 0, 0]}}]], 'kwargs': {}}]}, {'module': 'keras.layers', 'class_name': 'Conv2D', 'config': {'name': 'block4a_expand_conv', 'trainable': False, 'dtype': {'module': 'keras', 'class_name': 'DTypePolicy', 'config': {'name': 'float32'}, 'registered_name': None}, 'filters': 240, 'kernel_size': [1, 1], 'strides': [1, 1], 'padding': 'same', 'data_format': 'channels_last', 'dilation_rate': [1, 1], 'groups': 1, 'activation': 'linear', 'use_bias': False, 'kernel_initializer': {'module': 'keras.initializers', 'class_name': 'VarianceScaling', 'config': {'seed': None, 'scale': 2.0, 'mode': 'fan_out', 'distribution': 'truncated_normal'}, 'registered_name': None}, 'bias_initializer': {'module': 'keras.initializers', 'class_name': 'Zeros', 'config': {}, 'registered_name': None}, 'kernel_regularizer': None, 'bias_regularizer': None, 'activity_regularizer': None, 'kernel_constraint': None, 'bias_constraint': None}, 'registered_name': None, 'build_config': {'input_shape': [None, 30, 30, 40]}, 'name': 'block4a_expand_conv', 'inbound_nodes': [{'args': [{'class_name': '__keras_tensor__', 'config': {'shape': [None, 30, 30, 40], 'dtype': 'float32', 'keras_history': ['block3c_add', 0, 0]}}], 'kwargs': {}}]}, {'module': 'keras.layers', 'class_name': 'BatchNormalization', 'config': {'name': 'block4a_expand_bn', 'trainable': False, 'dtype': {'module': 'keras', 'class_name': 'DTypePolicy', 'config': {'name': 'float32'}, 'registered_name': None}, 'axis': 3, 'momentum': 0.99, 'epsilon': 0.001, 'center': True, 'scale': True, 'beta_initializer': {'module': 'keras.initializers', 'class_name': 'Zeros', 'config': {}, 'registered_name': None}, 'gamma_initializer': {'module': 'keras.initializers', 'class_name': 'Ones', 'config': {}, 'registered_name': None}, 'moving_mean_initializer': {'module': 'keras.initializers', 'class_name': 'Zeros', 'config': {}, 'registered_name': None}, 'moving_variance_initializer': {'module': 'keras.initializers', 'class_name': 'Ones', 'config': {}, 'registered_name': None}, 'beta_regularizer': None, 'gamma_regularizer': None, 'beta_constraint': None, 'gamma_constraint': None, 'synchronized': False}, 'registered_name': None, 'build_config': {'input_shape': [None, 30, 30, 240]}, 'name': 'block4a_expand_bn', 'inbound_nodes': [{'args': [{'class_name': '__keras_tensor__', 'config': {'shape': [None, 30, 30, 240], 'dtype': 'float32', 'keras_history': ['block4a_expand_conv', 0, 0]}}], 'kwargs': {'mask': None}}]}, {'module': 'keras.layers', 'class_name': 'Activation', 'config': {'name': 'block4a_expand_activation', 'trainable': False, 'dtype': {'module': 'keras', 'class_name': 'DTypePolicy', 'config': {'name': 'float32'}, 'registered_name': None}, 'activation': 'silu'}, 'registered_name': None, 'name': 'block4a_expand_activation', 'inbound_nodes': [{'args': [{'class_name': '__keras_tensor__', 'config': {'shape': [None, 30, 30, 240], 'dtype': 'float32', 'keras_history': ['block4a_expand_bn', 0, 0]}}], 'kwargs': {}}]}, {'module': 'keras.layers', 'class_name': 'ZeroPadding2D', 'config': {'name': 'block4a_dwconv_pad', 'trainable': False, 'dtype': {'module': 'keras', 'class_name': 'DTypePolicy', 'config': {'name': 'float32'}, 'registered_name': None}, 'padding': [[0, 1], [0, 1]], 'data_format': 'channels_last'}, 'registered_name': None, 'build_config': {'input_shape': [None, 30, 30, 240]}, 'name': 'block4a_dwconv_pad', 'inbound_nodes': [{'args': [{'class_name': '__keras_tensor__', 'config': {'shape': [None, 30, 30, 240], 'dtype': 'float32', 'keras_history': ['block4a_expand_activation', 0, 0]}}], 'kwargs': {}}]}, {'module': 'keras.layers', 'class_name': 'DepthwiseConv2D', 'config': {'name': 'block4a_dwconv', 'trainable': False, 'dtype': {'module': 'keras', 'class_name': 'DTypePolicy', 'config': {'name': 'float32'}, 'registered_name': None}, 'depth_multiplier': 1, 'kernel_size': [3, 3], 'strides': [2, 2], 'padding': 'valid', 'data_format': 'channels_last', 'dilation_rate': [1, 1], 'activation': 'linear', 'use_bias': False, 'depthwise_initializer': {'module': 'keras.initializers', 'class_name': 'VarianceScaling', 'config': {'seed': None, 'scale': 2.0, 'mode': 'fan_out', 'distribution': 'truncated_normal'}, 'registered_name': None}, 'bias_initializer': {'module': 'keras.initializers', 'class_name': 'Zeros', 'config': {}, 'registered_name': None}, 'depthwise_regularizer': None, 'bias_regularizer': None, 'activity_regularizer': None, 'depthwise_constraint': None, 'bias_constraint': None}, 'registered_name': None, 'build_config': {'input_shape': [None, 31, 31, 240]}, 'name': 'block4a_dwconv', 'inbound_nodes': [{'args': [{'class_name': '__keras_tensor__', 'config': {'shape': [None, 31, 31, 240], 'dtype': 'float32', 'keras_history': ['block4a_dwconv_pad', 0, 0]}}], 'kwargs': {}}]}, {'module': 'keras.layers', 'class_name': 'BatchNormalization', 'config': {'name': 'block4a_bn', 'trainable': False, 'dtype': {'module': 'keras', 'class_name': 'DTypePolicy', 'config': {'name': 'float32'}, 'registered_name': None}, 'axis': 3, 'momentum': 0.99, 'epsilon': 0.001, 'center': True, 'scale': True, 'beta_initializer': {'module': 'keras.initializers', 'class_name': 'Zeros', 'config': {}, 'registered_name': None}, 'gamma_initializer': {'module': 'keras.initializers', 'class_name': 'Ones', 'config': {}, 'registered_name': None}, 'moving_mean_initializer': {'module': 'keras.initializers', 'class_name': 'Zeros', 'config': {}, 'registered_name': None}, 'moving_variance_initializer': {'module': 'keras.initializers', 'class_name': 'Ones', 'config': {}, 'registered_name': None}, 'beta_regularizer': None, 'gamma_regularizer': None, 'beta_constraint': None, 'gamma_constraint': None, 'synchronized': False}, 'registered_name': None, 'build_config': {'input_shape': [None, 15, 15, 240]}, 'name': 'block4a_bn', 'inbound_nodes': [{'args': [{'class_name': '__keras_tensor__', 'config': {'shape': [None, 15, 15, 240], 'dtype': 'float32', 'keras_history': ['block4a_dwconv', 0, 0]}}], 'kwargs': {'mask': None}}]}, {'module': 'keras.layers', 'class_name': 'Activation', 'config': {'name': 'block4a_activation', 'trainable': False, 'dtype': {'module': 'keras', 'class_name': 'DTypePolicy', 'config': {'name': 'float32'}, 'registered_name': None}, 'activation': 'silu'}, 'registered_name': None, 'name': 'block4a_activation', 'inbound_nodes': [{'args': [{'class_name': '__keras_tensor__', 'config': {'shape': [None, 15, 15, 240], 'dtype': 'float32', 'keras_history': ['block4a_bn', 0, 0]}}], 'kwargs': {}}]}, {'module': 'keras.layers', 'class_name': 'GlobalAveragePooling2D', 'config': {'name': 'block4a_se_squeeze', 'trainable': False, 'dtype': {'module': 'keras', 'class_name': 'DTypePolicy', 'config': {'name': 'float32'}, 'registered_name': None}, 'data_format': 'channels_last', 'keepdims': False}, 'registered_name': None, 'name': 'block4a_se_squeeze', 'inbound_nodes': [{'args': [{'class_name': '__keras_tensor__', 'config': {'shape': [None, 15, 15, 240], 'dtype': 'float32', 'keras_history': ['block4a_activation', 0, 0]}}], 'kwargs': {}}]}, {'module': 'keras.layers', 'class_name': 'Reshape', 'config': {'name': 'block4a_se_reshape', 'trainable': False, 'dtype': {'module': 'keras', 'class_name': 'DTypePolicy', 'config': {'name': 'float32'}, 'registered_name': None}, 'target_shape': [1, 1, 240]}, 'registered_name': None, 'name': 'block4a_se_reshape', 'inbound_nodes': [{'args': [{'class_name': '__keras_tensor__', 'config': {'shape': [None, 240], 'dtype': 'float32', 'keras_history': ['block4a_se_squeeze', 0, 0]}}], 'kwargs': {}}]}, {'module': 'keras.layers', 'class_name': 'Conv2D', 'config': {'name': 'block4a_se_reduce', 'trainable': False, 'dtype': {'module': 'keras', 'class_name': 'DTypePolicy', 'config': {'name': 'float32'}, 'registered_name': None}, 'filters': 10, 'kernel_size': [1, 1], 'strides': [1, 1], 'padding': 'same', 'data_format': 'channels_last', 'dilation_rate': [1, 1], 'groups': 1, 'activation': 'silu', 'use_bias': True, 'kernel_initializer': {'module': 'keras.initializers', 'class_name': 'VarianceScaling', 'config': {'seed': None, 'scale': 2.0, 'mode': 'fan_out', 'distribution': 'truncated_normal'}, 'registered_name': None}, 'bias_initializer': {'module': 'keras.initializers', 'class_name': 'Zeros', 'config': {}, 'registered_name': None}, 'kernel_regularizer': None, 'bias_regularizer': None, 'activity_regularizer': None, 'kernel_constraint': None, 'bias_constraint': None}, 'registered_name': None, 'build_config': {'input_shape': [None, 1, 1, 240]}, 'name': 'block4a_se_reduce', 'inbound_nodes': [{'args': [{'class_name': '__keras_tensor__', 'config': {'shape': [None, 1, 1, 240], 'dtype': 'float32', 'keras_history': ['block4a_se_reshape', 0, 0]}}], 'kwargs': {}}]}, {'module': 'keras.layers', 'class_name': 'Conv2D', 'config': {'name': 'block4a_se_expand', 'trainable': False, 'dtype': {'module': 'keras', 'class_name': 'DTypePolicy', 'config': {'name': 'float32'}, 'registered_name': None}, 'filters': 240, 'kernel_size': [1, 1], 'strides': [1, 1], 'padding': 'same', 'data_format': 'channels_last', 'dilation_rate': [1, 1], 'groups': 1, 'activation': 'sigmoid', 'use_bias': True, 'kernel_initializer': {'module': 'keras.initializers', 'class_name': 'VarianceScaling', 'config': {'seed': None, 'scale': 2.0, 'mode': 'fan_out', 'distribution': 'truncated_normal'}, 'registered_name': None}, 'bias_initializer': {'module': 'keras.initializers', 'class_name': 'Zeros', 'config': {}, 'registered_name': None}, 'kernel_regularizer': None, 'bias_regularizer': None, 'activity_regularizer': None, 'kernel_constraint': None, 'bias_constraint': None}, 'registered_name': None, 'build_config': {'input_shape': [None, 1, 1, 10]}, 'name': 'block4a_se_expand', 'inbound_nodes': [{'args': [{'class_name': '__keras_tensor__', 'config': {'shape': [None, 1, 1, 10], 'dtype': 'float32', 'keras_history': ['block4a_se_reduce', 0, 0]}}], 'kwargs': {}}]}, {'module': 'keras.layers', 'class_name': 'Multiply', 'config': {'name': 'block4a_se_excite', 'trainable': False, 'dtype': {'module': 'keras', 'class_name': 'DTypePolicy', 'config': {'name': 'float32'}, 'registered_name': None}}, 'registered_name': None, 'build_config': {'input_shape': [[None, 15, 15, 240], [None, 1, 1, 240]]}, 'name': 'block4a_se_excite', 'inbound_nodes': [{'args': [[{'class_name': '__keras_tensor__', 'config': {'shape': [None, 15, 15, 240], 'dtype': 'float32', 'keras_history': ['block4a_activation', 0, 0]}}, {'class_name': '__keras_tensor__', 'config': {'shape': [None, 1, 1, 240], 'dtype': 'float32', 'keras_history': ['block4a_se_expand', 0, 0]}}]], 'kwargs': {}}]}, {'module': 'keras.layers', 'class_name': 'Conv2D', 'config': {'name': 'block4a_project_conv', 'trainable': False, 'dtype': {'module': 'keras', 'class_name': 'DTypePolicy', 'config': {'name': 'float32'}, 'registered_name': None}, 'filters': 80, 'kernel_size': [1, 1], 'strides': [1, 1], 'padding': 'same', 'data_format': 'channels_last', 'dilation_rate': [1, 1], 'groups': 1, 'activation': 'linear', 'use_bias': False, 'kernel_initializer': {'module': 'keras.initializers', 'class_name': 'VarianceScaling', 'config': {'seed': None, 'scale': 2.0, 'mode': 'fan_out', 'distribution': 'truncated_normal'}, 'registered_name': None}, 'bias_initializer': {'module': 'keras.initializers', 'class_name': 'Zeros', 'config': {}, 'registered_name': None}, 'kernel_regularizer': None, 'bias_regularizer': None, 'activity_regularizer': None, 'kernel_constraint': None, 'bias_constraint': None}, 'registered_name': None, 'build_config': {'input_shape': [None, 15, 15, 240]}, 'name': 'block4a_project_conv', 'inbound_nodes': [{'args': [{'class_name': '__keras_tensor__', 'config': {'shape': [None, 15, 15, 240], 'dtype': 'float32', 'keras_history': ['block4a_se_excite', 0, 0]}}], 'kwargs': {}}]}, {'module': 'keras.layers', 'class_name': 'BatchNormalization', 'config': {'name': 'block4a_project_bn', 'trainable': False, 'dtype': {'module': 'keras', 'class_name': 'DTypePolicy', 'config': {'name': 'float32'}, 'registered_name': None}, 'axis': 3, 'momentum': 0.99, 'epsilon': 0.001, 'center': True, 'scale': True, 'beta_initializer': {'module': 'keras.initializers', 'class_name': 'Zeros', 'config': {}, 'registered_name': None}, 'gamma_initializer': {'module': 'keras.initializers', 'class_name': 'Ones', 'config': {}, 'registered_name': None}, 'moving_mean_initializer': {'module': 'keras.initializers', 'class_name': 'Zeros', 'config': {}, 'registered_name': None}, 'moving_variance_initializer': {'module': 'keras.initializers', 'class_name': 'Ones', 'config': {}, 'registered_name': None}, 'beta_regularizer': None, 'gamma_regularizer': None, 'beta_constraint': None, 'gamma_constraint': None, 'synchronized': False}, 'registered_name': None, 'build_config': {'input_shape': [None, 15, 15, 80]}, 'name': 'block4a_project_bn', 'inbound_nodes': [{'args': [{'class_name': '__keras_tensor__', 'config': {'shape': [None, 15, 15, 80], 'dtype': 'float32', 'keras_history': ['block4a_project_conv', 0, 0]}}], 'kwargs': {'mask': None}}]}, {'module': 'keras.layers', 'class_name': 'Conv2D', 'config': {'name': 'block4b_expand_conv', 'trainable': False, 'dtype': {'module': 'keras', 'class_name': 'DTypePolicy', 'config': {'name': 'float32'}, 'registered_name': None}, 'filters': 480, 'kernel_size': [1, 1], 'strides': [1, 1], 'padding': 'same', 'data_format': 'channels_last', 'dilation_rate': [1, 1], 'groups': 1, 'activation': 'linear', 'use_bias': False, 'kernel_initializer': {'module': 'keras.initializers', 'class_name': 'VarianceScaling', 'config': {'seed': None, 'scale': 2.0, 'mode': 'fan_out', 'distribution': 'truncated_normal'}, 'registered_name': None}, 'bias_initializer': {'module': 'keras.initializers', 'class_name': 'Zeros', 'config': {}, 'registered_name': None}, 'kernel_regularizer': None, 'bias_regularizer': None, 'activity_regularizer': None, 'kernel_constraint': None, 'bias_constraint': None}, 'registered_name': None, 'build_config': {'input_shape': [None, 15, 15, 80]}, 'name': 'block4b_expand_conv', 'inbound_nodes': [{'args': [{'class_name': '__keras_tensor__', 'config': {'shape': [None, 15, 15, 80], 'dtype': 'float32', 'keras_history': ['block4a_project_bn', 0, 0]}}], 'kwargs': {}}]}, {'module': 'keras.layers', 'class_name': 'BatchNormalization', 'config': {'name': 'block4b_expand_bn', 'trainable': False, 'dtype': {'module': 'keras', 'class_name': 'DTypePolicy', 'config': {'name': 'float32'}, 'registered_name': None}, 'axis': 3, 'momentum': 0.99, 'epsilon': 0.001, 'center': True, 'scale': True, 'beta_initializer': {'module': 'keras.initializers', 'class_name': 'Zeros', 'config': {}, 'registered_name': None}, 'gamma_initializer': {'module': 'keras.initializers', 'class_name': 'Ones', 'config': {}, 'registered_name': None}, 'moving_mean_initializer': {'module': 'keras.initializers', 'class_name': 'Zeros', 'config': {}, 'registered_name': None}, 'moving_variance_initializer': {'module': 'keras.initializers', 'class_name': 'Ones', 'config': {}, 'registered_name': None}, 'beta_regularizer': None, 'gamma_regularizer': None, 'beta_constraint': None, 'gamma_constraint': None, 'synchronized': False}, 'registered_name': None, 'build_config': {'input_shape': [None, 15, 15, 480]}, 'name': 'block4b_expand_bn', 'inbound_nodes': [{'args': [{'class_name': '__keras_tensor__', 'config': {'shape': [None, 15, 15, 480], 'dtype': 'float32', 'keras_history': ['block4b_expand_conv', 0, 0]}}], 'kwargs': {'mask': None}}]}, {'module': 'keras.layers', 'class_name': 'Activation', 'config': {'name': 'block4b_expand_activation', 'trainable': False, 'dtype': {'module': 'keras', 'class_name': 'DTypePolicy', 'config': {'name': 'float32'}, 'registered_name': None}, 'activation': 'silu'}, 'registered_name': None, 'name': 'block4b_expand_activation', 'inbound_nodes': [{'args': [{'class_name': '__keras_tensor__', 'config': {'shape': [None, 15, 15, 480], 'dtype': 'float32', 'keras_history': ['block4b_expand_bn', 0, 0]}}], 'kwargs': {}}]}, {'module': 'keras.layers', 'class_name': 'DepthwiseConv2D', 'config': {'name': 'block4b_dwconv', 'trainable': False, 'dtype': {'module': 'keras', 'class_name': 'DTypePolicy', 'config': {'name': 'float32'}, 'registered_name': None}, 'depth_multiplier': 1, 'kernel_size': [3, 3], 'strides': [1, 1], 'padding': 'same', 'data_format': 'channels_last', 'dilation_rate': [1, 1], 'activation': 'linear', 'use_bias': False, 'depthwise_initializer': {'module': 'keras.initializers', 'class_name': 'VarianceScaling', 'config': {'seed': None, 'scale': 2.0, 'mode': 'fan_out', 'distribution': 'truncated_normal'}, 'registered_name': None}, 'bias_initializer': {'module': 'keras.initializers', 'class_name': 'Zeros', 'config': {}, 'registered_name': None}, 'depthwise_regularizer': None, 'bias_regularizer': None, 'activity_regularizer': None, 'depthwise_constraint': None, 'bias_constraint': None}, 'registered_name': None, 'build_config': {'input_shape': [None, 15, 15, 480]}, 'name': 'block4b_dwconv', 'inbound_nodes': [{'args': [{'class_name': '__keras_tensor__', 'config': {'shape': [None, 15, 15, 480], 'dtype': 'float32', 'keras_history': ['block4b_expand_activation', 0, 0]}}], 'kwargs': {}}]}, {'module': 'keras.layers', 'class_name': 'BatchNormalization', 'config': {'name': 'block4b_bn', 'trainable': False, 'dtype': {'module': 'keras', 'class_name': 'DTypePolicy', 'config': {'name': 'float32'}, 'registered_name': None}, 'axis': 3, 'momentum': 0.99, 'epsilon': 0.001, 'center': True, 'scale': True, 'beta_initializer': {'module': 'keras.initializers', 'class_name': 'Zeros', 'config': {}, 'registered_name': None}, 'gamma_initializer': {'module': 'keras.initializers', 'class_name': 'Ones', 'config': {}, 'registered_name': None}, 'moving_mean_initializer': {'module': 'keras.initializers', 'class_name': 'Zeros', 'config': {}, 'registered_name': None}, 'moving_variance_initializer': {'module': 'keras.initializers', 'class_name': 'Ones', 'config': {}, 'registered_name': None}, 'beta_regularizer': None, 'gamma_regularizer': None, 'beta_constraint': None, 'gamma_constraint': None, 'synchronized': False}, 'registered_name': None, 'build_config': {'input_shape': [None, 15, 15, 480]}, 'name': 'block4b_bn', 'inbound_nodes': [{'args': [{'class_name': '__keras_tensor__', 'config': {'shape': [None, 15, 15, 480], 'dtype': 'float32', 'keras_history': ['block4b_dwconv', 0, 0]}}], 'kwargs': {'mask': None}}]}, {'module': 'keras.layers', 'class_name': 'Activation', 'config': {'name': 'block4b_activation', 'trainable': False, 'dtype': {'module': 'keras', 'class_name': 'DTypePolicy', 'config': {'name': 'float32'}, 'registered_name': None}, 'activation': 'silu'}, 'registered_name': None, 'name': 'block4b_activation', 'inbound_nodes': [{'args': [{'class_name': '__keras_tensor__', 'config': {'shape': [None, 15, 15, 480], 'dtype': 'float32', 'keras_history': ['block4b_bn', 0, 0]}}], 'kwargs': {}}]}, {'module': 'keras.layers', 'class_name': 'GlobalAveragePooling2D', 'config': {'name': 'block4b_se_squeeze', 'trainable': False, 'dtype': {'module': 'keras', 'class_name': 'DTypePolicy', 'config': {'name': 'float32'}, 'registered_name': None}, 'data_format': 'channels_last', 'keepdims': False}, 'registered_name': None, 'name': 'block4b_se_squeeze', 'inbound_nodes': [{'args': [{'class_name': '__keras_tensor__', 'config': {'shape': [None, 15, 15, 480], 'dtype': 'float32', 'keras_history': ['block4b_activation', 0, 0]}}], 'kwargs': {}}]}, {'module': 'keras.layers', 'class_name': 'Reshape', 'config': {'name': 'block4b_se_reshape', 'trainable': False, 'dtype': {'module': 'keras', 'class_name': 'DTypePolicy', 'config': {'name': 'float32'}, 'registered_name': None}, 'target_shape': [1, 1, 480]}, 'registered_name': None, 'name': 'block4b_se_reshape', 'inbound_nodes': [{'args': [{'class_name': '__keras_tensor__', 'config': {'shape': [None, 480], 'dtype': 'float32', 'keras_history': ['block4b_se_squeeze', 0, 0]}}], 'kwargs': {}}]}, {'module': 'keras.layers', 'class_name': 'Conv2D', 'config': {'name': 'block4b_se_reduce', 'trainable': False, 'dtype': {'module': 'keras', 'class_name': 'DTypePolicy', 'config': {'name': 'float32'}, 'registered_name': None}, 'filters': 20, 'kernel_size': [1, 1], 'strides': [1, 1], 'padding': 'same', 'data_format': 'channels_last', 'dilation_rate': [1, 1], 'groups': 1, 'activation': 'silu', 'use_bias': True, 'kernel_initializer': {'module': 'keras.initializers', 'class_name': 'VarianceScaling', 'config': {'seed': None, 'scale': 2.0, 'mode': 'fan_out', 'distribution': 'truncated_normal'}, 'registered_name': None}, 'bias_initializer': {'module': 'keras.initializers', 'class_name': 'Zeros', 'config': {}, 'registered_name': None}, 'kernel_regularizer': None, 'bias_regularizer': None, 'activity_regularizer': None, 'kernel_constraint': None, 'bias_constraint': None}, 'registered_name': None, 'build_config': {'input_shape': [None, 1, 1, 480]}, 'name': 'block4b_se_reduce', 'inbound_nodes': [{'args': [{'class_name': '__keras_tensor__', 'config': {'shape': [None, 1, 1, 480], 'dtype': 'float32', 'keras_history': ['block4b_se_reshape', 0, 0]}}], 'kwargs': {}}]}, {'module': 'keras.layers', 'class_name': 'Conv2D', 'config': {'name': 'block4b_se_expand', 'trainable': False, 'dtype': {'module': 'keras', 'class_name': 'DTypePolicy', 'config': {'name': 'float32'}, 'registered_name': None}, 'filters': 480, 'kernel_size': [1, 1], 'strides': [1, 1], 'padding': 'same', 'data_format': 'channels_last', 'dilation_rate': [1, 1], 'groups': 1, 'activation': 'sigmoid', 'use_bias': True, 'kernel_initializer': {'module': 'keras.initializers', 'class_name': 'VarianceScaling', 'config': {'seed': None, 'scale': 2.0, 'mode': 'fan_out', 'distribution': 'truncated_normal'}, 'registered_name': None}, 'bias_initializer': {'module': 'keras.initializers', 'class_name': 'Zeros', 'config': {}, 'registered_name': None}, 'kernel_regularizer': None, 'bias_regularizer': None, 'activity_regularizer': None, 'kernel_constraint': None, 'bias_constraint': None}, 'registered_name': None, 'build_config': {'input_shape': [None, 1, 1, 20]}, 'name': 'block4b_se_expand', 'inbound_nodes': [{'args': [{'class_name': '__keras_tensor__', 'config': {'shape': [None, 1, 1, 20], 'dtype': 'float32', 'keras_history': ['block4b_se_reduce', 0, 0]}}], 'kwargs': {}}]}, {'module': 'keras.layers', 'class_name': 'Multiply', 'config': {'name': 'block4b_se_excite', 'trainable': False, 'dtype': {'module': 'keras', 'class_name': 'DTypePolicy', 'config': {'name': 'float32'}, 'registered_name': None}}, 'registered_name': None, 'build_config': {'input_shape': [[None, 15, 15, 480], [None, 1, 1, 480]]}, 'name': 'block4b_se_excite', 'inbound_nodes': [{'args': [[{'class_name': '__keras_tensor__', 'config': {'shape': [None, 15, 15, 480], 'dtype': 'float32', 'keras_history': ['block4b_activation', 0, 0]}}, {'class_name': '__keras_tensor__', 'config': {'shape': [None, 1, 1, 480], 'dtype': 'float32', 'keras_history': ['block4b_se_expand', 0, 0]}}]], 'kwargs': {}}]}, {'module': 'keras.layers', 'class_name': 'Conv2D', 'config': {'name': 'block4b_project_conv', 'trainable': False, 'dtype': {'module': 'keras', 'class_name': 'DTypePolicy', 'config': {'name': 'float32'}, 'registered_name': None}, 'filters': 80, 'kernel_size': [1, 1], 'strides': [1, 1], 'padding': 'same', 'data_format': 'channels_last', 'dilation_rate': [1, 1], 'groups': 1, 'activation': 'linear', 'use_bias': False, 'kernel_initializer': {'module': 'keras.initializers', 'class_name': 'VarianceScaling', 'config': {'seed': None, 'scale': 2.0, 'mode': 'fan_out', 'distribution': 'truncated_normal'}, 'registered_name': None}, 'bias_initializer': {'module': 'keras.initializers', 'class_name': 'Zeros', 'config': {}, 'registered_name': None}, 'kernel_regularizer': None, 'bias_regularizer': None, 'activity_regularizer': None, 'kernel_constraint': None, 'bias_constraint': None}, 'registered_name': None, 'build_config': {'input_shape': [None, 15, 15, 480]}, 'name': 'block4b_project_conv', 'inbound_nodes': [{'args': [{'class_name': '__keras_tensor__', 'config': {'shape': [None, 15, 15, 480], 'dtype': 'float32', 'keras_history': ['block4b_se_excite', 0, 0]}}], 'kwargs': {}}]}, {'module': 'keras.layers', 'class_name': 'BatchNormalization', 'config': {'name': 'block4b_project_bn', 'trainable': False, 'dtype': {'module': 'keras', 'class_name': 'DTypePolicy', 'config': {'name': 'float32'}, 'registered_name': None}, 'axis': 3, 'momentum': 0.99, 'epsilon': 0.001, 'center': True, 'scale': True, 'beta_initializer': {'module': 'keras.initializers', 'class_name': 'Zeros', 'config': {}, 'registered_name': None}, 'gamma_initializer': {'module': 'keras.initializers', 'class_name': 'Ones', 'config': {}, 'registered_name': None}, 'moving_mean_initializer': {'module': 'keras.initializers', 'class_name': 'Zeros', 'config': {}, 'registered_name': None}, 'moving_variance_initializer': {'module': 'keras.initializers', 'class_name': 'Ones', 'config': {}, 'registered_name': None}, 'beta_regularizer': None, 'gamma_regularizer': None, 'beta_constraint': None, 'gamma_constraint': None, 'synchronized': False}, 'registered_name': None, 'build_config': {'input_shape': [None, 15, 15, 80]}, 'name': 'block4b_project_bn', 'inbound_nodes': [{'args': [{'class_name': '__keras_tensor__', 'config': {'shape': [None, 15, 15, 80], 'dtype': 'float32', 'keras_history': ['block4b_project_conv', 0, 0]}}], 'kwargs': {'mask': None}}]}, {'module': 'keras.layers', 'class_name': 'Dropout', 'config': {'name': 'block4b_drop', 'trainable': False, 'dtype': {'module': 'keras', 'class_name': 'DTypePolicy', 'config': {'name': 'float32'}, 'registered_name': None}, 'rate': 0.0782608695652174, 'seed': None, 'noise_shape': [None, 1, 1, 1]}, 'registered_name': None, 'name': 'block4b_drop', 'inbound_nodes': [{'args': [{'class_name': '__keras_tensor__', 'config': {'shape': [None, 15, 15, 80], 'dtype': 'float32', 'keras_history': ['block4b_project_bn', 0, 0]}}], 'kwargs': {'training': False}}]}, {'module': 'keras.layers', 'class_name': 'Add', 'config': {'name': 'block4b_add', 'trainable': False, 'dtype': {'module': 'keras', 'class_name': 'DTypePolicy', 'config': {'name': 'float32'}, 'registered_name': None}}, 'registered_name': None, 'build_config': {'input_shape': [[None, 15, 15, 80], [None, 15, 15, 80]]}, 'name': 'block4b_add', 'inbound_nodes': [{'args': [[{'class_name': '__keras_tensor__', 'config': {'shape': [None, 15, 15, 80], 'dtype': 'float32', 'keras_history': ['block4b_drop', 0, 0]}}, {'class_name': '__keras_tensor__', 'config': {'shape': [None, 15, 15, 80], 'dtype': 'float32', 'keras_history': ['block4a_project_bn', 0, 0]}}]], 'kwargs': {}}]}, {'module': 'keras.layers', 'class_name': 'Conv2D', 'config': {'name': 'block4c_expand_conv', 'trainable': False, 'dtype': {'module': 'keras', 'class_name': 'DTypePolicy', 'config': {'name': 'float32'}, 'registered_name': None}, 'filters': 480, 'kernel_size': [1, 1], 'strides': [1, 1], 'padding': 'same', 'data_format': 'channels_last', 'dilation_rate': [1, 1], 'groups': 1, 'activation': 'linear', 'use_bias': False, 'kernel_initializer': {'module': 'keras.initializers', 'class_name': 'VarianceScaling', 'config': {'seed': None, 'scale': 2.0, 'mode': 'fan_out', 'distribution': 'truncated_normal'}, 'registered_name': None}, 'bias_initializer': {'module': 'keras.initializers', 'class_name': 'Zeros', 'config': {}, 'registered_name': None}, 'kernel_regularizer': None, 'bias_regularizer': None, 'activity_regularizer': None, 'kernel_constraint': None, 'bias_constraint': None}, 'registered_name': None, 'build_config': {'input_shape': [None, 15, 15, 80]}, 'name': 'block4c_expand_conv', 'inbound_nodes': [{'args': [{'class_name': '__keras_tensor__', 'config': {'shape': [None, 15, 15, 80], 'dtype': 'float32', 'keras_history': ['block4b_add', 0, 0]}}], 'kwargs': {}}]}, {'module': 'keras.layers', 'class_name': 'BatchNormalization', 'config': {'name': 'block4c_expand_bn', 'trainable': False, 'dtype': {'module': 'keras', 'class_name': 'DTypePolicy', 'config': {'name': 'float32'}, 'registered_name': None}, 'axis': 3, 'momentum': 0.99, 'epsilon': 0.001, 'center': True, 'scale': True, 'beta_initializer': {'module': 'keras.initializers', 'class_name': 'Zeros', 'config': {}, 'registered_name': None}, 'gamma_initializer': {'module': 'keras.initializers', 'class_name': 'Ones', 'config': {}, 'registered_name': None}, 'moving_mean_initializer': {'module': 'keras.initializers', 'class_name': 'Zeros', 'config': {}, 'registered_name': None}, 'moving_variance_initializer': {'module': 'keras.initializers', 'class_name': 'Ones', 'config': {}, 'registered_name': None}, 'beta_regularizer': None, 'gamma_regularizer': None, 'beta_constraint': None, 'gamma_constraint': None, 'synchronized': False}, 'registered_name': None, 'build_config': {'input_shape': [None, 15, 15, 480]}, 'name': 'block4c_expand_bn', 'inbound_nodes': [{'args': [{'class_name': '__keras_tensor__', 'config': {'shape': [None, 15, 15, 480], 'dtype': 'float32', 'keras_history': ['block4c_expand_conv', 0, 0]}}], 'kwargs': {'mask': None}}]}, {'module': 'keras.layers', 'class_name': 'Activation', 'config': {'name': 'block4c_expand_activation', 'trainable': False, 'dtype': {'module': 'keras', 'class_name': 'DTypePolicy', 'config': {'name': 'float32'}, 'registered_name': None}, 'activation': 'silu'}, 'registered_name': None, 'name': 'block4c_expand_activation', 'inbound_nodes': [{'args': [{'class_name': '__keras_tensor__', 'config': {'shape': [None, 15, 15, 480], 'dtype': 'float32', 'keras_history': ['block4c_expand_bn', 0, 0]}}], 'kwargs': {}}]}, {'module': 'keras.layers', 'class_name': 'DepthwiseConv2D', 'config': {'name': 'block4c_dwconv', 'trainable': False, 'dtype': {'module': 'keras', 'class_name': 'DTypePolicy', 'config': {'name': 'float32'}, 'registered_name': None}, 'depth_multiplier': 1, 'kernel_size': [3, 3], 'strides': [1, 1], 'padding': 'same', 'data_format': 'channels_last', 'dilation_rate': [1, 1], 'activation': 'linear', 'use_bias': False, 'depthwise_initializer': {'module': 'keras.initializers', 'class_name': 'VarianceScaling', 'config': {'seed': None, 'scale': 2.0, 'mode': 'fan_out', 'distribution': 'truncated_normal'}, 'registered_name': None}, 'bias_initializer': {'module': 'keras.initializers', 'class_name': 'Zeros', 'config': {}, 'registered_name': None}, 'depthwise_regularizer': None, 'bias_regularizer': None, 'activity_regularizer': None, 'depthwise_constraint': None, 'bias_constraint': None}, 'registered_name': None, 'build_config': {'input_shape': [None, 15, 15, 480]}, 'name': 'block4c_dwconv', 'inbound_nodes': [{'args': [{'class_name': '__keras_tensor__', 'config': {'shape': [None, 15, 15, 480], 'dtype': 'float32', 'keras_history': ['block4c_expand_activation', 0, 0]}}], 'kwargs': {}}]}, {'module': 'keras.layers', 'class_name': 'BatchNormalization', 'config': {'name': 'block4c_bn', 'trainable': False, 'dtype': {'module': 'keras', 'class_name': 'DTypePolicy', 'config': {'name': 'float32'}, 'registered_name': None}, 'axis': 3, 'momentum': 0.99, 'epsilon': 0.001, 'center': True, 'scale': True, 'beta_initializer': {'module': 'keras.initializers', 'class_name': 'Zeros', 'config': {}, 'registered_name': None}, 'gamma_initializer': {'module': 'keras.initializers', 'class_name': 'Ones', 'config': {}, 'registered_name': None}, 'moving_mean_initializer': {'module': 'keras.initializers', 'class_name': 'Zeros', 'config': {}, 'registered_name': None}, 'moving_variance_initializer': {'module': 'keras.initializers', 'class_name': 'Ones', 'config': {}, 'registered_name': None}, 'beta_regularizer': None, 'gamma_regularizer': None, 'beta_constraint': None, 'gamma_constraint': None, 'synchronized': False}, 'registered_name': None, 'build_config': {'input_shape': [None, 15, 15, 480]}, 'name': 'block4c_bn', 'inbound_nodes': [{'args': [{'class_name': '__keras_tensor__', 'config': {'shape': [None, 15, 15, 480], 'dtype': 'float32', 'keras_history': ['block4c_dwconv', 0, 0]}}], 'kwargs': {'mask': None}}]}, {'module': 'keras.layers', 'class_name': 'Activation', 'config': {'name': 'block4c_activation', 'trainable': False, 'dtype': {'module': 'keras', 'class_name': 'DTypePolicy', 'config': {'name': 'float32'}, 'registered_name': None}, 'activation': 'silu'}, 'registered_name': None, 'name': 'block4c_activation', 'inbound_nodes': [{'args': [{'class_name': '__keras_tensor__', 'config': {'shape': [None, 15, 15, 480], 'dtype': 'float32', 'keras_history': ['block4c_bn', 0, 0]}}], 'kwargs': {}}]}, {'module': 'keras.layers', 'class_name': 'GlobalAveragePooling2D', 'config': {'name': 'block4c_se_squeeze', 'trainable': False, 'dtype': {'module': 'keras', 'class_name': 'DTypePolicy', 'config': {'name': 'float32'}, 'registered_name': None}, 'data_format': 'channels_last', 'keepdims': False}, 'registered_name': None, 'name': 'block4c_se_squeeze', 'inbound_nodes': [{'args': [{'class_name': '__keras_tensor__', 'config': {'shape': [None, 15, 15, 480], 'dtype': 'float32', 'keras_history': ['block4c_activation', 0, 0]}}], 'kwargs': {}}]}, {'module': 'keras.layers', 'class_name': 'Reshape', 'config': {'name': 'block4c_se_reshape', 'trainable': False, 'dtype': {'module': 'keras', 'class_name': 'DTypePolicy', 'config': {'name': 'float32'}, 'registered_name': None}, 'target_shape': [1, 1, 480]}, 'registered_name': None, 'name': 'block4c_se_reshape', 'inbound_nodes': [{'args': [{'class_name': '__keras_tensor__', 'config': {'shape': [None, 480], 'dtype': 'float32', 'keras_history': ['block4c_se_squeeze', 0, 0]}}], 'kwargs': {}}]}, {'module': 'keras.layers', 'class_name': 'Conv2D', 'config': {'name': 'block4c_se_reduce', 'trainable': False, 'dtype': {'module': 'keras', 'class_name': 'DTypePolicy', 'config': {'name': 'float32'}, 'registered_name': None}, 'filters': 20, 'kernel_size': [1, 1], 'strides': [1, 1], 'padding': 'same', 'data_format': 'channels_last', 'dilation_rate': [1, 1], 'groups': 1, 'activation': 'silu', 'use_bias': True, 'kernel_initializer': {'module': 'keras.initializers', 'class_name': 'VarianceScaling', 'config': {'seed': None, 'scale': 2.0, 'mode': 'fan_out', 'distribution': 'truncated_normal'}, 'registered_name': None}, 'bias_initializer': {'module': 'keras.initializers', 'class_name': 'Zeros', 'config': {}, 'registered_name': None}, 'kernel_regularizer': None, 'bias_regularizer': None, 'activity_regularizer': None, 'kernel_constraint': None, 'bias_constraint': None}, 'registered_name': None, 'build_config': {'input_shape': [None, 1, 1, 480]}, 'name': 'block4c_se_reduce', 'inbound_nodes': [{'args': [{'class_name': '__keras_tensor__', 'config': {'shape': [None, 1, 1, 480], 'dtype': 'float32', 'keras_history': ['block4c_se_reshape', 0, 0]}}], 'kwargs': {}}]}, {'module': 'keras.layers', 'class_name': 'Conv2D', 'config': {'name': 'block4c_se_expand', 'trainable': False, 'dtype': {'module': 'keras', 'class_name': 'DTypePolicy', 'config': {'name': 'float32'}, 'registered_name': None}, 'filters': 480, 'kernel_size': [1, 1], 'strides': [1, 1], 'padding': 'same', 'data_format': 'channels_last', 'dilation_rate': [1, 1], 'groups': 1, 'activation': 'sigmoid', 'use_bias': True, 'kernel_initializer': {'module': 'keras.initializers', 'class_name': 'VarianceScaling', 'config': {'seed': None, 'scale': 2.0, 'mode': 'fan_out', 'distribution': 'truncated_normal'}, 'registered_name': None}, 'bias_initializer': {'module': 'keras.initializers', 'class_name': 'Zeros', 'config': {}, 'registered_name': None}, 'kernel_regularizer': None, 'bias_regularizer': None, 'activity_regularizer': None, 'kernel_constraint': None, 'bias_constraint': None}, 'registered_name': None, 'build_config': {'input_shape': [None, 1, 1, 20]}, 'name': 'block4c_se_expand', 'inbound_nodes': [{'args': [{'class_name': '__keras_tensor__', 'config': {'shape': [None, 1, 1, 20], 'dtype': 'float32', 'keras_history': ['block4c_se_reduce', 0, 0]}}], 'kwargs': {}}]}, {'module': 'keras.layers', 'class_name': 'Multiply', 'config': {'name': 'block4c_se_excite', 'trainable': False, 'dtype': {'module': 'keras', 'class_name': 'DTypePolicy', 'config': {'name': 'float32'}, 'registered_name': None}}, 'registered_name': None, 'build_config': {'input_shape': [[None, 15, 15, 480], [None, 1, 1, 480]]}, 'name': 'block4c_se_excite', 'inbound_nodes': [{'args': [[{'class_name': '__keras_tensor__', 'config': {'shape': [None, 15, 15, 480], 'dtype': 'float32', 'keras_history': ['block4c_activation', 0, 0]}}, {'class_name': '__keras_tensor__', 'config': {'shape': [None, 1, 1, 480], 'dtype': 'float32', 'keras_history': ['block4c_se_expand', 0, 0]}}]], 'kwargs': {}}]}, {'module': 'keras.layers', 'class_name': 'Conv2D', 'config': {'name': 'block4c_project_conv', 'trainable': False, 'dtype': {'module': 'keras', 'class_name': 'DTypePolicy', 'config': {'name': 'float32'}, 'registered_name': None}, 'filters': 80, 'kernel_size': [1, 1], 'strides': [1, 1], 'padding': 'same', 'data_format': 'channels_last', 'dilation_rate': [1, 1], 'groups': 1, 'activation': 'linear', 'use_bias': False, 'kernel_initializer': {'module': 'keras.initializers', 'class_name': 'VarianceScaling', 'config': {'seed': None, 'scale': 2.0, 'mode': 'fan_out', 'distribution': 'truncated_normal'}, 'registered_name': None}, 'bias_initializer': {'module': 'keras.initializers', 'class_name': 'Zeros', 'config': {}, 'registered_name': None}, 'kernel_regularizer': None, 'bias_regularizer': None, 'activity_regularizer': None, 'kernel_constraint': None, 'bias_constraint': None}, 'registered_name': None, 'build_config': {'input_shape': [None, 15, 15, 480]}, 'name': 'block4c_project_conv', 'inbound_nodes': [{'args': [{'class_name': '__keras_tensor__', 'config': {'shape': [None, 15, 15, 480], 'dtype': 'float32', 'keras_history': ['block4c_se_excite', 0, 0]}}], 'kwargs': {}}]}, {'module': 'keras.layers', 'class_name': 'BatchNormalization', 'config': {'name': 'block4c_project_bn', 'trainable': False, 'dtype': {'module': 'keras', 'class_name': 'DTypePolicy', 'config': {'name': 'float32'}, 'registered_name': None}, 'axis': 3, 'momentum': 0.99, 'epsilon': 0.001, 'center': True, 'scale': True, 'beta_initializer': {'module': 'keras.initializers', 'class_name': 'Zeros', 'config': {}, 'registered_name': None}, 'gamma_initializer': {'module': 'keras.initializers', 'class_name': 'Ones', 'config': {}, 'registered_name': None}, 'moving_mean_initializer': {'module': 'keras.initializers', 'class_name': 'Zeros', 'config': {}, 'registered_name': None}, 'moving_variance_initializer': {'module': 'keras.initializers', 'class_name': 'Ones', 'config': {}, 'registered_name': None}, 'beta_regularizer': None, 'gamma_regularizer': None, 'beta_constraint': None, 'gamma_constraint': None, 'synchronized': False}, 'registered_name': None, 'build_config': {'input_shape': [None, 15, 15, 80]}, 'name': 'block4c_project_bn', 'inbound_nodes': [{'args': [{'class_name': '__keras_tensor__', 'config': {'shape': [None, 15, 15, 80], 'dtype': 'float32', 'keras_history': ['block4c_project_conv', 0, 0]}}], 'kwargs': {'mask': None}}]}, {'module': 'keras.layers', 'class_name': 'Dropout', 'config': {'name': 'block4c_drop', 'trainable': False, 'dtype': {'module': 'keras', 'class_name': 'DTypePolicy', 'config': {'name': 'float32'}, 'registered_name': None}, 'rate': 0.08695652173913043, 'seed': None, 'noise_shape': [None, 1, 1, 1]}, 'registered_name': None, 'name': 'block4c_drop', 'inbound_nodes': [{'args': [{'class_name': '__keras_tensor__', 'config': {'shape': [None, 15, 15, 80], 'dtype': 'float32', 'keras_history': ['block4c_project_bn', 0, 0]}}], 'kwargs': {'training': False}}]}, {'module': 'keras.layers', 'class_name': 'Add', 'config': {'name': 'block4c_add', 'trainable': False, 'dtype': {'module': 'keras', 'class_name': 'DTypePolicy', 'config': {'name': 'float32'}, 'registered_name': None}}, 'registered_name': None, 'build_config': {'input_shape': [[None, 15, 15, 80], [None, 15, 15, 80]]}, 'name': 'block4c_add', 'inbound_nodes': [{'args': [[{'class_name': '__keras_tensor__', 'config': {'shape': [None, 15, 15, 80], 'dtype': 'float32', 'keras_history': ['block4c_drop', 0, 0]}}, {'class_name': '__keras_tensor__', 'config': {'shape': [None, 15, 15, 80], 'dtype': 'float32', 'keras_history': ['block4b_add', 0, 0]}}]], 'kwargs': {}}]}, {'module': 'keras.layers', 'class_name': 'Conv2D', 'config': {'name': 'block4d_expand_conv', 'trainable': False, 'dtype': {'module': 'keras', 'class_name': 'DTypePolicy', 'config': {'name': 'float32'}, 'registered_name': None}, 'filters': 480, 'kernel_size': [1, 1], 'strides': [1, 1], 'padding': 'same', 'data_format': 'channels_last', 'dilation_rate': [1, 1], 'groups': 1, 'activation': 'linear', 'use_bias': False, 'kernel_initializer': {'module': 'keras.initializers', 'class_name': 'VarianceScaling', 'config': {'seed': None, 'scale': 2.0, 'mode': 'fan_out', 'distribution': 'truncated_normal'}, 'registered_name': None}, 'bias_initializer': {'module': 'keras.initializers', 'class_name': 'Zeros', 'config': {}, 'registered_name': None}, 'kernel_regularizer': None, 'bias_regularizer': None, 'activity_regularizer': None, 'kernel_constraint': None, 'bias_constraint': None}, 'registered_name': None, 'build_config': {'input_shape': [None, 15, 15, 80]}, 'name': 'block4d_expand_conv', 'inbound_nodes': [{'args': [{'class_name': '__keras_tensor__', 'config': {'shape': [None, 15, 15, 80], 'dtype': 'float32', 'keras_history': ['block4c_add', 0, 0]}}], 'kwargs': {}}]}, {'module': 'keras.layers', 'class_name': 'BatchNormalization', 'config': {'name': 'block4d_expand_bn', 'trainable': False, 'dtype': {'module': 'keras', 'class_name': 'DTypePolicy', 'config': {'name': 'float32'}, 'registered_name': None}, 'axis': 3, 'momentum': 0.99, 'epsilon': 0.001, 'center': True, 'scale': True, 'beta_initializer': {'module': 'keras.initializers', 'class_name': 'Zeros', 'config': {}, 'registered_name': None}, 'gamma_initializer': {'module': 'keras.initializers', 'class_name': 'Ones', 'config': {}, 'registered_name': None}, 'moving_mean_initializer': {'module': 'keras.initializers', 'class_name': 'Zeros', 'config': {}, 'registered_name': None}, 'moving_variance_initializer': {'module': 'keras.initializers', 'class_name': 'Ones', 'config': {}, 'registered_name': None}, 'beta_regularizer': None, 'gamma_regularizer': None, 'beta_constraint': None, 'gamma_constraint': None, 'synchronized': False}, 'registered_name': None, 'build_config': {'input_shape': [None, 15, 15, 480]}, 'name': 'block4d_expand_bn', 'inbound_nodes': [{'args': [{'class_name': '__keras_tensor__', 'config': {'shape': [None, 15, 15, 480], 'dtype': 'float32', 'keras_history': ['block4d_expand_conv', 0, 0]}}], 'kwargs': {'mask': None}}]}, {'module': 'keras.layers', 'class_name': 'Activation', 'config': {'name': 'block4d_expand_activation', 'trainable': False, 'dtype': {'module': 'keras', 'class_name': 'DTypePolicy', 'config': {'name': 'float32'}, 'registered_name': None}, 'activation': 'silu'}, 'registered_name': None, 'name': 'block4d_expand_activation', 'inbound_nodes': [{'args': [{'class_name': '__keras_tensor__', 'config': {'shape': [None, 15, 15, 480], 'dtype': 'float32', 'keras_history': ['block4d_expand_bn', 0, 0]}}], 'kwargs': {}}]}, {'module': 'keras.layers', 'class_name': 'DepthwiseConv2D', 'config': {'name': 'block4d_dwconv', 'trainable': False, 'dtype': {'module': 'keras', 'class_name': 'DTypePolicy', 'config': {'name': 'float32'}, 'registered_name': None}, 'depth_multiplier': 1, 'kernel_size': [3, 3], 'strides': [1, 1], 'padding': 'same', 'data_format': 'channels_last', 'dilation_rate': [1, 1], 'activation': 'linear', 'use_bias': False, 'depthwise_initializer': {'module': 'keras.initializers', 'class_name': 'VarianceScaling', 'config': {'seed': None, 'scale': 2.0, 'mode': 'fan_out', 'distribution': 'truncated_normal'}, 'registered_name': None}, 'bias_initializer': {'module': 'keras.initializers', 'class_name': 'Zeros', 'config': {}, 'registered_name': None}, 'depthwise_regularizer': None, 'bias_regularizer': None, 'activity_regularizer': None, 'depthwise_constraint': None, 'bias_constraint': None}, 'registered_name': None, 'build_config': {'input_shape': [None, 15, 15, 480]}, 'name': 'block4d_dwconv', 'inbound_nodes': [{'args': [{'class_name': '__keras_tensor__', 'config': {'shape': [None, 15, 15, 480], 'dtype': 'float32', 'keras_history': ['block4d_expand_activation', 0, 0]}}], 'kwargs': {}}]}, {'module': 'keras.layers', 'class_name': 'BatchNormalization', 'config': {'name': 'block4d_bn', 'trainable': False, 'dtype': {'module': 'keras', 'class_name': 'DTypePolicy', 'config': {'name': 'float32'}, 'registered_name': None}, 'axis': 3, 'momentum': 0.99, 'epsilon': 0.001, 'center': True, 'scale': True, 'beta_initializer': {'module': 'keras.initializers', 'class_name': 'Zeros', 'config': {}, 'registered_name': None}, 'gamma_initializer': {'module': 'keras.initializers', 'class_name': 'Ones', 'config': {}, 'registered_name': None}, 'moving_mean_initializer': {'module': 'keras.initializers', 'class_name': 'Zeros', 'config': {}, 'registered_name': None}, 'moving_variance_initializer': {'module': 'keras.initializers', 'class_name': 'Ones', 'config': {}, 'registered_name': None}, 'beta_regularizer': None, 'gamma_regularizer': None, 'beta_constraint': None, 'gamma_constraint': None, 'synchronized': False}, 'registered_name': None, 'build_config': {'input_shape': [None, 15, 15, 480]}, 'name': 'block4d_bn', 'inbound_nodes': [{'args': [{'class_name': '__keras_tensor__', 'config': {'shape': [None, 15, 15, 480], 'dtype': 'float32', 'keras_history': ['block4d_dwconv', 0, 0]}}], 'kwargs': {'mask': None}}]}, {'module': 'keras.layers', 'class_name': 'Activation', 'config': {'name': 'block4d_activation', 'trainable': False, 'dtype': {'module': 'keras', 'class_name': 'DTypePolicy', 'config': {'name': 'float32'}, 'registered_name': None}, 'activation': 'silu'}, 'registered_name': None, 'name': 'block4d_activation', 'inbound_nodes': [{'args': [{'class_name': '__keras_tensor__', 'config': {'shape': [None, 15, 15, 480], 'dtype': 'float32', 'keras_history': ['block4d_bn', 0, 0]}}], 'kwargs': {}}]}, {'module': 'keras.layers', 'class_name': 'GlobalAveragePooling2D', 'config': {'name': 'block4d_se_squeeze', 'trainable': False, 'dtype': {'module': 'keras', 'class_name': 'DTypePolicy', 'config': {'name': 'float32'}, 'registered_name': None}, 'data_format': 'channels_last', 'keepdims': False}, 'registered_name': None, 'name': 'block4d_se_squeeze', 'inbound_nodes': [{'args': [{'class_name': '__keras_tensor__', 'config': {'shape': [None, 15, 15, 480], 'dtype': 'float32', 'keras_history': ['block4d_activation', 0, 0]}}], 'kwargs': {}}]}, {'module': 'keras.layers', 'class_name': 'Reshape', 'config': {'name': 'block4d_se_reshape', 'trainable': False, 'dtype': {'module': 'keras', 'class_name': 'DTypePolicy', 'config': {'name': 'float32'}, 'registered_name': None}, 'target_shape': [1, 1, 480]}, 'registered_name': None, 'name': 'block4d_se_reshape', 'inbound_nodes': [{'args': [{'class_name': '__keras_tensor__', 'config': {'shape': [None, 480], 'dtype': 'float32', 'keras_history': ['block4d_se_squeeze', 0, 0]}}], 'kwargs': {}}]}, {'module': 'keras.layers', 'class_name': 'Conv2D', 'config': {'name': 'block4d_se_reduce', 'trainable': False, 'dtype': {'module': 'keras', 'class_name': 'DTypePolicy', 'config': {'name': 'float32'}, 'registered_name': None}, 'filters': 20, 'kernel_size': [1, 1], 'strides': [1, 1], 'padding': 'same', 'data_format': 'channels_last', 'dilation_rate': [1, 1], 'groups': 1, 'activation': 'silu', 'use_bias': True, 'kernel_initializer': {'module': 'keras.initializers', 'class_name': 'VarianceScaling', 'config': {'seed': None, 'scale': 2.0, 'mode': 'fan_out', 'distribution': 'truncated_normal'}, 'registered_name': None}, 'bias_initializer': {'module': 'keras.initializers', 'class_name': 'Zeros', 'config': {}, 'registered_name': None}, 'kernel_regularizer': None, 'bias_regularizer': None, 'activity_regularizer': None, 'kernel_constraint': None, 'bias_constraint': None}, 'registered_name': None, 'build_config': {'input_shape': [None, 1, 1, 480]}, 'name': 'block4d_se_reduce', 'inbound_nodes': [{'args': [{'class_name': '__keras_tensor__', 'config': {'shape': [None, 1, 1, 480], 'dtype': 'float32', 'keras_history': ['block4d_se_reshape', 0, 0]}}], 'kwargs': {}}]}, {'module': 'keras.layers', 'class_name': 'Conv2D', 'config': {'name': 'block4d_se_expand', 'trainable': False, 'dtype': {'module': 'keras', 'class_name': 'DTypePolicy', 'config': {'name': 'float32'}, 'registered_name': None}, 'filters': 480, 'kernel_size': [1, 1], 'strides': [1, 1], 'padding': 'same', 'data_format': 'channels_last', 'dilation_rate': [1, 1], 'groups': 1, 'activation': 'sigmoid', 'use_bias': True, 'kernel_initializer': {'module': 'keras.initializers', 'class_name': 'VarianceScaling', 'config': {'seed': None, 'scale': 2.0, 'mode': 'fan_out', 'distribution': 'truncated_normal'}, 'registered_name': None}, 'bias_initializer': {'module': 'keras.initializers', 'class_name': 'Zeros', 'config': {}, 'registered_name': None}, 'kernel_regularizer': None, 'bias_regularizer': None, 'activity_regularizer': None, 'kernel_constraint': None, 'bias_constraint': None}, 'registered_name': None, 'build_config': {'input_shape': [None, 1, 1, 20]}, 'name': 'block4d_se_expand', 'inbound_nodes': [{'args': [{'class_name': '__keras_tensor__', 'config': {'shape': [None, 1, 1, 20], 'dtype': 'float32', 'keras_history': ['block4d_se_reduce', 0, 0]}}], 'kwargs': {}}]}, {'module': 'keras.layers', 'class_name': 'Multiply', 'config': {'name': 'block4d_se_excite', 'trainable': False, 'dtype': {'module': 'keras', 'class_name': 'DTypePolicy', 'config': {'name': 'float32'}, 'registered_name': None}}, 'registered_name': None, 'build_config': {'input_shape': [[None, 15, 15, 480], [None, 1, 1, 480]]}, 'name': 'block4d_se_excite', 'inbound_nodes': [{'args': [[{'class_name': '__keras_tensor__', 'config': {'shape': [None, 15, 15, 480], 'dtype': 'float32', 'keras_history': ['block4d_activation', 0, 0]}}, {'class_name': '__keras_tensor__', 'config': {'shape': [None, 1, 1, 480], 'dtype': 'float32', 'keras_history': ['block4d_se_expand', 0, 0]}}]], 'kwargs': {}}]}, {'module': 'keras.layers', 'class_name': 'Conv2D', 'config': {'name': 'block4d_project_conv', 'trainable': False, 'dtype': {'module': 'keras', 'class_name': 'DTypePolicy', 'config': {'name': 'float32'}, 'registered_name': None}, 'filters': 80, 'kernel_size': [1, 1], 'strides': [1, 1], 'padding': 'same', 'data_format': 'channels_last', 'dilation_rate': [1, 1], 'groups': 1, 'activation': 'linear', 'use_bias': False, 'kernel_initializer': {'module': 'keras.initializers', 'class_name': 'VarianceScaling', 'config': {'seed': None, 'scale': 2.0, 'mode': 'fan_out', 'distribution': 'truncated_normal'}, 'registered_name': None}, 'bias_initializer': {'module': 'keras.initializers', 'class_name': 'Zeros', 'config': {}, 'registered_name': None}, 'kernel_regularizer': None, 'bias_regularizer': None, 'activity_regularizer': None, 'kernel_constraint': None, 'bias_constraint': None}, 'registered_name': None, 'build_config': {'input_shape': [None, 15, 15, 480]}, 'name': 'block4d_project_conv', 'inbound_nodes': [{'args': [{'class_name': '__keras_tensor__', 'config': {'shape': [None, 15, 15, 480], 'dtype': 'float32', 'keras_history': ['block4d_se_excite', 0, 0]}}], 'kwargs': {}}]}, {'module': 'keras.layers', 'class_name': 'BatchNormalization', 'config': {'name': 'block4d_project_bn', 'trainable': False, 'dtype': {'module': 'keras', 'class_name': 'DTypePolicy', 'config': {'name': 'float32'}, 'registered_name': None}, 'axis': 3, 'momentum': 0.99, 'epsilon': 0.001, 'center': True, 'scale': True, 'beta_initializer': {'module': 'keras.initializers', 'class_name': 'Zeros', 'config': {}, 'registered_name': None}, 'gamma_initializer': {'module': 'keras.initializers', 'class_name': 'Ones', 'config': {}, 'registered_name': None}, 'moving_mean_initializer': {'module': 'keras.initializers', 'class_name': 'Zeros', 'config': {}, 'registered_name': None}, 'moving_variance_initializer': {'module': 'keras.initializers', 'class_name': 'Ones', 'config': {}, 'registered_name': None}, 'beta_regularizer': None, 'gamma_regularizer': None, 'beta_constraint': None, 'gamma_constraint': None, 'synchronized': False}, 'registered_name': None, 'build_config': {'input_shape': [None, 15, 15, 80]}, 'name': 'block4d_project_bn', 'inbound_nodes': [{'args': [{'class_name': '__keras_tensor__', 'config': {'shape': [None, 15, 15, 80], 'dtype': 'float32', 'keras_history': ['block4d_project_conv', 0, 0]}}], 'kwargs': {'mask': None}}]}, {'module': 'keras.layers', 'class_name': 'Dropout', 'config': {'name': 'block4d_drop', 'trainable': False, 'dtype': {'module': 'keras', 'class_name': 'DTypePolicy', 'config': {'name': 'float32'}, 'registered_name': None}, 'rate': 0.09565217391304348, 'seed': None, 'noise_shape': [None, 1, 1, 1]}, 'registered_name': None, 'name': 'block4d_drop', 'inbound_nodes': [{'args': [{'class_name': '__keras_tensor__', 'config': {'shape': [None, 15, 15, 80], 'dtype': 'float32', 'keras_history': ['block4d_project_bn', 0, 0]}}], 'kwargs': {'training': False}}]}, {'module': 'keras.layers', 'class_name': 'Add', 'config': {'name': 'block4d_add', 'trainable': False, 'dtype': {'module': 'keras', 'class_name': 'DTypePolicy', 'config': {'name': 'float32'}, 'registered_name': None}}, 'registered_name': None, 'build_config': {'input_shape': [[None, 15, 15, 80], [None, 15, 15, 80]]}, 'name': 'block4d_add', 'inbound_nodes': [{'args': [[{'class_name': '__keras_tensor__', 'config': {'shape': [None, 15, 15, 80], 'dtype': 'float32', 'keras_history': ['block4d_drop', 0, 0]}}, {'class_name': '__keras_tensor__', 'config': {'shape': [None, 15, 15, 80], 'dtype': 'float32', 'keras_history': ['block4c_add', 0, 0]}}]], 'kwargs': {}}]}, {'module': 'keras.layers', 'class_name': 'Conv2D', 'config': {'name': 'block5a_expand_conv', 'trainable': False, 'dtype': {'module': 'keras', 'class_name': 'DTypePolicy', 'config': {'name': 'float32'}, 'registered_name': None}, 'filters': 480, 'kernel_size': [1, 1], 'strides': [1, 1], 'padding': 'same', 'data_format': 'channels_last', 'dilation_rate': [1, 1], 'groups': 1, 'activation': 'linear', 'use_bias': False, 'kernel_initializer': {'module': 'keras.initializers', 'class_name': 'VarianceScaling', 'config': {'seed': None, 'scale': 2.0, 'mode': 'fan_out', 'distribution': 'truncated_normal'}, 'registered_name': None}, 'bias_initializer': {'module': 'keras.initializers', 'class_name': 'Zeros', 'config': {}, 'registered_name': None}, 'kernel_regularizer': None, 'bias_regularizer': None, 'activity_regularizer': None, 'kernel_constraint': None, 'bias_constraint': None}, 'registered_name': None, 'build_config': {'input_shape': [None, 15, 15, 80]}, 'name': 'block5a_expand_conv', 'inbound_nodes': [{'args': [{'class_name': '__keras_tensor__', 'config': {'shape': [None, 15, 15, 80], 'dtype': 'float32', 'keras_history': ['block4d_add', 0, 0]}}], 'kwargs': {}}]}, {'module': 'keras.layers', 'class_name': 'BatchNormalization', 'config': {'name': 'block5a_expand_bn', 'trainable': False, 'dtype': {'module': 'keras', 'class_name': 'DTypePolicy', 'config': {'name': 'float32'}, 'registered_name': None}, 'axis': 3, 'momentum': 0.99, 'epsilon': 0.001, 'center': True, 'scale': True, 'beta_initializer': {'module': 'keras.initializers', 'class_name': 'Zeros', 'config': {}, 'registered_name': None}, 'gamma_initializer': {'module': 'keras.initializers', 'class_name': 'Ones', 'config': {}, 'registered_name': None}, 'moving_mean_initializer': {'module': 'keras.initializers', 'class_name': 'Zeros', 'config': {}, 'registered_name': None}, 'moving_variance_initializer': {'module': 'keras.initializers', 'class_name': 'Ones', 'config': {}, 'registered_name': None}, 'beta_regularizer': None, 'gamma_regularizer': None, 'beta_constraint': None, 'gamma_constraint': None, 'synchronized': False}, 'registered_name': None, 'build_config': {'input_shape': [None, 15, 15, 480]}, 'name': 'block5a_expand_bn', 'inbound_nodes': [{'args': [{'class_name': '__keras_tensor__', 'config': {'shape': [None, 15, 15, 480], 'dtype': 'float32', 'keras_history': ['block5a_expand_conv', 0, 0]}}], 'kwargs': {'mask': None}}]}, {'module': 'keras.layers', 'class_name': 'Activation', 'config': {'name': 'block5a_expand_activation', 'trainable': False, 'dtype': {'module': 'keras', 'class_name': 'DTypePolicy', 'config': {'name': 'float32'}, 'registered_name': None}, 'activation': 'silu'}, 'registered_name': None, 'name': 'block5a_expand_activation', 'inbound_nodes': [{'args': [{'class_name': '__keras_tensor__', 'config': {'shape': [None, 15, 15, 480], 'dtype': 'float32', 'keras_history': ['block5a_expand_bn', 0, 0]}}], 'kwargs': {}}]}, {'module': 'keras.layers', 'class_name': 'DepthwiseConv2D', 'config': {'name': 'block5a_dwconv', 'trainable': False, 'dtype': {'module': 'keras', 'class_name': 'DTypePolicy', 'config': {'name': 'float32'}, 'registered_name': None}, 'depth_multiplier': 1, 'kernel_size': [5, 5], 'strides': [1, 1], 'padding': 'same', 'data_format': 'channels_last', 'dilation_rate': [1, 1], 'activation': 'linear', 'use_bias': False, 'depthwise_initializer': {'module': 'keras.initializers', 'class_name': 'VarianceScaling', 'config': {'seed': None, 'scale': 2.0, 'mode': 'fan_out', 'distribution': 'truncated_normal'}, 'registered_name': None}, 'bias_initializer': {'module': 'keras.initializers', 'class_name': 'Zeros', 'config': {}, 'registered_name': None}, 'depthwise_regularizer': None, 'bias_regularizer': None, 'activity_regularizer': None, 'depthwise_constraint': None, 'bias_constraint': None}, 'registered_name': None, 'build_config': {'input_shape': [None, 15, 15, 480]}, 'name': 'block5a_dwconv', 'inbound_nodes': [{'args': [{'class_name': '__keras_tensor__', 'config': {'shape': [None, 15, 15, 480], 'dtype': 'float32', 'keras_history': ['block5a_expand_activation', 0, 0]}}], 'kwargs': {}}]}, {'module': 'keras.layers', 'class_name': 'BatchNormalization', 'config': {'name': 'block5a_bn', 'trainable': False, 'dtype': {'module': 'keras', 'class_name': 'DTypePolicy', 'config': {'name': 'float32'}, 'registered_name': None}, 'axis': 3, 'momentum': 0.99, 'epsilon': 0.001, 'center': True, 'scale': True, 'beta_initializer': {'module': 'keras.initializers', 'class_name': 'Zeros', 'config': {}, 'registered_name': None}, 'gamma_initializer': {'module': 'keras.initializers', 'class_name': 'Ones', 'config': {}, 'registered_name': None}, 'moving_mean_initializer': {'module': 'keras.initializers', 'class_name': 'Zeros', 'config': {}, 'registered_name': None}, 'moving_variance_initializer': {'module': 'keras.initializers', 'class_name': 'Ones', 'config': {}, 'registered_name': None}, 'beta_regularizer': None, 'gamma_regularizer': None, 'beta_constraint': None, 'gamma_constraint': None, 'synchronized': False}, 'registered_name': None, 'build_config': {'input_shape': [None, 15, 15, 480]}, 'name': 'block5a_bn', 'inbound_nodes': [{'args': [{'class_name': '__keras_tensor__', 'config': {'shape': [None, 15, 15, 480], 'dtype': 'float32', 'keras_history': ['block5a_dwconv', 0, 0]}}], 'kwargs': {'mask': None}}]}, {'module': 'keras.layers', 'class_name': 'Activation', 'config': {'name': 'block5a_activation', 'trainable': False, 'dtype': {'module': 'keras', 'class_name': 'DTypePolicy', 'config': {'name': 'float32'}, 'registered_name': None}, 'activation': 'silu'}, 'registered_name': None, 'name': 'block5a_activation', 'inbound_nodes': [{'args': [{'class_name': '__keras_tensor__', 'config': {'shape': [None, 15, 15, 480], 'dtype': 'float32', 'keras_history': ['block5a_bn', 0, 0]}}], 'kwargs': {}}]}, {'module': 'keras.layers', 'class_name': 'GlobalAveragePooling2D', 'config': {'name': 'block5a_se_squeeze', 'trainable': False, 'dtype': {'module': 'keras', 'class_name': 'DTypePolicy', 'config': {'name': 'float32'}, 'registered_name': None}, 'data_format': 'channels_last', 'keepdims': False}, 'registered_name': None, 'name': 'block5a_se_squeeze', 'inbound_nodes': [{'args': [{'class_name': '__keras_tensor__', 'config': {'shape': [None, 15, 15, 480], 'dtype': 'float32', 'keras_history': ['block5a_activation', 0, 0]}}], 'kwargs': {}}]}, {'module': 'keras.layers', 'class_name': 'Reshape', 'config': {'name': 'block5a_se_reshape', 'trainable': False, 'dtype': {'module': 'keras', 'class_name': 'DTypePolicy', 'config': {'name': 'float32'}, 'registered_name': None}, 'target_shape': [1, 1, 480]}, 'registered_name': None, 'name': 'block5a_se_reshape', 'inbound_nodes': [{'args': [{'class_name': '__keras_tensor__', 'config': {'shape': [None, 480], 'dtype': 'float32', 'keras_history': ['block5a_se_squeeze', 0, 0]}}], 'kwargs': {}}]}, {'module': 'keras.layers', 'class_name': 'Conv2D', 'config': {'name': 'block5a_se_reduce', 'trainable': False, 'dtype': {'module': 'keras', 'class_name': 'DTypePolicy', 'config': {'name': 'float32'}, 'registered_name': None}, 'filters': 20, 'kernel_size': [1, 1], 'strides': [1, 1], 'padding': 'same', 'data_format': 'channels_last', 'dilation_rate': [1, 1], 'groups': 1, 'activation': 'silu', 'use_bias': True, 'kernel_initializer': {'module': 'keras.initializers', 'class_name': 'VarianceScaling', 'config': {'seed': None, 'scale': 2.0, 'mode': 'fan_out', 'distribution': 'truncated_normal'}, 'registered_name': None}, 'bias_initializer': {'module': 'keras.initializers', 'class_name': 'Zeros', 'config': {}, 'registered_name': None}, 'kernel_regularizer': None, 'bias_regularizer': None, 'activity_regularizer': None, 'kernel_constraint': None, 'bias_constraint': None}, 'registered_name': None, 'build_config': {'input_shape': [None, 1, 1, 480]}, 'name': 'block5a_se_reduce', 'inbound_nodes': [{'args': [{'class_name': '__keras_tensor__', 'config': {'shape': [None, 1, 1, 480], 'dtype': 'float32', 'keras_history': ['block5a_se_reshape', 0, 0]}}], 'kwargs': {}}]}, {'module': 'keras.layers', 'class_name': 'Conv2D', 'config': {'name': 'block5a_se_expand', 'trainable': False, 'dtype': {'module': 'keras', 'class_name': 'DTypePolicy', 'config': {'name': 'float32'}, 'registered_name': None}, 'filters': 480, 'kernel_size': [1, 1], 'strides': [1, 1], 'padding': 'same', 'data_format': 'channels_last', 'dilation_rate': [1, 1], 'groups': 1, 'activation': 'sigmoid', 'use_bias': True, 'kernel_initializer': {'module': 'keras.initializers', 'class_name': 'VarianceScaling', 'config': {'seed': None, 'scale': 2.0, 'mode': 'fan_out', 'distribution': 'truncated_normal'}, 'registered_name': None}, 'bias_initializer': {'module': 'keras.initializers', 'class_name': 'Zeros', 'config': {}, 'registered_name': None}, 'kernel_regularizer': None, 'bias_regularizer': None, 'activity_regularizer': None, 'kernel_constraint': None, 'bias_constraint': None}, 'registered_name': None, 'build_config': {'input_shape': [None, 1, 1, 20]}, 'name': 'block5a_se_expand', 'inbound_nodes': [{'args': [{'class_name': '__keras_tensor__', 'config': {'shape': [None, 1, 1, 20], 'dtype': 'float32', 'keras_history': ['block5a_se_reduce', 0, 0]}}], 'kwargs': {}}]}, {'module': 'keras.layers', 'class_name': 'Multiply', 'config': {'name': 'block5a_se_excite', 'trainable': False, 'dtype': {'module': 'keras', 'class_name': 'DTypePolicy', 'config': {'name': 'float32'}, 'registered_name': None}}, 'registered_name': None, 'build_config': {'input_shape': [[None, 15, 15, 480], [None, 1, 1, 480]]}, 'name': 'block5a_se_excite', 'inbound_nodes': [{'args': [[{'class_name': '__keras_tensor__', 'config': {'shape': [None, 15, 15, 480], 'dtype': 'float32', 'keras_history': ['block5a_activation', 0, 0]}}, {'class_name': '__keras_tensor__', 'config': {'shape': [None, 1, 1, 480], 'dtype': 'float32', 'keras_history': ['block5a_se_expand', 0, 0]}}]], 'kwargs': {}}]}, {'module': 'keras.layers', 'class_name': 'Conv2D', 'config': {'name': 'block5a_project_conv', 'trainable': False, 'dtype': {'module': 'keras', 'class_name': 'DTypePolicy', 'config': {'name': 'float32'}, 'registered_name': None}, 'filters': 112, 'kernel_size': [1, 1], 'strides': [1, 1], 'padding': 'same', 'data_format': 'channels_last', 'dilation_rate': [1, 1], 'groups': 1, 'activation': 'linear', 'use_bias': False, 'kernel_initializer': {'module': 'keras.initializers', 'class_name': 'VarianceScaling', 'config': {'seed': None, 'scale': 2.0, 'mode': 'fan_out', 'distribution': 'truncated_normal'}, 'registered_name': None}, 'bias_initializer': {'module': 'keras.initializers', 'class_name': 'Zeros', 'config': {}, 'registered_name': None}, 'kernel_regularizer': None, 'bias_regularizer': None, 'activity_regularizer': None, 'kernel_constraint': None, 'bias_constraint': None}, 'registered_name': None, 'build_config': {'input_shape': [None, 15, 15, 480]}, 'name': 'block5a_project_conv', 'inbound_nodes': [{'args': [{'class_name': '__keras_tensor__', 'config': {'shape': [None, 15, 15, 480], 'dtype': 'float32', 'keras_history': ['block5a_se_excite', 0, 0]}}], 'kwargs': {}}]}, {'module': 'keras.layers', 'class_name': 'BatchNormalization', 'config': {'name': 'block5a_project_bn', 'trainable': False, 'dtype': {'module': 'keras', 'class_name': 'DTypePolicy', 'config': {'name': 'float32'}, 'registered_name': None}, 'axis': 3, 'momentum': 0.99, 'epsilon': 0.001, 'center': True, 'scale': True, 'beta_initializer': {'module': 'keras.initializers', 'class_name': 'Zeros', 'config': {}, 'registered_name': None}, 'gamma_initializer': {'module': 'keras.initializers', 'class_name': 'Ones', 'config': {}, 'registered_name': None}, 'moving_mean_initializer': {'module': 'keras.initializers', 'class_name': 'Zeros', 'config': {}, 'registered_name': None}, 'moving_variance_initializer': {'module': 'keras.initializers', 'class_name': 'Ones', 'config': {}, 'registered_name': None}, 'beta_regularizer': None, 'gamma_regularizer': None, 'beta_constraint': None, 'gamma_constraint': None, 'synchronized': False}, 'registered_name': None, 'build_config': {'input_shape': [None, 15, 15, 112]}, 'name': 'block5a_project_bn', 'inbound_nodes': [{'args': [{'class_name': '__keras_tensor__', 'config': {'shape': [None, 15, 15, 112], 'dtype': 'float32', 'keras_history': ['block5a_project_conv', 0, 0]}}], 'kwargs': {'mask': None}}]}, {'module': 'keras.layers', 'class_name': 'Conv2D', 'config': {'name': 'block5b_expand_conv', 'trainable': False, 'dtype': {'module': 'keras', 'class_name': 'DTypePolicy', 'config': {'name': 'float32'}, 'registered_name': None}, 'filters': 672, 'kernel_size': [1, 1], 'strides': [1, 1], 'padding': 'same', 'data_format': 'channels_last', 'dilation_rate': [1, 1], 'groups': 1, 'activation': 'linear', 'use_bias': False, 'kernel_initializer': {'module': 'keras.initializers', 'class_name': 'VarianceScaling', 'config': {'seed': None, 'scale': 2.0, 'mode': 'fan_out', 'distribution': 'truncated_normal'}, 'registered_name': None}, 'bias_initializer': {'module': 'keras.initializers', 'class_name': 'Zeros', 'config': {}, 'registered_name': None}, 'kernel_regularizer': None, 'bias_regularizer': None, 'activity_regularizer': None, 'kernel_constraint': None, 'bias_constraint': None}, 'registered_name': None, 'build_config': {'input_shape': [None, 15, 15, 112]}, 'name': 'block5b_expand_conv', 'inbound_nodes': [{'args': [{'class_name': '__keras_tensor__', 'config': {'shape': [None, 15, 15, 112], 'dtype': 'float32', 'keras_history': ['block5a_project_bn', 0, 0]}}], 'kwargs': {}}]}, {'module': 'keras.layers', 'class_name': 'BatchNormalization', 'config': {'name': 'block5b_expand_bn', 'trainable': False, 'dtype': {'module': 'keras', 'class_name': 'DTypePolicy', 'config': {'name': 'float32'}, 'registered_name': None}, 'axis': 3, 'momentum': 0.99, 'epsilon': 0.001, 'center': True, 'scale': True, 'beta_initializer': {'module': 'keras.initializers', 'class_name': 'Zeros', 'config': {}, 'registered_name': None}, 'gamma_initializer': {'module': 'keras.initializers', 'class_name': 'Ones', 'config': {}, 'registered_name': None}, 'moving_mean_initializer': {'module': 'keras.initializers', 'class_name': 'Zeros', 'config': {}, 'registered_name': None}, 'moving_variance_initializer': {'module': 'keras.initializers', 'class_name': 'Ones', 'config': {}, 'registered_name': None}, 'beta_regularizer': None, 'gamma_regularizer': None, 'beta_constraint': None, 'gamma_constraint': None, 'synchronized': False}, 'registered_name': None, 'build_config': {'input_shape': [None, 15, 15, 672]}, 'name': 'block5b_expand_bn', 'inbound_nodes': [{'args': [{'class_name': '__keras_tensor__', 'config': {'shape': [None, 15, 15, 672], 'dtype': 'float32', 'keras_history': ['block5b_expand_conv', 0, 0]}}], 'kwargs': {'mask': None}}]}, {'module': 'keras.layers', 'class_name': 'Activation', 'config': {'name': 'block5b_expand_activation', 'trainable': False, 'dtype': {'module': 'keras', 'class_name': 'DTypePolicy', 'config': {'name': 'float32'}, 'registered_name': None}, 'activation': 'silu'}, 'registered_name': None, 'name': 'block5b_expand_activation', 'inbound_nodes': [{'args': [{'class_name': '__keras_tensor__', 'config': {'shape': [None, 15, 15, 672], 'dtype': 'float32', 'keras_history': ['block5b_expand_bn', 0, 0]}}], 'kwargs': {}}]}, {'module': 'keras.layers', 'class_name': 'DepthwiseConv2D', 'config': {'name': 'block5b_dwconv', 'trainable': False, 'dtype': {'module': 'keras', 'class_name': 'DTypePolicy', 'config': {'name': 'float32'}, 'registered_name': None}, 'depth_multiplier': 1, 'kernel_size': [5, 5], 'strides': [1, 1], 'padding': 'same', 'data_format': 'channels_last', 'dilation_rate': [1, 1], 'activation': 'linear', 'use_bias': False, 'depthwise_initializer': {'module': 'keras.initializers', 'class_name': 'VarianceScaling', 'config': {'seed': None, 'scale': 2.0, 'mode': 'fan_out', 'distribution': 'truncated_normal'}, 'registered_name': None}, 'bias_initializer': {'module': 'keras.initializers', 'class_name': 'Zeros', 'config': {}, 'registered_name': None}, 'depthwise_regularizer': None, 'bias_regularizer': None, 'activity_regularizer': None, 'depthwise_constraint': None, 'bias_constraint': None}, 'registered_name': None, 'build_config': {'input_shape': [None, 15, 15, 672]}, 'name': 'block5b_dwconv', 'inbound_nodes': [{'args': [{'class_name': '__keras_tensor__', 'config': {'shape': [None, 15, 15, 672], 'dtype': 'float32', 'keras_history': ['block5b_expand_activation', 0, 0]}}], 'kwargs': {}}]}, {'module': 'keras.layers', 'class_name': 'BatchNormalization', 'config': {'name': 'block5b_bn', 'trainable': False, 'dtype': {'module': 'keras', 'class_name': 'DTypePolicy', 'config': {'name': 'float32'}, 'registered_name': None}, 'axis': 3, 'momentum': 0.99, 'epsilon': 0.001, 'center': True, 'scale': True, 'beta_initializer': {'module': 'keras.initializers', 'class_name': 'Zeros', 'config': {}, 'registered_name': None}, 'gamma_initializer': {'module': 'keras.initializers', 'class_name': 'Ones', 'config': {}, 'registered_name': None}, 'moving_mean_initializer': {'module': 'keras.initializers', 'class_name': 'Zeros', 'config': {}, 'registered_name': None}, 'moving_variance_initializer': {'module': 'keras.initializers', 'class_name': 'Ones', 'config': {}, 'registered_name': None}, 'beta_regularizer': None, 'gamma_regularizer': None, 'beta_constraint': None, 'gamma_constraint': None, 'synchronized': False}, 'registered_name': None, 'build_config': {'input_shape': [None, 15, 15, 672]}, 'name': 'block5b_bn', 'inbound_nodes': [{'args': [{'class_name': '__keras_tensor__', 'config': {'shape': [None, 15, 15, 672], 'dtype': 'float32', 'keras_history': ['block5b_dwconv', 0, 0]}}], 'kwargs': {'mask': None}}]}, {'module': 'keras.layers', 'class_name': 'Activation', 'config': {'name': 'block5b_activation', 'trainable': False, 'dtype': {'module': 'keras', 'class_name': 'DTypePolicy', 'config': {'name': 'float32'}, 'registered_name': None}, 'activation': 'silu'}, 'registered_name': None, 'name': 'block5b_activation', 'inbound_nodes': [{'args': [{'class_name': '__keras_tensor__', 'config': {'shape': [None, 15, 15, 672], 'dtype': 'float32', 'keras_history': ['block5b_bn', 0, 0]}}], 'kwargs': {}}]}, {'module': 'keras.layers', 'class_name': 'GlobalAveragePooling2D', 'config': {'name': 'block5b_se_squeeze', 'trainable': False, 'dtype': {'module': 'keras', 'class_name': 'DTypePolicy', 'config': {'name': 'float32'}, 'registered_name': None}, 'data_format': 'channels_last', 'keepdims': False}, 'registered_name': None, 'name': 'block5b_se_squeeze', 'inbound_nodes': [{'args': [{'class_name': '__keras_tensor__', 'config': {'shape': [None, 15, 15, 672], 'dtype': 'float32', 'keras_history': ['block5b_activation', 0, 0]}}], 'kwargs': {}}]}, {'module': 'keras.layers', 'class_name': 'Reshape', 'config': {'name': 'block5b_se_reshape', 'trainable': False, 'dtype': {'module': 'keras', 'class_name': 'DTypePolicy', 'config': {'name': 'float32'}, 'registered_name': None}, 'target_shape': [1, 1, 672]}, 'registered_name': None, 'name': 'block5b_se_reshape', 'inbound_nodes': [{'args': [{'class_name': '__keras_tensor__', 'config': {'shape': [None, 672], 'dtype': 'float32', 'keras_history': ['block5b_se_squeeze', 0, 0]}}], 'kwargs': {}}]}, {'module': 'keras.layers', 'class_name': 'Conv2D', 'config': {'name': 'block5b_se_reduce', 'trainable': False, 'dtype': {'module': 'keras', 'class_name': 'DTypePolicy', 'config': {'name': 'float32'}, 'registered_name': None}, 'filters': 28, 'kernel_size': [1, 1], 'strides': [1, 1], 'padding': 'same', 'data_format': 'channels_last', 'dilation_rate': [1, 1], 'groups': 1, 'activation': 'silu', 'use_bias': True, 'kernel_initializer': {'module': 'keras.initializers', 'class_name': 'VarianceScaling', 'config': {'seed': None, 'scale': 2.0, 'mode': 'fan_out', 'distribution': 'truncated_normal'}, 'registered_name': None}, 'bias_initializer': {'module': 'keras.initializers', 'class_name': 'Zeros', 'config': {}, 'registered_name': None}, 'kernel_regularizer': None, 'bias_regularizer': None, 'activity_regularizer': None, 'kernel_constraint': None, 'bias_constraint': None}, 'registered_name': None, 'build_config': {'input_shape': [None, 1, 1, 672]}, 'name': 'block5b_se_reduce', 'inbound_nodes': [{'args': [{'class_name': '__keras_tensor__', 'config': {'shape': [None, 1, 1, 672], 'dtype': 'float32', 'keras_history': ['block5b_se_reshape', 0, 0]}}], 'kwargs': {}}]}, {'module': 'keras.layers', 'class_name': 'Conv2D', 'config': {'name': 'block5b_se_expand', 'trainable': False, 'dtype': {'module': 'keras', 'class_name': 'DTypePolicy', 'config': {'name': 'float32'}, 'registered_name': None}, 'filters': 672, 'kernel_size': [1, 1], 'strides': [1, 1], 'padding': 'same', 'data_format': 'channels_last', 'dilation_rate': [1, 1], 'groups': 1, 'activation': 'sigmoid', 'use_bias': True, 'kernel_initializer': {'module': 'keras.initializers', 'class_name': 'VarianceScaling', 'config': {'seed': None, 'scale': 2.0, 'mode': 'fan_out', 'distribution': 'truncated_normal'}, 'registered_name': None}, 'bias_initializer': {'module': 'keras.initializers', 'class_name': 'Zeros', 'config': {}, 'registered_name': None}, 'kernel_regularizer': None, 'bias_regularizer': None, 'activity_regularizer': None, 'kernel_constraint': None, 'bias_constraint': None}, 'registered_name': None, 'build_config': {'input_shape': [None, 1, 1, 28]}, 'name': 'block5b_se_expand', 'inbound_nodes': [{'args': [{'class_name': '__keras_tensor__', 'config': {'shape': [None, 1, 1, 28], 'dtype': 'float32', 'keras_history': ['block5b_se_reduce', 0, 0]}}], 'kwargs': {}}]}, {'module': 'keras.layers', 'class_name': 'Multiply', 'config': {'name': 'block5b_se_excite', 'trainable': False, 'dtype': {'module': 'keras', 'class_name': 'DTypePolicy', 'config': {'name': 'float32'}, 'registered_name': None}}, 'registered_name': None, 'build_config': {'input_shape': [[None, 15, 15, 672], [None, 1, 1, 672]]}, 'name': 'block5b_se_excite', 'inbound_nodes': [{'args': [[{'class_name': '__keras_tensor__', 'config': {'shape': [None, 15, 15, 672], 'dtype': 'float32', 'keras_history': ['block5b_activation', 0, 0]}}, {'class_name': '__keras_tensor__', 'config': {'shape': [None, 1, 1, 672], 'dtype': 'float32', 'keras_history': ['block5b_se_expand', 0, 0]}}]], 'kwargs': {}}]}, {'module': 'keras.layers', 'class_name': 'Conv2D', 'config': {'name': 'block5b_project_conv', 'trainable': False, 'dtype': {'module': 'keras', 'class_name': 'DTypePolicy', 'config': {'name': 'float32'}, 'registered_name': None}, 'filters': 112, 'kernel_size': [1, 1], 'strides': [1, 1], 'padding': 'same', 'data_format': 'channels_last', 'dilation_rate': [1, 1], 'groups': 1, 'activation': 'linear', 'use_bias': False, 'kernel_initializer': {'module': 'keras.initializers', 'class_name': 'VarianceScaling', 'config': {'seed': None, 'scale': 2.0, 'mode': 'fan_out', 'distribution': 'truncated_normal'}, 'registered_name': None}, 'bias_initializer': {'module': 'keras.initializers', 'class_name': 'Zeros', 'config': {}, 'registered_name': None}, 'kernel_regularizer': None, 'bias_regularizer': None, 'activity_regularizer': None, 'kernel_constraint': None, 'bias_constraint': None}, 'registered_name': None, 'build_config': {'input_shape': [None, 15, 15, 672]}, 'name': 'block5b_project_conv', 'inbound_nodes': [{'args': [{'class_name': '__keras_tensor__', 'config': {'shape': [None, 15, 15, 672], 'dtype': 'float32', 'keras_history': ['block5b_se_excite', 0, 0]}}], 'kwargs': {}}]}, {'module': 'keras.layers', 'class_name': 'BatchNormalization', 'config': {'name': 'block5b_project_bn', 'trainable': False, 'dtype': {'module': 'keras', 'class_name': 'DTypePolicy', 'config': {'name': 'float32'}, 'registered_name': None}, 'axis': 3, 'momentum': 0.99, 'epsilon': 0.001, 'center': True, 'scale': True, 'beta_initializer': {'module': 'keras.initializers', 'class_name': 'Zeros', 'config': {}, 'registered_name': None}, 'gamma_initializer': {'module': 'keras.initializers', 'class_name': 'Ones', 'config': {}, 'registered_name': None}, 'moving_mean_initializer': {'module': 'keras.initializers', 'class_name': 'Zeros', 'config': {}, 'registered_name': None}, 'moving_variance_initializer': {'module': 'keras.initializers', 'class_name': 'Ones', 'config': {}, 'registered_name': None}, 'beta_regularizer': None, 'gamma_regularizer': None, 'beta_constraint': None, 'gamma_constraint': None, 'synchronized': False}, 'registered_name': None, 'build_config': {'input_shape': [None, 15, 15, 112]}, 'name': 'block5b_project_bn', 'inbound_nodes': [{'args': [{'class_name': '__keras_tensor__', 'config': {'shape': [None, 15, 15, 112], 'dtype': 'float32', 'keras_history': ['block5b_project_conv', 0, 0]}}], 'kwargs': {'mask': None}}]}, {'module': 'keras.layers', 'class_name': 'Dropout', 'config': {'name': 'block5b_drop', 'trainable': False, 'dtype': {'module': 'keras', 'class_name': 'DTypePolicy', 'config': {'name': 'float32'}, 'registered_name': None}, 'rate': 0.11304347826086956, 'seed': None, 'noise_shape': [None, 1, 1, 1]}, 'registered_name': None, 'name': 'block5b_drop', 'inbound_nodes': [{'args': [{'class_name': '__keras_tensor__', 'config': {'shape': [None, 15, 15, 112], 'dtype': 'float32', 'keras_history': ['block5b_project_bn', 0, 0]}}], 'kwargs': {'training': False}}]}, {'module': 'keras.layers', 'class_name': 'Add', 'config': {'name': 'block5b_add', 'trainable': False, 'dtype': {'module': 'keras', 'class_name': 'DTypePolicy', 'config': {'name': 'float32'}, 'registered_name': None}}, 'registered_name': None, 'build_config': {'input_shape': [[None, 15, 15, 112], [None, 15, 15, 112]]}, 'name': 'block5b_add', 'inbound_nodes': [{'args': [[{'class_name': '__keras_tensor__', 'config': {'shape': [None, 15, 15, 112], 'dtype': 'float32', 'keras_history': ['block5b_drop', 0, 0]}}, {'class_name': '__keras_tensor__', 'config': {'shape': [None, 15, 15, 112], 'dtype': 'float32', 'keras_history': ['block5a_project_bn', 0, 0]}}]], 'kwargs': {}}]}, {'module': 'keras.layers', 'class_name': 'Conv2D', 'config': {'name': 'block5c_expand_conv', 'trainable': False, 'dtype': {'module': 'keras', 'class_name': 'DTypePolicy', 'config': {'name': 'float32'}, 'registered_name': None}, 'filters': 672, 'kernel_size': [1, 1], 'strides': [1, 1], 'padding': 'same', 'data_format': 'channels_last', 'dilation_rate': [1, 1], 'groups': 1, 'activation': 'linear', 'use_bias': False, 'kernel_initializer': {'module': 'keras.initializers', 'class_name': 'VarianceScaling', 'config': {'seed': None, 'scale': 2.0, 'mode': 'fan_out', 'distribution': 'truncated_normal'}, 'registered_name': None}, 'bias_initializer': {'module': 'keras.initializers', 'class_name': 'Zeros', 'config': {}, 'registered_name': None}, 'kernel_regularizer': None, 'bias_regularizer': None, 'activity_regularizer': None, 'kernel_constraint': None, 'bias_constraint': None}, 'registered_name': None, 'build_config': {'input_shape': [None, 15, 15, 112]}, 'name': 'block5c_expand_conv', 'inbound_nodes': [{'args': [{'class_name': '__keras_tensor__', 'config': {'shape': [None, 15, 15, 112], 'dtype': 'float32', 'keras_history': ['block5b_add', 0, 0]}}], 'kwargs': {}}]}, {'module': 'keras.layers', 'class_name': 'BatchNormalization', 'config': {'name': 'block5c_expand_bn', 'trainable': False, 'dtype': {'module': 'keras', 'class_name': 'DTypePolicy', 'config': {'name': 'float32'}, 'registered_name': None}, 'axis': 3, 'momentum': 0.99, 'epsilon': 0.001, 'center': True, 'scale': True, 'beta_initializer': {'module': 'keras.initializers', 'class_name': 'Zeros', 'config': {}, 'registered_name': None}, 'gamma_initializer': {'module': 'keras.initializers', 'class_name': 'Ones', 'config': {}, 'registered_name': None}, 'moving_mean_initializer': {'module': 'keras.initializers', 'class_name': 'Zeros', 'config': {}, 'registered_name': None}, 'moving_variance_initializer': {'module': 'keras.initializers', 'class_name': 'Ones', 'config': {}, 'registered_name': None}, 'beta_regularizer': None, 'gamma_regularizer': None, 'beta_constraint': None, 'gamma_constraint': None, 'synchronized': False}, 'registered_name': None, 'build_config': {'input_shape': [None, 15, 15, 672]}, 'name': 'block5c_expand_bn', 'inbound_nodes': [{'args': [{'class_name': '__keras_tensor__', 'config': {'shape': [None, 15, 15, 672], 'dtype': 'float32', 'keras_history': ['block5c_expand_conv', 0, 0]}}], 'kwargs': {'mask': None}}]}, {'module': 'keras.layers', 'class_name': 'Activation', 'config': {'name': 'block5c_expand_activation', 'trainable': False, 'dtype': {'module': 'keras', 'class_name': 'DTypePolicy', 'config': {'name': 'float32'}, 'registered_name': None}, 'activation': 'silu'}, 'registered_name': None, 'name': 'block5c_expand_activation', 'inbound_nodes': [{'args': [{'class_name': '__keras_tensor__', 'config': {'shape': [None, 15, 15, 672], 'dtype': 'float32', 'keras_history': ['block5c_expand_bn', 0, 0]}}], 'kwargs': {}}]}, {'module': 'keras.layers', 'class_name': 'DepthwiseConv2D', 'config': {'name': 'block5c_dwconv', 'trainable': False, 'dtype': {'module': 'keras', 'class_name': 'DTypePolicy', 'config': {'name': 'float32'}, 'registered_name': None}, 'depth_multiplier': 1, 'kernel_size': [5, 5], 'strides': [1, 1], 'padding': 'same', 'data_format': 'channels_last', 'dilation_rate': [1, 1], 'activation': 'linear', 'use_bias': False, 'depthwise_initializer': {'module': 'keras.initializers', 'class_name': 'VarianceScaling', 'config': {'seed': None, 'scale': 2.0, 'mode': 'fan_out', 'distribution': 'truncated_normal'}, 'registered_name': None}, 'bias_initializer': {'module': 'keras.initializers', 'class_name': 'Zeros', 'config': {}, 'registered_name': None}, 'depthwise_regularizer': None, 'bias_regularizer': None, 'activity_regularizer': None, 'depthwise_constraint': None, 'bias_constraint': None}, 'registered_name': None, 'build_config': {'input_shape': [None, 15, 15, 672]}, 'name': 'block5c_dwconv', 'inbound_nodes': [{'args': [{'class_name': '__keras_tensor__', 'config': {'shape': [None, 15, 15, 672], 'dtype': 'float32', 'keras_history': ['block5c_expand_activation', 0, 0]}}], 'kwargs': {}}]}, {'module': 'keras.layers', 'class_name': 'BatchNormalization', 'config': {'name': 'block5c_bn', 'trainable': False, 'dtype': {'module': 'keras', 'class_name': 'DTypePolicy', 'config': {'name': 'float32'}, 'registered_name': None}, 'axis': 3, 'momentum': 0.99, 'epsilon': 0.001, 'center': True, 'scale': True, 'beta_initializer': {'module': 'keras.initializers', 'class_name': 'Zeros', 'config': {}, 'registered_name': None}, 'gamma_initializer': {'module': 'keras.initializers', 'class_name': 'Ones', 'config': {}, 'registered_name': None}, 'moving_mean_initializer': {'module': 'keras.initializers', 'class_name': 'Zeros', 'config': {}, 'registered_name': None}, 'moving_variance_initializer': {'module': 'keras.initializers', 'class_name': 'Ones', 'config': {}, 'registered_name': None}, 'beta_regularizer': None, 'gamma_regularizer': None, 'beta_constraint': None, 'gamma_constraint': None, 'synchronized': False}, 'registered_name': None, 'build_config': {'input_shape': [None, 15, 15, 672]}, 'name': 'block5c_bn', 'inbound_nodes': [{'args': [{'class_name': '__keras_tensor__', 'config': {'shape': [None, 15, 15, 672], 'dtype': 'float32', 'keras_history': ['block5c_dwconv', 0, 0]}}], 'kwargs': {'mask': None}}]}, {'module': 'keras.layers', 'class_name': 'Activation', 'config': {'name': 'block5c_activation', 'trainable': False, 'dtype': {'module': 'keras', 'class_name': 'DTypePolicy', 'config': {'name': 'float32'}, 'registered_name': None}, 'activation': 'silu'}, 'registered_name': None, 'name': 'block5c_activation', 'inbound_nodes': [{'args': [{'class_name': '__keras_tensor__', 'config': {'shape': [None, 15, 15, 672], 'dtype': 'float32', 'keras_history': ['block5c_bn', 0, 0]}}], 'kwargs': {}}]}, {'module': 'keras.layers', 'class_name': 'GlobalAveragePooling2D', 'config': {'name': 'block5c_se_squeeze', 'trainable': False, 'dtype': {'module': 'keras', 'class_name': 'DTypePolicy', 'config': {'name': 'float32'}, 'registered_name': None}, 'data_format': 'channels_last', 'keepdims': False}, 'registered_name': None, 'name': 'block5c_se_squeeze', 'inbound_nodes': [{'args': [{'class_name': '__keras_tensor__', 'config': {'shape': [None, 15, 15, 672], 'dtype': 'float32', 'keras_history': ['block5c_activation', 0, 0]}}], 'kwargs': {}}]}, {'module': 'keras.layers', 'class_name': 'Reshape', 'config': {'name': 'block5c_se_reshape', 'trainable': False, 'dtype': {'module': 'keras', 'class_name': 'DTypePolicy', 'config': {'name': 'float32'}, 'registered_name': None}, 'target_shape': [1, 1, 672]}, 'registered_name': None, 'name': 'block5c_se_reshape', 'inbound_nodes': [{'args': [{'class_name': '__keras_tensor__', 'config': {'shape': [None, 672], 'dtype': 'float32', 'keras_history': ['block5c_se_squeeze', 0, 0]}}], 'kwargs': {}}]}, {'module': 'keras.layers', 'class_name': 'Conv2D', 'config': {'name': 'block5c_se_reduce', 'trainable': False, 'dtype': {'module': 'keras', 'class_name': 'DTypePolicy', 'config': {'name': 'float32'}, 'registered_name': None}, 'filters': 28, 'kernel_size': [1, 1], 'strides': [1, 1], 'padding': 'same', 'data_format': 'channels_last', 'dilation_rate': [1, 1], 'groups': 1, 'activation': 'silu', 'use_bias': True, 'kernel_initializer': {'module': 'keras.initializers', 'class_name': 'VarianceScaling', 'config': {'seed': None, 'scale': 2.0, 'mode': 'fan_out', 'distribution': 'truncated_normal'}, 'registered_name': None}, 'bias_initializer': {'module': 'keras.initializers', 'class_name': 'Zeros', 'config': {}, 'registered_name': None}, 'kernel_regularizer': None, 'bias_regularizer': None, 'activity_regularizer': None, 'kernel_constraint': None, 'bias_constraint': None}, 'registered_name': None, 'build_config': {'input_shape': [None, 1, 1, 672]}, 'name': 'block5c_se_reduce', 'inbound_nodes': [{'args': [{'class_name': '__keras_tensor__', 'config': {'shape': [None, 1, 1, 672], 'dtype': 'float32', 'keras_history': ['block5c_se_reshape', 0, 0]}}], 'kwargs': {}}]}, {'module': 'keras.layers', 'class_name': 'Conv2D', 'config': {'name': 'block5c_se_expand', 'trainable': False, 'dtype': {'module': 'keras', 'class_name': 'DTypePolicy', 'config': {'name': 'float32'}, 'registered_name': None}, 'filters': 672, 'kernel_size': [1, 1], 'strides': [1, 1], 'padding': 'same', 'data_format': 'channels_last', 'dilation_rate': [1, 1], 'groups': 1, 'activation': 'sigmoid', 'use_bias': True, 'kernel_initializer': {'module': 'keras.initializers', 'class_name': 'VarianceScaling', 'config': {'seed': None, 'scale': 2.0, 'mode': 'fan_out', 'distribution': 'truncated_normal'}, 'registered_name': None}, 'bias_initializer': {'module': 'keras.initializers', 'class_name': 'Zeros', 'config': {}, 'registered_name': None}, 'kernel_regularizer': None, 'bias_regularizer': None, 'activity_regularizer': None, 'kernel_constraint': None, 'bias_constraint': None}, 'registered_name': None, 'build_config': {'input_shape': [None, 1, 1, 28]}, 'name': 'block5c_se_expand', 'inbound_nodes': [{'args': [{'class_name': '__keras_tensor__', 'config': {'shape': [None, 1, 1, 28], 'dtype': 'float32', 'keras_history': ['block5c_se_reduce', 0, 0]}}], 'kwargs': {}}]}, {'module': 'keras.layers', 'class_name': 'Multiply', 'config': {'name': 'block5c_se_excite', 'trainable': False, 'dtype': {'module': 'keras', 'class_name': 'DTypePolicy', 'config': {'name': 'float32'}, 'registered_name': None}}, 'registered_name': None, 'build_config': {'input_shape': [[None, 15, 15, 672], [None, 1, 1, 672]]}, 'name': 'block5c_se_excite', 'inbound_nodes': [{'args': [[{'class_name': '__keras_tensor__', 'config': {'shape': [None, 15, 15, 672], 'dtype': 'float32', 'keras_history': ['block5c_activation', 0, 0]}}, {'class_name': '__keras_tensor__', 'config': {'shape': [None, 1, 1, 672], 'dtype': 'float32', 'keras_history': ['block5c_se_expand', 0, 0]}}]], 'kwargs': {}}]}, {'module': 'keras.layers', 'class_name': 'Conv2D', 'config': {'name': 'block5c_project_conv', 'trainable': False, 'dtype': {'module': 'keras', 'class_name': 'DTypePolicy', 'config': {'name': 'float32'}, 'registered_name': None}, 'filters': 112, 'kernel_size': [1, 1], 'strides': [1, 1], 'padding': 'same', 'data_format': 'channels_last', 'dilation_rate': [1, 1], 'groups': 1, 'activation': 'linear', 'use_bias': False, 'kernel_initializer': {'module': 'keras.initializers', 'class_name': 'VarianceScaling', 'config': {'seed': None, 'scale': 2.0, 'mode': 'fan_out', 'distribution': 'truncated_normal'}, 'registered_name': None}, 'bias_initializer': {'module': 'keras.initializers', 'class_name': 'Zeros', 'config': {}, 'registered_name': None}, 'kernel_regularizer': None, 'bias_regularizer': None, 'activity_regularizer': None, 'kernel_constraint': None, 'bias_constraint': None}, 'registered_name': None, 'build_config': {'input_shape': [None, 15, 15, 672]}, 'name': 'block5c_project_conv', 'inbound_nodes': [{'args': [{'class_name': '__keras_tensor__', 'config': {'shape': [None, 15, 15, 672], 'dtype': 'float32', 'keras_history': ['block5c_se_excite', 0, 0]}}], 'kwargs': {}}]}, {'module': 'keras.layers', 'class_name': 'BatchNormalization', 'config': {'name': 'block5c_project_bn', 'trainable': False, 'dtype': {'module': 'keras', 'class_name': 'DTypePolicy', 'config': {'name': 'float32'}, 'registered_name': None}, 'axis': 3, 'momentum': 0.99, 'epsilon': 0.001, 'center': True, 'scale': True, 'beta_initializer': {'module': 'keras.initializers', 'class_name': 'Zeros', 'config': {}, 'registered_name': None}, 'gamma_initializer': {'module': 'keras.initializers', 'class_name': 'Ones', 'config': {}, 'registered_name': None}, 'moving_mean_initializer': {'module': 'keras.initializers', 'class_name': 'Zeros', 'config': {}, 'registered_name': None}, 'moving_variance_initializer': {'module': 'keras.initializers', 'class_name': 'Ones', 'config': {}, 'registered_name': None}, 'beta_regularizer': None, 'gamma_regularizer': None, 'beta_constraint': None, 'gamma_constraint': None, 'synchronized': False}, 'registered_name': None, 'build_config': {'input_shape': [None, 15, 15, 112]}, 'name': 'block5c_project_bn', 'inbound_nodes': [{'args': [{'class_name': '__keras_tensor__', 'config': {'shape': [None, 15, 15, 112], 'dtype': 'float32', 'keras_history': ['block5c_project_conv', 0, 0]}}], 'kwargs': {'mask': None}}]}, {'module': 'keras.layers', 'class_name': 'Dropout', 'config': {'name': 'block5c_drop', 'trainable': False, 'dtype': {'module': 'keras', 'class_name': 'DTypePolicy', 'config': {'name': 'float32'}, 'registered_name': None}, 'rate': 0.12173913043478261, 'seed': None, 'noise_shape': [None, 1, 1, 1]}, 'registered_name': None, 'name': 'block5c_drop', 'inbound_nodes': [{'args': [{'class_name': '__keras_tensor__', 'config': {'shape': [None, 15, 15, 112], 'dtype': 'float32', 'keras_history': ['block5c_project_bn', 0, 0]}}], 'kwargs': {'training': False}}]}, {'module': 'keras.layers', 'class_name': 'Add', 'config': {'name': 'block5c_add', 'trainable': False, 'dtype': {'module': 'keras', 'class_name': 'DTypePolicy', 'config': {'name': 'float32'}, 'registered_name': None}}, 'registered_name': None, 'build_config': {'input_shape': [[None, 15, 15, 112], [None, 15, 15, 112]]}, 'name': 'block5c_add', 'inbound_nodes': [{'args': [[{'class_name': '__keras_tensor__', 'config': {'shape': [None, 15, 15, 112], 'dtype': 'float32', 'keras_history': ['block5c_drop', 0, 0]}}, {'class_name': '__keras_tensor__', 'config': {'shape': [None, 15, 15, 112], 'dtype': 'float32', 'keras_history': ['block5b_add', 0, 0]}}]], 'kwargs': {}}]}, {'module': 'keras.layers', 'class_name': 'Conv2D', 'config': {'name': 'block5d_expand_conv', 'trainable': False, 'dtype': {'module': 'keras', 'class_name': 'DTypePolicy', 'config': {'name': 'float32'}, 'registered_name': None}, 'filters': 672, 'kernel_size': [1, 1], 'strides': [1, 1], 'padding': 'same', 'data_format': 'channels_last', 'dilation_rate': [1, 1], 'groups': 1, 'activation': 'linear', 'use_bias': False, 'kernel_initializer': {'module': 'keras.initializers', 'class_name': 'VarianceScaling', 'config': {'seed': None, 'scale': 2.0, 'mode': 'fan_out', 'distribution': 'truncated_normal'}, 'registered_name': None}, 'bias_initializer': {'module': 'keras.initializers', 'class_name': 'Zeros', 'config': {}, 'registered_name': None}, 'kernel_regularizer': None, 'bias_regularizer': None, 'activity_regularizer': None, 'kernel_constraint': None, 'bias_constraint': None}, 'registered_name': None, 'build_config': {'input_shape': [None, 15, 15, 112]}, 'name': 'block5d_expand_conv', 'inbound_nodes': [{'args': [{'class_name': '__keras_tensor__', 'config': {'shape': [None, 15, 15, 112], 'dtype': 'float32', 'keras_history': ['block5c_add', 0, 0]}}], 'kwargs': {}}]}, {'module': 'keras.layers', 'class_name': 'BatchNormalization', 'config': {'name': 'block5d_expand_bn', 'trainable': False, 'dtype': {'module': 'keras', 'class_name': 'DTypePolicy', 'config': {'name': 'float32'}, 'registered_name': None}, 'axis': 3, 'momentum': 0.99, 'epsilon': 0.001, 'center': True, 'scale': True, 'beta_initializer': {'module': 'keras.initializers', 'class_name': 'Zeros', 'config': {}, 'registered_name': None}, 'gamma_initializer': {'module': 'keras.initializers', 'class_name': 'Ones', 'config': {}, 'registered_name': None}, 'moving_mean_initializer': {'module': 'keras.initializers', 'class_name': 'Zeros', 'config': {}, 'registered_name': None}, 'moving_variance_initializer': {'module': 'keras.initializers', 'class_name': 'Ones', 'config': {}, 'registered_name': None}, 'beta_regularizer': None, 'gamma_regularizer': None, 'beta_constraint': None, 'gamma_constraint': None, 'synchronized': False}, 'registered_name': None, 'build_config': {'input_shape': [None, 15, 15, 672]}, 'name': 'block5d_expand_bn', 'inbound_nodes': [{'args': [{'class_name': '__keras_tensor__', 'config': {'shape': [None, 15, 15, 672], 'dtype': 'float32', 'keras_history': ['block5d_expand_conv', 0, 0]}}], 'kwargs': {'mask': None}}]}, {'module': 'keras.layers', 'class_name': 'Activation', 'config': {'name': 'block5d_expand_activation', 'trainable': False, 'dtype': {'module': 'keras', 'class_name': 'DTypePolicy', 'config': {'name': 'float32'}, 'registered_name': None}, 'activation': 'silu'}, 'registered_name': None, 'name': 'block5d_expand_activation', 'inbound_nodes': [{'args': [{'class_name': '__keras_tensor__', 'config': {'shape': [None, 15, 15, 672], 'dtype': 'float32', 'keras_history': ['block5d_expand_bn', 0, 0]}}], 'kwargs': {}}]}, {'module': 'keras.layers', 'class_name': 'DepthwiseConv2D', 'config': {'name': 'block5d_dwconv', 'trainable': False, 'dtype': {'module': 'keras', 'class_name': 'DTypePolicy', 'config': {'name': 'float32'}, 'registered_name': None}, 'depth_multiplier': 1, 'kernel_size': [5, 5], 'strides': [1, 1], 'padding': 'same', 'data_format': 'channels_last', 'dilation_rate': [1, 1], 'activation': 'linear', 'use_bias': False, 'depthwise_initializer': {'module': 'keras.initializers', 'class_name': 'VarianceScaling', 'config': {'seed': None, 'scale': 2.0, 'mode': 'fan_out', 'distribution': 'truncated_normal'}, 'registered_name': None}, 'bias_initializer': {'module': 'keras.initializers', 'class_name': 'Zeros', 'config': {}, 'registered_name': None}, 'depthwise_regularizer': None, 'bias_regularizer': None, 'activity_regularizer': None, 'depthwise_constraint': None, 'bias_constraint': None}, 'registered_name': None, 'build_config': {'input_shape': [None, 15, 15, 672]}, 'name': 'block5d_dwconv', 'inbound_nodes': [{'args': [{'class_name': '__keras_tensor__', 'config': {'shape': [None, 15, 15, 672], 'dtype': 'float32', 'keras_history': ['block5d_expand_activation', 0, 0]}}], 'kwargs': {}}]}, {'module': 'keras.layers', 'class_name': 'BatchNormalization', 'config': {'name': 'block5d_bn', 'trainable': False, 'dtype': {'module': 'keras', 'class_name': 'DTypePolicy', 'config': {'name': 'float32'}, 'registered_name': None}, 'axis': 3, 'momentum': 0.99, 'epsilon': 0.001, 'center': True, 'scale': True, 'beta_initializer': {'module': 'keras.initializers', 'class_name': 'Zeros', 'config': {}, 'registered_name': None}, 'gamma_initializer': {'module': 'keras.initializers', 'class_name': 'Ones', 'config': {}, 'registered_name': None}, 'moving_mean_initializer': {'module': 'keras.initializers', 'class_name': 'Zeros', 'config': {}, 'registered_name': None}, 'moving_variance_initializer': {'module': 'keras.initializers', 'class_name': 'Ones', 'config': {}, 'registered_name': None}, 'beta_regularizer': None, 'gamma_regularizer': None, 'beta_constraint': None, 'gamma_constraint': None, 'synchronized': False}, 'registered_name': None, 'build_config': {'input_shape': [None, 15, 15, 672]}, 'name': 'block5d_bn', 'inbound_nodes': [{'args': [{'class_name': '__keras_tensor__', 'config': {'shape': [None, 15, 15, 672], 'dtype': 'float32', 'keras_history': ['block5d_dwconv', 0, 0]}}], 'kwargs': {'mask': None}}]}, {'module': 'keras.layers', 'class_name': 'Activation', 'config': {'name': 'block5d_activation', 'trainable': False, 'dtype': {'module': 'keras', 'class_name': 'DTypePolicy', 'config': {'name': 'float32'}, 'registered_name': None}, 'activation': 'silu'}, 'registered_name': None, 'name': 'block5d_activation', 'inbound_nodes': [{'args': [{'class_name': '__keras_tensor__', 'config': {'shape': [None, 15, 15, 672], 'dtype': 'float32', 'keras_history': ['block5d_bn', 0, 0]}}], 'kwargs': {}}]}, {'module': 'keras.layers', 'class_name': 'GlobalAveragePooling2D', 'config': {'name': 'block5d_se_squeeze', 'trainable': False, 'dtype': {'module': 'keras', 'class_name': 'DTypePolicy', 'config': {'name': 'float32'}, 'registered_name': None}, 'data_format': 'channels_last', 'keepdims': False}, 'registered_name': None, 'name': 'block5d_se_squeeze', 'inbound_nodes': [{'args': [{'class_name': '__keras_tensor__', 'config': {'shape': [None, 15, 15, 672], 'dtype': 'float32', 'keras_history': ['block5d_activation', 0, 0]}}], 'kwargs': {}}]}, {'module': 'keras.layers', 'class_name': 'Reshape', 'config': {'name': 'block5d_se_reshape', 'trainable': False, 'dtype': {'module': 'keras', 'class_name': 'DTypePolicy', 'config': {'name': 'float32'}, 'registered_name': None}, 'target_shape': [1, 1, 672]}, 'registered_name': None, 'name': 'block5d_se_reshape', 'inbound_nodes': [{'args': [{'class_name': '__keras_tensor__', 'config': {'shape': [None, 672], 'dtype': 'float32', 'keras_history': ['block5d_se_squeeze', 0, 0]}}], 'kwargs': {}}]}, {'module': 'keras.layers', 'class_name': 'Conv2D', 'config': {'name': 'block5d_se_reduce', 'trainable': False, 'dtype': {'module': 'keras', 'class_name': 'DTypePolicy', 'config': {'name': 'float32'}, 'registered_name': None}, 'filters': 28, 'kernel_size': [1, 1], 'strides': [1, 1], 'padding': 'same', 'data_format': 'channels_last', 'dilation_rate': [1, 1], 'groups': 1, 'activation': 'silu', 'use_bias': True, 'kernel_initializer': {'module': 'keras.initializers', 'class_name': 'VarianceScaling', 'config': {'seed': None, 'scale': 2.0, 'mode': 'fan_out', 'distribution': 'truncated_normal'}, 'registered_name': None}, 'bias_initializer': {'module': 'keras.initializers', 'class_name': 'Zeros', 'config': {}, 'registered_name': None}, 'kernel_regularizer': None, 'bias_regularizer': None, 'activity_regularizer': None, 'kernel_constraint': None, 'bias_constraint': None}, 'registered_name': None, 'build_config': {'input_shape': [None, 1, 1, 672]}, 'name': 'block5d_se_reduce', 'inbound_nodes': [{'args': [{'class_name': '__keras_tensor__', 'config': {'shape': [None, 1, 1, 672], 'dtype': 'float32', 'keras_history': ['block5d_se_reshape', 0, 0]}}], 'kwargs': {}}]}, {'module': 'keras.layers', 'class_name': 'Conv2D', 'config': {'name': 'block5d_se_expand', 'trainable': False, 'dtype': {'module': 'keras', 'class_name': 'DTypePolicy', 'config': {'name': 'float32'}, 'registered_name': None}, 'filters': 672, 'kernel_size': [1, 1], 'strides': [1, 1], 'padding': 'same', 'data_format': 'channels_last', 'dilation_rate': [1, 1], 'groups': 1, 'activation': 'sigmoid', 'use_bias': True, 'kernel_initializer': {'module': 'keras.initializers', 'class_name': 'VarianceScaling', 'config': {'seed': None, 'scale': 2.0, 'mode': 'fan_out', 'distribution': 'truncated_normal'}, 'registered_name': None}, 'bias_initializer': {'module': 'keras.initializers', 'class_name': 'Zeros', 'config': {}, 'registered_name': None}, 'kernel_regularizer': None, 'bias_regularizer': None, 'activity_regularizer': None, 'kernel_constraint': None, 'bias_constraint': None}, 'registered_name': None, 'build_config': {'input_shape': [None, 1, 1, 28]}, 'name': 'block5d_se_expand', 'inbound_nodes': [{'args': [{'class_name': '__keras_tensor__', 'config': {'shape': [None, 1, 1, 28], 'dtype': 'float32', 'keras_history': ['block5d_se_reduce', 0, 0]}}], 'kwargs': {}}]}, {'module': 'keras.layers', 'class_name': 'Multiply', 'config': {'name': 'block5d_se_excite', 'trainable': False, 'dtype': {'module': 'keras', 'class_name': 'DTypePolicy', 'config': {'name': 'float32'}, 'registered_name': None}}, 'registered_name': None, 'build_config': {'input_shape': [[None, 15, 15, 672], [None, 1, 1, 672]]}, 'name': 'block5d_se_excite', 'inbound_nodes': [{'args': [[{'class_name': '__keras_tensor__', 'config': {'shape': [None, 15, 15, 672], 'dtype': 'float32', 'keras_history': ['block5d_activation', 0, 0]}}, {'class_name': '__keras_tensor__', 'config': {'shape': [None, 1, 1, 672], 'dtype': 'float32', 'keras_history': ['block5d_se_expand', 0, 0]}}]], 'kwargs': {}}]}, {'module': 'keras.layers', 'class_name': 'Conv2D', 'config': {'name': 'block5d_project_conv', 'trainable': False, 'dtype': {'module': 'keras', 'class_name': 'DTypePolicy', 'config': {'name': 'float32'}, 'registered_name': None}, 'filters': 112, 'kernel_size': [1, 1], 'strides': [1, 1], 'padding': 'same', 'data_format': 'channels_last', 'dilation_rate': [1, 1], 'groups': 1, 'activation': 'linear', 'use_bias': False, 'kernel_initializer': {'module': 'keras.initializers', 'class_name': 'VarianceScaling', 'config': {'seed': None, 'scale': 2.0, 'mode': 'fan_out', 'distribution': 'truncated_normal'}, 'registered_name': None}, 'bias_initializer': {'module': 'keras.initializers', 'class_name': 'Zeros', 'config': {}, 'registered_name': None}, 'kernel_regularizer': None, 'bias_regularizer': None, 'activity_regularizer': None, 'kernel_constraint': None, 'bias_constraint': None}, 'registered_name': None, 'build_config': {'input_shape': [None, 15, 15, 672]}, 'name': 'block5d_project_conv', 'inbound_nodes': [{'args': [{'class_name': '__keras_tensor__', 'config': {'shape': [None, 15, 15, 672], 'dtype': 'float32', 'keras_history': ['block5d_se_excite', 0, 0]}}], 'kwargs': {}}]}, {'module': 'keras.layers', 'class_name': 'BatchNormalization', 'config': {'name': 'block5d_project_bn', 'trainable': False, 'dtype': {'module': 'keras', 'class_name': 'DTypePolicy', 'config': {'name': 'float32'}, 'registered_name': None}, 'axis': 3, 'momentum': 0.99, 'epsilon': 0.001, 'center': True, 'scale': True, 'beta_initializer': {'module': 'keras.initializers', 'class_name': 'Zeros', 'config': {}, 'registered_name': None}, 'gamma_initializer': {'module': 'keras.initializers', 'class_name': 'Ones', 'config': {}, 'registered_name': None}, 'moving_mean_initializer': {'module': 'keras.initializers', 'class_name': 'Zeros', 'config': {}, 'registered_name': None}, 'moving_variance_initializer': {'module': 'keras.initializers', 'class_name': 'Ones', 'config': {}, 'registered_name': None}, 'beta_regularizer': None, 'gamma_regularizer': None, 'beta_constraint': None, 'gamma_constraint': None, 'synchronized': False}, 'registered_name': None, 'build_config': {'input_shape': [None, 15, 15, 112]}, 'name': 'block5d_project_bn', 'inbound_nodes': [{'args': [{'class_name': '__keras_tensor__', 'config': {'shape': [None, 15, 15, 112], 'dtype': 'float32', 'keras_history': ['block5d_project_conv', 0, 0]}}], 'kwargs': {'mask': None}}]}, {'module': 'keras.layers', 'class_name': 'Dropout', 'config': {'name': 'block5d_drop', 'trainable': False, 'dtype': {'module': 'keras', 'class_name': 'DTypePolicy', 'config': {'name': 'float32'}, 'registered_name': None}, 'rate': 0.13043478260869565, 'seed': None, 'noise_shape': [None, 1, 1, 1]}, 'registered_name': None, 'name': 'block5d_drop', 'inbound_nodes': [{'args': [{'class_name': '__keras_tensor__', 'config': {'shape': [None, 15, 15, 112], 'dtype': 'float32', 'keras_history': ['block5d_project_bn', 0, 0]}}], 'kwargs': {'training': False}}]}, {'module': 'keras.layers', 'class_name': 'Add', 'config': {'name': 'block5d_add', 'trainable': False, 'dtype': {'module': 'keras', 'class_name': 'DTypePolicy', 'config': {'name': 'float32'}, 'registered_name': None}}, 'registered_name': None, 'build_config': {'input_shape': [[None, 15, 15, 112], [None, 15, 15, 112]]}, 'name': 'block5d_add', 'inbound_nodes': [{'args': [[{'class_name': '__keras_tensor__', 'config': {'shape': [None, 15, 15, 112], 'dtype': 'float32', 'keras_history': ['block5d_drop', 0, 0]}}, {'class_name': '__keras_tensor__', 'config': {'shape': [None, 15, 15, 112], 'dtype': 'float32', 'keras_history': ['block5c_add', 0, 0]}}]], 'kwargs': {}}]}, {'module': 'keras.layers', 'class_name': 'Conv2D', 'config': {'name': 'block6a_expand_conv', 'trainable': False, 'dtype': {'module': 'keras', 'class_name': 'DTypePolicy', 'config': {'name': 'float32'}, 'registered_name': None}, 'filters': 672, 'kernel_size': [1, 1], 'strides': [1, 1], 'padding': 'same', 'data_format': 'channels_last', 'dilation_rate': [1, 1], 'groups': 1, 'activation': 'linear', 'use_bias': False, 'kernel_initializer': {'module': 'keras.initializers', 'class_name': 'VarianceScaling', 'config': {'seed': None, 'scale': 2.0, 'mode': 'fan_out', 'distribution': 'truncated_normal'}, 'registered_name': None}, 'bias_initializer': {'module': 'keras.initializers', 'class_name': 'Zeros', 'config': {}, 'registered_name': None}, 'kernel_regularizer': None, 'bias_regularizer': None, 'activity_regularizer': None, 'kernel_constraint': None, 'bias_constraint': None}, 'registered_name': None, 'build_config': {'input_shape': [None, 15, 15, 112]}, 'name': 'block6a_expand_conv', 'inbound_nodes': [{'args': [{'class_name': '__keras_tensor__', 'config': {'shape': [None, 15, 15, 112], 'dtype': 'float32', 'keras_history': ['block5d_add', 0, 0]}}], 'kwargs': {}}]}, {'module': 'keras.layers', 'class_name': 'BatchNormalization', 'config': {'name': 'block6a_expand_bn', 'trainable': False, 'dtype': {'module': 'keras', 'class_name': 'DTypePolicy', 'config': {'name': 'float32'}, 'registered_name': None}, 'axis': 3, 'momentum': 0.99, 'epsilon': 0.001, 'center': True, 'scale': True, 'beta_initializer': {'module': 'keras.initializers', 'class_name': 'Zeros', 'config': {}, 'registered_name': None}, 'gamma_initializer': {'module': 'keras.initializers', 'class_name': 'Ones', 'config': {}, 'registered_name': None}, 'moving_mean_initializer': {'module': 'keras.initializers', 'class_name': 'Zeros', 'config': {}, 'registered_name': None}, 'moving_variance_initializer': {'module': 'keras.initializers', 'class_name': 'Ones', 'config': {}, 'registered_name': None}, 'beta_regularizer': None, 'gamma_regularizer': None, 'beta_constraint': None, 'gamma_constraint': None, 'synchronized': False}, 'registered_name': None, 'build_config': {'input_shape': [None, 15, 15, 672]}, 'name': 'block6a_expand_bn', 'inbound_nodes': [{'args': [{'class_name': '__keras_tensor__', 'config': {'shape': [None, 15, 15, 672], 'dtype': 'float32', 'keras_history': ['block6a_expand_conv', 0, 0]}}], 'kwargs': {'mask': None}}]}, {'module': 'keras.layers', 'class_name': 'Activation', 'config': {'name': 'block6a_expand_activation', 'trainable': False, 'dtype': {'module': 'keras', 'class_name': 'DTypePolicy', 'config': {'name': 'float32'}, 'registered_name': None}, 'activation': 'silu'}, 'registered_name': None, 'name': 'block6a_expand_activation', 'inbound_nodes': [{'args': [{'class_name': '__keras_tensor__', 'config': {'shape': [None, 15, 15, 672], 'dtype': 'float32', 'keras_history': ['block6a_expand_bn', 0, 0]}}], 'kwargs': {}}]}, {'module': 'keras.layers', 'class_name': 'ZeroPadding2D', 'config': {'name': 'block6a_dwconv_pad', 'trainable': False, 'dtype': {'module': 'keras', 'class_name': 'DTypePolicy', 'config': {'name': 'float32'}, 'registered_name': None}, 'padding': [[2, 2], [2, 2]], 'data_format': 'channels_last'}, 'registered_name': None, 'build_config': {'input_shape': [None, 15, 15, 672]}, 'name': 'block6a_dwconv_pad', 'inbound_nodes': [{'args': [{'class_name': '__keras_tensor__', 'config': {'shape': [None, 15, 15, 672], 'dtype': 'float32', 'keras_history': ['block6a_expand_activation', 0, 0]}}], 'kwargs': {}}]}, {'module': 'keras.layers', 'class_name': 'DepthwiseConv2D', 'config': {'name': 'block6a_dwconv', 'trainable': False, 'dtype': {'module': 'keras', 'class_name': 'DTypePolicy', 'config': {'name': 'float32'}, 'registered_name': None}, 'depth_multiplier': 1, 'kernel_size': [5, 5], 'strides': [2, 2], 'padding': 'valid', 'data_format': 'channels_last', 'dilation_rate': [1, 1], 'activation': 'linear', 'use_bias': False, 'depthwise_initializer': {'module': 'keras.initializers', 'class_name': 'VarianceScaling', 'config': {'seed': None, 'scale': 2.0, 'mode': 'fan_out', 'distribution': 'truncated_normal'}, 'registered_name': None}, 'bias_initializer': {'module': 'keras.initializers', 'class_name': 'Zeros', 'config': {}, 'registered_name': None}, 'depthwise_regularizer': None, 'bias_regularizer': None, 'activity_regularizer': None, 'depthwise_constraint': None, 'bias_constraint': None}, 'registered_name': None, 'build_config': {'input_shape': [None, 19, 19, 672]}, 'name': 'block6a_dwconv', 'inbound_nodes': [{'args': [{'class_name': '__keras_tensor__', 'config': {'shape': [None, 19, 19, 672], 'dtype': 'float32', 'keras_history': ['block6a_dwconv_pad', 0, 0]}}], 'kwargs': {}}]}, {'module': 'keras.layers', 'class_name': 'BatchNormalization', 'config': {'name': 'block6a_bn', 'trainable': False, 'dtype': {'module': 'keras', 'class_name': 'DTypePolicy', 'config': {'name': 'float32'}, 'registered_name': None}, 'axis': 3, 'momentum': 0.99, 'epsilon': 0.001, 'center': True, 'scale': True, 'beta_initializer': {'module': 'keras.initializers', 'class_name': 'Zeros', 'config': {}, 'registered_name': None}, 'gamma_initializer': {'module': 'keras.initializers', 'class_name': 'Ones', 'config': {}, 'registered_name': None}, 'moving_mean_initializer': {'module': 'keras.initializers', 'class_name': 'Zeros', 'config': {}, 'registered_name': None}, 'moving_variance_initializer': {'module': 'keras.initializers', 'class_name': 'Ones', 'config': {}, 'registered_name': None}, 'beta_regularizer': None, 'gamma_regularizer': None, 'beta_constraint': None, 'gamma_constraint': None, 'synchronized': False}, 'registered_name': None, 'build_config': {'input_shape': [None, 8, 8, 672]}, 'name': 'block6a_bn', 'inbound_nodes': [{'args': [{'class_name': '__keras_tensor__', 'config': {'shape': [None, 8, 8, 672], 'dtype': 'float32', 'keras_history': ['block6a_dwconv', 0, 0]}}], 'kwargs': {'mask': None}}]}, {'module': 'keras.layers', 'class_name': 'Activation', 'config': {'name': 'block6a_activation', 'trainable': False, 'dtype': {'module': 'keras', 'class_name': 'DTypePolicy', 'config': {'name': 'float32'}, 'registered_name': None}, 'activation': 'silu'}, 'registered_name': None, 'name': 'block6a_activation', 'inbound_nodes': [{'args': [{'class_name': '__keras_tensor__', 'config': {'shape': [None, 8, 8, 672], 'dtype': 'float32', 'keras_history': ['block6a_bn', 0, 0]}}], 'kwargs': {}}]}, {'module': 'keras.layers', 'class_name': 'GlobalAveragePooling2D', 'config': {'name': 'block6a_se_squeeze', 'trainable': False, 'dtype': {'module': 'keras', 'class_name': 'DTypePolicy', 'config': {'name': 'float32'}, 'registered_name': None}, 'data_format': 'channels_last', 'keepdims': False}, 'registered_name': None, 'name': 'block6a_se_squeeze', 'inbound_nodes': [{'args': [{'class_name': '__keras_tensor__', 'config': {'shape': [None, 8, 8, 672], 'dtype': 'float32', 'keras_history': ['block6a_activation', 0, 0]}}], 'kwargs': {}}]}, {'module': 'keras.layers', 'class_name': 'Reshape', 'config': {'name': 'block6a_se_reshape', 'trainable': False, 'dtype': {'module': 'keras', 'class_name': 'DTypePolicy', 'config': {'name': 'float32'}, 'registered_name': None}, 'target_shape': [1, 1, 672]}, 'registered_name': None, 'name': 'block6a_se_reshape', 'inbound_nodes': [{'args': [{'class_name': '__keras_tensor__', 'config': {'shape': [None, 672], 'dtype': 'float32', 'keras_history': ['block6a_se_squeeze', 0, 0]}}], 'kwargs': {}}]}, {'module': 'keras.layers', 'class_name': 'Conv2D', 'config': {'name': 'block6a_se_reduce', 'trainable': False, 'dtype': {'module': 'keras', 'class_name': 'DTypePolicy', 'config': {'name': 'float32'}, 'registered_name': None}, 'filters': 28, 'kernel_size': [1, 1], 'strides': [1, 1], 'padding': 'same', 'data_format': 'channels_last', 'dilation_rate': [1, 1], 'groups': 1, 'activation': 'silu', 'use_bias': True, 'kernel_initializer': {'module': 'keras.initializers', 'class_name': 'VarianceScaling', 'config': {'seed': None, 'scale': 2.0, 'mode': 'fan_out', 'distribution': 'truncated_normal'}, 'registered_name': None}, 'bias_initializer': {'module': 'keras.initializers', 'class_name': 'Zeros', 'config': {}, 'registered_name': None}, 'kernel_regularizer': None, 'bias_regularizer': None, 'activity_regularizer': None, 'kernel_constraint': None, 'bias_constraint': None}, 'registered_name': None, 'build_config': {'input_shape': [None, 1, 1, 672]}, 'name': 'block6a_se_reduce', 'inbound_nodes': [{'args': [{'class_name': '__keras_tensor__', 'config': {'shape': [None, 1, 1, 672], 'dtype': 'float32', 'keras_history': ['block6a_se_reshape', 0, 0]}}], 'kwargs': {}}]}, {'module': 'keras.layers', 'class_name': 'Conv2D', 'config': {'name': 'block6a_se_expand', 'trainable': False, 'dtype': {'module': 'keras', 'class_name': 'DTypePolicy', 'config': {'name': 'float32'}, 'registered_name': None}, 'filters': 672, 'kernel_size': [1, 1], 'strides': [1, 1], 'padding': 'same', 'data_format': 'channels_last', 'dilation_rate': [1, 1], 'groups': 1, 'activation': 'sigmoid', 'use_bias': True, 'kernel_initializer': {'module': 'keras.initializers', 'class_name': 'VarianceScaling', 'config': {'seed': None, 'scale': 2.0, 'mode': 'fan_out', 'distribution': 'truncated_normal'}, 'registered_name': None}, 'bias_initializer': {'module': 'keras.initializers', 'class_name': 'Zeros', 'config': {}, 'registered_name': None}, 'kernel_regularizer': None, 'bias_regularizer': None, 'activity_regularizer': None, 'kernel_constraint': None, 'bias_constraint': None}, 'registered_name': None, 'build_config': {'input_shape': [None, 1, 1, 28]}, 'name': 'block6a_se_expand', 'inbound_nodes': [{'args': [{'class_name': '__keras_tensor__', 'config': {'shape': [None, 1, 1, 28], 'dtype': 'float32', 'keras_history': ['block6a_se_reduce', 0, 0]}}], 'kwargs': {}}]}, {'module': 'keras.layers', 'class_name': 'Multiply', 'config': {'name': 'block6a_se_excite', 'trainable': False, 'dtype': {'module': 'keras', 'class_name': 'DTypePolicy', 'config': {'name': 'float32'}, 'registered_name': None}}, 'registered_name': None, 'build_config': {'input_shape': [[None, 8, 8, 672], [None, 1, 1, 672]]}, 'name': 'block6a_se_excite', 'inbound_nodes': [{'args': [[{'class_name': '__keras_tensor__', 'config': {'shape': [None, 8, 8, 672], 'dtype': 'float32', 'keras_history': ['block6a_activation', 0, 0]}}, {'class_name': '__keras_tensor__', 'config': {'shape': [None, 1, 1, 672], 'dtype': 'float32', 'keras_history': ['block6a_se_expand', 0, 0]}}]], 'kwargs': {}}]}, {'module': 'keras.layers', 'class_name': 'Conv2D', 'config': {'name': 'block6a_project_conv', 'trainable': False, 'dtype': {'module': 'keras', 'class_name': 'DTypePolicy', 'config': {'name': 'float32'}, 'registered_name': None}, 'filters': 192, 'kernel_size': [1, 1], 'strides': [1, 1], 'padding': 'same', 'data_format': 'channels_last', 'dilation_rate': [1, 1], 'groups': 1, 'activation': 'linear', 'use_bias': False, 'kernel_initializer': {'module': 'keras.initializers', 'class_name': 'VarianceScaling', 'config': {'seed': None, 'scale': 2.0, 'mode': 'fan_out', 'distribution': 'truncated_normal'}, 'registered_name': None}, 'bias_initializer': {'module': 'keras.initializers', 'class_name': 'Zeros', 'config': {}, 'registered_name': None}, 'kernel_regularizer': None, 'bias_regularizer': None, 'activity_regularizer': None, 'kernel_constraint': None, 'bias_constraint': None}, 'registered_name': None, 'build_config': {'input_shape': [None, 8, 8, 672]}, 'name': 'block6a_project_conv', 'inbound_nodes': [{'args': [{'class_name': '__keras_tensor__', 'config': {'shape': [None, 8, 8, 672], 'dtype': 'float32', 'keras_history': ['block6a_se_excite', 0, 0]}}], 'kwargs': {}}]}, {'module': 'keras.layers', 'class_name': 'BatchNormalization', 'config': {'name': 'block6a_project_bn', 'trainable': False, 'dtype': {'module': 'keras', 'class_name': 'DTypePolicy', 'config': {'name': 'float32'}, 'registered_name': None}, 'axis': 3, 'momentum': 0.99, 'epsilon': 0.001, 'center': True, 'scale': True, 'beta_initializer': {'module': 'keras.initializers', 'class_name': 'Zeros', 'config': {}, 'registered_name': None}, 'gamma_initializer': {'module': 'keras.initializers', 'class_name': 'Ones', 'config': {}, 'registered_name': None}, 'moving_mean_initializer': {'module': 'keras.initializers', 'class_name': 'Zeros', 'config': {}, 'registered_name': None}, 'moving_variance_initializer': {'module': 'keras.initializers', 'class_name': 'Ones', 'config': {}, 'registered_name': None}, 'beta_regularizer': None, 'gamma_regularizer': None, 'beta_constraint': None, 'gamma_constraint': None, 'synchronized': False}, 'registered_name': None, 'build_config': {'input_shape': [None, 8, 8, 192]}, 'name': 'block6a_project_bn', 'inbound_nodes': [{'args': [{'class_name': '__keras_tensor__', 'config': {'shape': [None, 8, 8, 192], 'dtype': 'float32', 'keras_history': ['block6a_project_conv', 0, 0]}}], 'kwargs': {'mask': None}}]}, {'module': 'keras.layers', 'class_name': 'Conv2D', 'config': {'name': 'block6b_expand_conv', 'trainable': False, 'dtype': {'module': 'keras', 'class_name': 'DTypePolicy', 'config': {'name': 'float32'}, 'registered_name': None}, 'filters': 1152, 'kernel_size': [1, 1], 'strides': [1, 1], 'padding': 'same', 'data_format': 'channels_last', 'dilation_rate': [1, 1], 'groups': 1, 'activation': 'linear', 'use_bias': False, 'kernel_initializer': {'module': 'keras.initializers', 'class_name': 'VarianceScaling', 'config': {'seed': None, 'scale': 2.0, 'mode': 'fan_out', 'distribution': 'truncated_normal'}, 'registered_name': None}, 'bias_initializer': {'module': 'keras.initializers', 'class_name': 'Zeros', 'config': {}, 'registered_name': None}, 'kernel_regularizer': None, 'bias_regularizer': None, 'activity_regularizer': None, 'kernel_constraint': None, 'bias_constraint': None}, 'registered_name': None, 'build_config': {'input_shape': [None, 8, 8, 192]}, 'name': 'block6b_expand_conv', 'inbound_nodes': [{'args': [{'class_name': '__keras_tensor__', 'config': {'shape': [None, 8, 8, 192], 'dtype': 'float32', 'keras_history': ['block6a_project_bn', 0, 0]}}], 'kwargs': {}}]}, {'module': 'keras.layers', 'class_name': 'BatchNormalization', 'config': {'name': 'block6b_expand_bn', 'trainable': False, 'dtype': {'module': 'keras', 'class_name': 'DTypePolicy', 'config': {'name': 'float32'}, 'registered_name': None}, 'axis': 3, 'momentum': 0.99, 'epsilon': 0.001, 'center': True, 'scale': True, 'beta_initializer': {'module': 'keras.initializers', 'class_name': 'Zeros', 'config': {}, 'registered_name': None}, 'gamma_initializer': {'module': 'keras.initializers', 'class_name': 'Ones', 'config': {}, 'registered_name': None}, 'moving_mean_initializer': {'module': 'keras.initializers', 'class_name': 'Zeros', 'config': {}, 'registered_name': None}, 'moving_variance_initializer': {'module': 'keras.initializers', 'class_name': 'Ones', 'config': {}, 'registered_name': None}, 'beta_regularizer': None, 'gamma_regularizer': None, 'beta_constraint': None, 'gamma_constraint': None, 'synchronized': False}, 'registered_name': None, 'build_config': {'input_shape': [None, 8, 8, 1152]}, 'name': 'block6b_expand_bn', 'inbound_nodes': [{'args': [{'class_name': '__keras_tensor__', 'config': {'shape': [None, 8, 8, 1152], 'dtype': 'float32', 'keras_history': ['block6b_expand_conv', 0, 0]}}], 'kwargs': {'mask': None}}]}, {'module': 'keras.layers', 'class_name': 'Activation', 'config': {'name': 'block6b_expand_activation', 'trainable': False, 'dtype': {'module': 'keras', 'class_name': 'DTypePolicy', 'config': {'name': 'float32'}, 'registered_name': None}, 'activation': 'silu'}, 'registered_name': None, 'name': 'block6b_expand_activation', 'inbound_nodes': [{'args': [{'class_name': '__keras_tensor__', 'config': {'shape': [None, 8, 8, 1152], 'dtype': 'float32', 'keras_history': ['block6b_expand_bn', 0, 0]}}], 'kwargs': {}}]}, {'module': 'keras.layers', 'class_name': 'DepthwiseConv2D', 'config': {'name': 'block6b_dwconv', 'trainable': False, 'dtype': {'module': 'keras', 'class_name': 'DTypePolicy', 'config': {'name': 'float32'}, 'registered_name': None}, 'depth_multiplier': 1, 'kernel_size': [5, 5], 'strides': [1, 1], 'padding': 'same', 'data_format': 'channels_last', 'dilation_rate': [1, 1], 'activation': 'linear', 'use_bias': False, 'depthwise_initializer': {'module': 'keras.initializers', 'class_name': 'VarianceScaling', 'config': {'seed': None, 'scale': 2.0, 'mode': 'fan_out', 'distribution': 'truncated_normal'}, 'registered_name': None}, 'bias_initializer': {'module': 'keras.initializers', 'class_name': 'Zeros', 'config': {}, 'registered_name': None}, 'depthwise_regularizer': None, 'bias_regularizer': None, 'activity_regularizer': None, 'depthwise_constraint': None, 'bias_constraint': None}, 'registered_name': None, 'build_config': {'input_shape': [None, 8, 8, 1152]}, 'name': 'block6b_dwconv', 'inbound_nodes': [{'args': [{'class_name': '__keras_tensor__', 'config': {'shape': [None, 8, 8, 1152], 'dtype': 'float32', 'keras_history': ['block6b_expand_activation', 0, 0]}}], 'kwargs': {}}]}, {'module': 'keras.layers', 'class_name': 'BatchNormalization', 'config': {'name': 'block6b_bn', 'trainable': False, 'dtype': {'module': 'keras', 'class_name': 'DTypePolicy', 'config': {'name': 'float32'}, 'registered_name': None}, 'axis': 3, 'momentum': 0.99, 'epsilon': 0.001, 'center': True, 'scale': True, 'beta_initializer': {'module': 'keras.initializers', 'class_name': 'Zeros', 'config': {}, 'registered_name': None}, 'gamma_initializer': {'module': 'keras.initializers', 'class_name': 'Ones', 'config': {}, 'registered_name': None}, 'moving_mean_initializer': {'module': 'keras.initializers', 'class_name': 'Zeros', 'config': {}, 'registered_name': None}, 'moving_variance_initializer': {'module': 'keras.initializers', 'class_name': 'Ones', 'config': {}, 'registered_name': None}, 'beta_regularizer': None, 'gamma_regularizer': None, 'beta_constraint': None, 'gamma_constraint': None, 'synchronized': False}, 'registered_name': None, 'build_config': {'input_shape': [None, 8, 8, 1152]}, 'name': 'block6b_bn', 'inbound_nodes': [{'args': [{'class_name': '__keras_tensor__', 'config': {'shape': [None, 8, 8, 1152], 'dtype': 'float32', 'keras_history': ['block6b_dwconv', 0, 0]}}], 'kwargs': {'mask': None}}]}, {'module': 'keras.layers', 'class_name': 'Activation', 'config': {'name': 'block6b_activation', 'trainable': False, 'dtype': {'module': 'keras', 'class_name': 'DTypePolicy', 'config': {'name': 'float32'}, 'registered_name': None}, 'activation': 'silu'}, 'registered_name': None, 'name': 'block6b_activation', 'inbound_nodes': [{'args': [{'class_name': '__keras_tensor__', 'config': {'shape': [None, 8, 8, 1152], 'dtype': 'float32', 'keras_history': ['block6b_bn', 0, 0]}}], 'kwargs': {}}]}, {'module': 'keras.layers', 'class_name': 'GlobalAveragePooling2D', 'config': {'name': 'block6b_se_squeeze', 'trainable': False, 'dtype': {'module': 'keras', 'class_name': 'DTypePolicy', 'config': {'name': 'float32'}, 'registered_name': None}, 'data_format': 'channels_last', 'keepdims': False}, 'registered_name': None, 'name': 'block6b_se_squeeze', 'inbound_nodes': [{'args': [{'class_name': '__keras_tensor__', 'config': {'shape': [None, 8, 8, 1152], 'dtype': 'float32', 'keras_history': ['block6b_activation', 0, 0]}}], 'kwargs': {}}]}, {'module': 'keras.layers', 'class_name': 'Reshape', 'config': {'name': 'block6b_se_reshape', 'trainable': False, 'dtype': {'module': 'keras', 'class_name': 'DTypePolicy', 'config': {'name': 'float32'}, 'registered_name': None}, 'target_shape': [1, 1, 1152]}, 'registered_name': None, 'name': 'block6b_se_reshape', 'inbound_nodes': [{'args': [{'class_name': '__keras_tensor__', 'config': {'shape': [None, 1152], 'dtype': 'float32', 'keras_history': ['block6b_se_squeeze', 0, 0]}}], 'kwargs': {}}]}, {'module': 'keras.layers', 'class_name': 'Conv2D', 'config': {'name': 'block6b_se_reduce', 'trainable': False, 'dtype': {'module': 'keras', 'class_name': 'DTypePolicy', 'config': {'name': 'float32'}, 'registered_name': None}, 'filters': 48, 'kernel_size': [1, 1], 'strides': [1, 1], 'padding': 'same', 'data_format': 'channels_last', 'dilation_rate': [1, 1], 'groups': 1, 'activation': 'silu', 'use_bias': True, 'kernel_initializer': {'module': 'keras.initializers', 'class_name': 'VarianceScaling', 'config': {'seed': None, 'scale': 2.0, 'mode': 'fan_out', 'distribution': 'truncated_normal'}, 'registered_name': None}, 'bias_initializer': {'module': 'keras.initializers', 'class_name': 'Zeros', 'config': {}, 'registered_name': None}, 'kernel_regularizer': None, 'bias_regularizer': None, 'activity_regularizer': None, 'kernel_constraint': None, 'bias_constraint': None}, 'registered_name': None, 'build_config': {'input_shape': [None, 1, 1, 1152]}, 'name': 'block6b_se_reduce', 'inbound_nodes': [{'args': [{'class_name': '__keras_tensor__', 'config': {'shape': [None, 1, 1, 1152], 'dtype': 'float32', 'keras_history': ['block6b_se_reshape', 0, 0]}}], 'kwargs': {}}]}, {'module': 'keras.layers', 'class_name': 'Conv2D', 'config': {'name': 'block6b_se_expand', 'trainable': False, 'dtype': {'module': 'keras', 'class_name': 'DTypePolicy', 'config': {'name': 'float32'}, 'registered_name': None}, 'filters': 1152, 'kernel_size': [1, 1], 'strides': [1, 1], 'padding': 'same', 'data_format': 'channels_last', 'dilation_rate': [1, 1], 'groups': 1, 'activation': 'sigmoid', 'use_bias': True, 'kernel_initializer': {'module': 'keras.initializers', 'class_name': 'VarianceScaling', 'config': {'seed': None, 'scale': 2.0, 'mode': 'fan_out', 'distribution': 'truncated_normal'}, 'registered_name': None}, 'bias_initializer': {'module': 'keras.initializers', 'class_name': 'Zeros', 'config': {}, 'registered_name': None}, 'kernel_regularizer': None, 'bias_regularizer': None, 'activity_regularizer': None, 'kernel_constraint': None, 'bias_constraint': None}, 'registered_name': None, 'build_config': {'input_shape': [None, 1, 1, 48]}, 'name': 'block6b_se_expand', 'inbound_nodes': [{'args': [{'class_name': '__keras_tensor__', 'config': {'shape': [None, 1, 1, 48], 'dtype': 'float32', 'keras_history': ['block6b_se_reduce', 0, 0]}}], 'kwargs': {}}]}, {'module': 'keras.layers', 'class_name': 'Multiply', 'config': {'name': 'block6b_se_excite', 'trainable': False, 'dtype': {'module': 'keras', 'class_name': 'DTypePolicy', 'config': {'name': 'float32'}, 'registered_name': None}}, 'registered_name': None, 'build_config': {'input_shape': [[None, 8, 8, 1152], [None, 1, 1, 1152]]}, 'name': 'block6b_se_excite', 'inbound_nodes': [{'args': [[{'class_name': '__keras_tensor__', 'config': {'shape': [None, 8, 8, 1152], 'dtype': 'float32', 'keras_history': ['block6b_activation', 0, 0]}}, {'class_name': '__keras_tensor__', 'config': {'shape': [None, 1, 1, 1152], 'dtype': 'float32', 'keras_history': ['block6b_se_expand', 0, 0]}}]], 'kwargs': {}}]}, {'module': 'keras.layers', 'class_name': 'Conv2D', 'config': {'name': 'block6b_project_conv', 'trainable': False, 'dtype': {'module': 'keras', 'class_name': 'DTypePolicy', 'config': {'name': 'float32'}, 'registered_name': None}, 'filters': 192, 'kernel_size': [1, 1], 'strides': [1, 1], 'padding': 'same', 'data_format': 'channels_last', 'dilation_rate': [1, 1], 'groups': 1, 'activation': 'linear', 'use_bias': False, 'kernel_initializer': {'module': 'keras.initializers', 'class_name': 'VarianceScaling', 'config': {'seed': None, 'scale': 2.0, 'mode': 'fan_out', 'distribution': 'truncated_normal'}, 'registered_name': None}, 'bias_initializer': {'module': 'keras.initializers', 'class_name': 'Zeros', 'config': {}, 'registered_name': None}, 'kernel_regularizer': None, 'bias_regularizer': None, 'activity_regularizer': None, 'kernel_constraint': None, 'bias_constraint': None}, 'registered_name': None, 'build_config': {'input_shape': [None, 8, 8, 1152]}, 'name': 'block6b_project_conv', 'inbound_nodes': [{'args': [{'class_name': '__keras_tensor__', 'config': {'shape': [None, 8, 8, 1152], 'dtype': 'float32', 'keras_history': ['block6b_se_excite', 0, 0]}}], 'kwargs': {}}]}, {'module': 'keras.layers', 'class_name': 'BatchNormalization', 'config': {'name': 'block6b_project_bn', 'trainable': False, 'dtype': {'module': 'keras', 'class_name': 'DTypePolicy', 'config': {'name': 'float32'}, 'registered_name': None}, 'axis': 3, 'momentum': 0.99, 'epsilon': 0.001, 'center': True, 'scale': True, 'beta_initializer': {'module': 'keras.initializers', 'class_name': 'Zeros', 'config': {}, 'registered_name': None}, 'gamma_initializer': {'module': 'keras.initializers', 'class_name': 'Ones', 'config': {}, 'registered_name': None}, 'moving_mean_initializer': {'module': 'keras.initializers', 'class_name': 'Zeros', 'config': {}, 'registered_name': None}, 'moving_variance_initializer': {'module': 'keras.initializers', 'class_name': 'Ones', 'config': {}, 'registered_name': None}, 'beta_regularizer': None, 'gamma_regularizer': None, 'beta_constraint': None, 'gamma_constraint': None, 'synchronized': False}, 'registered_name': None, 'build_config': {'input_shape': [None, 8, 8, 192]}, 'name': 'block6b_project_bn', 'inbound_nodes': [{'args': [{'class_name': '__keras_tensor__', 'config': {'shape': [None, 8, 8, 192], 'dtype': 'float32', 'keras_history': ['block6b_project_conv', 0, 0]}}], 'kwargs': {'mask': None}}]}, {'module': 'keras.layers', 'class_name': 'Dropout', 'config': {'name': 'block6b_drop', 'trainable': False, 'dtype': {'module': 'keras', 'class_name': 'DTypePolicy', 'config': {'name': 'float32'}, 'registered_name': None}, 'rate': 0.14782608695652175, 'seed': None, 'noise_shape': [None, 1, 1, 1]}, 'registered_name': None, 'name': 'block6b_drop', 'inbound_nodes': [{'args': [{'class_name': '__keras_tensor__', 'config': {'shape': [None, 8, 8, 192], 'dtype': 'float32', 'keras_history': ['block6b_project_bn', 0, 0]}}], 'kwargs': {'training': False}}]}, {'module': 'keras.layers', 'class_name': 'Add', 'config': {'name': 'block6b_add', 'trainable': False, 'dtype': {'module': 'keras', 'class_name': 'DTypePolicy', 'config': {'name': 'float32'}, 'registered_name': None}}, 'registered_name': None, 'build_config': {'input_shape': [[None, 8, 8, 192], [None, 8, 8, 192]]}, 'name': 'block6b_add', 'inbound_nodes': [{'args': [[{'class_name': '__keras_tensor__', 'config': {'shape': [None, 8, 8, 192], 'dtype': 'float32', 'keras_history': ['block6b_drop', 0, 0]}}, {'class_name': '__keras_tensor__', 'config': {'shape': [None, 8, 8, 192], 'dtype': 'float32', 'keras_history': ['block6a_project_bn', 0, 0]}}]], 'kwargs': {}}]}, {'module': 'keras.layers', 'class_name': 'Conv2D', 'config': {'name': 'block6c_expand_conv', 'trainable': False, 'dtype': {'module': 'keras', 'class_name': 'DTypePolicy', 'config': {'name': 'float32'}, 'registered_name': None}, 'filters': 1152, 'kernel_size': [1, 1], 'strides': [1, 1], 'padding': 'same', 'data_format': 'channels_last', 'dilation_rate': [1, 1], 'groups': 1, 'activation': 'linear', 'use_bias': False, 'kernel_initializer': {'module': 'keras.initializers', 'class_name': 'VarianceScaling', 'config': {'seed': None, 'scale': 2.0, 'mode': 'fan_out', 'distribution': 'truncated_normal'}, 'registered_name': None}, 'bias_initializer': {'module': 'keras.initializers', 'class_name': 'Zeros', 'config': {}, 'registered_name': None}, 'kernel_regularizer': None, 'bias_regularizer': None, 'activity_regularizer': None, 'kernel_constraint': None, 'bias_constraint': None}, 'registered_name': None, 'build_config': {'input_shape': [None, 8, 8, 192]}, 'name': 'block6c_expand_conv', 'inbound_nodes': [{'args': [{'class_name': '__keras_tensor__', 'config': {'shape': [None, 8, 8, 192], 'dtype': 'float32', 'keras_history': ['block6b_add', 0, 0]}}], 'kwargs': {}}]}, {'module': 'keras.layers', 'class_name': 'BatchNormalization', 'config': {'name': 'block6c_expand_bn', 'trainable': False, 'dtype': {'module': 'keras', 'class_name': 'DTypePolicy', 'config': {'name': 'float32'}, 'registered_name': None}, 'axis': 3, 'momentum': 0.99, 'epsilon': 0.001, 'center': True, 'scale': True, 'beta_initializer': {'module': 'keras.initializers', 'class_name': 'Zeros', 'config': {}, 'registered_name': None}, 'gamma_initializer': {'module': 'keras.initializers', 'class_name': 'Ones', 'config': {}, 'registered_name': None}, 'moving_mean_initializer': {'module': 'keras.initializers', 'class_name': 'Zeros', 'config': {}, 'registered_name': None}, 'moving_variance_initializer': {'module': 'keras.initializers', 'class_name': 'Ones', 'config': {}, 'registered_name': None}, 'beta_regularizer': None, 'gamma_regularizer': None, 'beta_constraint': None, 'gamma_constraint': None, 'synchronized': False}, 'registered_name': None, 'build_config': {'input_shape': [None, 8, 8, 1152]}, 'name': 'block6c_expand_bn', 'inbound_nodes': [{'args': [{'class_name': '__keras_tensor__', 'config': {'shape': [None, 8, 8, 1152], 'dtype': 'float32', 'keras_history': ['block6c_expand_conv', 0, 0]}}], 'kwargs': {'mask': None}}]}, {'module': 'keras.layers', 'class_name': 'Activation', 'config': {'name': 'block6c_expand_activation', 'trainable': False, 'dtype': {'module': 'keras', 'class_name': 'DTypePolicy', 'config': {'name': 'float32'}, 'registered_name': None}, 'activation': 'silu'}, 'registered_name': None, 'name': 'block6c_expand_activation', 'inbound_nodes': [{'args': [{'class_name': '__keras_tensor__', 'config': {'shape': [None, 8, 8, 1152], 'dtype': 'float32', 'keras_history': ['block6c_expand_bn', 0, 0]}}], 'kwargs': {}}]}, {'module': 'keras.layers', 'class_name': 'DepthwiseConv2D', 'config': {'name': 'block6c_dwconv', 'trainable': False, 'dtype': {'module': 'keras', 'class_name': 'DTypePolicy', 'config': {'name': 'float32'}, 'registered_name': None}, 'depth_multiplier': 1, 'kernel_size': [5, 5], 'strides': [1, 1], 'padding': 'same', 'data_format': 'channels_last', 'dilation_rate': [1, 1], 'activation': 'linear', 'use_bias': False, 'depthwise_initializer': {'module': 'keras.initializers', 'class_name': 'VarianceScaling', 'config': {'seed': None, 'scale': 2.0, 'mode': 'fan_out', 'distribution': 'truncated_normal'}, 'registered_name': None}, 'bias_initializer': {'module': 'keras.initializers', 'class_name': 'Zeros', 'config': {}, 'registered_name': None}, 'depthwise_regularizer': None, 'bias_regularizer': None, 'activity_regularizer': None, 'depthwise_constraint': None, 'bias_constraint': None}, 'registered_name': None, 'build_config': {'input_shape': [None, 8, 8, 1152]}, 'name': 'block6c_dwconv', 'inbound_nodes': [{'args': [{'class_name': '__keras_tensor__', 'config': {'shape': [None, 8, 8, 1152], 'dtype': 'float32', 'keras_history': ['block6c_expand_activation', 0, 0]}}], 'kwargs': {}}]}, {'module': 'keras.layers', 'class_name': 'BatchNormalization', 'config': {'name': 'block6c_bn', 'trainable': False, 'dtype': {'module': 'keras', 'class_name': 'DTypePolicy', 'config': {'name': 'float32'}, 'registered_name': None}, 'axis': 3, 'momentum': 0.99, 'epsilon': 0.001, 'center': True, 'scale': True, 'beta_initializer': {'module': 'keras.initializers', 'class_name': 'Zeros', 'config': {}, 'registered_name': None}, 'gamma_initializer': {'module': 'keras.initializers', 'class_name': 'Ones', 'config': {}, 'registered_name': None}, 'moving_mean_initializer': {'module': 'keras.initializers', 'class_name': 'Zeros', 'config': {}, 'registered_name': None}, 'moving_variance_initializer': {'module': 'keras.initializers', 'class_name': 'Ones', 'config': {}, 'registered_name': None}, 'beta_regularizer': None, 'gamma_regularizer': None, 'beta_constraint': None, 'gamma_constraint': None, 'synchronized': False}, 'registered_name': None, 'build_config': {'input_shape': [None, 8, 8, 1152]}, 'name': 'block6c_bn', 'inbound_nodes': [{'args': [{'class_name': '__keras_tensor__', 'config': {'shape': [None, 8, 8, 1152], 'dtype': 'float32', 'keras_history': ['block6c_dwconv', 0, 0]}}], 'kwargs': {'mask': None}}]}, {'module': 'keras.layers', 'class_name': 'Activation', 'config': {'name': 'block6c_activation', 'trainable': False, 'dtype': {'module': 'keras', 'class_name': 'DTypePolicy', 'config': {'name': 'float32'}, 'registered_name': None}, 'activation': 'silu'}, 'registered_name': None, 'name': 'block6c_activation', 'inbound_nodes': [{'args': [{'class_name': '__keras_tensor__', 'config': {'shape': [None, 8, 8, 1152], 'dtype': 'float32', 'keras_history': ['block6c_bn', 0, 0]}}], 'kwargs': {}}]}, {'module': 'keras.layers', 'class_name': 'GlobalAveragePooling2D', 'config': {'name': 'block6c_se_squeeze', 'trainable': False, 'dtype': {'module': 'keras', 'class_name': 'DTypePolicy', 'config': {'name': 'float32'}, 'registered_name': None}, 'data_format': 'channels_last', 'keepdims': False}, 'registered_name': None, 'name': 'block6c_se_squeeze', 'inbound_nodes': [{'args': [{'class_name': '__keras_tensor__', 'config': {'shape': [None, 8, 8, 1152], 'dtype': 'float32', 'keras_history': ['block6c_activation', 0, 0]}}], 'kwargs': {}}]}, {'module': 'keras.layers', 'class_name': 'Reshape', 'config': {'name': 'block6c_se_reshape', 'trainable': False, 'dtype': {'module': 'keras', 'class_name': 'DTypePolicy', 'config': {'name': 'float32'}, 'registered_name': None}, 'target_shape': [1, 1, 1152]}, 'registered_name': None, 'name': 'block6c_se_reshape', 'inbound_nodes': [{'args': [{'class_name': '__keras_tensor__', 'config': {'shape': [None, 1152], 'dtype': 'float32', 'keras_history': ['block6c_se_squeeze', 0, 0]}}], 'kwargs': {}}]}, {'module': 'keras.layers', 'class_name': 'Conv2D', 'config': {'name': 'block6c_se_reduce', 'trainable': False, 'dtype': {'module': 'keras', 'class_name': 'DTypePolicy', 'config': {'name': 'float32'}, 'registered_name': None}, 'filters': 48, 'kernel_size': [1, 1], 'strides': [1, 1], 'padding': 'same', 'data_format': 'channels_last', 'dilation_rate': [1, 1], 'groups': 1, 'activation': 'silu', 'use_bias': True, 'kernel_initializer': {'module': 'keras.initializers', 'class_name': 'VarianceScaling', 'config': {'seed': None, 'scale': 2.0, 'mode': 'fan_out', 'distribution': 'truncated_normal'}, 'registered_name': None}, 'bias_initializer': {'module': 'keras.initializers', 'class_name': 'Zeros', 'config': {}, 'registered_name': None}, 'kernel_regularizer': None, 'bias_regularizer': None, 'activity_regularizer': None, 'kernel_constraint': None, 'bias_constraint': None}, 'registered_name': None, 'build_config': {'input_shape': [None, 1, 1, 1152]}, 'name': 'block6c_se_reduce', 'inbound_nodes': [{'args': [{'class_name': '__keras_tensor__', 'config': {'shape': [None, 1, 1, 1152], 'dtype': 'float32', 'keras_history': ['block6c_se_reshape', 0, 0]}}], 'kwargs': {}}]}, {'module': 'keras.layers', 'class_name': 'Conv2D', 'config': {'name': 'block6c_se_expand', 'trainable': False, 'dtype': {'module': 'keras', 'class_name': 'DTypePolicy', 'config': {'name': 'float32'}, 'registered_name': None}, 'filters': 1152, 'kernel_size': [1, 1], 'strides': [1, 1], 'padding': 'same', 'data_format': 'channels_last', 'dilation_rate': [1, 1], 'groups': 1, 'activation': 'sigmoid', 'use_bias': True, 'kernel_initializer': {'module': 'keras.initializers', 'class_name': 'VarianceScaling', 'config': {'seed': None, 'scale': 2.0, 'mode': 'fan_out', 'distribution': 'truncated_normal'}, 'registered_name': None}, 'bias_initializer': {'module': 'keras.initializers', 'class_name': 'Zeros', 'config': {}, 'registered_name': None}, 'kernel_regularizer': None, 'bias_regularizer': None, 'activity_regularizer': None, 'kernel_constraint': None, 'bias_constraint': None}, 'registered_name': None, 'build_config': {'input_shape': [None, 1, 1, 48]}, 'name': 'block6c_se_expand', 'inbound_nodes': [{'args': [{'class_name': '__keras_tensor__', 'config': {'shape': [None, 1, 1, 48], 'dtype': 'float32', 'keras_history': ['block6c_se_reduce', 0, 0]}}], 'kwargs': {}}]}, {'module': 'keras.layers', 'class_name': 'Multiply', 'config': {'name': 'block6c_se_excite', 'trainable': False, 'dtype': {'module': 'keras', 'class_name': 'DTypePolicy', 'config': {'name': 'float32'}, 'registered_name': None}}, 'registered_name': None, 'build_config': {'input_shape': [[None, 8, 8, 1152], [None, 1, 1, 1152]]}, 'name': 'block6c_se_excite', 'inbound_nodes': [{'args': [[{'class_name': '__keras_tensor__', 'config': {'shape': [None, 8, 8, 1152], 'dtype': 'float32', 'keras_history': ['block6c_activation', 0, 0]}}, {'class_name': '__keras_tensor__', 'config': {'shape': [None, 1, 1, 1152], 'dtype': 'float32', 'keras_history': ['block6c_se_expand', 0, 0]}}]], 'kwargs': {}}]}, {'module': 'keras.layers', 'class_name': 'Conv2D', 'config': {'name': 'block6c_project_conv', 'trainable': False, 'dtype': {'module': 'keras', 'class_name': 'DTypePolicy', 'config': {'name': 'float32'}, 'registered_name': None}, 'filters': 192, 'kernel_size': [1, 1], 'strides': [1, 1], 'padding': 'same', 'data_format': 'channels_last', 'dilation_rate': [1, 1], 'groups': 1, 'activation': 'linear', 'use_bias': False, 'kernel_initializer': {'module': 'keras.initializers', 'class_name': 'VarianceScaling', 'config': {'seed': None, 'scale': 2.0, 'mode': 'fan_out', 'distribution': 'truncated_normal'}, 'registered_name': None}, 'bias_initializer': {'module': 'keras.initializers', 'class_name': 'Zeros', 'config': {}, 'registered_name': None}, 'kernel_regularizer': None, 'bias_regularizer': None, 'activity_regularizer': None, 'kernel_constraint': None, 'bias_constraint': None}, 'registered_name': None, 'build_config': {'input_shape': [None, 8, 8, 1152]}, 'name': 'block6c_project_conv', 'inbound_nodes': [{'args': [{'class_name': '__keras_tensor__', 'config': {'shape': [None, 8, 8, 1152], 'dtype': 'float32', 'keras_history': ['block6c_se_excite', 0, 0]}}], 'kwargs': {}}]}, {'module': 'keras.layers', 'class_name': 'BatchNormalization', 'config': {'name': 'block6c_project_bn', 'trainable': False, 'dtype': {'module': 'keras', 'class_name': 'DTypePolicy', 'config': {'name': 'float32'}, 'registered_name': None}, 'axis': 3, 'momentum': 0.99, 'epsilon': 0.001, 'center': True, 'scale': True, 'beta_initializer': {'module': 'keras.initializers', 'class_name': 'Zeros', 'config': {}, 'registered_name': None}, 'gamma_initializer': {'module': 'keras.initializers', 'class_name': 'Ones', 'config': {}, 'registered_name': None}, 'moving_mean_initializer': {'module': 'keras.initializers', 'class_name': 'Zeros', 'config': {}, 'registered_name': None}, 'moving_variance_initializer': {'module': 'keras.initializers', 'class_name': 'Ones', 'config': {}, 'registered_name': None}, 'beta_regularizer': None, 'gamma_regularizer': None, 'beta_constraint': None, 'gamma_constraint': None, 'synchronized': False}, 'registered_name': None, 'build_config': {'input_shape': [None, 8, 8, 192]}, 'name': 'block6c_project_bn', 'inbound_nodes': [{'args': [{'class_name': '__keras_tensor__', 'config': {'shape': [None, 8, 8, 192], 'dtype': 'float32', 'keras_history': ['block6c_project_conv', 0, 0]}}], 'kwargs': {'mask': None}}]}, {'module': 'keras.layers', 'class_name': 'Dropout', 'config': {'name': 'block6c_drop', 'trainable': False, 'dtype': {'module': 'keras', 'class_name': 'DTypePolicy', 'config': {'name': 'float32'}, 'registered_name': None}, 'rate': 0.1565217391304348, 'seed': None, 'noise_shape': [None, 1, 1, 1]}, 'registered_name': None, 'name': 'block6c_drop', 'inbound_nodes': [{'args': [{'class_name': '__keras_tensor__', 'config': {'shape': [None, 8, 8, 192], 'dtype': 'float32', 'keras_history': ['block6c_project_bn', 0, 0]}}], 'kwargs': {'training': False}}]}, {'module': 'keras.layers', 'class_name': 'Add', 'config': {'name': 'block6c_add', 'trainable': False, 'dtype': {'module': 'keras', 'class_name': 'DTypePolicy', 'config': {'name': 'float32'}, 'registered_name': None}}, 'registered_name': None, 'build_config': {'input_shape': [[None, 8, 8, 192], [None, 8, 8, 192]]}, 'name': 'block6c_add', 'inbound_nodes': [{'args': [[{'class_name': '__keras_tensor__', 'config': {'shape': [None, 8, 8, 192], 'dtype': 'float32', 'keras_history': ['block6c_drop', 0, 0]}}, {'class_name': '__keras_tensor__', 'config': {'shape': [None, 8, 8, 192], 'dtype': 'float32', 'keras_history': ['block6b_add', 0, 0]}}]], 'kwargs': {}}]}, {'module': 'keras.layers', 'class_name': 'Conv2D', 'config': {'name': 'block6d_expand_conv', 'trainable': False, 'dtype': {'module': 'keras', 'class_name': 'DTypePolicy', 'config': {'name': 'float32'}, 'registered_name': None}, 'filters': 1152, 'kernel_size': [1, 1], 'strides': [1, 1], 'padding': 'same', 'data_format': 'channels_last', 'dilation_rate': [1, 1], 'groups': 1, 'activation': 'linear', 'use_bias': False, 'kernel_initializer': {'module': 'keras.initializers', 'class_name': 'VarianceScaling', 'config': {'seed': None, 'scale': 2.0, 'mode': 'fan_out', 'distribution': 'truncated_normal'}, 'registered_name': None}, 'bias_initializer': {'module': 'keras.initializers', 'class_name': 'Zeros', 'config': {}, 'registered_name': None}, 'kernel_regularizer': None, 'bias_regularizer': None, 'activity_regularizer': None, 'kernel_constraint': None, 'bias_constraint': None}, 'registered_name': None, 'build_config': {'input_shape': [None, 8, 8, 192]}, 'name': 'block6d_expand_conv', 'inbound_nodes': [{'args': [{'class_name': '__keras_tensor__', 'config': {'shape': [None, 8, 8, 192], 'dtype': 'float32', 'keras_history': ['block6c_add', 0, 0]}}], 'kwargs': {}}]}, {'module': 'keras.layers', 'class_name': 'BatchNormalization', 'config': {'name': 'block6d_expand_bn', 'trainable': True, 'dtype': {'module': 'keras', 'class_name': 'DTypePolicy', 'config': {'name': 'float32'}, 'registered_name': None}, 'axis': 3, 'momentum': 0.99, 'epsilon': 0.001, 'center': True, 'scale': True, 'beta_initializer': {'module': 'keras.initializers', 'class_name': 'Zeros', 'config': {}, 'registered_name': None}, 'gamma_initializer': {'module': 'keras.initializers', 'class_name': 'Ones', 'config': {}, 'registered_name': None}, 'moving_mean_initializer': {'module': 'keras.initializers', 'class_name': 'Zeros', 'config': {}, 'registered_name': None}, 'moving_variance_initializer': {'module': 'keras.initializers', 'class_name': 'Ones', 'config': {}, 'registered_name': None}, 'beta_regularizer': None, 'gamma_regularizer': None, 'beta_constraint': None, 'gamma_constraint': None, 'synchronized': False}, 'registered_name': None, 'build_config': {'input_shape': [None, 8, 8, 1152]}, 'name': 'block6d_expand_bn', 'inbound_nodes': [{'args': [{'class_name': '__keras_tensor__', 'config': {'shape': [None, 8, 8, 1152], 'dtype': 'float32', 'keras_history': ['block6d_expand_conv', 0, 0]}}], 'kwargs': {'mask': None}}]}, {'module': 'keras.layers', 'class_name': 'Activation', 'config': {'name': 'block6d_expand_activation', 'trainable': True, 'dtype': {'module': 'keras', 'class_name': 'DTypePolicy', 'config': {'name': 'float32'}, 'registered_name': None}, 'activation': 'silu'}, 'registered_name': None, 'name': 'block6d_expand_activation', 'inbound_nodes': [{'args': [{'class_name': '__keras_tensor__', 'config': {'shape': [None, 8, 8, 1152], 'dtype': 'float32', 'keras_history': ['block6d_expand_bn', 0, 0]}}], 'kwargs': {}}]}, {'module': 'keras.layers', 'class_name': 'DepthwiseConv2D', 'config': {'name': 'block6d_dwconv', 'trainable': True, 'dtype': {'module': 'keras', 'class_name': 'DTypePolicy', 'config': {'name': 'float32'}, 'registered_name': None}, 'depth_multiplier': 1, 'kernel_size': [5, 5], 'strides': [1, 1], 'padding': 'same', 'data_format': 'channels_last', 'dilation_rate': [1, 1], 'activation': 'linear', 'use_bias': False, 'depthwise_initializer': {'module': 'keras.initializers', 'class_name': 'VarianceScaling', 'config': {'seed': None, 'scale': 2.0, 'mode': 'fan_out', 'distribution': 'truncated_normal'}, 'registered_name': None}, 'bias_initializer': {'module': 'keras.initializers', 'class_name': 'Zeros', 'config': {}, 'registered_name': None}, 'depthwise_regularizer': None, 'bias_regularizer': None, 'activity_regularizer': None, 'depthwise_constraint': None, 'bias_constraint': None}, 'registered_name': None, 'build_config': {'input_shape': [None, 8, 8, 1152]}, 'name': 'block6d_dwconv', 'inbound_nodes': [{'args': [{'class_name': '__keras_tensor__', 'config': {'shape': [None, 8, 8, 1152], 'dtype': 'float32', 'keras_history': ['block6d_expand_activation', 0, 0]}}], 'kwargs': {}}]}, {'module': 'keras.layers', 'class_name': 'BatchNormalization', 'config': {'name': 'block6d_bn', 'trainable': True, 'dtype': {'module': 'keras', 'class_name': 'DTypePolicy', 'config': {'name': 'float32'}, 'registered_name': None}, 'axis': 3, 'momentum': 0.99, 'epsilon': 0.001, 'center': True, 'scale': True, 'beta_initializer': {'module': 'keras.initializers', 'class_name': 'Zeros', 'config': {}, 'registered_name': None}, 'gamma_initializer': {'module': 'keras.initializers', 'class_name': 'Ones', 'config': {}, 'registered_name': None}, 'moving_mean_initializer': {'module': 'keras.initializers', 'class_name': 'Zeros', 'config': {}, 'registered_name': None}, 'moving_variance_initializer': {'module': 'keras.initializers', 'class_name': 'Ones', 'config': {}, 'registered_name': None}, 'beta_regularizer': None, 'gamma_regularizer': None, 'beta_constraint': None, 'gamma_constraint': None, 'synchronized': False}, 'registered_name': None, 'build_config': {'input_shape': [None, 8, 8, 1152]}, 'name': 'block6d_bn', 'inbound_nodes': [{'args': [{'class_name': '__keras_tensor__', 'config': {'shape': [None, 8, 8, 1152], 'dtype': 'float32', 'keras_history': ['block6d_dwconv', 0, 0]}}], 'kwargs': {'mask': None}}]}, {'module': 'keras.layers', 'class_name': 'Activation', 'config': {'name': 'block6d_activation', 'trainable': True, 'dtype': {'module': 'keras', 'class_name': 'DTypePolicy', 'config': {'name': 'float32'}, 'registered_name': None}, 'activation': 'silu'}, 'registered_name': None, 'name': 'block6d_activation', 'inbound_nodes': [{'args': [{'class_name': '__keras_tensor__', 'config': {'shape': [None, 8, 8, 1152], 'dtype': 'float32', 'keras_history': ['block6d_bn', 0, 0]}}], 'kwargs': {}}]}, {'module': 'keras.layers', 'class_name': 'GlobalAveragePooling2D', 'config': {'name': 'block6d_se_squeeze', 'trainable': True, 'dtype': {'module': 'keras', 'class_name': 'DTypePolicy', 'config': {'name': 'float32'}, 'registered_name': None}, 'data_format': 'channels_last', 'keepdims': False}, 'registered_name': None, 'name': 'block6d_se_squeeze', 'inbound_nodes': [{'args': [{'class_name': '__keras_tensor__', 'config': {'shape': [None, 8, 8, 1152], 'dtype': 'float32', 'keras_history': ['block6d_activation', 0, 0]}}], 'kwargs': {}}]}, {'module': 'keras.layers', 'class_name': 'Reshape', 'config': {'name': 'block6d_se_reshape', 'trainable': True, 'dtype': {'module': 'keras', 'class_name': 'DTypePolicy', 'config': {'name': 'float32'}, 'registered_name': None}, 'target_shape': [1, 1, 1152]}, 'registered_name': None, 'name': 'block6d_se_reshape', 'inbound_nodes': [{'args': [{'class_name': '__keras_tensor__', 'config': {'shape': [None, 1152], 'dtype': 'float32', 'keras_history': ['block6d_se_squeeze', 0, 0]}}], 'kwargs': {}}]}, {'module': 'keras.layers', 'class_name': 'Conv2D', 'config': {'name': 'block6d_se_reduce', 'trainable': True, 'dtype': {'module': 'keras', 'class_name': 'DTypePolicy', 'config': {'name': 'float32'}, 'registered_name': None}, 'filters': 48, 'kernel_size': [1, 1], 'strides': [1, 1], 'padding': 'same', 'data_format': 'channels_last', 'dilation_rate': [1, 1], 'groups': 1, 'activation': 'silu', 'use_bias': True, 'kernel_initializer': {'module': 'keras.initializers', 'class_name': 'VarianceScaling', 'config': {'seed': None, 'scale': 2.0, 'mode': 'fan_out', 'distribution': 'truncated_normal'}, 'registered_name': None}, 'bias_initializer': {'module': 'keras.initializers', 'class_name': 'Zeros', 'config': {}, 'registered_name': None}, 'kernel_regularizer': None, 'bias_regularizer': None, 'activity_regularizer': None, 'kernel_constraint': None, 'bias_constraint': None}, 'registered_name': None, 'build_config': {'input_shape': [None, 1, 1, 1152]}, 'name': 'block6d_se_reduce', 'inbound_nodes': [{'args': [{'class_name': '__keras_tensor__', 'config': {'shape': [None, 1, 1, 1152], 'dtype': 'float32', 'keras_history': ['block6d_se_reshape', 0, 0]}}], 'kwargs': {}}]}, {'module': 'keras.layers', 'class_name': 'Conv2D', 'config': {'name': 'block6d_se_expand', 'trainable': True, 'dtype': {'module': 'keras', 'class_name': 'DTypePolicy', 'config': {'name': 'float32'}, 'registered_name': None}, 'filters': 1152, 'kernel_size': [1, 1], 'strides': [1, 1], 'padding': 'same', 'data_format': 'channels_last', 'dilation_rate': [1, 1], 'groups': 1, 'activation': 'sigmoid', 'use_bias': True, 'kernel_initializer': {'module': 'keras.initializers', 'class_name': 'VarianceScaling', 'config': {'seed': None, 'scale': 2.0, 'mode': 'fan_out', 'distribution': 'truncated_normal'}, 'registered_name': None}, 'bias_initializer': {'module': 'keras.initializers', 'class_name': 'Zeros', 'config': {}, 'registered_name': None}, 'kernel_regularizer': None, 'bias_regularizer': None, 'activity_regularizer': None, 'kernel_constraint': None, 'bias_constraint': None}, 'registered_name': None, 'build_config': {'input_shape': [None, 1, 1, 48]}, 'name': 'block6d_se_expand', 'inbound_nodes': [{'args': [{'class_name': '__keras_tensor__', 'config': {'shape': [None, 1, 1, 48], 'dtype': 'float32', 'keras_history': ['block6d_se_reduce', 0, 0]}}], 'kwargs': {}}]}, {'module': 'keras.layers', 'class_name': 'Multiply', 'config': {'name': 'block6d_se_excite', 'trainable': True, 'dtype': {'module': 'keras', 'class_name': 'DTypePolicy', 'config': {'name': 'float32'}, 'registered_name': None}}, 'registered_name': None, 'build_config': {'input_shape': [[None, 8, 8, 1152], [None, 1, 1, 1152]]}, 'name': 'block6d_se_excite', 'inbound_nodes': [{'args': [[{'class_name': '__keras_tensor__', 'config': {'shape': [None, 8, 8, 1152], 'dtype': 'float32', 'keras_history': ['block6d_activation', 0, 0]}}, {'class_name': '__keras_tensor__', 'config': {'shape': [None, 1, 1, 1152], 'dtype': 'float32', 'keras_history': ['block6d_se_expand', 0, 0]}}]], 'kwargs': {}}]}, {'module': 'keras.layers', 'class_name': 'Conv2D', 'config': {'name': 'block6d_project_conv', 'trainable': True, 'dtype': {'module': 'keras', 'class_name': 'DTypePolicy', 'config': {'name': 'float32'}, 'registered_name': None}, 'filters': 192, 'kernel_size': [1, 1], 'strides': [1, 1], 'padding': 'same', 'data_format': 'channels_last', 'dilation_rate': [1, 1], 'groups': 1, 'activation': 'linear', 'use_bias': False, 'kernel_initializer': {'module': 'keras.initializers', 'class_name': 'VarianceScaling', 'config': {'seed': None, 'scale': 2.0, 'mode': 'fan_out', 'distribution': 'truncated_normal'}, 'registered_name': None}, 'bias_initializer': {'module': 'keras.initializers', 'class_name': 'Zeros', 'config': {}, 'registered_name': None}, 'kernel_regularizer': None, 'bias_regularizer': None, 'activity_regularizer': None, 'kernel_constraint': None, 'bias_constraint': None}, 'registered_name': None, 'build_config': {'input_shape': [None, 8, 8, 1152]}, 'name': 'block6d_project_conv', 'inbound_nodes': [{'args': [{'class_name': '__keras_tensor__', 'config': {'shape': [None, 8, 8, 1152], 'dtype': 'float32', 'keras_history': ['block6d_se_excite', 0, 0]}}], 'kwargs': {}}]}, {'module': 'keras.layers', 'class_name': 'BatchNormalization', 'config': {'name': 'block6d_project_bn', 'trainable': True, 'dtype': {'module': 'keras', 'class_name': 'DTypePolicy', 'config': {'name': 'float32'}, 'registered_name': None}, 'axis': 3, 'momentum': 0.99, 'epsilon': 0.001, 'center': True, 'scale': True, 'beta_initializer': {'module': 'keras.initializers', 'class_name': 'Zeros', 'config': {}, 'registered_name': None}, 'gamma_initializer': {'module': 'keras.initializers', 'class_name': 'Ones', 'config': {}, 'registered_name': None}, 'moving_mean_initializer': {'module': 'keras.initializers', 'class_name': 'Zeros', 'config': {}, 'registered_name': None}, 'moving_variance_initializer': {'module': 'keras.initializers', 'class_name': 'Ones', 'config': {}, 'registered_name': None}, 'beta_regularizer': None, 'gamma_regularizer': None, 'beta_constraint': None, 'gamma_constraint': None, 'synchronized': False}, 'registered_name': None, 'build_config': {'input_shape': [None, 8, 8, 192]}, 'name': 'block6d_project_bn', 'inbound_nodes': [{'args': [{'class_name': '__keras_tensor__', 'config': {'shape': [None, 8, 8, 192], 'dtype': 'float32', 'keras_history': ['block6d_project_conv', 0, 0]}}], 'kwargs': {'mask': None}}]}, {'module': 'keras.layers', 'class_name': 'Dropout', 'config': {'name': 'block6d_drop', 'trainable': True, 'dtype': {'module': 'keras', 'class_name': 'DTypePolicy', 'config': {'name': 'float32'}, 'registered_name': None}, 'rate': 0.16521739130434784, 'seed': None, 'noise_shape': [None, 1, 1, 1]}, 'registered_name': None, 'name': 'block6d_drop', 'inbound_nodes': [{'args': [{'class_name': '__keras_tensor__', 'config': {'shape': [None, 8, 8, 192], 'dtype': 'float32', 'keras_history': ['block6d_project_bn', 0, 0]}}], 'kwargs': {'training': False}}]}, {'module': 'keras.layers', 'class_name': 'Add', 'config': {'name': 'block6d_add', 'trainable': True, 'dtype': {'module': 'keras', 'class_name': 'DTypePolicy', 'config': {'name': 'float32'}, 'registered_name': None}}, 'registered_name': None, 'build_config': {'input_shape': [[None, 8, 8, 192], [None, 8, 8, 192]]}, 'name': 'block6d_add', 'inbound_nodes': [{'args': [[{'class_name': '__keras_tensor__', 'config': {'shape': [None, 8, 8, 192], 'dtype': 'float32', 'keras_history': ['block6d_drop', 0, 0]}}, {'class_name': '__keras_tensor__', 'config': {'shape': [None, 8, 8, 192], 'dtype': 'float32', 'keras_history': ['block6c_add', 0, 0]}}]], 'kwargs': {}}]}, {'module': 'keras.layers', 'class_name': 'Conv2D', 'config': {'name': 'block6e_expand_conv', 'trainable': True, 'dtype': {'module': 'keras', 'class_name': 'DTypePolicy', 'config': {'name': 'float32'}, 'registered_name': None}, 'filters': 1152, 'kernel_size': [1, 1], 'strides': [1, 1], 'padding': 'same', 'data_format': 'channels_last', 'dilation_rate': [1, 1], 'groups': 1, 'activation': 'linear', 'use_bias': False, 'kernel_initializer': {'module': 'keras.initializers', 'class_name': 'VarianceScaling', 'config': {'seed': None, 'scale': 2.0, 'mode': 'fan_out', 'distribution': 'truncated_normal'}, 'registered_name': None}, 'bias_initializer': {'module': 'keras.initializers', 'class_name': 'Zeros', 'config': {}, 'registered_name': None}, 'kernel_regularizer': None, 'bias_regularizer': None, 'activity_regularizer': None, 'kernel_constraint': None, 'bias_constraint': None}, 'registered_name': None, 'build_config': {'input_shape': [None, 8, 8, 192]}, 'name': 'block6e_expand_conv', 'inbound_nodes': [{'args': [{'class_name': '__keras_tensor__', 'config': {'shape': [None, 8, 8, 192], 'dtype': 'float32', 'keras_history': ['block6d_add', 0, 0]}}], 'kwargs': {}}]}, {'module': 'keras.layers', 'class_name': 'BatchNormalization', 'config': {'name': 'block6e_expand_bn', 'trainable': True, 'dtype': {'module': 'keras', 'class_name': 'DTypePolicy', 'config': {'name': 'float32'}, 'registered_name': None}, 'axis': 3, 'momentum': 0.99, 'epsilon': 0.001, 'center': True, 'scale': True, 'beta_initializer': {'module': 'keras.initializers', 'class_name': 'Zeros', 'config': {}, 'registered_name': None}, 'gamma_initializer': {'module': 'keras.initializers', 'class_name': 'Ones', 'config': {}, 'registered_name': None}, 'moving_mean_initializer': {'module': 'keras.initializers', 'class_name': 'Zeros', 'config': {}, 'registered_name': None}, 'moving_variance_initializer': {'module': 'keras.initializers', 'class_name': 'Ones', 'config': {}, 'registered_name': None}, 'beta_regularizer': None, 'gamma_regularizer': None, 'beta_constraint': None, 'gamma_constraint': None, 'synchronized': False}, 'registered_name': None, 'build_config': {'input_shape': [None, 8, 8, 1152]}, 'name': 'block6e_expand_bn', 'inbound_nodes': [{'args': [{'class_name': '__keras_tensor__', 'config': {'shape': [None, 8, 8, 1152], 'dtype': 'float32', 'keras_history': ['block6e_expand_conv', 0, 0]}}], 'kwargs': {'mask': None}}]}, {'module': 'keras.layers', 'class_name': 'Activation', 'config': {'name': 'block6e_expand_activation', 'trainable': True, 'dtype': {'module': 'keras', 'class_name': 'DTypePolicy', 'config': {'name': 'float32'}, 'registered_name': None}, 'activation': 'silu'}, 'registered_name': None, 'name': 'block6e_expand_activation', 'inbound_nodes': [{'args': [{'class_name': '__keras_tensor__', 'config': {'shape': [None, 8, 8, 1152], 'dtype': 'float32', 'keras_history': ['block6e_expand_bn', 0, 0]}}], 'kwargs': {}}]}, {'module': 'keras.layers', 'class_name': 'DepthwiseConv2D', 'config': {'name': 'block6e_dwconv', 'trainable': True, 'dtype': {'module': 'keras', 'class_name': 'DTypePolicy', 'config': {'name': 'float32'}, 'registered_name': None}, 'depth_multiplier': 1, 'kernel_size': [5, 5], 'strides': [1, 1], 'padding': 'same', 'data_format': 'channels_last', 'dilation_rate': [1, 1], 'activation': 'linear', 'use_bias': False, 'depthwise_initializer': {'module': 'keras.initializers', 'class_name': 'VarianceScaling', 'config': {'seed': None, 'scale': 2.0, 'mode': 'fan_out', 'distribution': 'truncated_normal'}, 'registered_name': None}, 'bias_initializer': {'module': 'keras.initializers', 'class_name': 'Zeros', 'config': {}, 'registered_name': None}, 'depthwise_regularizer': None, 'bias_regularizer': None, 'activity_regularizer': None, 'depthwise_constraint': None, 'bias_constraint': None}, 'registered_name': None, 'build_config': {'input_shape': [None, 8, 8, 1152]}, 'name': 'block6e_dwconv', 'inbound_nodes': [{'args': [{'class_name': '__keras_tensor__', 'config': {'shape': [None, 8, 8, 1152], 'dtype': 'float32', 'keras_history': ['block6e_expand_activation', 0, 0]}}], 'kwargs': {}}]}, {'module': 'keras.layers', 'class_name': 'BatchNormalization', 'config': {'name': 'block6e_bn', 'trainable': True, 'dtype': {'module': 'keras', 'class_name': 'DTypePolicy', 'config': {'name': 'float32'}, 'registered_name': None}, 'axis': 3, 'momentum': 0.99, 'epsilon': 0.001, 'center': True, 'scale': True, 'beta_initializer': {'module': 'keras.initializers', 'class_name': 'Zeros', 'config': {}, 'registered_name': None}, 'gamma_initializer': {'module': 'keras.initializers', 'class_name': 'Ones', 'config': {}, 'registered_name': None}, 'moving_mean_initializer': {'module': 'keras.initializers', 'class_name': 'Zeros', 'config': {}, 'registered_name': None}, 'moving_variance_initializer': {'module': 'keras.initializers', 'class_name': 'Ones', 'config': {}, 'registered_name': None}, 'beta_regularizer': None, 'gamma_regularizer': None, 'beta_constraint': None, 'gamma_constraint': None, 'synchronized': False}, 'registered_name': None, 'build_config': {'input_shape': [None, 8, 8, 1152]}, 'name': 'block6e_bn', 'inbound_nodes': [{'args': [{'class_name': '__keras_tensor__', 'config': {'shape': [None, 8, 8, 1152], 'dtype': 'float32', 'keras_history': ['block6e_dwconv', 0, 0]}}], 'kwargs': {'mask': None}}]}, {'module': 'keras.layers', 'class_name': 'Activation', 'config': {'name': 'block6e_activation', 'trainable': True, 'dtype': {'module': 'keras', 'class_name': 'DTypePolicy', 'config': {'name': 'float32'}, 'registered_name': None}, 'activation': 'silu'}, 'registered_name': None, 'name': 'block6e_activation', 'inbound_nodes': [{'args': [{'class_name': '__keras_tensor__', 'config': {'shape': [None, 8, 8, 1152], 'dtype': 'float32', 'keras_history': ['block6e_bn', 0, 0]}}], 'kwargs': {}}]}, {'module': 'keras.layers', 'class_name': 'GlobalAveragePooling2D', 'config': {'name': 'block6e_se_squeeze', 'trainable': True, 'dtype': {'module': 'keras', 'class_name': 'DTypePolicy', 'config': {'name': 'float32'}, 'registered_name': None}, 'data_format': 'channels_last', 'keepdims': False}, 'registered_name': None, 'name': 'block6e_se_squeeze', 'inbound_nodes': [{'args': [{'class_name': '__keras_tensor__', 'config': {'shape': [None, 8, 8, 1152], 'dtype': 'float32', 'keras_history': ['block6e_activation', 0, 0]}}], 'kwargs': {}}]}, {'module': 'keras.layers', 'class_name': 'Reshape', 'config': {'name': 'block6e_se_reshape', 'trainable': True, 'dtype': {'module': 'keras', 'class_name': 'DTypePolicy', 'config': {'name': 'float32'}, 'registered_name': None}, 'target_shape': [1, 1, 1152]}, 'registered_name': None, 'name': 'block6e_se_reshape', 'inbound_nodes': [{'args': [{'class_name': '__keras_tensor__', 'config': {'shape': [None, 1152], 'dtype': 'float32', 'keras_history': ['block6e_se_squeeze', 0, 0]}}], 'kwargs': {}}]}, {'module': 'keras.layers', 'class_name': 'Conv2D', 'config': {'name': 'block6e_se_reduce', 'trainable': True, 'dtype': {'module': 'keras', 'class_name': 'DTypePolicy', 'config': {'name': 'float32'}, 'registered_name': None}, 'filters': 48, 'kernel_size': [1, 1], 'strides': [1, 1], 'padding': 'same', 'data_format': 'channels_last', 'dilation_rate': [1, 1], 'groups': 1, 'activation': 'silu', 'use_bias': True, 'kernel_initializer': {'module': 'keras.initializers', 'class_name': 'VarianceScaling', 'config': {'seed': None, 'scale': 2.0, 'mode': 'fan_out', 'distribution': 'truncated_normal'}, 'registered_name': None}, 'bias_initializer': {'module': 'keras.initializers', 'class_name': 'Zeros', 'config': {}, 'registered_name': None}, 'kernel_regularizer': None, 'bias_regularizer': None, 'activity_regularizer': None, 'kernel_constraint': None, 'bias_constraint': None}, 'registered_name': None, 'build_config': {'input_shape': [None, 1, 1, 1152]}, 'name': 'block6e_se_reduce', 'inbound_nodes': [{'args': [{'class_name': '__keras_tensor__', 'config': {'shape': [None, 1, 1, 1152], 'dtype': 'float32', 'keras_history': ['block6e_se_reshape', 0, 0]}}], 'kwargs': {}}]}, {'module': 'keras.layers', 'class_name': 'Conv2D', 'config': {'name': 'block6e_se_expand', 'trainable': True, 'dtype': {'module': 'keras', 'class_name': 'DTypePolicy', 'config': {'name': 'float32'}, 'registered_name': None}, 'filters': 1152, 'kernel_size': [1, 1], 'strides': [1, 1], 'padding': 'same', 'data_format': 'channels_last', 'dilation_rate': [1, 1], 'groups': 1, 'activation': 'sigmoid', 'use_bias': True, 'kernel_initializer': {'module': 'keras.initializers', 'class_name': 'VarianceScaling', 'config': {'seed': None, 'scale': 2.0, 'mode': 'fan_out', 'distribution': 'truncated_normal'}, 'registered_name': None}, 'bias_initializer': {'module': 'keras.initializers', 'class_name': 'Zeros', 'config': {}, 'registered_name': None}, 'kernel_regularizer': None, 'bias_regularizer': None, 'activity_regularizer': None, 'kernel_constraint': None, 'bias_constraint': None}, 'registered_name': None, 'build_config': {'input_shape': [None, 1, 1, 48]}, 'name': 'block6e_se_expand', 'inbound_nodes': [{'args': [{'class_name': '__keras_tensor__', 'config': {'shape': [None, 1, 1, 48], 'dtype': 'float32', 'keras_history': ['block6e_se_reduce', 0, 0]}}], 'kwargs': {}}]}, {'module': 'keras.layers', 'class_name': 'Multiply', 'config': {'name': 'block6e_se_excite', 'trainable': True, 'dtype': {'module': 'keras', 'class_name': 'DTypePolicy', 'config': {'name': 'float32'}, 'registered_name': None}}, 'registered_name': None, 'build_config': {'input_shape': [[None, 8, 8, 1152], [None, 1, 1, 1152]]}, 'name': 'block6e_se_excite', 'inbound_nodes': [{'args': [[{'class_name': '__keras_tensor__', 'config': {'shape': [None, 8, 8, 1152], 'dtype': 'float32', 'keras_history': ['block6e_activation', 0, 0]}}, {'class_name': '__keras_tensor__', 'config': {'shape': [None, 1, 1, 1152], 'dtype': 'float32', 'keras_history': ['block6e_se_expand', 0, 0]}}]], 'kwargs': {}}]}, {'module': 'keras.layers', 'class_name': 'Conv2D', 'config': {'name': 'block6e_project_conv', 'trainable': True, 'dtype': {'module': 'keras', 'class_name': 'DTypePolicy', 'config': {'name': 'float32'}, 'registered_name': None}, 'filters': 192, 'kernel_size': [1, 1], 'strides': [1, 1], 'padding': 'same', 'data_format': 'channels_last', 'dilation_rate': [1, 1], 'groups': 1, 'activation': 'linear', 'use_bias': False, 'kernel_initializer': {'module': 'keras.initializers', 'class_name': 'VarianceScaling', 'config': {'seed': None, 'scale': 2.0, 'mode': 'fan_out', 'distribution': 'truncated_normal'}, 'registered_name': None}, 'bias_initializer': {'module': 'keras.initializers', 'class_name': 'Zeros', 'config': {}, 'registered_name': None}, 'kernel_regularizer': None, 'bias_regularizer': None, 'activity_regularizer': None, 'kernel_constraint': None, 'bias_constraint': None}, 'registered_name': None, 'build_config': {'input_shape': [None, 8, 8, 1152]}, 'name': 'block6e_project_conv', 'inbound_nodes': [{'args': [{'class_name': '__keras_tensor__', 'config': {'shape': [None, 8, 8, 1152], 'dtype': 'float32', 'keras_history': ['block6e_se_excite', 0, 0]}}], 'kwargs': {}}]}, {'module': 'keras.layers', 'class_name': 'BatchNormalization', 'config': {'name': 'block6e_project_bn', 'trainable': True, 'dtype': {'module': 'keras', 'class_name': 'DTypePolicy', 'config': {'name': 'float32'}, 'registered_name': None}, 'axis': 3, 'momentum': 0.99, 'epsilon': 0.001, 'center': True, 'scale': True, 'beta_initializer': {'module': 'keras.initializers', 'class_name': 'Zeros', 'config': {}, 'registered_name': None}, 'gamma_initializer': {'module': 'keras.initializers', 'class_name': 'Ones', 'config': {}, 'registered_name': None}, 'moving_mean_initializer': {'module': 'keras.initializers', 'class_name': 'Zeros', 'config': {}, 'registered_name': None}, 'moving_variance_initializer': {'module': 'keras.initializers', 'class_name': 'Ones', 'config': {}, 'registered_name': None}, 'beta_regularizer': None, 'gamma_regularizer': None, 'beta_constraint': None, 'gamma_constraint': None, 'synchronized': False}, 'registered_name': None, 'build_config': {'input_shape': [None, 8, 8, 192]}, 'name': 'block6e_project_bn', 'inbound_nodes': [{'args': [{'class_name': '__keras_tensor__', 'config': {'shape': [None, 8, 8, 192], 'dtype': 'float32', 'keras_history': ['block6e_project_conv', 0, 0]}}], 'kwargs': {'mask': None}}]}, {'module': 'keras.layers', 'class_name': 'Dropout', 'config': {'name': 'block6e_drop', 'trainable': True, 'dtype': {'module': 'keras', 'class_name': 'DTypePolicy', 'config': {'name': 'float32'}, 'registered_name': None}, 'rate': 0.17391304347826086, 'seed': None, 'noise_shape': [None, 1, 1, 1]}, 'registered_name': None, 'name': 'block6e_drop', 'inbound_nodes': [{'args': [{'class_name': '__keras_tensor__', 'config': {'shape': [None, 8, 8, 192], 'dtype': 'float32', 'keras_history': ['block6e_project_bn', 0, 0]}}], 'kwargs': {'training': False}}]}, {'module': 'keras.layers', 'class_name': 'Add', 'config': {'name': 'block6e_add', 'trainable': True, 'dtype': {'module': 'keras', 'class_name': 'DTypePolicy', 'config': {'name': 'float32'}, 'registered_name': None}}, 'registered_name': None, 'build_config': {'input_shape': [[None, 8, 8, 192], [None, 8, 8, 192]]}, 'name': 'block6e_add', 'inbound_nodes': [{'args': [[{'class_name': '__keras_tensor__', 'config': {'shape': [None, 8, 8, 192], 'dtype': 'float32', 'keras_history': ['block6e_drop', 0, 0]}}, {'class_name': '__keras_tensor__', 'config': {'shape': [None, 8, 8, 192], 'dtype': 'float32', 'keras_history': ['block6d_add', 0, 0]}}]], 'kwargs': {}}]}, {'module': 'keras.layers', 'class_name': 'Conv2D', 'config': {'name': 'block7a_expand_conv', 'trainable': True, 'dtype': {'module': 'keras', 'class_name': 'DTypePolicy', 'config': {'name': 'float32'}, 'registered_name': None}, 'filters': 1152, 'kernel_size': [1, 1], 'strides': [1, 1], 'padding': 'same', 'data_format': 'channels_last', 'dilation_rate': [1, 1], 'groups': 1, 'activation': 'linear', 'use_bias': False, 'kernel_initializer': {'module': 'keras.initializers', 'class_name': 'VarianceScaling', 'config': {'seed': None, 'scale': 2.0, 'mode': 'fan_out', 'distribution': 'truncated_normal'}, 'registered_name': None}, 'bias_initializer': {'module': 'keras.initializers', 'class_name': 'Zeros', 'config': {}, 'registered_name': None}, 'kernel_regularizer': None, 'bias_regularizer': None, 'activity_regularizer': None, 'kernel_constraint': None, 'bias_constraint': None}, 'registered_name': None, 'build_config': {'input_shape': [None, 8, 8, 192]}, 'name': 'block7a_expand_conv', 'inbound_nodes': [{'args': [{'class_name': '__keras_tensor__', 'config': {'shape': [None, 8, 8, 192], 'dtype': 'float32', 'keras_history': ['block6e_add', 0, 0]}}], 'kwargs': {}}]}, {'module': 'keras.layers', 'class_name': 'BatchNormalization', 'config': {'name': 'block7a_expand_bn', 'trainable': True, 'dtype': {'module': 'keras', 'class_name': 'DTypePolicy', 'config': {'name': 'float32'}, 'registered_name': None}, 'axis': 3, 'momentum': 0.99, 'epsilon': 0.001, 'center': True, 'scale': True, 'beta_initializer': {'module': 'keras.initializers', 'class_name': 'Zeros', 'config': {}, 'registered_name': None}, 'gamma_initializer': {'module': 'keras.initializers', 'class_name': 'Ones', 'config': {}, 'registered_name': None}, 'moving_mean_initializer': {'module': 'keras.initializers', 'class_name': 'Zeros', 'config': {}, 'registered_name': None}, 'moving_variance_initializer': {'module': 'keras.initializers', 'class_name': 'Ones', 'config': {}, 'registered_name': None}, 'beta_regularizer': None, 'gamma_regularizer': None, 'beta_constraint': None, 'gamma_constraint': None, 'synchronized': False}, 'registered_name': None, 'build_config': {'input_shape': [None, 8, 8, 1152]}, 'name': 'block7a_expand_bn', 'inbound_nodes': [{'args': [{'class_name': '__keras_tensor__', 'config': {'shape': [None, 8, 8, 1152], 'dtype': 'float32', 'keras_history': ['block7a_expand_conv', 0, 0]}}], 'kwargs': {'mask': None}}]}, {'module': 'keras.layers', 'class_name': 'Activation', 'config': {'name': 'block7a_expand_activation', 'trainable': True, 'dtype': {'module': 'keras', 'class_name': 'DTypePolicy', 'config': {'name': 'float32'}, 'registered_name': None}, 'activation': 'silu'}, 'registered_name': None, 'name': 'block7a_expand_activation', 'inbound_nodes': [{'args': [{'class_name': '__keras_tensor__', 'config': {'shape': [None, 8, 8, 1152], 'dtype': 'float32', 'keras_history': ['block7a_expand_bn', 0, 0]}}], 'kwargs': {}}]}, {'module': 'keras.layers', 'class_name': 'DepthwiseConv2D', 'config': {'name': 'block7a_dwconv', 'trainable': True, 'dtype': {'module': 'keras', 'class_name': 'DTypePolicy', 'config': {'name': 'float32'}, 'registered_name': None}, 'depth_multiplier': 1, 'kernel_size': [3, 3], 'strides': [1, 1], 'padding': 'same', 'data_format': 'channels_last', 'dilation_rate': [1, 1], 'activation': 'linear', 'use_bias': False, 'depthwise_initializer': {'module': 'keras.initializers', 'class_name': 'VarianceScaling', 'config': {'seed': None, 'scale': 2.0, 'mode': 'fan_out', 'distribution': 'truncated_normal'}, 'registered_name': None}, 'bias_initializer': {'module': 'keras.initializers', 'class_name': 'Zeros', 'config': {}, 'registered_name': None}, 'depthwise_regularizer': None, 'bias_regularizer': None, 'activity_regularizer': None, 'depthwise_constraint': None, 'bias_constraint': None}, 'registered_name': None, 'build_config': {'input_shape': [None, 8, 8, 1152]}, 'name': 'block7a_dwconv', 'inbound_nodes': [{'args': [{'class_name': '__keras_tensor__', 'config': {'shape': [None, 8, 8, 1152], 'dtype': 'float32', 'keras_history': ['block7a_expand_activation', 0, 0]}}], 'kwargs': {}}]}, {'module': 'keras.layers', 'class_name': 'BatchNormalization', 'config': {'name': 'block7a_bn', 'trainable': True, 'dtype': {'module': 'keras', 'class_name': 'DTypePolicy', 'config': {'name': 'float32'}, 'registered_name': None}, 'axis': 3, 'momentum': 0.99, 'epsilon': 0.001, 'center': True, 'scale': True, 'beta_initializer': {'module': 'keras.initializers', 'class_name': 'Zeros', 'config': {}, 'registered_name': None}, 'gamma_initializer': {'module': 'keras.initializers', 'class_name': 'Ones', 'config': {}, 'registered_name': None}, 'moving_mean_initializer': {'module': 'keras.initializers', 'class_name': 'Zeros', 'config': {}, 'registered_name': None}, 'moving_variance_initializer': {'module': 'keras.initializers', 'class_name': 'Ones', 'config': {}, 'registered_name': None}, 'beta_regularizer': None, 'gamma_regularizer': None, 'beta_constraint': None, 'gamma_constraint': None, 'synchronized': False}, 'registered_name': None, 'build_config': {'input_shape': [None, 8, 8, 1152]}, 'name': 'block7a_bn', 'inbound_nodes': [{'args': [{'class_name': '__keras_tensor__', 'config': {'shape': [None, 8, 8, 1152], 'dtype': 'float32', 'keras_history': ['block7a_dwconv', 0, 0]}}], 'kwargs': {'mask': None}}]}, {'module': 'keras.layers', 'class_name': 'Activation', 'config': {'name': 'block7a_activation', 'trainable': True, 'dtype': {'module': 'keras', 'class_name': 'DTypePolicy', 'config': {'name': 'float32'}, 'registered_name': None}, 'activation': 'silu'}, 'registered_name': None, 'name': 'block7a_activation', 'inbound_nodes': [{'args': [{'class_name': '__keras_tensor__', 'config': {'shape': [None, 8, 8, 1152], 'dtype': 'float32', 'keras_history': ['block7a_bn', 0, 0]}}], 'kwargs': {}}]}, {'module': 'keras.layers', 'class_name': 'GlobalAveragePooling2D', 'config': {'name': 'block7a_se_squeeze', 'trainable': True, 'dtype': {'module': 'keras', 'class_name': 'DTypePolicy', 'config': {'name': 'float32'}, 'registered_name': None}, 'data_format': 'channels_last', 'keepdims': False}, 'registered_name': None, 'name': 'block7a_se_squeeze', 'inbound_nodes': [{'args': [{'class_name': '__keras_tensor__', 'config': {'shape': [None, 8, 8, 1152], 'dtype': 'float32', 'keras_history': ['block7a_activation', 0, 0]}}], 'kwargs': {}}]}, {'module': 'keras.layers', 'class_name': 'Reshape', 'config': {'name': 'block7a_se_reshape', 'trainable': True, 'dtype': {'module': 'keras', 'class_name': 'DTypePolicy', 'config': {'name': 'float32'}, 'registered_name': None}, 'target_shape': [1, 1, 1152]}, 'registered_name': None, 'name': 'block7a_se_reshape', 'inbound_nodes': [{'args': [{'class_name': '__keras_tensor__', 'config': {'shape': [None, 1152], 'dtype': 'float32', 'keras_history': ['block7a_se_squeeze', 0, 0]}}], 'kwargs': {}}]}, {'module': 'keras.layers', 'class_name': 'Conv2D', 'config': {'name': 'block7a_se_reduce', 'trainable': True, 'dtype': {'module': 'keras', 'class_name': 'DTypePolicy', 'config': {'name': 'float32'}, 'registered_name': None}, 'filters': 48, 'kernel_size': [1, 1], 'strides': [1, 1], 'padding': 'same', 'data_format': 'channels_last', 'dilation_rate': [1, 1], 'groups': 1, 'activation': 'silu', 'use_bias': True, 'kernel_initializer': {'module': 'keras.initializers', 'class_name': 'VarianceScaling', 'config': {'seed': None, 'scale': 2.0, 'mode': 'fan_out', 'distribution': 'truncated_normal'}, 'registered_name': None}, 'bias_initializer': {'module': 'keras.initializers', 'class_name': 'Zeros', 'config': {}, 'registered_name': None}, 'kernel_regularizer': None, 'bias_regularizer': None, 'activity_regularizer': None, 'kernel_constraint': None, 'bias_constraint': None}, 'registered_name': None, 'build_config': {'input_shape': [None, 1, 1, 1152]}, 'name': 'block7a_se_reduce', 'inbound_nodes': [{'args': [{'class_name': '__keras_tensor__', 'config': {'shape': [None, 1, 1, 1152], 'dtype': 'float32', 'keras_history': ['block7a_se_reshape', 0, 0]}}], 'kwargs': {}}]}, {'module': 'keras.layers', 'class_name': 'Conv2D', 'config': {'name': 'block7a_se_expand', 'trainable': True, 'dtype': {'module': 'keras', 'class_name': 'DTypePolicy', 'config': {'name': 'float32'}, 'registered_name': None}, 'filters': 1152, 'kernel_size': [1, 1], 'strides': [1, 1], 'padding': 'same', 'data_format': 'channels_last', 'dilation_rate': [1, 1], 'groups': 1, 'activation': 'sigmoid', 'use_bias': True, 'kernel_initializer': {'module': 'keras.initializers', 'class_name': 'VarianceScaling', 'config': {'seed': None, 'scale': 2.0, 'mode': 'fan_out', 'distribution': 'truncated_normal'}, 'registered_name': None}, 'bias_initializer': {'module': 'keras.initializers', 'class_name': 'Zeros', 'config': {}, 'registered_name': None}, 'kernel_regularizer': None, 'bias_regularizer': None, 'activity_regularizer': None, 'kernel_constraint': None, 'bias_constraint': None}, 'registered_name': None, 'build_config': {'input_shape': [None, 1, 1, 48]}, 'name': 'block7a_se_expand', 'inbound_nodes': [{'args': [{'class_name': '__keras_tensor__', 'config': {'shape': [None, 1, 1, 48], 'dtype': 'float32', 'keras_history': ['block7a_se_reduce', 0, 0]}}], 'kwargs': {}}]}, {'module': 'keras.layers', 'class_name': 'Multiply', 'config': {'name': 'block7a_se_excite', 'trainable': True, 'dtype': {'module': 'keras', 'class_name': 'DTypePolicy', 'config': {'name': 'float32'}, 'registered_name': None}}, 'registered_name': None, 'build_config': {'input_shape': [[None, 8, 8, 1152], [None, 1, 1, 1152]]}, 'name': 'block7a_se_excite', 'inbound_nodes': [{'args': [[{'class_name': '__keras_tensor__', 'config': {'shape': [None, 8, 8, 1152], 'dtype': 'float32', 'keras_history': ['block7a_activation', 0, 0]}}, {'class_name': '__keras_tensor__', 'config': {'shape': [None, 1, 1, 1152], 'dtype': 'float32', 'keras_history': ['block7a_se_expand', 0, 0]}}]], 'kwargs': {}}]}, {'module': 'keras.layers', 'class_name': 'Conv2D', 'config': {'name': 'block7a_project_conv', 'trainable': True, 'dtype': {'module': 'keras', 'class_name': 'DTypePolicy', 'config': {'name': 'float32'}, 'registered_name': None}, 'filters': 320, 'kernel_size': [1, 1], 'strides': [1, 1], 'padding': 'same', 'data_format': 'channels_last', 'dilation_rate': [1, 1], 'groups': 1, 'activation': 'linear', 'use_bias': False, 'kernel_initializer': {'module': 'keras.initializers', 'class_name': 'VarianceScaling', 'config': {'seed': None, 'scale': 2.0, 'mode': 'fan_out', 'distribution': 'truncated_normal'}, 'registered_name': None}, 'bias_initializer': {'module': 'keras.initializers', 'class_name': 'Zeros', 'config': {}, 'registered_name': None}, 'kernel_regularizer': None, 'bias_regularizer': None, 'activity_regularizer': None, 'kernel_constraint': None, 'bias_constraint': None}, 'registered_name': None, 'build_config': {'input_shape': [None, 8, 8, 1152]}, 'name': 'block7a_project_conv', 'inbound_nodes': [{'args': [{'class_name': '__keras_tensor__', 'config': {'shape': [None, 8, 8, 1152], 'dtype': 'float32', 'keras_history': ['block7a_se_excite', 0, 0]}}], 'kwargs': {}}]}, {'module': 'keras.layers', 'class_name': 'BatchNormalization', 'config': {'name': 'block7a_project_bn', 'trainable': True, 'dtype': {'module': 'keras', 'class_name': 'DTypePolicy', 'config': {'name': 'float32'}, 'registered_name': None}, 'axis': 3, 'momentum': 0.99, 'epsilon': 0.001, 'center': True, 'scale': True, 'beta_initializer': {'module': 'keras.initializers', 'class_name': 'Zeros', 'config': {}, 'registered_name': None}, 'gamma_initializer': {'module': 'keras.initializers', 'class_name': 'Ones', 'config': {}, 'registered_name': None}, 'moving_mean_initializer': {'module': 'keras.initializers', 'class_name': 'Zeros', 'config': {}, 'registered_name': None}, 'moving_variance_initializer': {'module': 'keras.initializers', 'class_name': 'Ones', 'config': {}, 'registered_name': None}, 'beta_regularizer': None, 'gamma_regularizer': None, 'beta_constraint': None, 'gamma_constraint': None, 'synchronized': False}, 'registered_name': None, 'build_config': {'input_shape': [None, 8, 8, 320]}, 'name': 'block7a_project_bn', 'inbound_nodes': [{'args': [{'class_name': '__keras_tensor__', 'config': {'shape': [None, 8, 8, 320], 'dtype': 'float32', 'keras_history': ['block7a_project_conv', 0, 0]}}], 'kwargs': {'mask': None}}]}, {'module': 'keras.layers', 'class_name': 'Conv2D', 'config': {'name': 'block7b_expand_conv', 'trainable': True, 'dtype': {'module': 'keras', 'class_name': 'DTypePolicy', 'config': {'name': 'float32'}, 'registered_name': None}, 'filters': 1920, 'kernel_size': [1, 1], 'strides': [1, 1], 'padding': 'same', 'data_format': 'channels_last', 'dilation_rate': [1, 1], 'groups': 1, 'activation': 'linear', 'use_bias': False, 'kernel_initializer': {'module': 'keras.initializers', 'class_name': 'VarianceScaling', 'config': {'seed': None, 'scale': 2.0, 'mode': 'fan_out', 'distribution': 'truncated_normal'}, 'registered_name': None}, 'bias_initializer': {'module': 'keras.initializers', 'class_name': 'Zeros', 'config': {}, 'registered_name': None}, 'kernel_regularizer': None, 'bias_regularizer': None, 'activity_regularizer': None, 'kernel_constraint': None, 'bias_constraint': None}, 'registered_name': None, 'build_config': {'input_shape': [None, 8, 8, 320]}, 'name': 'block7b_expand_conv', 'inbound_nodes': [{'args': [{'class_name': '__keras_tensor__', 'config': {'shape': [None, 8, 8, 320], 'dtype': 'float32', 'keras_history': ['block7a_project_bn', 0, 0]}}], 'kwargs': {}}]}, {'module': 'keras.layers', 'class_name': 'BatchNormalization', 'config': {'name': 'block7b_expand_bn', 'trainable': True, 'dtype': {'module': 'keras', 'class_name': 'DTypePolicy', 'config': {'name': 'float32'}, 'registered_name': None}, 'axis': 3, 'momentum': 0.99, 'epsilon': 0.001, 'center': True, 'scale': True, 'beta_initializer': {'module': 'keras.initializers', 'class_name': 'Zeros', 'config': {}, 'registered_name': None}, 'gamma_initializer': {'module': 'keras.initializers', 'class_name': 'Ones', 'config': {}, 'registered_name': None}, 'moving_mean_initializer': {'module': 'keras.initializers', 'class_name': 'Zeros', 'config': {}, 'registered_name': None}, 'moving_variance_initializer': {'module': 'keras.initializers', 'class_name': 'Ones', 'config': {}, 'registered_name': None}, 'beta_regularizer': None, 'gamma_regularizer': None, 'beta_constraint': None, 'gamma_constraint': None, 'synchronized': False}, 'registered_name': None, 'build_config': {'input_shape': [None, 8, 8, 1920]}, 'name': 'block7b_expand_bn', 'inbound_nodes': [{'args': [{'class_name': '__keras_tensor__', 'config': {'shape': [None, 8, 8, 1920], 'dtype': 'float32', 'keras_history': ['block7b_expand_conv', 0, 0]}}], 'kwargs': {'mask': None}}]}, {'module': 'keras.layers', 'class_name': 'Activation', 'config': {'name': 'block7b_expand_activation', 'trainable': True, 'dtype': {'module': 'keras', 'class_name': 'DTypePolicy', 'config': {'name': 'float32'}, 'registered_name': None}, 'activation': 'silu'}, 'registered_name': None, 'name': 'block7b_expand_activation', 'inbound_nodes': [{'args': [{'class_name': '__keras_tensor__', 'config': {'shape': [None, 8, 8, 1920], 'dtype': 'float32', 'keras_history': ['block7b_expand_bn', 0, 0]}}], 'kwargs': {}}]}, {'module': 'keras.layers', 'class_name': 'DepthwiseConv2D', 'config': {'name': 'block7b_dwconv', 'trainable': True, 'dtype': {'module': 'keras', 'class_name': 'DTypePolicy', 'config': {'name': 'float32'}, 'registered_name': None}, 'depth_multiplier': 1, 'kernel_size': [3, 3], 'strides': [1, 1], 'padding': 'same', 'data_format': 'channels_last', 'dilation_rate': [1, 1], 'activation': 'linear', 'use_bias': False, 'depthwise_initializer': {'module': 'keras.initializers', 'class_name': 'VarianceScaling', 'config': {'seed': None, 'scale': 2.0, 'mode': 'fan_out', 'distribution': 'truncated_normal'}, 'registered_name': None}, 'bias_initializer': {'module': 'keras.initializers', 'class_name': 'Zeros', 'config': {}, 'registered_name': None}, 'depthwise_regularizer': None, 'bias_regularizer': None, 'activity_regularizer': None, 'depthwise_constraint': None, 'bias_constraint': None}, 'registered_name': None, 'build_config': {'input_shape': [None, 8, 8, 1920]}, 'name': 'block7b_dwconv', 'inbound_nodes': [{'args': [{'class_name': '__keras_tensor__', 'config': {'shape': [None, 8, 8, 1920], 'dtype': 'float32', 'keras_history': ['block7b_expand_activation', 0, 0]}}], 'kwargs': {}}]}, {'module': 'keras.layers', 'class_name': 'BatchNormalization', 'config': {'name': 'block7b_bn', 'trainable': True, 'dtype': {'module': 'keras', 'class_name': 'DTypePolicy', 'config': {'name': 'float32'}, 'registered_name': None}, 'axis': 3, 'momentum': 0.99, 'epsilon': 0.001, 'center': True, 'scale': True, 'beta_initializer': {'module': 'keras.initializers', 'class_name': 'Zeros', 'config': {}, 'registered_name': None}, 'gamma_initializer': {'module': 'keras.initializers', 'class_name': 'Ones', 'config': {}, 'registered_name': None}, 'moving_mean_initializer': {'module': 'keras.initializers', 'class_name': 'Zeros', 'config': {}, 'registered_name': None}, 'moving_variance_initializer': {'module': 'keras.initializers', 'class_name': 'Ones', 'config': {}, 'registered_name': None}, 'beta_regularizer': None, 'gamma_regularizer': None, 'beta_constraint': None, 'gamma_constraint': None, 'synchronized': False}, 'registered_name': None, 'build_config': {'input_shape': [None, 8, 8, 1920]}, 'name': 'block7b_bn', 'inbound_nodes': [{'args': [{'class_name': '__keras_tensor__', 'config': {'shape': [None, 8, 8, 1920], 'dtype': 'float32', 'keras_history': ['block7b_dwconv', 0, 0]}}], 'kwargs': {'mask': None}}]}, {'module': 'keras.layers', 'class_name': 'Activation', 'config': {'name': 'block7b_activation', 'trainable': True, 'dtype': {'module': 'keras', 'class_name': 'DTypePolicy', 'config': {'name': 'float32'}, 'registered_name': None}, 'activation': 'silu'}, 'registered_name': None, 'name': 'block7b_activation', 'inbound_nodes': [{'args': [{'class_name': '__keras_tensor__', 'config': {'shape': [None, 8, 8, 1920], 'dtype': 'float32', 'keras_history': ['block7b_bn', 0, 0]}}], 'kwargs': {}}]}, {'module': 'keras.layers', 'class_name': 'GlobalAveragePooling2D', 'config': {'name': 'block7b_se_squeeze', 'trainable': True, 'dtype': {'module': 'keras', 'class_name': 'DTypePolicy', 'config': {'name': 'float32'}, 'registered_name': None}, 'data_format': 'channels_last', 'keepdims': False}, 'registered_name': None, 'name': 'block7b_se_squeeze', 'inbound_nodes': [{'args': [{'class_name': '__keras_tensor__', 'config': {'shape': [None, 8, 8, 1920], 'dtype': 'float32', 'keras_history': ['block7b_activation', 0, 0]}}], 'kwargs': {}}]}, {'module': 'keras.layers', 'class_name': 'Reshape', 'config': {'name': 'block7b_se_reshape', 'trainable': True, 'dtype': {'module': 'keras', 'class_name': 'DTypePolicy', 'config': {'name': 'float32'}, 'registered_name': None}, 'target_shape': [1, 1, 1920]}, 'registered_name': None, 'name': 'block7b_se_reshape', 'inbound_nodes': [{'args': [{'class_name': '__keras_tensor__', 'config': {'shape': [None, 1920], 'dtype': 'float32', 'keras_history': ['block7b_se_squeeze', 0, 0]}}], 'kwargs': {}}]}, {'module': 'keras.layers', 'class_name': 'Conv2D', 'config': {'name': 'block7b_se_reduce', 'trainable': True, 'dtype': {'module': 'keras', 'class_name': 'DTypePolicy', 'config': {'name': 'float32'}, 'registered_name': None}, 'filters': 80, 'kernel_size': [1, 1], 'strides': [1, 1], 'padding': 'same', 'data_format': 'channels_last', 'dilation_rate': [1, 1], 'groups': 1, 'activation': 'silu', 'use_bias': True, 'kernel_initializer': {'module': 'keras.initializers', 'class_name': 'VarianceScaling', 'config': {'seed': None, 'scale': 2.0, 'mode': 'fan_out', 'distribution': 'truncated_normal'}, 'registered_name': None}, 'bias_initializer': {'module': 'keras.initializers', 'class_name': 'Zeros', 'config': {}, 'registered_name': None}, 'kernel_regularizer': None, 'bias_regularizer': None, 'activity_regularizer': None, 'kernel_constraint': None, 'bias_constraint': None}, 'registered_name': None, 'build_config': {'input_shape': [None, 1, 1, 1920]}, 'name': 'block7b_se_reduce', 'inbound_nodes': [{'args': [{'class_name': '__keras_tensor__', 'config': {'shape': [None, 1, 1, 1920], 'dtype': 'float32', 'keras_history': ['block7b_se_reshape', 0, 0]}}], 'kwargs': {}}]}, {'module': 'keras.layers', 'class_name': 'Conv2D', 'config': {'name': 'block7b_se_expand', 'trainable': True, 'dtype': {'module': 'keras', 'class_name': 'DTypePolicy', 'config': {'name': 'float32'}, 'registered_name': None}, 'filters': 1920, 'kernel_size': [1, 1], 'strides': [1, 1], 'padding': 'same', 'data_format': 'channels_last', 'dilation_rate': [1, 1], 'groups': 1, 'activation': 'sigmoid', 'use_bias': True, 'kernel_initializer': {'module': 'keras.initializers', 'class_name': 'VarianceScaling', 'config': {'seed': None, 'scale': 2.0, 'mode': 'fan_out', 'distribution': 'truncated_normal'}, 'registered_name': None}, 'bias_initializer': {'module': 'keras.initializers', 'class_name': 'Zeros', 'config': {}, 'registered_name': None}, 'kernel_regularizer': None, 'bias_regularizer': None, 'activity_regularizer': None, 'kernel_constraint': None, 'bias_constraint': None}, 'registered_name': None, 'build_config': {'input_shape': [None, 1, 1, 80]}, 'name': 'block7b_se_expand', 'inbound_nodes': [{'args': [{'class_name': '__keras_tensor__', 'config': {'shape': [None, 1, 1, 80], 'dtype': 'float32', 'keras_history': ['block7b_se_reduce', 0, 0]}}], 'kwargs': {}}]}, {'module': 'keras.layers', 'class_name': 'Multiply', 'config': {'name': 'block7b_se_excite', 'trainable': True, 'dtype': {'module': 'keras', 'class_name': 'DTypePolicy', 'config': {'name': 'float32'}, 'registered_name': None}}, 'registered_name': None, 'build_config': {'input_shape': [[None, 8, 8, 1920], [None, 1, 1, 1920]]}, 'name': 'block7b_se_excite', 'inbound_nodes': [{'args': [[{'class_name': '__keras_tensor__', 'config': {'shape': [None, 8, 8, 1920], 'dtype': 'float32', 'keras_history': ['block7b_activation', 0, 0]}}, {'class_name': '__keras_tensor__', 'config': {'shape': [None, 1, 1, 1920], 'dtype': 'float32', 'keras_history': ['block7b_se_expand', 0, 0]}}]], 'kwargs': {}}]}, {'module': 'keras.layers', 'class_name': 'Conv2D', 'config': {'name': 'block7b_project_conv', 'trainable': True, 'dtype': {'module': 'keras', 'class_name': 'DTypePolicy', 'config': {'name': 'float32'}, 'registered_name': None}, 'filters': 320, 'kernel_size': [1, 1], 'strides': [1, 1], 'padding': 'same', 'data_format': 'channels_last', 'dilation_rate': [1, 1], 'groups': 1, 'activation': 'linear', 'use_bias': False, 'kernel_initializer': {'module': 'keras.initializers', 'class_name': 'VarianceScaling', 'config': {'seed': None, 'scale': 2.0, 'mode': 'fan_out', 'distribution': 'truncated_normal'}, 'registered_name': None}, 'bias_initializer': {'module': 'keras.initializers', 'class_name': 'Zeros', 'config': {}, 'registered_name': None}, 'kernel_regularizer': None, 'bias_regularizer': None, 'activity_regularizer': None, 'kernel_constraint': None, 'bias_constraint': None}, 'registered_name': None, 'build_config': {'input_shape': [None, 8, 8, 1920]}, 'name': 'block7b_project_conv', 'inbound_nodes': [{'args': [{'class_name': '__keras_tensor__', 'config': {'shape': [None, 8, 8, 1920], 'dtype': 'float32', 'keras_history': ['block7b_se_excite', 0, 0]}}], 'kwargs': {}}]}, {'module': 'keras.layers', 'class_name': 'BatchNormalization', 'config': {'name': 'block7b_project_bn', 'trainable': True, 'dtype': {'module': 'keras', 'class_name': 'DTypePolicy', 'config': {'name': 'float32'}, 'registered_name': None}, 'axis': 3, 'momentum': 0.99, 'epsilon': 0.001, 'center': True, 'scale': True, 'beta_initializer': {'module': 'keras.initializers', 'class_name': 'Zeros', 'config': {}, 'registered_name': None}, 'gamma_initializer': {'module': 'keras.initializers', 'class_name': 'Ones', 'config': {}, 'registered_name': None}, 'moving_mean_initializer': {'module': 'keras.initializers', 'class_name': 'Zeros', 'config': {}, 'registered_name': None}, 'moving_variance_initializer': {'module': 'keras.initializers', 'class_name': 'Ones', 'config': {}, 'registered_name': None}, 'beta_regularizer': None, 'gamma_regularizer': None, 'beta_constraint': None, 'gamma_constraint': None, 'synchronized': False}, 'registered_name': None, 'build_config': {'input_shape': [None, 8, 8, 320]}, 'name': 'block7b_project_bn', 'inbound_nodes': [{'args': [{'class_name': '__keras_tensor__', 'config': {'shape': [None, 8, 8, 320], 'dtype': 'float32', 'keras_history': ['block7b_project_conv', 0, 0]}}], 'kwargs': {'mask': None}}]}, {'module': 'keras.layers', 'class_name': 'Dropout', 'config': {'name': 'block7b_drop', 'trainable': True, 'dtype': {'module': 'keras', 'class_name': 'DTypePolicy', 'config': {'name': 'float32'}, 'registered_name': None}, 'rate': 0.19130434782608696, 'seed': None, 'noise_shape': [None, 1, 1, 1]}, 'registered_name': None, 'name': 'block7b_drop', 'inbound_nodes': [{'args': [{'class_name': '__keras_tensor__', 'config': {'shape': [None, 8, 8, 320], 'dtype': 'float32', 'keras_history': ['block7b_project_bn', 0, 0]}}], 'kwargs': {'training': False}}]}, {'module': 'keras.layers', 'class_name': 'Add', 'config': {'name': 'block7b_add', 'trainable': True, 'dtype': {'module': 'keras', 'class_name': 'DTypePolicy', 'config': {'name': 'float32'}, 'registered_name': None}}, 'registered_name': None, 'build_config': {'input_shape': [[None, 8, 8, 320], [None, 8, 8, 320]]}, 'name': 'block7b_add', 'inbound_nodes': [{'args': [[{'class_name': '__keras_tensor__', 'config': {'shape': [None, 8, 8, 320], 'dtype': 'float32', 'keras_history': ['block7b_drop', 0, 0]}}, {'class_name': '__keras_tensor__', 'config': {'shape': [None, 8, 8, 320], 'dtype': 'float32', 'keras_history': ['block7a_project_bn', 0, 0]}}]], 'kwargs': {}}]}, {'module': 'keras.layers', 'class_name': 'Conv2D', 'config': {'name': 'top_conv', 'trainable': True, 'dtype': {'module': 'keras', 'class_name': 'DTypePolicy', 'config': {'name': 'float32'}, 'registered_name': None}, 'filters': 1280, 'kernel_size': [1, 1], 'strides': [1, 1], 'padding': 'same', 'data_format': 'channels_last', 'dilation_rate': [1, 1], 'groups': 1, 'activation': 'linear', 'use_bias': False, 'kernel_initializer': {'module': 'keras.initializers', 'class_name': 'VarianceScaling', 'config': {'seed': None, 'scale': 2.0, 'mode': 'fan_out', 'distribution': 'truncated_normal'}, 'registered_name': None}, 'bias_initializer': {'module': 'keras.initializers', 'class_name': 'Zeros', 'config': {}, 'registered_name': None}, 'kernel_regularizer': None, 'bias_regularizer': None, 'activity_regularizer': None, 'kernel_constraint': None, 'bias_constraint': None}, 'registered_name': None, 'build_config': {'input_shape': [None, 8, 8, 320]}, 'name': 'top_conv', 'inbound_nodes': [{'args': [{'class_name': '__keras_tensor__', 'config': {'shape': [None, 8, 8, 320], 'dtype': 'float32', 'keras_history': ['block7b_add', 0, 0]}}], 'kwargs': {}}]}, {'module': 'keras.layers', 'class_name': 'BatchNormalization', 'config': {'name': 'top_bn', 'trainable': True, 'dtype': {'module': 'keras', 'class_name': 'DTypePolicy', 'config': {'name': 'float32'}, 'registered_name': None}, 'axis': 3, 'momentum': 0.99, 'epsilon': 0.001, 'center': True, 'scale': True, 'beta_initializer': {'module': 'keras.initializers', 'class_name': 'Zeros', 'config': {}, 'registered_name': None}, 'gamma_initializer': {'module': 'keras.initializers', 'class_name': 'Ones', 'config': {}, 'registered_name': None}, 'moving_mean_initializer': {'module': 'keras.initializers', 'class_name': 'Zeros', 'config': {}, 'registered_name': None}, 'moving_variance_initializer': {'module': 'keras.initializers', 'class_name': 'Ones', 'config': {}, 'registered_name': None}, 'beta_regularizer': None, 'gamma_regularizer': None, 'beta_constraint': None, 'gamma_constraint': None, 'synchronized': False}, 'registered_name': None, 'build_config': {'input_shape': [None, 8, 8, 1280]}, 'name': 'top_bn', 'inbound_nodes': [{'args': [{'class_name': '__keras_tensor__', 'config': {'shape': [None, 8, 8, 1280], 'dtype': 'float32', 'keras_history': ['top_conv', 0, 0]}}], 'kwargs': {'mask': None}}]}, {'module': 'keras.layers', 'class_name': 'Activation', 'config': {'name': 'top_activation', 'trainable': True, 'dtype': {'module': 'keras', 'class_name': 'DTypePolicy', 'config': {'name': 'float32'}, 'registered_name': None}, 'activation': 'silu'}, 'registered_name': None, 'name': 'top_activation', 'inbound_nodes': [{'args': [{'class_name': '__keras_tensor__', 'config': {'shape': [None, 8, 8, 1280], 'dtype': 'float32', 'keras_history': ['top_bn', 0, 0]}}], 'kwargs': {}}]}], 'input_layers': ['input_layer_2', 0, 0], 'output_layers': ['top_activation', 0, 0]}, 'registered_name': 'Functional', 'build_config': {'input_shape': None}, 'compile_config': {}, 'name': 'efficientnetb1', 'inbound_nodes': [{'args': [{'class_name': '__keras_tensor__', 'config': {'shape': [None, 240, 240, 3], 'dtype': 'float32', 'keras_history': ['input_layer_3', 0, 0]}}], 'kwargs': {'training': False, 'mask': None}}]}.

Exception encountered: functional_from_config.<locals>.get_tensor() takes 3 positional arguments but 13 were given

During handling of the above exception, another exception occurred:

Traceback (most recent call last):
  File "/home/ashik/code/CardioRetina/backend/main.py", line 52, in <module>
    model_b1 = tf.keras.models.load_model("CardioRetina_v2.keras", compile=False)
  File "/home/ashik/miniconda3/envs/cardioretina/lib/python3.10/site-packages/keras/src/saving/saving_api.py", line 176, in load_model
    return saving_lib.load_model(
  File "/home/ashik/miniconda3/envs/cardioretina/lib/python3.10/site-packages/keras/src/saving/saving_lib.py", line 152, in load_model
    return _load_model_from_fileobj(
  File "/home/ashik/miniconda3/envs/cardioretina/lib/python3.10/site-packages/keras/src/saving/saving_lib.py", line 170, in _load_model_from_fileobj
    model = deserialize_keras_object(
  File "/home/ashik/miniconda3/envs/cardioretina/lib/python3.10/site-packages/keras/src/saving/serialization_lib.py", line 720, in deserialize_keras_object
    raise TypeError(
TypeError: <class 'keras.src.models.functional.Functional'> could not be deserialized properly. Please ensure that components that are Python object instances (layers, models, etc.) returned by `get_config()` are explicitly deserialized in the model's `from_config()` method.

config={'module': 'keras.src.models.functional', 'class_name': 'Functional', 'config': {'name': 'CardioRetina_v2', 'trainable': True, 'layers': [{'module': 'keras.layers', 'class_name': 'InputLayer', 'config': {'batch_shape': [None, 240, 240, 3], 'dtype': 'float32', 'sparse': False, 'ragged': False, 'name': 'input_layer_3', 'optional': False}, 'registered_name': None, 'name': 'input_layer_3', 'inbound_nodes': []}, {'module': 'keras.src.models.functional', 'class_name': 'Functional', 'config': {'name': 'efficientnetb1', 'trainable': True, 'layers': [{'module': 'keras.layers', 'class_name': 'InputLayer', 'config': {'batch_shape': [None, 240, 240, 3], 'dtype': 'float32', 'sparse': False, 'ragged': False, 'name': 'input_layer_2', 'optional': False}, 'registered_name': None, 'name': 'input_layer_2', 'inbound_nodes': []}, {'module': 'keras.layers', 'class_name': 'Rescaling', 'config': {'name': 'rescaling_2', 'trainable': False, 'dtype': {'module': 'keras', 'class_name': 'DTypePolicy', 'config': {'name': 'float32'}, 'registered_name': None}, 'scale': 0.00392156862745098, 'offset': 0.0}, 'registered_name': None, 'build_config': {'input_shape': [None, 240, 240, 3]}, 'name': 'rescaling_2', 'inbound_nodes': [{'args': [{'class_name': '__keras_tensor__', 'config': {'shape': [None, 240, 240, 3], 'dtype': 'float32', 'keras_history': ['input_layer_2', 0, 0]}}], 'kwargs': {}}]}, {'module': 'keras.layers', 'class_name': 'Normalization', 'config': {'name': 'normalization_1', 'trainable': False, 'dtype': {'module': 'keras', 'class_name': 'DTypePolicy', 'config': {'name': 'float32'}, 'registered_name': None}, 'axis': [3], 'invert': False, 'mean': None, 'variance': None}, 'registered_name': None, 'build_config': {'input_shape': [None, 240, 240, 3]}, 'name': 'normalization_1', 'inbound_nodes': [{'args': [{'class_name': '__keras_tensor__', 'config': {'shape': [None, 240, 240, 3], 'dtype': 'float32', 'keras_history': ['rescaling_2', 0, 0]}}], 'kwargs': {}}]}, {'module': 'keras.layers', 'class_name': 'Rescaling', 'config': {'name': 'rescaling_3', 'trainable': False, 'dtype': {'module': 'keras', 'class_name': 'DTypePolicy', 'config': {'name': 'float32'}, 'registered_name': None}, 'scale': [2.0896918976428642, 2.1128856368212916, 2.1081851067789197], 'offset': 0.0}, 'registered_name': None, 'build_config': {'input_shape': [None, 240, 240, 3]}, 'name': 'rescaling_3', 'inbound_nodes': [{'args': [{'class_name': '__keras_tensor__', 'config': {'shape': [None, 240, 240, 3], 'dtype': 'float32', 'keras_history': ['normalization_1', 0, 0]}}], 'kwargs': {}}]}, {'module': 'keras.layers', 'class_name': 'ZeroPadding2D', 'config': {'name': 'stem_conv_pad', 'trainable': False, 'dtype': {'module': 'keras', 'class_name': 'DTypePolicy', 'config': {'name': 'float32'}, 'registered_name': None}, 'padding': [[0, 1], [0, 1]], 'data_format': 'channels_last'}, 'registered_name': None, 'build_config': {'input_shape': [None, 240, 240, 3]}, 'name': 'stem_conv_pad', 'inbound_nodes': [{'args': [{'class_name': '__keras_tensor__', 'config': {'shape': [None, 240, 240, 3], 'dtype': 'float32', 'keras_history': ['rescaling_3', 0, 0]}}], 'kwargs': {}}]}, {'module': 'keras.layers', 'class_name': 'Conv2D', 'config': {'name': 'stem_conv', 'trainable': False, 'dtype': {'module': 'keras', 'class_name': 'DTypePolicy', 'config': {'name': 'float32'}, 'registered_name': None}, 'filters': 32, 'kernel_size': [3, 3], 'strides': [2, 2], 'padding': 'valid', 'data_format': 'channels_last', 'dilation_rate': [1, 1], 'groups': 1, 'activation': 'linear', 'use_bias': False, 'kernel_initializer': {'module': 'keras.initializers', 'class_name': 'VarianceScaling', 'config': {'seed': None, 'scale': 2.0, 'mode': 'fan_out', 'distribution': 'truncated_normal'}, 'registered_name': None}, 'bias_initializer': {'module': 'keras.initializers', 'class_name': 'Zeros', 'config': {}, 'registered_name': None}, 'kernel_regularizer': None, 'bias_regularizer': None, 'activity_regularizer': None, 'kernel_constraint': None, 'bias_constraint': None}, 'registered_name': None, 'build_config': {'input_shape': [None, 241, 241, 3]}, 'name': 'stem_conv', 'inbound_nodes': [{'args': [{'class_name': '__keras_tensor__', 'config': {'shape': [None, 241, 241, 3], 'dtype': 'float32', 'keras_history': ['stem_conv_pad', 0, 0]}}], 'kwargs': {}}]}, {'module': 'keras.layers', 'class_name': 'BatchNormalization', 'config': {'name': 'stem_bn', 'trainable': False, 'dtype': {'module': 'keras', 'class_name': 'DTypePolicy', 'config': {'name': 'float32'}, 'registered_name': None}, 'axis': 3, 'momentum': 0.99, 'epsilon': 0.001, 'center': True, 'scale': True, 'beta_initializer': {'module': 'keras.initializers', 'class_name': 'Zeros', 'config': {}, 'registered_name': None}, 'gamma_initializer': {'module': 'keras.initializers', 'class_name': 'Ones', 'config': {}, 'registered_name': None}, 'moving_mean_initializer': {'module': 'keras.initializers', 'class_name': 'Zeros', 'config': {}, 'registered_name': None}, 'moving_variance_initializer': {'module': 'keras.initializers', 'class_name': 'Ones', 'config': {}, 'registered_name': None}, 'beta_regularizer': None, 'gamma_regularizer': None, 'beta_constraint': None, 'gamma_constraint': None, 'synchronized': False}, 'registered_name': None, 'build_config': {'input_shape': [None, 120, 120, 32]}, 'name': 'stem_bn', 'inbound_nodes': [{'args': [{'class_name': '__keras_tensor__', 'config': {'shape': [None, 120, 120, 32], 'dtype': 'float32', 'keras_history': ['stem_conv', 0, 0]}}], 'kwargs': {'mask': None}}]}, {'module': 'keras.layers', 'class_name': 'Activation', 'config': {'name': 'stem_activation', 'trainable': False, 'dtype': {'module': 'keras', 'class_name': 'DTypePolicy', 'config': {'name': 'float32'}, 'registered_name': None}, 'activation': 'silu'}, 'registered_name': None, 'name': 'stem_activation', 'inbound_nodes': [{'args': [{'class_name': '__keras_tensor__', 'config': {'shape': [None, 120, 120, 32], 'dtype': 'float32', 'keras_history': ['stem_bn', 0, 0]}}], 'kwargs': {}}]}, {'module': 'keras.layers', 'class_name': 'DepthwiseConv2D', 'config': {'name': 'block1a_dwconv', 'trainable': False, 'dtype': {'module': 'keras', 'class_name': 'DTypePolicy', 'config': {'name': 'float32'}, 'registered_name': None}, 'depth_multiplier': 1, 'kernel_size': [3, 3], 'strides': [1, 1], 'padding': 'same', 'data_format': 'channels_last', 'dilation_rate': [1, 1], 'activation': 'linear', 'use_bias': False, 'depthwise_initializer': {'module': 'keras.initializers', 'class_name': 'VarianceScaling', 'config': {'seed': None, 'scale': 2.0, 'mode': 'fan_out', 'distribution': 'truncated_normal'}, 'registered_name': None}, 'bias_initializer': {'module': 'keras.initializers', 'class_name': 'Zeros', 'config': {}, 'registered_name': None}, 'depthwise_regularizer': None, 'bias_regularizer': None, 'activity_regularizer': None, 'depthwise_constraint': None, 'bias_constraint': None}, 'registered_name': None, 'build_config': {'input_shape': [None, 120, 120, 32]}, 'name': 'block1a_dwconv', 'inbound_nodes': [{'args': [{'class_name': '__keras_tensor__', 'config': {'shape': [None, 120, 120, 32], 'dtype': 'float32', 'keras_history': ['stem_activation', 0, 0]}}], 'kwargs': {}}]}, {'module': 'keras.layers', 'class_name': 'BatchNormalization', 'config': {'name': 'block1a_bn', 'trainable': False, 'dtype': {'module': 'keras', 'class_name': 'DTypePolicy', 'config': {'name': 'float32'}, 'registered_name': None}, 'axis': 3, 'momentum': 0.99, 'epsilon': 0.001, 'center': True, 'scale': True, 'beta_initializer': {'module': 'keras.initializers', 'class_name': 'Zeros', 'config': {}, 'registered_name': None}, 'gamma_initializer': {'module': 'keras.initializers', 'class_name': 'Ones', 'config': {}, 'registered_name': None}, 'moving_mean_initializer': {'module': 'keras.initializers', 'class_name': 'Zeros', 'config': {}, 'registered_name': None}, 'moving_variance_initializer': {'module': 'keras.initializers', 'class_name': 'Ones', 'config': {}, 'registered_name': None}, 'beta_regularizer': None, 'gamma_regularizer': None, 'beta_constraint': None, 'gamma_constraint': None, 'synchronized': False}, 'registered_name': None, 'build_config': {'input_shape': [None, 120, 120, 32]}, 'name': 'block1a_bn', 'inbound_nodes': [{'args': [{'class_name': '__keras_tensor__', 'config': {'shape': [None, 120, 120, 32], 'dtype': 'float32', 'keras_history': ['block1a_dwconv', 0, 0]}}], 'kwargs': {'mask': None}}]}, {'module': 'keras.layers', 'class_name': 'Activation', 'config': {'name': 'block1a_activation', 'trainable': False, 'dtype': {'module': 'keras', 'class_name': 'DTypePolicy', 'config': {'name': 'float32'}, 'registered_name': None}, 'activation': 'silu'}, 'registered_name': None, 'name': 'block1a_activation', 'inbound_nodes': [{'args': [{'class_name': '__keras_tensor__', 'config': {'shape': [None, 120, 120, 32], 'dtype': 'float32', 'keras_history': ['block1a_bn', 0, 0]}}], 'kwargs': {}}]}, {'module': 'keras.layers', 'class_name': 'GlobalAveragePooling2D', 'config': {'name': 'block1a_se_squeeze', 'trainable': False, 'dtype': {'module': 'keras', 'class_name': 'DTypePolicy', 'config': {'name': 'float32'}, 'registered_name': None}, 'data_format': 'channels_last', 'keepdims': False}, 'registered_name': None, 'name': 'block1a_se_squeeze', 'inbound_nodes': [{'args': [{'class_name': '__keras_tensor__', 'config': {'shape': [None, 120, 120, 32], 'dtype': 'float32', 'keras_history': ['block1a_activation', 0, 0]}}], 'kwargs': {}}]}, {'module': 'keras.layers', 'class_name': 'Reshape', 'config': {'name': 'block1a_se_reshape', 'trainable': False, 'dtype': {'module': 'keras', 'class_name': 'DTypePolicy', 'config': {'name': 'float32'}, 'registered_name': None}, 'target_shape': [1, 1, 32]}, 'registered_name': None, 'name': 'block1a_se_reshape', 'inbound_nodes': [{'args': [{'class_name': '__keras_tensor__', 'config': {'shape': [None, 32], 'dtype': 'float32', 'keras_history': ['block1a_se_squeeze', 0, 0]}}], 'kwargs': {}}]}, {'module': 'keras.layers', 'class_name': 'Conv2D', 'config': {'name': 'block1a_se_reduce', 'trainable': False, 'dtype': {'module': 'keras', 'class_name': 'DTypePolicy', 'config': {'name': 'float32'}, 'registered_name': None}, 'filters': 8, 'kernel_size': [1, 1], 'strides': [1, 1], 'padding': 'same', 'data_format': 'channels_last', 'dilation_rate': [1, 1], 'groups': 1, 'activation': 'silu', 'use_bias': True, 'kernel_initializer': {'module': 'keras.initializers', 'class_name': 'VarianceScaling', 'config': {'seed': None, 'scale': 2.0, 'mode': 'fan_out', 'distribution': 'truncated_normal'}, 'registered_name': None}, 'bias_initializer': {'module': 'keras.initializers', 'class_name': 'Zeros', 'config': {}, 'registered_name': None}, 'kernel_regularizer': None, 'bias_regularizer': None, 'activity_regularizer': None, 'kernel_constraint': None, 'bias_constraint': None}, 'registered_name': None, 'build_config': {'input_shape': [None, 1, 1, 32]}, 'name': 'block1a_se_reduce', 'inbound_nodes': [{'args': [{'class_name': '__keras_tensor__', 'config': {'shape': [None, 1, 1, 32], 'dtype': 'float32', 'keras_history': ['block1a_se_reshape', 0, 0]}}], 'kwargs': {}}]}, {'module': 'keras.layers', 'class_name': 'Conv2D', 'config': {'name': 'block1a_se_expand', 'trainable': False, 'dtype': {'module': 'keras', 'class_name': 'DTypePolicy', 'config': {'name': 'float32'}, 'registered_name': None}, 'filters': 32, 'kernel_size': [1, 1], 'strides': [1, 1], 'padding': 'same', 'data_format': 'channels_last', 'dilation_rate': [1, 1], 'groups': 1, 'activation': 'sigmoid', 'use_bias': True, 'kernel_initializer': {'module': 'keras.initializers', 'class_name': 'VarianceScaling', 'config': {'seed': None, 'scale': 2.0, 'mode': 'fan_out', 'distribution': 'truncated_normal'}, 'registered_name': None}, 'bias_initializer': {'module': 'keras.initializers', 'class_name': 'Zeros', 'config': {}, 'registered_name': None}, 'kernel_regularizer': None, 'bias_regularizer': None, 'activity_regularizer': None, 'kernel_constraint': None, 'bias_constraint': None}, 'registered_name': None, 'build_config': {'input_shape': [None, 1, 1, 8]}, 'name': 'block1a_se_expand', 'inbound_nodes': [{'args': [{'class_name': '__keras_tensor__', 'config': {'shape': [None, 1, 1, 8], 'dtype': 'float32', 'keras_history': ['block1a_se_reduce', 0, 0]}}], 'kwargs': {}}]}, {'module': 'keras.layers', 'class_name': 'Multiply', 'config': {'name': 'block1a_se_excite', 'trainable': False, 'dtype': {'module': 'keras', 'class_name': 'DTypePolicy', 'config': {'name': 'float32'}, 'registered_name': None}}, 'registered_name': None, 'build_config': {'input_shape': [[None, 120, 120, 32], [None, 1, 1, 32]]}, 'name': 'block1a_se_excite', 'inbound_nodes': [{'args': [[{'class_name': '__keras_tensor__', 'config': {'shape': [None, 120, 120, 32], 'dtype': 'float32', 'keras_history': ['block1a_activation', 0, 0]}}, {'class_name': '__keras_tensor__', 'config': {'shape': [None, 1, 1, 32], 'dtype': 'float32', 'keras_history': ['block1a_se_expand', 0, 0]}}]], 'kwargs': {}}]}, {'module': 'keras.layers', 'class_name': 'Conv2D', 'config': {'name': 'block1a_project_conv', 'trainable': False, 'dtype': {'module': 'keras', 'class_name': 'DTypePolicy', 'config': {'name': 'float32'}, 'registered_name': None}, 'filters': 16, 'kernel_size': [1, 1], 'strides': [1, 1], 'padding': 'same', 'data_format': 'channels_last', 'dilation_rate': [1, 1], 'groups': 1, 'activation': 'linear', 'use_bias': False, 'kernel_initializer': {'module': 'keras.initializers', 'class_name': 'VarianceScaling', 'config': {'seed': None, 'scale': 2.0, 'mode': 'fan_out', 'distribution': 'truncated_normal'}, 'registered_name': None}, 'bias_initializer': {'module': 'keras.initializers', 'class_name': 'Zeros', 'config': {}, 'registered_name': None}, 'kernel_regularizer': None, 'bias_regularizer': None, 'activity_regularizer': None, 'kernel_constraint': None, 'bias_constraint': None}, 'registered_name': None, 'build_config': {'input_shape': [None, 120, 120, 32]}, 'name': 'block1a_project_conv', 'inbound_nodes': [{'args': [{'class_name': '__keras_tensor__', 'config': {'shape': [None, 120, 120, 32], 'dtype': 'float32', 'keras_history': ['block1a_se_excite', 0, 0]}}], 'kwargs': {}}]}, {'module': 'keras.layers', 'class_name': 'BatchNormalization', 'config': {'name': 'block1a_project_bn', 'trainable': False, 'dtype': {'module': 'keras', 'class_name': 'DTypePolicy', 'config': {'name': 'float32'}, 'registered_name': None}, 'axis': 3, 'momentum': 0.99, 'epsilon': 0.001, 'center': True, 'scale': True, 'beta_initializer': {'module': 'keras.initializers', 'class_name': 'Zeros', 'config': {}, 'registered_name': None}, 'gamma_initializer': {'module': 'keras.initializers', 'class_name': 'Ones', 'config': {}, 'registered_name': None}, 'moving_mean_initializer': {'module': 'keras.initializers', 'class_name': 'Zeros', 'config': {}, 'registered_name': None}, 'moving_variance_initializer': {'module': 'keras.initializers', 'class_name': 'Ones', 'config': {}, 'registered_name': None}, 'beta_regularizer': None, 'gamma_regularizer': None, 'beta_constraint': None, 'gamma_constraint': None, 'synchronized': False}, 'registered_name': None, 'build_config': {'input_shape': [None, 120, 120, 16]}, 'name': 'block1a_project_bn', 'inbound_nodes': [{'args': [{'class_name': '__keras_tensor__', 'config': {'shape': [None, 120, 120, 16], 'dtype': 'float32', 'keras_history': ['block1a_project_conv', 0, 0]}}], 'kwargs': {'mask': None}}]}, {'module': 'keras.layers', 'class_name': 'DepthwiseConv2D', 'config': {'name': 'block1b_dwconv', 'trainable': False, 'dtype': {'module': 'keras', 'class_name': 'DTypePolicy', 'config': {'name': 'float32'}, 'registered_name': None}, 'depth_multiplier': 1, 'kernel_size': [3, 3], 'strides': [1, 1], 'padding': 'same', 'data_format': 'channels_last', 'dilation_rate': [1, 1], 'activation': 'linear', 'use_bias': False, 'depthwise_initializer': {'module': 'keras.initializers', 'class_name': 'VarianceScaling', 'config': {'seed': None, 'scale': 2.0, 'mode': 'fan_out', 'distribution': 'truncated_normal'}, 'registered_name': None}, 'bias_initializer': {'module': 'keras.initializers', 'class_name': 'Zeros', 'config': {}, 'registered_name': None}, 'depthwise_regularizer': None, 'bias_regularizer': None, 'activity_regularizer': None, 'depthwise_constraint': None, 'bias_constraint': None}, 'registered_name': None, 'build_config': {'input_shape': [None, 120, 120, 16]}, 'name': 'block1b_dwconv', 'inbound_nodes': [{'args': [{'class_name': '__keras_tensor__', 'config': {'shape': [None, 120, 120, 16], 'dtype': 'float32', 'keras_history': ['block1a_project_bn', 0, 0]}}], 'kwargs': {}}]}, {'module': 'keras.layers', 'class_name': 'BatchNormalization', 'config': {'name': 'block1b_bn', 'trainable': False, 'dtype': {'module': 'keras', 'class_name': 'DTypePolicy', 'config': {'name': 'float32'}, 'registered_name': None}, 'axis': 3, 'momentum': 0.99, 'epsilon': 0.001, 'center': True, 'scale': True, 'beta_initializer': {'module': 'keras.initializers', 'class_name': 'Zeros', 'config': {}, 'registered_name': None}, 'gamma_initializer': {'module': 'keras.initializers', 'class_name': 'Ones', 'config': {}, 'registered_name': None}, 'moving_mean_initializer': {'module': 'keras.initializers', 'class_name': 'Zeros', 'config': {}, 'registered_name': None}, 'moving_variance_initializer': {'module': 'keras.initializers', 'class_name': 'Ones', 'config': {}, 'registered_name': None}, 'beta_regularizer': None, 'gamma_regularizer': None, 'beta_constraint': None, 'gamma_constraint': None, 'synchronized': False}, 'registered_name': None, 'build_config': {'input_shape': [None, 120, 120, 16]}, 'name': 'block1b_bn', 'inbound_nodes': [{'args': [{'class_name': '__keras_tensor__', 'config': {'shape': [None, 120, 120, 16], 'dtype': 'float32', 'keras_history': ['block1b_dwconv', 0, 0]}}], 'kwargs': {'mask': None}}]}, {'module': 'keras.layers', 'class_name': 'Activation', 'config': {'name': 'block1b_activation', 'trainable': False, 'dtype': {'module': 'keras', 'class_name': 'DTypePolicy', 'config': {'name': 'float32'}, 'registered_name': None}, 'activation': 'silu'}, 'registered_name': None, 'name': 'block1b_activation', 'inbound_nodes': [{'args': [{'class_name': '__keras_tensor__', 'config': {'shape': [None, 120, 120, 16], 'dtype': 'float32', 'keras_history': ['block1b_bn', 0, 0]}}], 'kwargs': {}}]}, {'module': 'keras.layers', 'class_name': 'GlobalAveragePooling2D', 'config': {'name': 'block1b_se_squeeze', 'trainable': False, 'dtype': {'module': 'keras', 'class_name': 'DTypePolicy', 'config': {'name': 'float32'}, 'registered_name': None}, 'data_format': 'channels_last', 'keepdims': False}, 'registered_name': None, 'name': 'block1b_se_squeeze', 'inbound_nodes': [{'args': [{'class_name': '__keras_tensor__', 'config': {'shape': [None, 120, 120, 16], 'dtype': 'float32', 'keras_history': ['block1b_activation', 0, 0]}}], 'kwargs': {}}]}, {'module': 'keras.layers', 'class_name': 'Reshape', 'config': {'name': 'block1b_se_reshape', 'trainable': False, 'dtype': {'module': 'keras', 'class_name': 'DTypePolicy', 'config': {'name': 'float32'}, 'registered_name': None}, 'target_shape': [1, 1, 16]}, 'registered_name': None, 'name': 'block1b_se_reshape', 'inbound_nodes': [{'args': [{'class_name': '__keras_tensor__', 'config': {'shape': [None, 16], 'dtype': 'float32', 'keras_history': ['block1b_se_squeeze', 0, 0]}}], 'kwargs': {}}]}, {'module': 'keras.layers', 'class_name': 'Conv2D', 'config': {'name': 'block1b_se_reduce', 'trainable': False, 'dtype': {'module': 'keras', 'class_name': 'DTypePolicy', 'config': {'name': 'float32'}, 'registered_name': None}, 'filters': 4, 'kernel_size': [1, 1], 'strides': [1, 1], 'padding': 'same', 'data_format': 'channels_last', 'dilation_rate': [1, 1], 'groups': 1, 'activation': 'silu', 'use_bias': True, 'kernel_initializer': {'module': 'keras.initializers', 'class_name': 'VarianceScaling', 'config': {'seed': None, 'scale': 2.0, 'mode': 'fan_out', 'distribution': 'truncated_normal'}, 'registered_name': None}, 'bias_initializer': {'module': 'keras.initializers', 'class_name': 'Zeros', 'config': {}, 'registered_name': None}, 'kernel_regularizer': None, 'bias_regularizer': None, 'activity_regularizer': None, 'kernel_constraint': None, 'bias_constraint': None}, 'registered_name': None, 'build_config': {'input_shape': [None, 1, 1, 16]}, 'name': 'block1b_se_reduce', 'inbound_nodes': [{'args': [{'class_name': '__keras_tensor__', 'config': {'shape': [None, 1, 1, 16], 'dtype': 'float32', 'keras_history': ['block1b_se_reshape', 0, 0]}}], 'kwargs': {}}]}, {'module': 'keras.layers', 'class_name': 'Conv2D', 'config': {'name': 'block1b_se_expand', 'trainable': False, 'dtype': {'module': 'keras', 'class_name': 'DTypePolicy', 'config': {'name': 'float32'}, 'registered_name': None}, 'filters': 16, 'kernel_size': [1, 1], 'strides': [1, 1], 'padding': 'same', 'data_format': 'channels_last', 'dilation_rate': [1, 1], 'groups': 1, 'activation': 'sigmoid', 'use_bias': True, 'kernel_initializer': {'module': 'keras.initializers', 'class_name': 'VarianceScaling', 'config': {'seed': None, 'scale': 2.0, 'mode': 'fan_out', 'distribution': 'truncated_normal'}, 'registered_name': None}, 'bias_initializer': {'module': 'keras.initializers', 'class_name': 'Zeros', 'config': {}, 'registered_name': None}, 'kernel_regularizer': None, 'bias_regularizer': None, 'activity_regularizer': None, 'kernel_constraint': None, 'bias_constraint': None}, 'registered_name': None, 'build_config': {'input_shape': [None, 1, 1, 4]}, 'name': 'block1b_se_expand', 'inbound_nodes': [{'args': [{'class_name': '__keras_tensor__', 'config': {'shape': [None, 1, 1, 4], 'dtype': 'float32', 'keras_history': ['block1b_se_reduce', 0, 0]}}], 'kwargs': {}}]}, {'module': 'keras.layers', 'class_name': 'Multiply', 'config': {'name': 'block1b_se_excite', 'trainable': False, 'dtype': {'module': 'keras', 'class_name': 'DTypePolicy', 'config': {'name': 'float32'}, 'registered_name': None}}, 'registered_name': None, 'build_config': {'input_shape': [[None, 120, 120, 16], [None, 1, 1, 16]]}, 'name': 'block1b_se_excite', 'inbound_nodes': [{'args': [[{'class_name': '__keras_tensor__', 'config': {'shape': [None, 120, 120, 16], 'dtype': 'float32', 'keras_history': ['block1b_activation', 0, 0]}}, {'class_name': '__keras_tensor__', 'config': {'shape': [None, 1, 1, 16], 'dtype': 'float32', 'keras_history': ['block1b_se_expand', 0, 0]}}]], 'kwargs': {}}]}, {'module': 'keras.layers', 'class_name': 'Conv2D', 'config': {'name': 'block1b_project_conv', 'trainable': False, 'dtype': {'module': 'keras', 'class_name': 'DTypePolicy', 'config': {'name': 'float32'}, 'registered_name': None}, 'filters': 16, 'kernel_size': [1, 1], 'strides': [1, 1], 'padding': 'same', 'data_format': 'channels_last', 'dilation_rate': [1, 1], 'groups': 1, 'activation': 'linear', 'use_bias': False, 'kernel_initializer': {'module': 'keras.initializers', 'class_name': 'VarianceScaling', 'config': {'seed': None, 'scale': 2.0, 'mode': 'fan_out', 'distribution': 'truncated_normal'}, 'registered_name': None}, 'bias_initializer': {'module': 'keras.initializers', 'class_name': 'Zeros', 'config': {}, 'registered_name': None}, 'kernel_regularizer': None, 'bias_regularizer': None, 'activity_regularizer': None, 'kernel_constraint': None, 'bias_constraint': None}, 'registered_name': None, 'build_config': {'input_shape': [None, 120, 120, 16]}, 'name': 'block1b_project_conv', 'inbound_nodes': [{'args': [{'class_name': '__keras_tensor__', 'config': {'shape': [None, 120, 120, 16], 'dtype': 'float32', 'keras_history': ['block1b_se_excite', 0, 0]}}], 'kwargs': {}}]}, {'module': 'keras.layers', 'class_name': 'BatchNormalization', 'config': {'name': 'block1b_project_bn', 'trainable': False, 'dtype': {'module': 'keras', 'class_name': 'DTypePolicy', 'config': {'name': 'float32'}, 'registered_name': None}, 'axis': 3, 'momentum': 0.99, 'epsilon': 0.001, 'center': True, 'scale': True, 'beta_initializer': {'module': 'keras.initializers', 'class_name': 'Zeros', 'config': {}, 'registered_name': None}, 'gamma_initializer': {'module': 'keras.initializers', 'class_name': 'Ones', 'config': {}, 'registered_name': None}, 'moving_mean_initializer': {'module': 'keras.initializers', 'class_name': 'Zeros', 'config': {}, 'registered_name': None}, 'moving_variance_initializer': {'module': 'keras.initializers', 'class_name': 'Ones', 'config': {}, 'registered_name': None}, 'beta_regularizer': None, 'gamma_regularizer': None, 'beta_constraint': None, 'gamma_constraint': None, 'synchronized': False}, 'registered_name': None, 'build_config': {'input_shape': [None, 120, 120, 16]}, 'name': 'block1b_project_bn', 'inbound_nodes': [{'args': [{'class_name': '__keras_tensor__', 'config': {'shape': [None, 120, 120, 16], 'dtype': 'float32', 'keras_history': ['block1b_project_conv', 0, 0]}}], 'kwargs': {'mask': None}}]}, {'module': 'keras.layers', 'class_name': 'Dropout', 'config': {'name': 'block1b_drop', 'trainable': False, 'dtype': {'module': 'keras', 'class_name': 'DTypePolicy', 'config': {'name': 'float32'}, 'registered_name': None}, 'rate': 0.008695652173913044, 'seed': None, 'noise_shape': [None, 1, 1, 1]}, 'registered_name': None, 'name': 'block1b_drop', 'inbound_nodes': [{'args': [{'class_name': '__keras_tensor__', 'config': {'shape': [None, 120, 120, 16], 'dtype': 'float32', 'keras_history': ['block1b_project_bn', 0, 0]}}], 'kwargs': {'training': False}}]}, {'module': 'keras.layers', 'class_name': 'Add', 'config': {'name': 'block1b_add', 'trainable': False, 'dtype': {'module': 'keras', 'class_name': 'DTypePolicy', 'config': {'name': 'float32'}, 'registered_name': None}}, 'registered_name': None, 'build_config': {'input_shape': [[None, 120, 120, 16], [None, 120, 120, 16]]}, 'name': 'block1b_add', 'inbound_nodes': [{'args': [[{'class_name': '__keras_tensor__', 'config': {'shape': [None, 120, 120, 16], 'dtype': 'float32', 'keras_history': ['block1b_drop', 0, 0]}}, {'class_name': '__keras_tensor__', 'config': {'shape': [None, 120, 120, 16], 'dtype': 'float32', 'keras_history': ['block1a_project_bn', 0, 0]}}]], 'kwargs': {}}]}, {'module': 'keras.layers', 'class_name': 'Conv2D', 'config': {'name': 'block2a_expand_conv', 'trainable': False, 'dtype': {'module': 'keras', 'class_name': 'DTypePolicy', 'config': {'name': 'float32'}, 'registered_name': None}, 'filters': 96, 'kernel_size': [1, 1], 'strides': [1, 1], 'padding': 'same', 'data_format': 'channels_last', 'dilation_rate': [1, 1], 'groups': 1, 'activation': 'linear', 'use_bias': False, 'kernel_initializer': {'module': 'keras.initializers', 'class_name': 'VarianceScaling', 'config': {'seed': None, 'scale': 2.0, 'mode': 'fan_out', 'distribution': 'truncated_normal'}, 'registered_name': None}, 'bias_initializer': {'module': 'keras.initializers', 'class_name': 'Zeros', 'config': {}, 'registered_name': None}, 'kernel_regularizer': None, 'bias_regularizer': None, 'activity_regularizer': None, 'kernel_constraint': None, 'bias_constraint': None}, 'registered_name': None, 'build_config': {'input_shape': [None, 120, 120, 16]}, 'name': 'block2a_expand_conv', 'inbound_nodes': [{'args': [{'class_name': '__keras_tensor__', 'config': {'shape': [None, 120, 120, 16], 'dtype': 'float32', 'keras_history': ['block1b_add', 0, 0]}}], 'kwargs': {}}]}, {'module': 'keras.layers', 'class_name': 'BatchNormalization', 'config': {'name': 'block2a_expand_bn', 'trainable': False, 'dtype': {'module': 'keras', 'class_name': 'DTypePolicy', 'config': {'name': 'float32'}, 'registered_name': None}, 'axis': 3, 'momentum': 0.99, 'epsilon': 0.001, 'center': True, 'scale': True, 'beta_initializer': {'module': 'keras.initializers', 'class_name': 'Zeros', 'config': {}, 'registered_name': None}, 'gamma_initializer': {'module': 'keras.initializers', 'class_name': 'Ones', 'config': {}, 'registered_name': None}, 'moving_mean_initializer': {'module': 'keras.initializers', 'class_name': 'Zeros', 'config': {}, 'registered_name': None}, 'moving_variance_initializer': {'module': 'keras.initializers', 'class_name': 'Ones', 'config': {}, 'registered_name': None}, 'beta_regularizer': None, 'gamma_regularizer': None, 'beta_constraint': None, 'gamma_constraint': None, 'synchronized': False}, 'registered_name': None, 'build_config': {'input_shape': [None, 120, 120, 96]}, 'name': 'block2a_expand_bn', 'inbound_nodes': [{'args': [{'class_name': '__keras_tensor__', 'config': {'shape': [None, 120, 120, 96], 'dtype': 'float32', 'keras_history': ['block2a_expand_conv', 0, 0]}}], 'kwargs': {'mask': None}}]}, {'module': 'keras.layers', 'class_name': 'Activation', 'config': {'name': 'block2a_expand_activation', 'trainable': False, 'dtype': {'module': 'keras', 'class_name': 'DTypePolicy', 'config': {'name': 'float32'}, 'registered_name': None}, 'activation': 'silu'}, 'registered_name': None, 'name': 'block2a_expand_activation', 'inbound_nodes': [{'args': [{'class_name': '__keras_tensor__', 'config': {'shape': [None, 120, 120, 96], 'dtype': 'float32', 'keras_history': ['block2a_expand_bn', 0, 0]}}], 'kwargs': {}}]}, {'module': 'keras.layers', 'class_name': 'ZeroPadding2D', 'config': {'name': 'block2a_dwconv_pad', 'trainable': False, 'dtype': {'module': 'keras', 'class_name': 'DTypePolicy', 'config': {'name': 'float32'}, 'registered_name': None}, 'padding': [[0, 1], [0, 1]], 'data_format': 'channels_last'}, 'registered_name': None, 'build_config': {'input_shape': [None, 120, 120, 96]}, 'name': 'block2a_dwconv_pad', 'inbound_nodes': [{'args': [{'class_name': '__keras_tensor__', 'config': {'shape': [None, 120, 120, 96], 'dtype': 'float32', 'keras_history': ['block2a_expand_activation', 0, 0]}}], 'kwargs': {}}]}, {'module': 'keras.layers', 'class_name': 'DepthwiseConv2D', 'config': {'name': 'block2a_dwconv', 'trainable': False, 'dtype': {'module': 'keras', 'class_name': 'DTypePolicy', 'config': {'name': 'float32'}, 'registered_name': None}, 'depth_multiplier': 1, 'kernel_size': [3, 3], 'strides': [2, 2], 'padding': 'valid', 'data_format': 'channels_last', 'dilation_rate': [1, 1], 'activation': 'linear', 'use_bias': False, 'depthwise_initializer': {'module': 'keras.initializers', 'class_name': 'VarianceScaling', 'config': {'seed': None, 'scale': 2.0, 'mode': 'fan_out', 'distribution': 'truncated_normal'}, 'registered_name': None}, 'bias_initializer': {'module': 'keras.initializers', 'class_name': 'Zeros', 'config': {}, 'registered_name': None}, 'depthwise_regularizer': None, 'bias_regularizer': None, 'activity_regularizer': None, 'depthwise_constraint': None, 'bias_constraint': None}, 'registered_name': None, 'build_config': {'input_shape': [None, 121, 121, 96]}, 'name': 'block2a_dwconv', 'inbound_nodes': [{'args': [{'class_name': '__keras_tensor__', 'config': {'shape': [None, 121, 121, 96], 'dtype': 'float32', 'keras_history': ['block2a_dwconv_pad', 0, 0]}}], 'kwargs': {}}]}, {'module': 'keras.layers', 'class_name': 'BatchNormalization', 'config': {'name': 'block2a_bn', 'trainable': False, 'dtype': {'module': 'keras', 'class_name': 'DTypePolicy', 'config': {'name': 'float32'}, 'registered_name': None}, 'axis': 3, 'momentum': 0.99, 'epsilon': 0.001, 'center': True, 'scale': True, 'beta_initializer': {'module': 'keras.initializers', 'class_name': 'Zeros', 'config': {}, 'registered_name': None}, 'gamma_initializer': {'module': 'keras.initializers', 'class_name': 'Ones', 'config': {}, 'registered_name': None}, 'moving_mean_initializer': {'module': 'keras.initializers', 'class_name': 'Zeros', 'config': {}, 'registered_name': None}, 'moving_variance_initializer': {'module': 'keras.initializers', 'class_name': 'Ones', 'config': {}, 'registered_name': None}, 'beta_regularizer': None, 'gamma_regularizer': None, 'beta_constraint': None, 'gamma_constraint': None, 'synchronized': False}, 'registered_name': None, 'build_config': {'input_shape': [None, 60, 60, 96]}, 'name': 'block2a_bn', 'inbound_nodes': [{'args': [{'class_name': '__keras_tensor__', 'config': {'shape': [None, 60, 60, 96], 'dtype': 'float32', 'keras_history': ['block2a_dwconv', 0, 0]}}], 'kwargs': {'mask': None}}]}, {'module': 'keras.layers', 'class_name': 'Activation', 'config': {'name': 'block2a_activation', 'trainable': False, 'dtype': {'module': 'keras', 'class_name': 'DTypePolicy', 'config': {'name': 'float32'}, 'registered_name': None}, 'activation': 'silu'}, 'registered_name': None, 'name': 'block2a_activation', 'inbound_nodes': [{'args': [{'class_name': '__keras_tensor__', 'config': {'shape': [None, 60, 60, 96], 'dtype': 'float32', 'keras_history': ['block2a_bn', 0, 0]}}], 'kwargs': {}}]}, {'module': 'keras.layers', 'class_name': 'GlobalAveragePooling2D', 'config': {'name': 'block2a_se_squeeze', 'trainable': False, 'dtype': {'module': 'keras', 'class_name': 'DTypePolicy', 'config': {'name': 'float32'}, 'registered_name': None}, 'data_format': 'channels_last', 'keepdims': False}, 'registered_name': None, 'name': 'block2a_se_squeeze', 'inbound_nodes': [{'args': [{'class_name': '__keras_tensor__', 'config': {'shape': [None, 60, 60, 96], 'dtype': 'float32', 'keras_history': ['block2a_activation', 0, 0]}}], 'kwargs': {}}]}, {'module': 'keras.layers', 'class_name': 'Reshape', 'config': {'name': 'block2a_se_reshape', 'trainable': False, 'dtype': {'module': 'keras', 'class_name': 'DTypePolicy', 'config': {'name': 'float32'}, 'registered_name': None}, 'target_shape': [1, 1, 96]}, 'registered_name': None, 'name': 'block2a_se_reshape', 'inbound_nodes': [{'args': [{'class_name': '__keras_tensor__', 'config': {'shape': [None, 96], 'dtype': 'float32', 'keras_history': ['block2a_se_squeeze', 0, 0]}}], 'kwargs': {}}]}, {'module': 'keras.layers', 'class_name': 'Conv2D', 'config': {'name': 'block2a_se_reduce', 'trainable': False, 'dtype': {'module': 'keras', 'class_name': 'DTypePolicy', 'config': {'name': 'float32'}, 'registered_name': None}, 'filters': 4, 'kernel_size': [1, 1], 'strides': [1, 1], 'padding': 'same', 'data_format': 'channels_last', 'dilation_rate': [1, 1], 'groups': 1, 'activation': 'silu', 'use_bias': True, 'kernel_initializer': {'module': 'keras.initializers', 'class_name': 'VarianceScaling', 'config': {'seed': None, 'scale': 2.0, 'mode': 'fan_out', 'distribution': 'truncated_normal'}, 'registered_name': None}, 'bias_initializer': {'module': 'keras.initializers', 'class_name': 'Zeros', 'config': {}, 'registered_name': None}, 'kernel_regularizer': None, 'bias_regularizer': None, 'activity_regularizer': None, 'kernel_constraint': None, 'bias_constraint': None}, 'registered_name': None, 'build_config': {'input_shape': [None, 1, 1, 96]}, 'name': 'block2a_se_reduce', 'inbound_nodes': [{'args': [{'class_name': '__keras_tensor__', 'config': {'shape': [None, 1, 1, 96], 'dtype': 'float32', 'keras_history': ['block2a_se_reshape', 0, 0]}}], 'kwargs': {}}]}, {'module': 'keras.layers', 'class_name': 'Conv2D', 'config': {'name': 'block2a_se_expand', 'trainable': False, 'dtype': {'module': 'keras', 'class_name': 'DTypePolicy', 'config': {'name': 'float32'}, 'registered_name': None}, 'filters': 96, 'kernel_size': [1, 1], 'strides': [1, 1], 'padding': 'same', 'data_format': 'channels_last', 'dilation_rate': [1, 1], 'groups': 1, 'activation': 'sigmoid', 'use_bias': True, 'kernel_initializer': {'module': 'keras.initializers', 'class_name': 'VarianceScaling', 'config': {'seed': None, 'scale': 2.0, 'mode': 'fan_out', 'distribution': 'truncated_normal'}, 'registered_name': None}, 'bias_initializer': {'module': 'keras.initializers', 'class_name': 'Zeros', 'config': {}, 'registered_name': None}, 'kernel_regularizer': None, 'bias_regularizer': None, 'activity_regularizer': None, 'kernel_constraint': None, 'bias_constraint': None}, 'registered_name': None, 'build_config': {'input_shape': [None, 1, 1, 4]}, 'name': 'block2a_se_expand', 'inbound_nodes': [{'args': [{'class_name': '__keras_tensor__', 'config': {'shape': [None, 1, 1, 4], 'dtype': 'float32', 'keras_history': ['block2a_se_reduce', 0, 0]}}], 'kwargs': {}}]}, {'module': 'keras.layers', 'class_name': 'Multiply', 'config': {'name': 'block2a_se_excite', 'trainable': False, 'dtype': {'module': 'keras', 'class_name': 'DTypePolicy', 'config': {'name': 'float32'}, 'registered_name': None}}, 'registered_name': None, 'build_config': {'input_shape': [[None, 60, 60, 96], [None, 1, 1, 96]]}, 'name': 'block2a_se_excite', 'inbound_nodes': [{'args': [[{'class_name': '__keras_tensor__', 'config': {'shape': [None, 60, 60, 96], 'dtype': 'float32', 'keras_history': ['block2a_activation', 0, 0]}}, {'class_name': '__keras_tensor__', 'config': {'shape': [None, 1, 1, 96], 'dtype': 'float32', 'keras_history': ['block2a_se_expand', 0, 0]}}]], 'kwargs': {}}]}, {'module': 'keras.layers', 'class_name': 'Conv2D', 'config': {'name': 'block2a_project_conv', 'trainable': False, 'dtype': {'module': 'keras', 'class_name': 'DTypePolicy', 'config': {'name': 'float32'}, 'registered_name': None}, 'filters': 24, 'kernel_size': [1, 1], 'strides': [1, 1], 'padding': 'same', 'data_format': 'channels_last', 'dilation_rate': [1, 1], 'groups': 1, 'activation': 'linear', 'use_bias': False, 'kernel_initializer': {'module': 'keras.initializers', 'class_name': 'VarianceScaling', 'config': {'seed': None, 'scale': 2.0, 'mode': 'fan_out', 'distribution': 'truncated_normal'}, 'registered_name': None}, 'bias_initializer': {'module': 'keras.initializers', 'class_name': 'Zeros', 'config': {}, 'registered_name': None}, 'kernel_regularizer': None, 'bias_regularizer': None, 'activity_regularizer': None, 'kernel_constraint': None, 'bias_constraint': None}, 'registered_name': None, 'build_config': {'input_shape': [None, 60, 60, 96]}, 'name': 'block2a_project_conv', 'inbound_nodes': [{'args': [{'class_name': '__keras_tensor__', 'config': {'shape': [None, 60, 60, 96], 'dtype': 'float32', 'keras_history': ['block2a_se_excite', 0, 0]}}], 'kwargs': {}}]}, {'module': 'keras.layers', 'class_name': 'BatchNormalization', 'config': {'name': 'block2a_project_bn', 'trainable': False, 'dtype': {'module': 'keras', 'class_name': 'DTypePolicy', 'config': {'name': 'float32'}, 'registered_name': None}, 'axis': 3, 'momentum': 0.99, 'epsilon': 0.001, 'center': True, 'scale': True, 'beta_initializer': {'module': 'keras.initializers', 'class_name': 'Zeros', 'config': {}, 'registered_name': None}, 'gamma_initializer': {'module': 'keras.initializers', 'class_name': 'Ones', 'config': {}, 'registered_name': None}, 'moving_mean_initializer': {'module': 'keras.initializers', 'class_name': 'Zeros', 'config': {}, 'registered_name': None}, 'moving_variance_initializer': {'module': 'keras.initializers', 'class_name': 'Ones', 'config': {}, 'registered_name': None}, 'beta_regularizer': None, 'gamma_regularizer': None, 'beta_constraint': None, 'gamma_constraint': None, 'synchronized': False}, 'registered_name': None, 'build_config': {'input_shape': [None, 60, 60, 24]}, 'name': 'block2a_project_bn', 'inbound_nodes': [{'args': [{'class_name': '__keras_tensor__', 'config': {'shape': [None, 60, 60, 24], 'dtype': 'float32', 'keras_history': ['block2a_project_conv', 0, 0]}}], 'kwargs': {'mask': None}}]}, {'module': 'keras.layers', 'class_name': 'Conv2D', 'config': {'name': 'block2b_expand_conv', 'trainable': False, 'dtype': {'module': 'keras', 'class_name': 'DTypePolicy', 'config': {'name': 'float32'}, 'registered_name': None}, 'filters': 144, 'kernel_size': [1, 1], 'strides': [1, 1], 'padding': 'same', 'data_format': 'channels_last', 'dilation_rate': [1, 1], 'groups': 1, 'activation': 'linear', 'use_bias': False, 'kernel_initializer': {'module': 'keras.initializers', 'class_name': 'VarianceScaling', 'config': {'seed': None, 'scale': 2.0, 'mode': 'fan_out', 'distribution': 'truncated_normal'}, 'registered_name': None}, 'bias_initializer': {'module': 'keras.initializers', 'class_name': 'Zeros', 'config': {}, 'registered_name': None}, 'kernel_regularizer': None, 'bias_regularizer': None, 'activity_regularizer': None, 'kernel_constraint': None, 'bias_constraint': None}, 'registered_name': None, 'build_config': {'input_shape': [None, 60, 60, 24]}, 'name': 'block2b_expand_conv', 'inbound_nodes': [{'args': [{'class_name': '__keras_tensor__', 'config': {'shape': [None, 60, 60, 24], 'dtype': 'float32', 'keras_history': ['block2a_project_bn', 0, 0]}}], 'kwargs': {}}]}, {'module': 'keras.layers', 'class_name': 'BatchNormalization', 'config': {'name': 'block2b_expand_bn', 'trainable': False, 'dtype': {'module': 'keras', 'class_name': 'DTypePolicy', 'config': {'name': 'float32'}, 'registered_name': None}, 'axis': 3, 'momentum': 0.99, 'epsilon': 0.001, 'center': True, 'scale': True, 'beta_initializer': {'module': 'keras.initializers', 'class_name': 'Zeros', 'config': {}, 'registered_name': None}, 'gamma_initializer': {'module': 'keras.initializers', 'class_name': 'Ones', 'config': {}, 'registered_name': None}, 'moving_mean_initializer': {'module': 'keras.initializers', 'class_name': 'Zeros', 'config': {}, 'registered_name': None}, 'moving_variance_initializer': {'module': 'keras.initializers', 'class_name': 'Ones', 'config': {}, 'registered_name': None}, 'beta_regularizer': None, 'gamma_regularizer': None, 'beta_constraint': None, 'gamma_constraint': None, 'synchronized': False}, 'registered_name': None, 'build_config': {'input_shape': [None, 60, 60, 144]}, 'name': 'block2b_expand_bn', 'inbound_nodes': [{'args': [{'class_name': '__keras_tensor__', 'config': {'shape': [None, 60, 60, 144], 'dtype': 'float32', 'keras_history': ['block2b_expand_conv', 0, 0]}}], 'kwargs': {'mask': None}}]}, {'module': 'keras.layers', 'class_name': 'Activation', 'config': {'name': 'block2b_expand_activation', 'trainable': False, 'dtype': {'module': 'keras', 'class_name': 'DTypePolicy', 'config': {'name': 'float32'}, 'registered_name': None}, 'activation': 'silu'}, 'registered_name': None, 'name': 'block2b_expand_activation', 'inbound_nodes': [{'args': [{'class_name': '__keras_tensor__', 'config': {'shape': [None, 60, 60, 144], 'dtype': 'float32', 'keras_history': ['block2b_expand_bn', 0, 0]}}], 'kwargs': {}}]}, {'module': 'keras.layers', 'class_name': 'DepthwiseConv2D', 'config': {'name': 'block2b_dwconv', 'trainable': False, 'dtype': {'module': 'keras', 'class_name': 'DTypePolicy', 'config': {'name': 'float32'}, 'registered_name': None}, 'depth_multiplier': 1, 'kernel_size': [3, 3], 'strides': [1, 1], 'padding': 'same', 'data_format': 'channels_last', 'dilation_rate': [1, 1], 'activation': 'linear', 'use_bias': False, 'depthwise_initializer': {'module': 'keras.initializers', 'class_name': 'VarianceScaling', 'config': {'seed': None, 'scale': 2.0, 'mode': 'fan_out', 'distribution': 'truncated_normal'}, 'registered_name': None}, 'bias_initializer': {'module': 'keras.initializers', 'class_name': 'Zeros', 'config': {}, 'registered_name': None}, 'depthwise_regularizer': None, 'bias_regularizer': None, 'activity_regularizer': None, 'depthwise_constraint': None, 'bias_constraint': None}, 'registered_name': None, 'build_config': {'input_shape': [None, 60, 60, 144]}, 'name': 'block2b_dwconv', 'inbound_nodes': [{'args': [{'class_name': '__keras_tensor__', 'config': {'shape': [None, 60, 60, 144], 'dtype': 'float32', 'keras_history': ['block2b_expand_activation', 0, 0]}}], 'kwargs': {}}]}, {'module': 'keras.layers', 'class_name': 'BatchNormalization', 'config': {'name': 'block2b_bn', 'trainable': False, 'dtype': {'module': 'keras', 'class_name': 'DTypePolicy', 'config': {'name': 'float32'}, 'registered_name': None}, 'axis': 3, 'momentum': 0.99, 'epsilon': 0.001, 'center': True, 'scale': True, 'beta_initializer': {'module': 'keras.initializers', 'class_name': 'Zeros', 'config': {}, 'registered_name': None}, 'gamma_initializer': {'module': 'keras.initializers', 'class_name': 'Ones', 'config': {}, 'registered_name': None}, 'moving_mean_initializer': {'module': 'keras.initializers', 'class_name': 'Zeros', 'config': {}, 'registered_name': None}, 'moving_variance_initializer': {'module': 'keras.initializers', 'class_name': 'Ones', 'config': {}, 'registered_name': None}, 'beta_regularizer': None, 'gamma_regularizer': None, 'beta_constraint': None, 'gamma_constraint': None, 'synchronized': False}, 'registered_name': None, 'build_config': {'input_shape': [None, 60, 60, 144]}, 'name': 'block2b_bn', 'inbound_nodes': [{'args': [{'class_name': '__keras_tensor__', 'config': {'shape': [None, 60, 60, 144], 'dtype': 'float32', 'keras_history': ['block2b_dwconv', 0, 0]}}], 'kwargs': {'mask': None}}]}, {'module': 'keras.layers', 'class_name': 'Activation', 'config': {'name': 'block2b_activation', 'trainable': False, 'dtype': {'module': 'keras', 'class_name': 'DTypePolicy', 'config': {'name': 'float32'}, 'registered_name': None}, 'activation': 'silu'}, 'registered_name': None, 'name': 'block2b_activation', 'inbound_nodes': [{'args': [{'class_name': '__keras_tensor__', 'config': {'shape': [None, 60, 60, 144], 'dtype': 'float32', 'keras_history': ['block2b_bn', 0, 0]}}], 'kwargs': {}}]}, {'module': 'keras.layers', 'class_name': 'GlobalAveragePooling2D', 'config': {'name': 'block2b_se_squeeze', 'trainable': False, 'dtype': {'module': 'keras', 'class_name': 'DTypePolicy', 'config': {'name': 'float32'}, 'registered_name': None}, 'data_format': 'channels_last', 'keepdims': False}, 'registered_name': None, 'name': 'block2b_se_squeeze', 'inbound_nodes': [{'args': [{'class_name': '__keras_tensor__', 'config': {'shape': [None, 60, 60, 144], 'dtype': 'float32', 'keras_history': ['block2b_activation', 0, 0]}}], 'kwargs': {}}]}, {'module': 'keras.layers', 'class_name': 'Reshape', 'config': {'name': 'block2b_se_reshape', 'trainable': False, 'dtype': {'module': 'keras', 'class_name': 'DTypePolicy', 'config': {'name': 'float32'}, 'registered_name': None}, 'target_shape': [1, 1, 144]}, 'registered_name': None, 'name': 'block2b_se_reshape', 'inbound_nodes': [{'args': [{'class_name': '__keras_tensor__', 'config': {'shape': [None, 144], 'dtype': 'float32', 'keras_history': ['block2b_se_squeeze', 0, 0]}}], 'kwargs': {}}]}, {'module': 'keras.layers', 'class_name': 'Conv2D', 'config': {'name': 'block2b_se_reduce', 'trainable': False, 'dtype': {'module': 'keras', 'class_name': 'DTypePolicy', 'config': {'name': 'float32'}, 'registered_name': None}, 'filters': 6, 'kernel_size': [1, 1], 'strides': [1, 1], 'padding': 'same', 'data_format': 'channels_last', 'dilation_rate': [1, 1], 'groups': 1, 'activation': 'silu', 'use_bias': True, 'kernel_initializer': {'module': 'keras.initializers', 'class_name': 'VarianceScaling', 'config': {'seed': None, 'scale': 2.0, 'mode': 'fan_out', 'distribution': 'truncated_normal'}, 'registered_name': None}, 'bias_initializer': {'module': 'keras.initializers', 'class_name': 'Zeros', 'config': {}, 'registered_name': None}, 'kernel_regularizer': None, 'bias_regularizer': None, 'activity_regularizer': None, 'kernel_constraint': None, 'bias_constraint': None}, 'registered_name': None, 'build_config': {'input_shape': [None, 1, 1, 144]}, 'name': 'block2b_se_reduce', 'inbound_nodes': [{'args': [{'class_name': '__keras_tensor__', 'config': {'shape': [None, 1, 1, 144], 'dtype': 'float32', 'keras_history': ['block2b_se_reshape', 0, 0]}}], 'kwargs': {}}]}, {'module': 'keras.layers', 'class_name': 'Conv2D', 'config': {'name': 'block2b_se_expand', 'trainable': False, 'dtype': {'module': 'keras', 'class_name': 'DTypePolicy', 'config': {'name': 'float32'}, 'registered_name': None}, 'filters': 144, 'kernel_size': [1, 1], 'strides': [1, 1], 'padding': 'same', 'data_format': 'channels_last', 'dilation_rate': [1, 1], 'groups': 1, 'activation': 'sigmoid', 'use_bias': True, 'kernel_initializer': {'module': 'keras.initializers', 'class_name': 'VarianceScaling', 'config': {'seed': None, 'scale': 2.0, 'mode': 'fan_out', 'distribution': 'truncated_normal'}, 'registered_name': None}, 'bias_initializer': {'module': 'keras.initializers', 'class_name': 'Zeros', 'config': {}, 'registered_name': None}, 'kernel_regularizer': None, 'bias_regularizer': None, 'activity_regularizer': None, 'kernel_constraint': None, 'bias_constraint': None}, 'registered_name': None, 'build_config': {'input_shape': [None, 1, 1, 6]}, 'name': 'block2b_se_expand', 'inbound_nodes': [{'args': [{'class_name': '__keras_tensor__', 'config': {'shape': [None, 1, 1, 6], 'dtype': 'float32', 'keras_history': ['block2b_se_reduce', 0, 0]}}], 'kwargs': {}}]}, {'module': 'keras.layers', 'class_name': 'Multiply', 'config': {'name': 'block2b_se_excite', 'trainable': False, 'dtype': {'module': 'keras', 'class_name': 'DTypePolicy', 'config': {'name': 'float32'}, 'registered_name': None}}, 'registered_name': None, 'build_config': {'input_shape': [[None, 60, 60, 144], [None, 1, 1, 144]]}, 'name': 'block2b_se_excite', 'inbound_nodes': [{'args': [[{'class_name': '__keras_tensor__', 'config': {'shape': [None, 60, 60, 144], 'dtype': 'float32', 'keras_history': ['block2b_activation', 0, 0]}}, {'class_name': '__keras_tensor__', 'config': {'shape': [None, 1, 1, 144], 'dtype': 'float32', 'keras_history': ['block2b_se_expand', 0, 0]}}]], 'kwargs': {}}]}, {'module': 'keras.layers', 'class_name': 'Conv2D', 'config': {'name': 'block2b_project_conv', 'trainable': False, 'dtype': {'module': 'keras', 'class_name': 'DTypePolicy', 'config': {'name': 'float32'}, 'registered_name': None}, 'filters': 24, 'kernel_size': [1, 1], 'strides': [1, 1], 'padding': 'same', 'data_format': 'channels_last', 'dilation_rate': [1, 1], 'groups': 1, 'activation': 'linear', 'use_bias': False, 'kernel_initializer': {'module': 'keras.initializers', 'class_name': 'VarianceScaling', 'config': {'seed': None, 'scale': 2.0, 'mode': 'fan_out', 'distribution': 'truncated_normal'}, 'registered_name': None}, 'bias_initializer': {'module': 'keras.initializers', 'class_name': 'Zeros', 'config': {}, 'registered_name': None}, 'kernel_regularizer': None, 'bias_regularizer': None, 'activity_regularizer': None, 'kernel_constraint': None, 'bias_constraint': None}, 'registered_name': None, 'build_config': {'input_shape': [None, 60, 60, 144]}, 'name': 'block2b_project_conv', 'inbound_nodes': [{'args': [{'class_name': '__keras_tensor__', 'config': {'shape': [None, 60, 60, 144], 'dtype': 'float32', 'keras_history': ['block2b_se_excite', 0, 0]}}], 'kwargs': {}}]}, {'module': 'keras.layers', 'class_name': 'BatchNormalization', 'config': {'name': 'block2b_project_bn', 'trainable': False, 'dtype': {'module': 'keras', 'class_name': 'DTypePolicy', 'config': {'name': 'float32'}, 'registered_name': None}, 'axis': 3, 'momentum': 0.99, 'epsilon': 0.001, 'center': True, 'scale': True, 'beta_initializer': {'module': 'keras.initializers', 'class_name': 'Zeros', 'config': {}, 'registered_name': None}, 'gamma_initializer': {'module': 'keras.initializers', 'class_name': 'Ones', 'config': {}, 'registered_name': None}, 'moving_mean_initializer': {'module': 'keras.initializers', 'class_name': 'Zeros', 'config': {}, 'registered_name': None}, 'moving_variance_initializer': {'module': 'keras.initializers', 'class_name': 'Ones', 'config': {}, 'registered_name': None}, 'beta_regularizer': None, 'gamma_regularizer': None, 'beta_constraint': None, 'gamma_constraint': None, 'synchronized': False}, 'registered_name': None, 'build_config': {'input_shape': [None, 60, 60, 24]}, 'name': 'block2b_project_bn', 'inbound_nodes': [{'args': [{'class_name': '__keras_tensor__', 'config': {'shape': [None, 60, 60, 24], 'dtype': 'float32', 'keras_history': ['block2b_project_conv', 0, 0]}}], 'kwargs': {'mask': None}}]}, {'module': 'keras.layers', 'class_name': 'Dropout', 'config': {'name': 'block2b_drop', 'trainable': False, 'dtype': {'module': 'keras', 'class_name': 'DTypePolicy', 'config': {'name': 'float32'}, 'registered_name': None}, 'rate': 0.026086956521739136, 'seed': None, 'noise_shape': [None, 1, 1, 1]}, 'registered_name': None, 'name': 'block2b_drop', 'inbound_nodes': [{'args': [{'class_name': '__keras_tensor__', 'config': {'shape': [None, 60, 60, 24], 'dtype': 'float32', 'keras_history': ['block2b_project_bn', 0, 0]}}], 'kwargs': {'training': False}}]}, {'module': 'keras.layers', 'class_name': 'Add', 'config': {'name': 'block2b_add', 'trainable': False, 'dtype': {'module': 'keras', 'class_name': 'DTypePolicy', 'config': {'name': 'float32'}, 'registered_name': None}}, 'registered_name': None, 'build_config': {'input_shape': [[None, 60, 60, 24], [None, 60, 60, 24]]}, 'name': 'block2b_add', 'inbound_nodes': [{'args': [[{'class_name': '__keras_tensor__', 'config': {'shape': [None, 60, 60, 24], 'dtype': 'float32', 'keras_history': ['block2b_drop', 0, 0]}}, {'class_name': '__keras_tensor__', 'config': {'shape': [None, 60, 60, 24], 'dtype': 'float32', 'keras_history': ['block2a_project_bn', 0, 0]}}]], 'kwargs': {}}]}, {'module': 'keras.layers', 'class_name': 'Conv2D', 'config': {'name': 'block2c_expand_conv', 'trainable': False, 'dtype': {'module': 'keras', 'class_name': 'DTypePolicy', 'config': {'name': 'float32'}, 'registered_name': None}, 'filters': 144, 'kernel_size': [1, 1], 'strides': [1, 1], 'padding': 'same', 'data_format': 'channels_last', 'dilation_rate': [1, 1], 'groups': 1, 'activation': 'linear', 'use_bias': False, 'kernel_initializer': {'module': 'keras.initializers', 'class_name': 'VarianceScaling', 'config': {'seed': None, 'scale': 2.0, 'mode': 'fan_out', 'distribution': 'truncated_normal'}, 'registered_name': None}, 'bias_initializer': {'module': 'keras.initializers', 'class_name': 'Zeros', 'config': {}, 'registered_name': None}, 'kernel_regularizer': None, 'bias_regularizer': None, 'activity_regularizer': None, 'kernel_constraint': None, 'bias_constraint': None}, 'registered_name': None, 'build_config': {'input_shape': [None, 60, 60, 24]}, 'name': 'block2c_expand_conv', 'inbound_nodes': [{'args': [{'class_name': '__keras_tensor__', 'config': {'shape': [None, 60, 60, 24], 'dtype': 'float32', 'keras_history': ['block2b_add', 0, 0]}}], 'kwargs': {}}]}, {'module': 'keras.layers', 'class_name': 'BatchNormalization', 'config': {'name': 'block2c_expand_bn', 'trainable': False, 'dtype': {'module': 'keras', 'class_name': 'DTypePolicy', 'config': {'name': 'float32'}, 'registered_name': None}, 'axis': 3, 'momentum': 0.99, 'epsilon': 0.001, 'center': True, 'scale': True, 'beta_initializer': {'module': 'keras.initializers', 'class_name': 'Zeros', 'config': {}, 'registered_name': None}, 'gamma_initializer': {'module': 'keras.initializers', 'class_name': 'Ones', 'config': {}, 'registered_name': None}, 'moving_mean_initializer': {'module': 'keras.initializers', 'class_name': 'Zeros', 'config': {}, 'registered_name': None}, 'moving_variance_initializer': {'module': 'keras.initializers', 'class_name': 'Ones', 'config': {}, 'registered_name': None}, 'beta_regularizer': None, 'gamma_regularizer': None, 'beta_constraint': None, 'gamma_constraint': None, 'synchronized': False}, 'registered_name': None, 'build_config': {'input_shape': [None, 60, 60, 144]}, 'name': 'block2c_expand_bn', 'inbound_nodes': [{'args': [{'class_name': '__keras_tensor__', 'config': {'shape': [None, 60, 60, 144], 'dtype': 'float32', 'keras_history': ['block2c_expand_conv', 0, 0]}}], 'kwargs': {'mask': None}}]}, {'module': 'keras.layers', 'class_name': 'Activation', 'config': {'name': 'block2c_expand_activation', 'trainable': False, 'dtype': {'module': 'keras', 'class_name': 'DTypePolicy', 'config': {'name': 'float32'}, 'registered_name': None}, 'activation': 'silu'}, 'registered_name': None, 'name': 'block2c_expand_activation', 'inbound_nodes': [{'args': [{'class_name': '__keras_tensor__', 'config': {'shape': [None, 60, 60, 144], 'dtype': 'float32', 'keras_history': ['block2c_expand_bn', 0, 0]}}], 'kwargs': {}}]}, {'module': 'keras.layers', 'class_name': 'DepthwiseConv2D', 'config': {'name': 'block2c_dwconv', 'trainable': False, 'dtype': {'module': 'keras', 'class_name': 'DTypePolicy', 'config': {'name': 'float32'}, 'registered_name': None}, 'depth_multiplier': 1, 'kernel_size': [3, 3], 'strides': [1, 1], 'padding': 'same', 'data_format': 'channels_last', 'dilation_rate': [1, 1], 'activation': 'linear', 'use_bias': False, 'depthwise_initializer': {'module': 'keras.initializers', 'class_name': 'VarianceScaling', 'config': {'seed': None, 'scale': 2.0, 'mode': 'fan_out', 'distribution': 'truncated_normal'}, 'registered_name': None}, 'bias_initializer': {'module': 'keras.initializers', 'class_name': 'Zeros', 'config': {}, 'registered_name': None}, 'depthwise_regularizer': None, 'bias_regularizer': None, 'activity_regularizer': None, 'depthwise_constraint': None, 'bias_constraint': None}, 'registered_name': None, 'build_config': {'input_shape': [None, 60, 60, 144]}, 'name': 'block2c_dwconv', 'inbound_nodes': [{'args': [{'class_name': '__keras_tensor__', 'config': {'shape': [None, 60, 60, 144], 'dtype': 'float32', 'keras_history': ['block2c_expand_activation', 0, 0]}}], 'kwargs': {}}]}, {'module': 'keras.layers', 'class_name': 'BatchNormalization', 'config': {'name': 'block2c_bn', 'trainable': False, 'dtype': {'module': 'keras', 'class_name': 'DTypePolicy', 'config': {'name': 'float32'}, 'registered_name': None}, 'axis': 3, 'momentum': 0.99, 'epsilon': 0.001, 'center': True, 'scale': True, 'beta_initializer': {'module': 'keras.initializers', 'class_name': 'Zeros', 'config': {}, 'registered_name': None}, 'gamma_initializer': {'module': 'keras.initializers', 'class_name': 'Ones', 'config': {}, 'registered_name': None}, 'moving_mean_initializer': {'module': 'keras.initializers', 'class_name': 'Zeros', 'config': {}, 'registered_name': None}, 'moving_variance_initializer': {'module': 'keras.initializers', 'class_name': 'Ones', 'config': {}, 'registered_name': None}, 'beta_regularizer': None, 'gamma_regularizer': None, 'beta_constraint': None, 'gamma_constraint': None, 'synchronized': False}, 'registered_name': None, 'build_config': {'input_shape': [None, 60, 60, 144]}, 'name': 'block2c_bn', 'inbound_nodes': [{'args': [{'class_name': '__keras_tensor__', 'config': {'shape': [None, 60, 60, 144], 'dtype': 'float32', 'keras_history': ['block2c_dwconv', 0, 0]}}], 'kwargs': {'mask': None}}]}, {'module': 'keras.layers', 'class_name': 'Activation', 'config': {'name': 'block2c_activation', 'trainable': False, 'dtype': {'module': 'keras', 'class_name': 'DTypePolicy', 'config': {'name': 'float32'}, 'registered_name': None}, 'activation': 'silu'}, 'registered_name': None, 'name': 'block2c_activation', 'inbound_nodes': [{'args': [{'class_name': '__keras_tensor__', 'config': {'shape': [None, 60, 60, 144], 'dtype': 'float32', 'keras_history': ['block2c_bn', 0, 0]}}], 'kwargs': {}}]}, {'module': 'keras.layers', 'class_name': 'GlobalAveragePooling2D', 'config': {'name': 'block2c_se_squeeze', 'trainable': False, 'dtype': {'module': 'keras', 'class_name': 'DTypePolicy', 'config': {'name': 'float32'}, 'registered_name': None}, 'data_format': 'channels_last', 'keepdims': False}, 'registered_name': None, 'name': 'block2c_se_squeeze', 'inbound_nodes': [{'args': [{'class_name': '__keras_tensor__', 'config': {'shape': [None, 60, 60, 144], 'dtype': 'float32', 'keras_history': ['block2c_activation', 0, 0]}}], 'kwargs': {}}]}, {'module': 'keras.layers', 'class_name': 'Reshape', 'config': {'name': 'block2c_se_reshape', 'trainable': False, 'dtype': {'module': 'keras', 'class_name': 'DTypePolicy', 'config': {'name': 'float32'}, 'registered_name': None}, 'target_shape': [1, 1, 144]}, 'registered_name': None, 'name': 'block2c_se_reshape', 'inbound_nodes': [{'args': [{'class_name': '__keras_tensor__', 'config': {'shape': [None, 144], 'dtype': 'float32', 'keras_history': ['block2c_se_squeeze', 0, 0]}}], 'kwargs': {}}]}, {'module': 'keras.layers', 'class_name': 'Conv2D', 'config': {'name': 'block2c_se_reduce', 'trainable': False, 'dtype': {'module': 'keras', 'class_name': 'DTypePolicy', 'config': {'name': 'float32'}, 'registered_name': None}, 'filters': 6, 'kernel_size': [1, 1], 'strides': [1, 1], 'padding': 'same', 'data_format': 'channels_last', 'dilation_rate': [1, 1], 'groups': 1, 'activation': 'silu', 'use_bias': True, 'kernel_initializer': {'module': 'keras.initializers', 'class_name': 'VarianceScaling', 'config': {'seed': None, 'scale': 2.0, 'mode': 'fan_out', 'distribution': 'truncated_normal'}, 'registered_name': None}, 'bias_initializer': {'module': 'keras.initializers', 'class_name': 'Zeros', 'config': {}, 'registered_name': None}, 'kernel_regularizer': None, 'bias_regularizer': None, 'activity_regularizer': None, 'kernel_constraint': None, 'bias_constraint': None}, 'registered_name': None, 'build_config': {'input_shape': [None, 1, 1, 144]}, 'name': 'block2c_se_reduce', 'inbound_nodes': [{'args': [{'class_name': '__keras_tensor__', 'config': {'shape': [None, 1, 1, 144], 'dtype': 'float32', 'keras_history': ['block2c_se_reshape', 0, 0]}}], 'kwargs': {}}]}, {'module': 'keras.layers', 'class_name': 'Conv2D', 'config': {'name': 'block2c_se_expand', 'trainable': False, 'dtype': {'module': 'keras', 'class_name': 'DTypePolicy', 'config': {'name': 'float32'}, 'registered_name': None}, 'filters': 144, 'kernel_size': [1, 1], 'strides': [1, 1], 'padding': 'same', 'data_format': 'channels_last', 'dilation_rate': [1, 1], 'groups': 1, 'activation': 'sigmoid', 'use_bias': True, 'kernel_initializer': {'module': 'keras.initializers', 'class_name': 'VarianceScaling', 'config': {'seed': None, 'scale': 2.0, 'mode': 'fan_out', 'distribution': 'truncated_normal'}, 'registered_name': None}, 'bias_initializer': {'module': 'keras.initializers', 'class_name': 'Zeros', 'config': {}, 'registered_name': None}, 'kernel_regularizer': None, 'bias_regularizer': None, 'activity_regularizer': None, 'kernel_constraint': None, 'bias_constraint': None}, 'registered_name': None, 'build_config': {'input_shape': [None, 1, 1, 6]}, 'name': 'block2c_se_expand', 'inbound_nodes': [{'args': [{'class_name': '__keras_tensor__', 'config': {'shape': [None, 1, 1, 6], 'dtype': 'float32', 'keras_history': ['block2c_se_reduce', 0, 0]}}], 'kwargs': {}}]}, {'module': 'keras.layers', 'class_name': 'Multiply', 'config': {'name': 'block2c_se_excite', 'trainable': False, 'dtype': {'module': 'keras', 'class_name': 'DTypePolicy', 'config': {'name': 'float32'}, 'registered_name': None}}, 'registered_name': None, 'build_config': {'input_shape': [[None, 60, 60, 144], [None, 1, 1, 144]]}, 'name': 'block2c_se_excite', 'inbound_nodes': [{'args': [[{'class_name': '__keras_tensor__', 'config': {'shape': [None, 60, 60, 144], 'dtype': 'float32', 'keras_history': ['block2c_activation', 0, 0]}}, {'class_name': '__keras_tensor__', 'config': {'shape': [None, 1, 1, 144], 'dtype': 'float32', 'keras_history': ['block2c_se_expand', 0, 0]}}]], 'kwargs': {}}]}, {'module': 'keras.layers', 'class_name': 'Conv2D', 'config': {'name': 'block2c_project_conv', 'trainable': False, 'dtype': {'module': 'keras', 'class_name': 'DTypePolicy', 'config': {'name': 'float32'}, 'registered_name': None}, 'filters': 24, 'kernel_size': [1, 1], 'strides': [1, 1], 'padding': 'same', 'data_format': 'channels_last', 'dilation_rate': [1, 1], 'groups': 1, 'activation': 'linear', 'use_bias': False, 'kernel_initializer': {'module': 'keras.initializers', 'class_name': 'VarianceScaling', 'config': {'seed': None, 'scale': 2.0, 'mode': 'fan_out', 'distribution': 'truncated_normal'}, 'registered_name': None}, 'bias_initializer': {'module': 'keras.initializers', 'class_name': 'Zeros', 'config': {}, 'registered_name': None}, 'kernel_regularizer': None, 'bias_regularizer': None, 'activity_regularizer': None, 'kernel_constraint': None, 'bias_constraint': None}, 'registered_name': None, 'build_config': {'input_shape': [None, 60, 60, 144]}, 'name': 'block2c_project_conv', 'inbound_nodes': [{'args': [{'class_name': '__keras_tensor__', 'config': {'shape': [None, 60, 60, 144], 'dtype': 'float32', 'keras_history': ['block2c_se_excite', 0, 0]}}], 'kwargs': {}}]}, {'module': 'keras.layers', 'class_name': 'BatchNormalization', 'config': {'name': 'block2c_project_bn', 'trainable': False, 'dtype': {'module': 'keras', 'class_name': 'DTypePolicy', 'config': {'name': 'float32'}, 'registered_name': None}, 'axis': 3, 'momentum': 0.99, 'epsilon': 0.001, 'center': True, 'scale': True, 'beta_initializer': {'module': 'keras.initializers', 'class_name': 'Zeros', 'config': {}, 'registered_name': None}, 'gamma_initializer': {'module': 'keras.initializers', 'class_name': 'Ones', 'config': {}, 'registered_name': None}, 'moving_mean_initializer': {'module': 'keras.initializers', 'class_name': 'Zeros', 'config': {}, 'registered_name': None}, 'moving_variance_initializer': {'module': 'keras.initializers', 'class_name': 'Ones', 'config': {}, 'registered_name': None}, 'beta_regularizer': None, 'gamma_regularizer': None, 'beta_constraint': None, 'gamma_constraint': None, 'synchronized': False}, 'registered_name': None, 'build_config': {'input_shape': [None, 60, 60, 24]}, 'name': 'block2c_project_bn', 'inbound_nodes': [{'args': [{'class_name': '__keras_tensor__', 'config': {'shape': [None, 60, 60, 24], 'dtype': 'float32', 'keras_history': ['block2c_project_conv', 0, 0]}}], 'kwargs': {'mask': None}}]}, {'module': 'keras.layers', 'class_name': 'Dropout', 'config': {'name': 'block2c_drop', 'trainable': False, 'dtype': {'module': 'keras', 'class_name': 'DTypePolicy', 'config': {'name': 'float32'}, 'registered_name': None}, 'rate': 0.034782608695652174, 'seed': None, 'noise_shape': [None, 1, 1, 1]}, 'registered_name': None, 'name': 'block2c_drop', 'inbound_nodes': [{'args': [{'class_name': '__keras_tensor__', 'config': {'shape': [None, 60, 60, 24], 'dtype': 'float32', 'keras_history': ['block2c_project_bn', 0, 0]}}], 'kwargs': {'training': False}}]}, {'module': 'keras.layers', 'class_name': 'Add', 'config': {'name': 'block2c_add', 'trainable': False, 'dtype': {'module': 'keras', 'class_name': 'DTypePolicy', 'config': {'name': 'float32'}, 'registered_name': None}}, 'registered_name': None, 'build_config': {'input_shape': [[None, 60, 60, 24], [None, 60, 60, 24]]}, 'name': 'block2c_add', 'inbound_nodes': [{'args': [[{'class_name': '__keras_tensor__', 'config': {'shape': [None, 60, 60, 24], 'dtype': 'float32', 'keras_history': ['block2c_drop', 0, 0]}}, {'class_name': '__keras_tensor__', 'config': {'shape': [None, 60, 60, 24], 'dtype': 'float32', 'keras_history': ['block2b_add', 0, 0]}}]], 'kwargs': {}}]}, {'module': 'keras.layers', 'class_name': 'Conv2D', 'config': {'name': 'block3a_expand_conv', 'trainable': False, 'dtype': {'module': 'keras', 'class_name': 'DTypePolicy', 'config': {'name': 'float32'}, 'registered_name': None}, 'filters': 144, 'kernel_size': [1, 1], 'strides': [1, 1], 'padding': 'same', 'data_format': 'channels_last', 'dilation_rate': [1, 1], 'groups': 1, 'activation': 'linear', 'use_bias': False, 'kernel_initializer': {'module': 'keras.initializers', 'class_name': 'VarianceScaling', 'config': {'seed': None, 'scale': 2.0, 'mode': 'fan_out', 'distribution': 'truncated_normal'}, 'registered_name': None}, 'bias_initializer': {'module': 'keras.initializers', 'class_name': 'Zeros', 'config': {}, 'registered_name': None}, 'kernel_regularizer': None, 'bias_regularizer': None, 'activity_regularizer': None, 'kernel_constraint': None, 'bias_constraint': None}, 'registered_name': None, 'build_config': {'input_shape': [None, 60, 60, 24]}, 'name': 'block3a_expand_conv', 'inbound_nodes': [{'args': [{'class_name': '__keras_tensor__', 'config': {'shape': [None, 60, 60, 24], 'dtype': 'float32', 'keras_history': ['block2c_add', 0, 0]}}], 'kwargs': {}}]}, {'module': 'keras.layers', 'class_name': 'BatchNormalization', 'config': {'name': 'block3a_expand_bn', 'trainable': False, 'dtype': {'module': 'keras', 'class_name': 'DTypePolicy', 'config': {'name': 'float32'}, 'registered_name': None}, 'axis': 3, 'momentum': 0.99, 'epsilon': 0.001, 'center': True, 'scale': True, 'beta_initializer': {'module': 'keras.initializers', 'class_name': 'Zeros', 'config': {}, 'registered_name': None}, 'gamma_initializer': {'module': 'keras.initializers', 'class_name': 'Ones', 'config': {}, 'registered_name': None}, 'moving_mean_initializer': {'module': 'keras.initializers', 'class_name': 'Zeros', 'config': {}, 'registered_name': None}, 'moving_variance_initializer': {'module': 'keras.initializers', 'class_name': 'Ones', 'config': {}, 'registered_name': None}, 'beta_regularizer': None, 'gamma_regularizer': None, 'beta_constraint': None, 'gamma_constraint': None, 'synchronized': False}, 'registered_name': None, 'build_config': {'input_shape': [None, 60, 60, 144]}, 'name': 'block3a_expand_bn', 'inbound_nodes': [{'args': [{'class_name': '__keras_tensor__', 'config': {'shape': [None, 60, 60, 144], 'dtype': 'float32', 'keras_history': ['block3a_expand_conv', 0, 0]}}], 'kwargs': {'mask': None}}]}, {'module': 'keras.layers', 'class_name': 'Activation', 'config': {'name': 'block3a_expand_activation', 'trainable': False, 'dtype': {'module': 'keras', 'class_name': 'DTypePolicy', 'config': {'name': 'float32'}, 'registered_name': None}, 'activation': 'silu'}, 'registered_name': None, 'name': 'block3a_expand_activation', 'inbound_nodes': [{'args': [{'class_name': '__keras_tensor__', 'config': {'shape': [None, 60, 60, 144], 'dtype': 'float32', 'keras_history': ['block3a_expand_bn', 0, 0]}}], 'kwargs': {}}]}, {'module': 'keras.layers', 'class_name': 'ZeroPadding2D', 'config': {'name': 'block3a_dwconv_pad', 'trainable': False, 'dtype': {'module': 'keras', 'class_name': 'DTypePolicy', 'config': {'name': 'float32'}, 'registered_name': None}, 'padding': [[1, 2], [1, 2]], 'data_format': 'channels_last'}, 'registered_name': None, 'build_config': {'input_shape': [None, 60, 60, 144]}, 'name': 'block3a_dwconv_pad', 'inbound_nodes': [{'args': [{'class_name': '__keras_tensor__', 'config': {'shape': [None, 60, 60, 144], 'dtype': 'float32', 'keras_history': ['block3a_expand_activation', 0, 0]}}], 'kwargs': {}}]}, {'module': 'keras.layers', 'class_name': 'DepthwiseConv2D', 'config': {'name': 'block3a_dwconv', 'trainable': False, 'dtype': {'module': 'keras', 'class_name': 'DTypePolicy', 'config': {'name': 'float32'}, 'registered_name': None}, 'depth_multiplier': 1, 'kernel_size': [5, 5], 'strides': [2, 2], 'padding': 'valid', 'data_format': 'channels_last', 'dilation_rate': [1, 1], 'activation': 'linear', 'use_bias': False, 'depthwise_initializer': {'module': 'keras.initializers', 'class_name': 'VarianceScaling', 'config': {'seed': None, 'scale': 2.0, 'mode': 'fan_out', 'distribution': 'truncated_normal'}, 'registered_name': None}, 'bias_initializer': {'module': 'keras.initializers', 'class_name': 'Zeros', 'config': {}, 'registered_name': None}, 'depthwise_regularizer': None, 'bias_regularizer': None, 'activity_regularizer': None, 'depthwise_constraint': None, 'bias_constraint': None}, 'registered_name': None, 'build_config': {'input_shape': [None, 63, 63, 144]}, 'name': 'block3a_dwconv', 'inbound_nodes': [{'args': [{'class_name': '__keras_tensor__', 'config': {'shape': [None, 63, 63, 144], 'dtype': 'float32', 'keras_history': ['block3a_dwconv_pad', 0, 0]}}], 'kwargs': {}}]}, {'module': 'keras.layers', 'class_name': 'BatchNormalization', 'config': {'name': 'block3a_bn', 'trainable': False, 'dtype': {'module': 'keras', 'class_name': 'DTypePolicy', 'config': {'name': 'float32'}, 'registered_name': None}, 'axis': 3, 'momentum': 0.99, 'epsilon': 0.001, 'center': True, 'scale': True, 'beta_initializer': {'module': 'keras.initializers', 'class_name': 'Zeros', 'config': {}, 'registered_name': None}, 'gamma_initializer': {'module': 'keras.initializers', 'class_name': 'Ones', 'config': {}, 'registered_name': None}, 'moving_mean_initializer': {'module': 'keras.initializers', 'class_name': 'Zeros', 'config': {}, 'registered_name': None}, 'moving_variance_initializer': {'module': 'keras.initializers', 'class_name': 'Ones', 'config': {}, 'registered_name': None}, 'beta_regularizer': None, 'gamma_regularizer': None, 'beta_constraint': None, 'gamma_constraint': None, 'synchronized': False}, 'registered_name': None, 'build_config': {'input_shape': [None, 30, 30, 144]}, 'name': 'block3a_bn', 'inbound_nodes': [{'args': [{'class_name': '__keras_tensor__', 'config': {'shape': [None, 30, 30, 144], 'dtype': 'float32', 'keras_history': ['block3a_dwconv', 0, 0]}}], 'kwargs': {'mask': None}}]}, {'module': 'keras.layers', 'class_name': 'Activation', 'config': {'name': 'block3a_activation', 'trainable': False, 'dtype': {'module': 'keras', 'class_name': 'DTypePolicy', 'config': {'name': 'float32'}, 'registered_name': None}, 'activation': 'silu'}, 'registered_name': None, 'name': 'block3a_activation', 'inbound_nodes': [{'args': [{'class_name': '__keras_tensor__', 'config': {'shape': [None, 30, 30, 144], 'dtype': 'float32', 'keras_history': ['block3a_bn', 0, 0]}}], 'kwargs': {}}]}, {'module': 'keras.layers', 'class_name': 'GlobalAveragePooling2D', 'config': {'name': 'block3a_se_squeeze', 'trainable': False, 'dtype': {'module': 'keras', 'class_name': 'DTypePolicy', 'config': {'name': 'float32'}, 'registered_name': None}, 'data_format': 'channels_last', 'keepdims': False}, 'registered_name': None, 'name': 'block3a_se_squeeze', 'inbound_nodes': [{'args': [{'class_name': '__keras_tensor__', 'config': {'shape': [None, 30, 30, 144], 'dtype': 'float32', 'keras_history': ['block3a_activation', 0, 0]}}], 'kwargs': {}}]}, {'module': 'keras.layers', 'class_name': 'Reshape', 'config': {'name': 'block3a_se_reshape', 'trainable': False, 'dtype': {'module': 'keras', 'class_name': 'DTypePolicy', 'config': {'name': 'float32'}, 'registered_name': None}, 'target_shape': [1, 1, 144]}, 'registered_name': None, 'name': 'block3a_se_reshape', 'inbound_nodes': [{'args': [{'class_name': '__keras_tensor__', 'config': {'shape': [None, 144], 'dtype': 'float32', 'keras_history': ['block3a_se_squeeze', 0, 0]}}], 'kwargs': {}}]}, {'module': 'keras.layers', 'class_name': 'Conv2D', 'config': {'name': 'block3a_se_reduce', 'trainable': False, 'dtype': {'module': 'keras', 'class_name': 'DTypePolicy', 'config': {'name': 'float32'}, 'registered_name': None}, 'filters': 6, 'kernel_size': [1, 1], 'strides': [1, 1], 'padding': 'same', 'data_format': 'channels_last', 'dilation_rate': [1, 1], 'groups': 1, 'activation': 'silu', 'use_bias': True, 'kernel_initializer': {'module': 'keras.initializers', 'class_name': 'VarianceScaling', 'config': {'seed': None, 'scale': 2.0, 'mode': 'fan_out', 'distribution': 'truncated_normal'}, 'registered_name': None}, 'bias_initializer': {'module': 'keras.initializers', 'class_name': 'Zeros', 'config': {}, 'registered_name': None}, 'kernel_regularizer': None, 'bias_regularizer': None, 'activity_regularizer': None, 'kernel_constraint': None, 'bias_constraint': None}, 'registered_name': None, 'build_config': {'input_shape': [None, 1, 1, 144]}, 'name': 'block3a_se_reduce', 'inbound_nodes': [{'args': [{'class_name': '__keras_tensor__', 'config': {'shape': [None, 1, 1, 144], 'dtype': 'float32', 'keras_history': ['block3a_se_reshape', 0, 0]}}], 'kwargs': {}}]}, {'module': 'keras.layers', 'class_name': 'Conv2D', 'config': {'name': 'block3a_se_expand', 'trainable': False, 'dtype': {'module': 'keras', 'class_name': 'DTypePolicy', 'config': {'name': 'float32'}, 'registered_name': None}, 'filters': 144, 'kernel_size': [1, 1], 'strides': [1, 1], 'padding': 'same', 'data_format': 'channels_last', 'dilation_rate': [1, 1], 'groups': 1, 'activation': 'sigmoid', 'use_bias': True, 'kernel_initializer': {'module': 'keras.initializers', 'class_name': 'VarianceScaling', 'config': {'seed': None, 'scale': 2.0, 'mode': 'fan_out', 'distribution': 'truncated_normal'}, 'registered_name': None}, 'bias_initializer': {'module': 'keras.initializers', 'class_name': 'Zeros', 'config': {}, 'registered_name': None}, 'kernel_regularizer': None, 'bias_regularizer': None, 'activity_regularizer': None, 'kernel_constraint': None, 'bias_constraint': None}, 'registered_name': None, 'build_config': {'input_shape': [None, 1, 1, 6]}, 'name': 'block3a_se_expand', 'inbound_nodes': [{'args': [{'class_name': '__keras_tensor__', 'config': {'shape': [None, 1, 1, 6], 'dtype': 'float32', 'keras_history': ['block3a_se_reduce', 0, 0]}}], 'kwargs': {}}]}, {'module': 'keras.layers', 'class_name': 'Multiply', 'config': {'name': 'block3a_se_excite', 'trainable': False, 'dtype': {'module': 'keras', 'class_name': 'DTypePolicy', 'config': {'name': 'float32'}, 'registered_name': None}}, 'registered_name': None, 'build_config': {'input_shape': [[None, 30, 30, 144], [None, 1, 1, 144]]}, 'name': 'block3a_se_excite', 'inbound_nodes': [{'args': [[{'class_name': '__keras_tensor__', 'config': {'shape': [None, 30, 30, 144], 'dtype': 'float32', 'keras_history': ['block3a_activation', 0, 0]}}, {'class_name': '__keras_tensor__', 'config': {'shape': [None, 1, 1, 144], 'dtype': 'float32', 'keras_history': ['block3a_se_expand', 0, 0]}}]], 'kwargs': {}}]}, {'module': 'keras.layers', 'class_name': 'Conv2D', 'config': {'name': 'block3a_project_conv', 'trainable': False, 'dtype': {'module': 'keras', 'class_name': 'DTypePolicy', 'config': {'name': 'float32'}, 'registered_name': None}, 'filters': 40, 'kernel_size': [1, 1], 'strides': [1, 1], 'padding': 'same', 'data_format': 'channels_last', 'dilation_rate': [1, 1], 'groups': 1, 'activation': 'linear', 'use_bias': False, 'kernel_initializer': {'module': 'keras.initializers', 'class_name': 'VarianceScaling', 'config': {'seed': None, 'scale': 2.0, 'mode': 'fan_out', 'distribution': 'truncated_normal'}, 'registered_name': None}, 'bias_initializer': {'module': 'keras.initializers', 'class_name': 'Zeros', 'config': {}, 'registered_name': None}, 'kernel_regularizer': None, 'bias_regularizer': None, 'activity_regularizer': None, 'kernel_constraint': None, 'bias_constraint': None}, 'registered_name': None, 'build_config': {'input_shape': [None, 30, 30, 144]}, 'name': 'block3a_project_conv', 'inbound_nodes': [{'args': [{'class_name': '__keras_tensor__', 'config': {'shape': [None, 30, 30, 144], 'dtype': 'float32', 'keras_history': ['block3a_se_excite', 0, 0]}}], 'kwargs': {}}]}, {'module': 'keras.layers', 'class_name': 'BatchNormalization', 'config': {'name': 'block3a_project_bn', 'trainable': False, 'dtype': {'module': 'keras', 'class_name': 'DTypePolicy', 'config': {'name': 'float32'}, 'registered_name': None}, 'axis': 3, 'momentum': 0.99, 'epsilon': 0.001, 'center': True, 'scale': True, 'beta_initializer': {'module': 'keras.initializers', 'class_name': 'Zeros', 'config': {}, 'registered_name': None}, 'gamma_initializer': {'module': 'keras.initializers', 'class_name': 'Ones', 'config': {}, 'registered_name': None}, 'moving_mean_initializer': {'module': 'keras.initializers', 'class_name': 'Zeros', 'config': {}, 'registered_name': None}, 'moving_variance_initializer': {'module': 'keras.initializers', 'class_name': 'Ones', 'config': {}, 'registered_name': None}, 'beta_regularizer': None, 'gamma_regularizer': None, 'beta_constraint': None, 'gamma_constraint': None, 'synchronized': False}, 'registered_name': None, 'build_config': {'input_shape': [None, 30, 30, 40]}, 'name': 'block3a_project_bn', 'inbound_nodes': [{'args': [{'class_name': '__keras_tensor__', 'config': {'shape': [None, 30, 30, 40], 'dtype': 'float32', 'keras_history': ['block3a_project_conv', 0, 0]}}], 'kwargs': {'mask': None}}]}, {'module': 'keras.layers', 'class_name': 'Conv2D', 'config': {'name': 'block3b_expand_conv', 'trainable': False, 'dtype': {'module': 'keras', 'class_name': 'DTypePolicy', 'config': {'name': 'float32'}, 'registered_name': None}, 'filters': 240, 'kernel_size': [1, 1], 'strides': [1, 1], 'padding': 'same', 'data_format': 'channels_last', 'dilation_rate': [1, 1], 'groups': 1, 'activation': 'linear', 'use_bias': False, 'kernel_initializer': {'module': 'keras.initializers', 'class_name': 'VarianceScaling', 'config': {'seed': None, 'scale': 2.0, 'mode': 'fan_out', 'distribution': 'truncated_normal'}, 'registered_name': None}, 'bias_initializer': {'module': 'keras.initializers', 'class_name': 'Zeros', 'config': {}, 'registered_name': None}, 'kernel_regularizer': None, 'bias_regularizer': None, 'activity_regularizer': None, 'kernel_constraint': None, 'bias_constraint': None}, 'registered_name': None, 'build_config': {'input_shape': [None, 30, 30, 40]}, 'name': 'block3b_expand_conv', 'inbound_nodes': [{'args': [{'class_name': '__keras_tensor__', 'config': {'shape': [None, 30, 30, 40], 'dtype': 'float32', 'keras_history': ['block3a_project_bn', 0, 0]}}], 'kwargs': {}}]}, {'module': 'keras.layers', 'class_name': 'BatchNormalization', 'config': {'name': 'block3b_expand_bn', 'trainable': False, 'dtype': {'module': 'keras', 'class_name': 'DTypePolicy', 'config': {'name': 'float32'}, 'registered_name': None}, 'axis': 3, 'momentum': 0.99, 'epsilon': 0.001, 'center': True, 'scale': True, 'beta_initializer': {'module': 'keras.initializers', 'class_name': 'Zeros', 'config': {}, 'registered_name': None}, 'gamma_initializer': {'module': 'keras.initializers', 'class_name': 'Ones', 'config': {}, 'registered_name': None}, 'moving_mean_initializer': {'module': 'keras.initializers', 'class_name': 'Zeros', 'config': {}, 'registered_name': None}, 'moving_variance_initializer': {'module': 'keras.initializers', 'class_name': 'Ones', 'config': {}, 'registered_name': None}, 'beta_regularizer': None, 'gamma_regularizer': None, 'beta_constraint': None, 'gamma_constraint': None, 'synchronized': False}, 'registered_name': None, 'build_config': {'input_shape': [None, 30, 30, 240]}, 'name': 'block3b_expand_bn', 'inbound_nodes': [{'args': [{'class_name': '__keras_tensor__', 'config': {'shape': [None, 30, 30, 240], 'dtype': 'float32', 'keras_history': ['block3b_expand_conv', 0, 0]}}], 'kwargs': {'mask': None}}]}, {'module': 'keras.layers', 'class_name': 'Activation', 'config': {'name': 'block3b_expand_activation', 'trainable': False, 'dtype': {'module': 'keras', 'class_name': 'DTypePolicy', 'config': {'name': 'float32'}, 'registered_name': None}, 'activation': 'silu'}, 'registered_name': None, 'name': 'block3b_expand_activation', 'inbound_nodes': [{'args': [{'class_name': '__keras_tensor__', 'config': {'shape': [None, 30, 30, 240], 'dtype': 'float32', 'keras_history': ['block3b_expand_bn', 0, 0]}}], 'kwargs': {}}]}, {'module': 'keras.layers', 'class_name': 'DepthwiseConv2D', 'config': {'name': 'block3b_dwconv', 'trainable': False, 'dtype': {'module': 'keras', 'class_name': 'DTypePolicy', 'config': {'name': 'float32'}, 'registered_name': None}, 'depth_multiplier': 1, 'kernel_size': [5, 5], 'strides': [1, 1], 'padding': 'same', 'data_format': 'channels_last', 'dilation_rate': [1, 1], 'activation': 'linear', 'use_bias': False, 'depthwise_initializer': {'module': 'keras.initializers', 'class_name': 'VarianceScaling', 'config': {'seed': None, 'scale': 2.0, 'mode': 'fan_out', 'distribution': 'truncated_normal'}, 'registered_name': None}, 'bias_initializer': {'module': 'keras.initializers', 'class_name': 'Zeros', 'config': {}, 'registered_name': None}, 'depthwise_regularizer': None, 'bias_regularizer': None, 'activity_regularizer': None, 'depthwise_constraint': None, 'bias_constraint': None}, 'registered_name': None, 'build_config': {'input_shape': [None, 30, 30, 240]}, 'name': 'block3b_dwconv', 'inbound_nodes': [{'args': [{'class_name': '__keras_tensor__', 'config': {'shape': [None, 30, 30, 240], 'dtype': 'float32', 'keras_history': ['block3b_expand_activation', 0, 0]}}], 'kwargs': {}}]}, {'module': 'keras.layers', 'class_name': 'BatchNormalization', 'config': {'name': 'block3b_bn', 'trainable': False, 'dtype': {'module': 'keras', 'class_name': 'DTypePolicy', 'config': {'name': 'float32'}, 'registered_name': None}, 'axis': 3, 'momentum': 0.99, 'epsilon': 0.001, 'center': True, 'scale': True, 'beta_initializer': {'module': 'keras.initializers', 'class_name': 'Zeros', 'config': {}, 'registered_name': None}, 'gamma_initializer': {'module': 'keras.initializers', 'class_name': 'Ones', 'config': {}, 'registered_name': None}, 'moving_mean_initializer': {'module': 'keras.initializers', 'class_name': 'Zeros', 'config': {}, 'registered_name': None}, 'moving_variance_initializer': {'module': 'keras.initializers', 'class_name': 'Ones', 'config': {}, 'registered_name': None}, 'beta_regularizer': None, 'gamma_regularizer': None, 'beta_constraint': None, 'gamma_constraint': None, 'synchronized': False}, 'registered_name': None, 'build_config': {'input_shape': [None, 30, 30, 240]}, 'name': 'block3b_bn', 'inbound_nodes': [{'args': [{'class_name': '__keras_tensor__', 'config': {'shape': [None, 30, 30, 240], 'dtype': 'float32', 'keras_history': ['block3b_dwconv', 0, 0]}}], 'kwargs': {'mask': None}}]}, {'module': 'keras.layers', 'class_name': 'Activation', 'config': {'name': 'block3b_activation', 'trainable': False, 'dtype': {'module': 'keras', 'class_name': 'DTypePolicy', 'config': {'name': 'float32'}, 'registered_name': None}, 'activation': 'silu'}, 'registered_name': None, 'name': 'block3b_activation', 'inbound_nodes': [{'args': [{'class_name': '__keras_tensor__', 'config': {'shape': [None, 30, 30, 240], 'dtype': 'float32', 'keras_history': ['block3b_bn', 0, 0]}}], 'kwargs': {}}]}, {'module': 'keras.layers', 'class_name': 'GlobalAveragePooling2D', 'config': {'name': 'block3b_se_squeeze', 'trainable': False, 'dtype': {'module': 'keras', 'class_name': 'DTypePolicy', 'config': {'name': 'float32'}, 'registered_name': None}, 'data_format': 'channels_last', 'keepdims': False}, 'registered_name': None, 'name': 'block3b_se_squeeze', 'inbound_nodes': [{'args': [{'class_name': '__keras_tensor__', 'config': {'shape': [None, 30, 30, 240], 'dtype': 'float32', 'keras_history': ['block3b_activation', 0, 0]}}], 'kwargs': {}}]}, {'module': 'keras.layers', 'class_name': 'Reshape', 'config': {'name': 'block3b_se_reshape', 'trainable': False, 'dtype': {'module': 'keras', 'class_name': 'DTypePolicy', 'config': {'name': 'float32'}, 'registered_name': None}, 'target_shape': [1, 1, 240]}, 'registered_name': None, 'name': 'block3b_se_reshape', 'inbound_nodes': [{'args': [{'class_name': '__keras_tensor__', 'config': {'shape': [None, 240], 'dtype': 'float32', 'keras_history': ['block3b_se_squeeze', 0, 0]}}], 'kwargs': {}}]}, {'module': 'keras.layers', 'class_name': 'Conv2D', 'config': {'name': 'block3b_se_reduce', 'trainable': False, 'dtype': {'module': 'keras', 'class_name': 'DTypePolicy', 'config': {'name': 'float32'}, 'registered_name': None}, 'filters': 10, 'kernel_size': [1, 1], 'strides': [1, 1], 'padding': 'same', 'data_format': 'channels_last', 'dilation_rate': [1, 1], 'groups': 1, 'activation': 'silu', 'use_bias': True, 'kernel_initializer': {'module': 'keras.initializers', 'class_name': 'VarianceScaling', 'config': {'seed': None, 'scale': 2.0, 'mode': 'fan_out', 'distribution': 'truncated_normal'}, 'registered_name': None}, 'bias_initializer': {'module': 'keras.initializers', 'class_name': 'Zeros', 'config': {}, 'registered_name': None}, 'kernel_regularizer': None, 'bias_regularizer': None, 'activity_regularizer': None, 'kernel_constraint': None, 'bias_constraint': None}, 'registered_name': None, 'build_config': {'input_shape': [None, 1, 1, 240]}, 'name': 'block3b_se_reduce', 'inbound_nodes': [{'args': [{'class_name': '__keras_tensor__', 'config': {'shape': [None, 1, 1, 240], 'dtype': 'float32', 'keras_history': ['block3b_se_reshape', 0, 0]}}], 'kwargs': {}}]}, {'module': 'keras.layers', 'class_name': 'Conv2D', 'config': {'name': 'block3b_se_expand', 'trainable': False, 'dtype': {'module': 'keras', 'class_name': 'DTypePolicy', 'config': {'name': 'float32'}, 'registered_name': None}, 'filters': 240, 'kernel_size': [1, 1], 'strides': [1, 1], 'padding': 'same', 'data_format': 'channels_last', 'dilation_rate': [1, 1], 'groups': 1, 'activation': 'sigmoid', 'use_bias': True, 'kernel_initializer': {'module': 'keras.initializers', 'class_name': 'VarianceScaling', 'config': {'seed': None, 'scale': 2.0, 'mode': 'fan_out', 'distribution': 'truncated_normal'}, 'registered_name': None}, 'bias_initializer': {'module': 'keras.initializers', 'class_name': 'Zeros', 'config': {}, 'registered_name': None}, 'kernel_regularizer': None, 'bias_regularizer': None, 'activity_regularizer': None, 'kernel_constraint': None, 'bias_constraint': None}, 'registered_name': None, 'build_config': {'input_shape': [None, 1, 1, 10]}, 'name': 'block3b_se_expand', 'inbound_nodes': [{'args': [{'class_name': '__keras_tensor__', 'config': {'shape': [None, 1, 1, 10], 'dtype': 'float32', 'keras_history': ['block3b_se_reduce', 0, 0]}}], 'kwargs': {}}]}, {'module': 'keras.layers', 'class_name': 'Multiply', 'config': {'name': 'block3b_se_excite', 'trainable': False, 'dtype': {'module': 'keras', 'class_name': 'DTypePolicy', 'config': {'name': 'float32'}, 'registered_name': None}}, 'registered_name': None, 'build_config': {'input_shape': [[None, 30, 30, 240], [None, 1, 1, 240]]}, 'name': 'block3b_se_excite', 'inbound_nodes': [{'args': [[{'class_name': '__keras_tensor__', 'config': {'shape': [None, 30, 30, 240], 'dtype': 'float32', 'keras_history': ['block3b_activation', 0, 0]}}, {'class_name': '__keras_tensor__', 'config': {'shape': [None, 1, 1, 240], 'dtype': 'float32', 'keras_history': ['block3b_se_expand', 0, 0]}}]], 'kwargs': {}}]}, {'module': 'keras.layers', 'class_name': 'Conv2D', 'config': {'name': 'block3b_project_conv', 'trainable': False, 'dtype': {'module': 'keras', 'class_name': 'DTypePolicy', 'config': {'name': 'float32'}, 'registered_name': None}, 'filters': 40, 'kernel_size': [1, 1], 'strides': [1, 1], 'padding': 'same', 'data_format': 'channels_last', 'dilation_rate': [1, 1], 'groups': 1, 'activation': 'linear', 'use_bias': False, 'kernel_initializer': {'module': 'keras.initializers', 'class_name': 'VarianceScaling', 'config': {'seed': None, 'scale': 2.0, 'mode': 'fan_out', 'distribution': 'truncated_normal'}, 'registered_name': None}, 'bias_initializer': {'module': 'keras.initializers', 'class_name': 'Zeros', 'config': {}, 'registered_name': None}, 'kernel_regularizer': None, 'bias_regularizer': None, 'activity_regularizer': None, 'kernel_constraint': None, 'bias_constraint': None}, 'registered_name': None, 'build_config': {'input_shape': [None, 30, 30, 240]}, 'name': 'block3b_project_conv', 'inbound_nodes': [{'args': [{'class_name': '__keras_tensor__', 'config': {'shape': [None, 30, 30, 240], 'dtype': 'float32', 'keras_history': ['block3b_se_excite', 0, 0]}}], 'kwargs': {}}]}, {'module': 'keras.layers', 'class_name': 'BatchNormalization', 'config': {'name': 'block3b_project_bn', 'trainable': False, 'dtype': {'module': 'keras', 'class_name': 'DTypePolicy', 'config': {'name': 'float32'}, 'registered_name': None}, 'axis': 3, 'momentum': 0.99, 'epsilon': 0.001, 'center': True, 'scale': True, 'beta_initializer': {'module': 'keras.initializers', 'class_name': 'Zeros', 'config': {}, 'registered_name': None}, 'gamma_initializer': {'module': 'keras.initializers', 'class_name': 'Ones', 'config': {}, 'registered_name': None}, 'moving_mean_initializer': {'module': 'keras.initializers', 'class_name': 'Zeros', 'config': {}, 'registered_name': None}, 'moving_variance_initializer': {'module': 'keras.initializers', 'class_name': 'Ones', 'config': {}, 'registered_name': None}, 'beta_regularizer': None, 'gamma_regularizer': None, 'beta_constraint': None, 'gamma_constraint': None, 'synchronized': False}, 'registered_name': None, 'build_config': {'input_shape': [None, 30, 30, 40]}, 'name': 'block3b_project_bn', 'inbound_nodes': [{'args': [{'class_name': '__keras_tensor__', 'config': {'shape': [None, 30, 30, 40], 'dtype': 'float32', 'keras_history': ['block3b_project_conv', 0, 0]}}], 'kwargs': {'mask': None}}]}, {'module': 'keras.layers', 'class_name': 'Dropout', 'config': {'name': 'block3b_drop', 'trainable': False, 'dtype': {'module': 'keras', 'class_name': 'DTypePolicy', 'config': {'name': 'float32'}, 'registered_name': None}, 'rate': 0.05217391304347827, 'seed': None, 'noise_shape': [None, 1, 1, 1]}, 'registered_name': None, 'name': 'block3b_drop', 'inbound_nodes': [{'args': [{'class_name': '__keras_tensor__', 'config': {'shape': [None, 30, 30, 40], 'dtype': 'float32', 'keras_history': ['block3b_project_bn', 0, 0]}}], 'kwargs': {'training': False}}]}, {'module': 'keras.layers', 'class_name': 'Add', 'config': {'name': 'block3b_add', 'trainable': False, 'dtype': {'module': 'keras', 'class_name': 'DTypePolicy', 'config': {'name': 'float32'}, 'registered_name': None}}, 'registered_name': None, 'build_config': {'input_shape': [[None, 30, 30, 40], [None, 30, 30, 40]]}, 'name': 'block3b_add', 'inbound_nodes': [{'args': [[{'class_name': '__keras_tensor__', 'config': {'shape': [None, 30, 30, 40], 'dtype': 'float32', 'keras_history': ['block3b_drop', 0, 0]}}, {'class_name': '__keras_tensor__', 'config': {'shape': [None, 30, 30, 40], 'dtype': 'float32', 'keras_history': ['block3a_project_bn', 0, 0]}}]], 'kwargs': {}}]}, {'module': 'keras.layers', 'class_name': 'Conv2D', 'config': {'name': 'block3c_expand_conv', 'trainable': False, 'dtype': {'module': 'keras', 'class_name': 'DTypePolicy', 'config': {'name': 'float32'}, 'registered_name': None}, 'filters': 240, 'kernel_size': [1, 1], 'strides': [1, 1], 'padding': 'same', 'data_format': 'channels_last', 'dilation_rate': [1, 1], 'groups': 1, 'activation': 'linear', 'use_bias': False, 'kernel_initializer': {'module': 'keras.initializers', 'class_name': 'VarianceScaling', 'config': {'seed': None, 'scale': 2.0, 'mode': 'fan_out', 'distribution': 'truncated_normal'}, 'registered_name': None}, 'bias_initializer': {'module': 'keras.initializers', 'class_name': 'Zeros', 'config': {}, 'registered_name': None}, 'kernel_regularizer': None, 'bias_regularizer': None, 'activity_regularizer': None, 'kernel_constraint': None, 'bias_constraint': None}, 'registered_name': None, 'build_config': {'input_shape': [None, 30, 30, 40]}, 'name': 'block3c_expand_conv', 'inbound_nodes': [{'args': [{'class_name': '__keras_tensor__', 'config': {'shape': [None, 30, 30, 40], 'dtype': 'float32', 'keras_history': ['block3b_add', 0, 0]}}], 'kwargs': {}}]}, {'module': 'keras.layers', 'class_name': 'BatchNormalization', 'config': {'name': 'block3c_expand_bn', 'trainable': False, 'dtype': {'module': 'keras', 'class_name': 'DTypePolicy', 'config': {'name': 'float32'}, 'registered_name': None}, 'axis': 3, 'momentum': 0.99, 'epsilon': 0.001, 'center': True, 'scale': True, 'beta_initializer': {'module': 'keras.initializers', 'class_name': 'Zeros', 'config': {}, 'registered_name': None}, 'gamma_initializer': {'module': 'keras.initializers', 'class_name': 'Ones', 'config': {}, 'registered_name': None}, 'moving_mean_initializer': {'module': 'keras.initializers', 'class_name': 'Zeros', 'config': {}, 'registered_name': None}, 'moving_variance_initializer': {'module': 'keras.initializers', 'class_name': 'Ones', 'config': {}, 'registered_name': None}, 'beta_regularizer': None, 'gamma_regularizer': None, 'beta_constraint': None, 'gamma_constraint': None, 'synchronized': False}, 'registered_name': None, 'build_config': {'input_shape': [None, 30, 30, 240]}, 'name': 'block3c_expand_bn', 'inbound_nodes': [{'args': [{'class_name': '__keras_tensor__', 'config': {'shape': [None, 30, 30, 240], 'dtype': 'float32', 'keras_history': ['block3c_expand_conv', 0, 0]}}], 'kwargs': {'mask': None}}]}, {'module': 'keras.layers', 'class_name': 'Activation', 'config': {'name': 'block3c_expand_activation', 'trainable': False, 'dtype': {'module': 'keras', 'class_name': 'DTypePolicy', 'config': {'name': 'float32'}, 'registered_name': None}, 'activation': 'silu'}, 'registered_name': None, 'name': 'block3c_expand_activation', 'inbound_nodes': [{'args': [{'class_name': '__keras_tensor__', 'config': {'shape': [None, 30, 30, 240], 'dtype': 'float32', 'keras_history': ['block3c_expand_bn', 0, 0]}}], 'kwargs': {}}]}, {'module': 'keras.layers', 'class_name': 'DepthwiseConv2D', 'config': {'name': 'block3c_dwconv', 'trainable': False, 'dtype': {'module': 'keras', 'class_name': 'DTypePolicy', 'config': {'name': 'float32'}, 'registered_name': None}, 'depth_multiplier': 1, 'kernel_size': [5, 5], 'strides': [1, 1], 'padding': 'same', 'data_format': 'channels_last', 'dilation_rate': [1, 1], 'activation': 'linear', 'use_bias': False, 'depthwise_initializer': {'module': 'keras.initializers', 'class_name': 'VarianceScaling', 'config': {'seed': None, 'scale': 2.0, 'mode': 'fan_out', 'distribution': 'truncated_normal'}, 'registered_name': None}, 'bias_initializer': {'module': 'keras.initializers', 'class_name': 'Zeros', 'config': {}, 'registered_name': None}, 'depthwise_regularizer': None, 'bias_regularizer': None, 'activity_regularizer': None, 'depthwise_constraint': None, 'bias_constraint': None}, 'registered_name': None, 'build_config': {'input_shape': [None, 30, 30, 240]}, 'name': 'block3c_dwconv', 'inbound_nodes': [{'args': [{'class_name': '__keras_tensor__', 'config': {'shape': [None, 30, 30, 240], 'dtype': 'float32', 'keras_history': ['block3c_expand_activation', 0, 0]}}], 'kwargs': {}}]}, {'module': 'keras.layers', 'class_name': 'BatchNormalization', 'config': {'name': 'block3c_bn', 'trainable': False, 'dtype': {'module': 'keras', 'class_name': 'DTypePolicy', 'config': {'name': 'float32'}, 'registered_name': None}, 'axis': 3, 'momentum': 0.99, 'epsilon': 0.001, 'center': True, 'scale': True, 'beta_initializer': {'module': 'keras.initializers', 'class_name': 'Zeros', 'config': {}, 'registered_name': None}, 'gamma_initializer': {'module': 'keras.initializers', 'class_name': 'Ones', 'config': {}, 'registered_name': None}, 'moving_mean_initializer': {'module': 'keras.initializers', 'class_name': 'Zeros', 'config': {}, 'registered_name': None}, 'moving_variance_initializer': {'module': 'keras.initializers', 'class_name': 'Ones', 'config': {}, 'registered_name': None}, 'beta_regularizer': None, 'gamma_regularizer': None, 'beta_constraint': None, 'gamma_constraint': None, 'synchronized': False}, 'registered_name': None, 'build_config': {'input_shape': [None, 30, 30, 240]}, 'name': 'block3c_bn', 'inbound_nodes': [{'args': [{'class_name': '__keras_tensor__', 'config': {'shape': [None, 30, 30, 240], 'dtype': 'float32', 'keras_history': ['block3c_dwconv', 0, 0]}}], 'kwargs': {'mask': None}}]}, {'module': 'keras.layers', 'class_name': 'Activation', 'config': {'name': 'block3c_activation', 'trainable': False, 'dtype': {'module': 'keras', 'class_name': 'DTypePolicy', 'config': {'name': 'float32'}, 'registered_name': None}, 'activation': 'silu'}, 'registered_name': None, 'name': 'block3c_activation', 'inbound_nodes': [{'args': [{'class_name': '__keras_tensor__', 'config': {'shape': [None, 30, 30, 240], 'dtype': 'float32', 'keras_history': ['block3c_bn', 0, 0]}}], 'kwargs': {}}]}, {'module': 'keras.layers', 'class_name': 'GlobalAveragePooling2D', 'config': {'name': 'block3c_se_squeeze', 'trainable': False, 'dtype': {'module': 'keras', 'class_name': 'DTypePolicy', 'config': {'name': 'float32'}, 'registered_name': None}, 'data_format': 'channels_last', 'keepdims': False}, 'registered_name': None, 'name': 'block3c_se_squeeze', 'inbound_nodes': [{'args': [{'class_name': '__keras_tensor__', 'config': {'shape': [None, 30, 30, 240], 'dtype': 'float32', 'keras_history': ['block3c_activation', 0, 0]}}], 'kwargs': {}}]}, {'module': 'keras.layers', 'class_name': 'Reshape', 'config': {'name': 'block3c_se_reshape', 'trainable': False, 'dtype': {'module': 'keras', 'class_name': 'DTypePolicy', 'config': {'name': 'float32'}, 'registered_name': None}, 'target_shape': [1, 1, 240]}, 'registered_name': None, 'name': 'block3c_se_reshape', 'inbound_nodes': [{'args': [{'class_name': '__keras_tensor__', 'config': {'shape': [None, 240], 'dtype': 'float32', 'keras_history': ['block3c_se_squeeze', 0, 0]}}], 'kwargs': {}}]}, {'module': 'keras.layers', 'class_name': 'Conv2D', 'config': {'name': 'block3c_se_reduce', 'trainable': False, 'dtype': {'module': 'keras', 'class_name': 'DTypePolicy', 'config': {'name': 'float32'}, 'registered_name': None}, 'filters': 10, 'kernel_size': [1, 1], 'strides': [1, 1], 'padding': 'same', 'data_format': 'channels_last', 'dilation_rate': [1, 1], 'groups': 1, 'activation': 'silu', 'use_bias': True, 'kernel_initializer': {'module': 'keras.initializers', 'class_name': 'VarianceScaling', 'config': {'seed': None, 'scale': 2.0, 'mode': 'fan_out', 'distribution': 'truncated_normal'}, 'registered_name': None}, 'bias_initializer': {'module': 'keras.initializers', 'class_name': 'Zeros', 'config': {}, 'registered_name': None}, 'kernel_regularizer': None, 'bias_regularizer': None, 'activity_regularizer': None, 'kernel_constraint': None, 'bias_constraint': None}, 'registered_name': None, 'build_config': {'input_shape': [None, 1, 1, 240]}, 'name': 'block3c_se_reduce', 'inbound_nodes': [{'args': [{'class_name': '__keras_tensor__', 'config': {'shape': [None, 1, 1, 240], 'dtype': 'float32', 'keras_history': ['block3c_se_reshape', 0, 0]}}], 'kwargs': {}}]}, {'module': 'keras.layers', 'class_name': 'Conv2D', 'config': {'name': 'block3c_se_expand', 'trainable': False, 'dtype': {'module': 'keras', 'class_name': 'DTypePolicy', 'config': {'name': 'float32'}, 'registered_name': None}, 'filters': 240, 'kernel_size': [1, 1], 'strides': [1, 1], 'padding': 'same', 'data_format': 'channels_last', 'dilation_rate': [1, 1], 'groups': 1, 'activation': 'sigmoid', 'use_bias': True, 'kernel_initializer': {'module': 'keras.initializers', 'class_name': 'VarianceScaling', 'config': {'seed': None, 'scale': 2.0, 'mode': 'fan_out', 'distribution': 'truncated_normal'}, 'registered_name': None}, 'bias_initializer': {'module': 'keras.initializers', 'class_name': 'Zeros', 'config': {}, 'registered_name': None}, 'kernel_regularizer': None, 'bias_regularizer': None, 'activity_regularizer': None, 'kernel_constraint': None, 'bias_constraint': None}, 'registered_name': None, 'build_config': {'input_shape': [None, 1, 1, 10]}, 'name': 'block3c_se_expand', 'inbound_nodes': [{'args': [{'class_name': '__keras_tensor__', 'config': {'shape': [None, 1, 1, 10], 'dtype': 'float32', 'keras_history': ['block3c_se_reduce', 0, 0]}}], 'kwargs': {}}]}, {'module': 'keras.layers', 'class_name': 'Multiply', 'config': {'name': 'block3c_se_excite', 'trainable': False, 'dtype': {'module': 'keras', 'class_name': 'DTypePolicy', 'config': {'name': 'float32'}, 'registered_name': None}}, 'registered_name': None, 'build_config': {'input_shape': [[None, 30, 30, 240], [None, 1, 1, 240]]}, 'name': 'block3c_se_excite', 'inbound_nodes': [{'args': [[{'class_name': '__keras_tensor__', 'config': {'shape': [None, 30, 30, 240], 'dtype': 'float32', 'keras_history': ['block3c_activation', 0, 0]}}, {'class_name': '__keras_tensor__', 'config': {'shape': [None, 1, 1, 240], 'dtype': 'float32', 'keras_history': ['block3c_se_expand', 0, 0]}}]], 'kwargs': {}}]}, {'module': 'keras.layers', 'class_name': 'Conv2D', 'config': {'name': 'block3c_project_conv', 'trainable': False, 'dtype': {'module': 'keras', 'class_name': 'DTypePolicy', 'config': {'name': 'float32'}, 'registered_name': None}, 'filters': 40, 'kernel_size': [1, 1], 'strides': [1, 1], 'padding': 'same', 'data_format': 'channels_last', 'dilation_rate': [1, 1], 'groups': 1, 'activation': 'linear', 'use_bias': False, 'kernel_initializer': {'module': 'keras.initializers', 'class_name': 'VarianceScaling', 'config': {'seed': None, 'scale': 2.0, 'mode': 'fan_out', 'distribution': 'truncated_normal'}, 'registered_name': None}, 'bias_initializer': {'module': 'keras.initializers', 'class_name': 'Zeros', 'config': {}, 'registered_name': None}, 'kernel_regularizer': None, 'bias_regularizer': None, 'activity_regularizer': None, 'kernel_constraint': None, 'bias_constraint': None}, 'registered_name': None, 'build_config': {'input_shape': [None, 30, 30, 240]}, 'name': 'block3c_project_conv', 'inbound_nodes': [{'args': [{'class_name': '__keras_tensor__', 'config': {'shape': [None, 30, 30, 240], 'dtype': 'float32', 'keras_history': ['block3c_se_excite', 0, 0]}}], 'kwargs': {}}]}, {'module': 'keras.layers', 'class_name': 'BatchNormalization', 'config': {'name': 'block3c_project_bn', 'trainable': False, 'dtype': {'module': 'keras', 'class_name': 'DTypePolicy', 'config': {'name': 'float32'}, 'registered_name': None}, 'axis': 3, 'momentum': 0.99, 'epsilon': 0.001, 'center': True, 'scale': True, 'beta_initializer': {'module': 'keras.initializers', 'class_name': 'Zeros', 'config': {}, 'registered_name': None}, 'gamma_initializer': {'module': 'keras.initializers', 'class_name': 'Ones', 'config': {}, 'registered_name': None}, 'moving_mean_initializer': {'module': 'keras.initializers', 'class_name': 'Zeros', 'config': {}, 'registered_name': None}, 'moving_variance_initializer': {'module': 'keras.initializers', 'class_name': 'Ones', 'config': {}, 'registered_name': None}, 'beta_regularizer': None, 'gamma_regularizer': None, 'beta_constraint': None, 'gamma_constraint': None, 'synchronized': False}, 'registered_name': None, 'build_config': {'input_shape': [None, 30, 30, 40]}, 'name': 'block3c_project_bn', 'inbound_nodes': [{'args': [{'class_name': '__keras_tensor__', 'config': {'shape': [None, 30, 30, 40], 'dtype': 'float32', 'keras_history': ['block3c_project_conv', 0, 0]}}], 'kwargs': {'mask': None}}]}, {'module': 'keras.layers', 'class_name': 'Dropout', 'config': {'name': 'block3c_drop', 'trainable': False, 'dtype': {'module': 'keras', 'class_name': 'DTypePolicy', 'config': {'name': 'float32'}, 'registered_name': None}, 'rate': 0.06086956521739131, 'seed': None, 'noise_shape': [None, 1, 1, 1]}, 'registered_name': None, 'name': 'block3c_drop', 'inbound_nodes': [{'args': [{'class_name': '__keras_tensor__', 'config': {'shape': [None, 30, 30, 40], 'dtype': 'float32', 'keras_history': ['block3c_project_bn', 0, 0]}}], 'kwargs': {'training': False}}]}, {'module': 'keras.layers', 'class_name': 'Add', 'config': {'name': 'block3c_add', 'trainable': False, 'dtype': {'module': 'keras', 'class_name': 'DTypePolicy', 'config': {'name': 'float32'}, 'registered_name': None}}, 'registered_name': None, 'build_config': {'input_shape': [[None, 30, 30, 40], [None, 30, 30, 40]]}, 'name': 'block3c_add', 'inbound_nodes': [{'args': [[{'class_name': '__keras_tensor__', 'config': {'shape': [None, 30, 30, 40], 'dtype': 'float32', 'keras_history': ['block3c_drop', 0, 0]}}, {'class_name': '__keras_tensor__', 'config': {'shape': [None, 30, 30, 40], 'dtype': 'float32', 'keras_history': ['block3b_add', 0, 0]}}]], 'kwargs': {}}]}, {'module': 'keras.layers', 'class_name': 'Conv2D', 'config': {'name': 'block4a_expand_conv', 'trainable': False, 'dtype': {'module': 'keras', 'class_name': 'DTypePolicy', 'config': {'name': 'float32'}, 'registered_name': None}, 'filters': 240, 'kernel_size': [1, 1], 'strides': [1, 1], 'padding': 'same', 'data_format': 'channels_last', 'dilation_rate': [1, 1], 'groups': 1, 'activation': 'linear', 'use_bias': False, 'kernel_initializer': {'module': 'keras.initializers', 'class_name': 'VarianceScaling', 'config': {'seed': None, 'scale': 2.0, 'mode': 'fan_out', 'distribution': 'truncated_normal'}, 'registered_name': None}, 'bias_initializer': {'module': 'keras.initializers', 'class_name': 'Zeros', 'config': {}, 'registered_name': None}, 'kernel_regularizer': None, 'bias_regularizer': None, 'activity_regularizer': None, 'kernel_constraint': None, 'bias_constraint': None}, 'registered_name': None, 'build_config': {'input_shape': [None, 30, 30, 40]}, 'name': 'block4a_expand_conv', 'inbound_nodes': [{'args': [{'class_name': '__keras_tensor__', 'config': {'shape': [None, 30, 30, 40], 'dtype': 'float32', 'keras_history': ['block3c_add', 0, 0]}}], 'kwargs': {}}]}, {'module': 'keras.layers', 'class_name': 'BatchNormalization', 'config': {'name': 'block4a_expand_bn', 'trainable': False, 'dtype': {'module': 'keras', 'class_name': 'DTypePolicy', 'config': {'name': 'float32'}, 'registered_name': None}, 'axis': 3, 'momentum': 0.99, 'epsilon': 0.001, 'center': True, 'scale': True, 'beta_initializer': {'module': 'keras.initializers', 'class_name': 'Zeros', 'config': {}, 'registered_name': None}, 'gamma_initializer': {'module': 'keras.initializers', 'class_name': 'Ones', 'config': {}, 'registered_name': None}, 'moving_mean_initializer': {'module': 'keras.initializers', 'class_name': 'Zeros', 'config': {}, 'registered_name': None}, 'moving_variance_initializer': {'module': 'keras.initializers', 'class_name': 'Ones', 'config': {}, 'registered_name': None}, 'beta_regularizer': None, 'gamma_regularizer': None, 'beta_constraint': None, 'gamma_constraint': None, 'synchronized': False}, 'registered_name': None, 'build_config': {'input_shape': [None, 30, 30, 240]}, 'name': 'block4a_expand_bn', 'inbound_nodes': [{'args': [{'class_name': '__keras_tensor__', 'config': {'shape': [None, 30, 30, 240], 'dtype': 'float32', 'keras_history': ['block4a_expand_conv', 0, 0]}}], 'kwargs': {'mask': None}}]}, {'module': 'keras.layers', 'class_name': 'Activation', 'config': {'name': 'block4a_expand_activation', 'trainable': False, 'dtype': {'module': 'keras', 'class_name': 'DTypePolicy', 'config': {'name': 'float32'}, 'registered_name': None}, 'activation': 'silu'}, 'registered_name': None, 'name': 'block4a_expand_activation', 'inbound_nodes': [{'args': [{'class_name': '__keras_tensor__', 'config': {'shape': [None, 30, 30, 240], 'dtype': 'float32', 'keras_history': ['block4a_expand_bn', 0, 0]}}], 'kwargs': {}}]}, {'module': 'keras.layers', 'class_name': 'ZeroPadding2D', 'config': {'name': 'block4a_dwconv_pad', 'trainable': False, 'dtype': {'module': 'keras', 'class_name': 'DTypePolicy', 'config': {'name': 'float32'}, 'registered_name': None}, 'padding': [[0, 1], [0, 1]], 'data_format': 'channels_last'}, 'registered_name': None, 'build_config': {'input_shape': [None, 30, 30, 240]}, 'name': 'block4a_dwconv_pad', 'inbound_nodes': [{'args': [{'class_name': '__keras_tensor__', 'config': {'shape': [None, 30, 30, 240], 'dtype': 'float32', 'keras_history': ['block4a_expand_activation', 0, 0]}}], 'kwargs': {}}]}, {'module': 'keras.layers', 'class_name': 'DepthwiseConv2D', 'config': {'name': 'block4a_dwconv', 'trainable': False, 'dtype': {'module': 'keras', 'class_name': 'DTypePolicy', 'config': {'name': 'float32'}, 'registered_name': None}, 'depth_multiplier': 1, 'kernel_size': [3, 3], 'strides': [2, 2], 'padding': 'valid', 'data_format': 'channels_last', 'dilation_rate': [1, 1], 'activation': 'linear', 'use_bias': False, 'depthwise_initializer': {'module': 'keras.initializers', 'class_name': 'VarianceScaling', 'config': {'seed': None, 'scale': 2.0, 'mode': 'fan_out', 'distribution': 'truncated_normal'}, 'registered_name': None}, 'bias_initializer': {'module': 'keras.initializers', 'class_name': 'Zeros', 'config': {}, 'registered_name': None}, 'depthwise_regularizer': None, 'bias_regularizer': None, 'activity_regularizer': None, 'depthwise_constraint': None, 'bias_constraint': None}, 'registered_name': None, 'build_config': {'input_shape': [None, 31, 31, 240]}, 'name': 'block4a_dwconv', 'inbound_nodes': [{'args': [{'class_name': '__keras_tensor__', 'config': {'shape': [None, 31, 31, 240], 'dtype': 'float32', 'keras_history': ['block4a_dwconv_pad', 0, 0]}}], 'kwargs': {}}]}, {'module': 'keras.layers', 'class_name': 'BatchNormalization', 'config': {'name': 'block4a_bn', 'trainable': False, 'dtype': {'module': 'keras', 'class_name': 'DTypePolicy', 'config': {'name': 'float32'}, 'registered_name': None}, 'axis': 3, 'momentum': 0.99, 'epsilon': 0.001, 'center': True, 'scale': True, 'beta_initializer': {'module': 'keras.initializers', 'class_name': 'Zeros', 'config': {}, 'registered_name': None}, 'gamma_initializer': {'module': 'keras.initializers', 'class_name': 'Ones', 'config': {}, 'registered_name': None}, 'moving_mean_initializer': {'module': 'keras.initializers', 'class_name': 'Zeros', 'config': {}, 'registered_name': None}, 'moving_variance_initializer': {'module': 'keras.initializers', 'class_name': 'Ones', 'config': {}, 'registered_name': None}, 'beta_regularizer': None, 'gamma_regularizer': None, 'beta_constraint': None, 'gamma_constraint': None, 'synchronized': False}, 'registered_name': None, 'build_config': {'input_shape': [None, 15, 15, 240]}, 'name': 'block4a_bn', 'inbound_nodes': [{'args': [{'class_name': '__keras_tensor__', 'config': {'shape': [None, 15, 15, 240], 'dtype': 'float32', 'keras_history': ['block4a_dwconv', 0, 0]}}], 'kwargs': {'mask': None}}]}, {'module': 'keras.layers', 'class_name': 'Activation', 'config': {'name': 'block4a_activation', 'trainable': False, 'dtype': {'module': 'keras', 'class_name': 'DTypePolicy', 'config': {'name': 'float32'}, 'registered_name': None}, 'activation': 'silu'}, 'registered_name': None, 'name': 'block4a_activation', 'inbound_nodes': [{'args': [{'class_name': '__keras_tensor__', 'config': {'shape': [None, 15, 15, 240], 'dtype': 'float32', 'keras_history': ['block4a_bn', 0, 0]}}], 'kwargs': {}}]}, {'module': 'keras.layers', 'class_name': 'GlobalAveragePooling2D', 'config': {'name': 'block4a_se_squeeze', 'trainable': False, 'dtype': {'module': 'keras', 'class_name': 'DTypePolicy', 'config': {'name': 'float32'}, 'registered_name': None}, 'data_format': 'channels_last', 'keepdims': False}, 'registered_name': None, 'name': 'block4a_se_squeeze', 'inbound_nodes': [{'args': [{'class_name': '__keras_tensor__', 'config': {'shape': [None, 15, 15, 240], 'dtype': 'float32', 'keras_history': ['block4a_activation', 0, 0]}}], 'kwargs': {}}]}, {'module': 'keras.layers', 'class_name': 'Reshape', 'config': {'name': 'block4a_se_reshape', 'trainable': False, 'dtype': {'module': 'keras', 'class_name': 'DTypePolicy', 'config': {'name': 'float32'}, 'registered_name': None}, 'target_shape': [1, 1, 240]}, 'registered_name': None, 'name': 'block4a_se_reshape', 'inbound_nodes': [{'args': [{'class_name': '__keras_tensor__', 'config': {'shape': [None, 240], 'dtype': 'float32', 'keras_history': ['block4a_se_squeeze', 0, 0]}}], 'kwargs': {}}]}, {'module': 'keras.layers', 'class_name': 'Conv2D', 'config': {'name': 'block4a_se_reduce', 'trainable': False, 'dtype': {'module': 'keras', 'class_name': 'DTypePolicy', 'config': {'name': 'float32'}, 'registered_name': None}, 'filters': 10, 'kernel_size': [1, 1], 'strides': [1, 1], 'padding': 'same', 'data_format': 'channels_last', 'dilation_rate': [1, 1], 'groups': 1, 'activation': 'silu', 'use_bias': True, 'kernel_initializer': {'module': 'keras.initializers', 'class_name': 'VarianceScaling', 'config': {'seed': None, 'scale': 2.0, 'mode': 'fan_out', 'distribution': 'truncated_normal'}, 'registered_name': None}, 'bias_initializer': {'module': 'keras.initializers', 'class_name': 'Zeros', 'config': {}, 'registered_name': None}, 'kernel_regularizer': None, 'bias_regularizer': None, 'activity_regularizer': None, 'kernel_constraint': None, 'bias_constraint': None}, 'registered_name': None, 'build_config': {'input_shape': [None, 1, 1, 240]}, 'name': 'block4a_se_reduce', 'inbound_nodes': [{'args': [{'class_name': '__keras_tensor__', 'config': {'shape': [None, 1, 1, 240], 'dtype': 'float32', 'keras_history': ['block4a_se_reshape', 0, 0]}}], 'kwargs': {}}]}, {'module': 'keras.layers', 'class_name': 'Conv2D', 'config': {'name': 'block4a_se_expand', 'trainable': False, 'dtype': {'module': 'keras', 'class_name': 'DTypePolicy', 'config': {'name': 'float32'}, 'registered_name': None}, 'filters': 240, 'kernel_size': [1, 1], 'strides': [1, 1], 'padding': 'same', 'data_format': 'channels_last', 'dilation_rate': [1, 1], 'groups': 1, 'activation': 'sigmoid', 'use_bias': True, 'kernel_initializer': {'module': 'keras.initializers', 'class_name': 'VarianceScaling', 'config': {'seed': None, 'scale': 2.0, 'mode': 'fan_out', 'distribution': 'truncated_normal'}, 'registered_name': None}, 'bias_initializer': {'module': 'keras.initializers', 'class_name': 'Zeros', 'config': {}, 'registered_name': None}, 'kernel_regularizer': None, 'bias_regularizer': None, 'activity_regularizer': None, 'kernel_constraint': None, 'bias_constraint': None}, 'registered_name': None, 'build_config': {'input_shape': [None, 1, 1, 10]}, 'name': 'block4a_se_expand', 'inbound_nodes': [{'args': [{'class_name': '__keras_tensor__', 'config': {'shape': [None, 1, 1, 10], 'dtype': 'float32', 'keras_history': ['block4a_se_reduce', 0, 0]}}], 'kwargs': {}}]}, {'module': 'keras.layers', 'class_name': 'Multiply', 'config': {'name': 'block4a_se_excite', 'trainable': False, 'dtype': {'module': 'keras', 'class_name': 'DTypePolicy', 'config': {'name': 'float32'}, 'registered_name': None}}, 'registered_name': None, 'build_config': {'input_shape': [[None, 15, 15, 240], [None, 1, 1, 240]]}, 'name': 'block4a_se_excite', 'inbound_nodes': [{'args': [[{'class_name': '__keras_tensor__', 'config': {'shape': [None, 15, 15, 240], 'dtype': 'float32', 'keras_history': ['block4a_activation', 0, 0]}}, {'class_name': '__keras_tensor__', 'config': {'shape': [None, 1, 1, 240], 'dtype': 'float32', 'keras_history': ['block4a_se_expand', 0, 0]}}]], 'kwargs': {}}]}, {'module': 'keras.layers', 'class_name': 'Conv2D', 'config': {'name': 'block4a_project_conv', 'trainable': False, 'dtype': {'module': 'keras', 'class_name': 'DTypePolicy', 'config': {'name': 'float32'}, 'registered_name': None}, 'filters': 80, 'kernel_size': [1, 1], 'strides': [1, 1], 'padding': 'same', 'data_format': 'channels_last', 'dilation_rate': [1, 1], 'groups': 1, 'activation': 'linear', 'use_bias': False, 'kernel_initializer': {'module': 'keras.initializers', 'class_name': 'VarianceScaling', 'config': {'seed': None, 'scale': 2.0, 'mode': 'fan_out', 'distribution': 'truncated_normal'}, 'registered_name': None}, 'bias_initializer': {'module': 'keras.initializers', 'class_name': 'Zeros', 'config': {}, 'registered_name': None}, 'kernel_regularizer': None, 'bias_regularizer': None, 'activity_regularizer': None, 'kernel_constraint': None, 'bias_constraint': None}, 'registered_name': None, 'build_config': {'input_shape': [None, 15, 15, 240]}, 'name': 'block4a_project_conv', 'inbound_nodes': [{'args': [{'class_name': '__keras_tensor__', 'config': {'shape': [None, 15, 15, 240], 'dtype': 'float32', 'keras_history': ['block4a_se_excite', 0, 0]}}], 'kwargs': {}}]}, {'module': 'keras.layers', 'class_name': 'BatchNormalization', 'config': {'name': 'block4a_project_bn', 'trainable': False, 'dtype': {'module': 'keras', 'class_name': 'DTypePolicy', 'config': {'name': 'float32'}, 'registered_name': None}, 'axis': 3, 'momentum': 0.99, 'epsilon': 0.001, 'center': True, 'scale': True, 'beta_initializer': {'module': 'keras.initializers', 'class_name': 'Zeros', 'config': {}, 'registered_name': None}, 'gamma_initializer': {'module': 'keras.initializers', 'class_name': 'Ones', 'config': {}, 'registered_name': None}, 'moving_mean_initializer': {'module': 'keras.initializers', 'class_name': 'Zeros', 'config': {}, 'registered_name': None}, 'moving_variance_initializer': {'module': 'keras.initializers', 'class_name': 'Ones', 'config': {}, 'registered_name': None}, 'beta_regularizer': None, 'gamma_regularizer': None, 'beta_constraint': None, 'gamma_constraint': None, 'synchronized': False}, 'registered_name': None, 'build_config': {'input_shape': [None, 15, 15, 80]}, 'name': 'block4a_project_bn', 'inbound_nodes': [{'args': [{'class_name': '__keras_tensor__', 'config': {'shape': [None, 15, 15, 80], 'dtype': 'float32', 'keras_history': ['block4a_project_conv', 0, 0]}}], 'kwargs': {'mask': None}}]}, {'module': 'keras.layers', 'class_name': 'Conv2D', 'config': {'name': 'block4b_expand_conv', 'trainable': False, 'dtype': {'module': 'keras', 'class_name': 'DTypePolicy', 'config': {'name': 'float32'}, 'registered_name': None}, 'filters': 480, 'kernel_size': [1, 1], 'strides': [1, 1], 'padding': 'same', 'data_format': 'channels_last', 'dilation_rate': [1, 1], 'groups': 1, 'activation': 'linear', 'use_bias': False, 'kernel_initializer': {'module': 'keras.initializers', 'class_name': 'VarianceScaling', 'config': {'seed': None, 'scale': 2.0, 'mode': 'fan_out', 'distribution': 'truncated_normal'}, 'registered_name': None}, 'bias_initializer': {'module': 'keras.initializers', 'class_name': 'Zeros', 'config': {}, 'registered_name': None}, 'kernel_regularizer': None, 'bias_regularizer': None, 'activity_regularizer': None, 'kernel_constraint': None, 'bias_constraint': None}, 'registered_name': None, 'build_config': {'input_shape': [None, 15, 15, 80]}, 'name': 'block4b_expand_conv', 'inbound_nodes': [{'args': [{'class_name': '__keras_tensor__', 'config': {'shape': [None, 15, 15, 80], 'dtype': 'float32', 'keras_history': ['block4a_project_bn', 0, 0]}}], 'kwargs': {}}]}, {'module': 'keras.layers', 'class_name': 'BatchNormalization', 'config': {'name': 'block4b_expand_bn', 'trainable': False, 'dtype': {'module': 'keras', 'class_name': 'DTypePolicy', 'config': {'name': 'float32'}, 'registered_name': None}, 'axis': 3, 'momentum': 0.99, 'epsilon': 0.001, 'center': True, 'scale': True, 'beta_initializer': {'module': 'keras.initializers', 'class_name': 'Zeros', 'config': {}, 'registered_name': None}, 'gamma_initializer': {'module': 'keras.initializers', 'class_name': 'Ones', 'config': {}, 'registered_name': None}, 'moving_mean_initializer': {'module': 'keras.initializers', 'class_name': 'Zeros', 'config': {}, 'registered_name': None}, 'moving_variance_initializer': {'module': 'keras.initializers', 'class_name': 'Ones', 'config': {}, 'registered_name': None}, 'beta_regularizer': None, 'gamma_regularizer': None, 'beta_constraint': None, 'gamma_constraint': None, 'synchronized': False}, 'registered_name': None, 'build_config': {'input_shape': [None, 15, 15, 480]}, 'name': 'block4b_expand_bn', 'inbound_nodes': [{'args': [{'class_name': '__keras_tensor__', 'config': {'shape': [None, 15, 15, 480], 'dtype': 'float32', 'keras_history': ['block4b_expand_conv', 0, 0]}}], 'kwargs': {'mask': None}}]}, {'module': 'keras.layers', 'class_name': 'Activation', 'config': {'name': 'block4b_expand_activation', 'trainable': False, 'dtype': {'module': 'keras', 'class_name': 'DTypePolicy', 'config': {'name': 'float32'}, 'registered_name': None}, 'activation': 'silu'}, 'registered_name': None, 'name': 'block4b_expand_activation', 'inbound_nodes': [{'args': [{'class_name': '__keras_tensor__', 'config': {'shape': [None, 15, 15, 480], 'dtype': 'float32', 'keras_history': ['block4b_expand_bn', 0, 0]}}], 'kwargs': {}}]}, {'module': 'keras.layers', 'class_name': 'DepthwiseConv2D', 'config': {'name': 'block4b_dwconv', 'trainable': False, 'dtype': {'module': 'keras', 'class_name': 'DTypePolicy', 'config': {'name': 'float32'}, 'registered_name': None}, 'depth_multiplier': 1, 'kernel_size': [3, 3], 'strides': [1, 1], 'padding': 'same', 'data_format': 'channels_last', 'dilation_rate': [1, 1], 'activation': 'linear', 'use_bias': False, 'depthwise_initializer': {'module': 'keras.initializers', 'class_name': 'VarianceScaling', 'config': {'seed': None, 'scale': 2.0, 'mode': 'fan_out', 'distribution': 'truncated_normal'}, 'registered_name': None}, 'bias_initializer': {'module': 'keras.initializers', 'class_name': 'Zeros', 'config': {}, 'registered_name': None}, 'depthwise_regularizer': None, 'bias_regularizer': None, 'activity_regularizer': None, 'depthwise_constraint': None, 'bias_constraint': None}, 'registered_name': None, 'build_config': {'input_shape': [None, 15, 15, 480]}, 'name': 'block4b_dwconv', 'inbound_nodes': [{'args': [{'class_name': '__keras_tensor__', 'config': {'shape': [None, 15, 15, 480], 'dtype': 'float32', 'keras_history': ['block4b_expand_activation', 0, 0]}}], 'kwargs': {}}]}, {'module': 'keras.layers', 'class_name': 'BatchNormalization', 'config': {'name': 'block4b_bn', 'trainable': False, 'dtype': {'module': 'keras', 'class_name': 'DTypePolicy', 'config': {'name': 'float32'}, 'registered_name': None}, 'axis': 3, 'momentum': 0.99, 'epsilon': 0.001, 'center': True, 'scale': True, 'beta_initializer': {'module': 'keras.initializers', 'class_name': 'Zeros', 'config': {}, 'registered_name': None}, 'gamma_initializer': {'module': 'keras.initializers', 'class_name': 'Ones', 'config': {}, 'registered_name': None}, 'moving_mean_initializer': {'module': 'keras.initializers', 'class_name': 'Zeros', 'config': {}, 'registered_name': None}, 'moving_variance_initializer': {'module': 'keras.initializers', 'class_name': 'Ones', 'config': {}, 'registered_name': None}, 'beta_regularizer': None, 'gamma_regularizer': None, 'beta_constraint': None, 'gamma_constraint': None, 'synchronized': False}, 'registered_name': None, 'build_config': {'input_shape': [None, 15, 15, 480]}, 'name': 'block4b_bn', 'inbound_nodes': [{'args': [{'class_name': '__keras_tensor__', 'config': {'shape': [None, 15, 15, 480], 'dtype': 'float32', 'keras_history': ['block4b_dwconv', 0, 0]}}], 'kwargs': {'mask': None}}]}, {'module': 'keras.layers', 'class_name': 'Activation', 'config': {'name': 'block4b_activation', 'trainable': False, 'dtype': {'module': 'keras', 'class_name': 'DTypePolicy', 'config': {'name': 'float32'}, 'registered_name': None}, 'activation': 'silu'}, 'registered_name': None, 'name': 'block4b_activation', 'inbound_nodes': [{'args': [{'class_name': '__keras_tensor__', 'config': {'shape': [None, 15, 15, 480], 'dtype': 'float32', 'keras_history': ['block4b_bn', 0, 0]}}], 'kwargs': {}}]}, {'module': 'keras.layers', 'class_name': 'GlobalAveragePooling2D', 'config': {'name': 'block4b_se_squeeze', 'trainable': False, 'dtype': {'module': 'keras', 'class_name': 'DTypePolicy', 'config': {'name': 'float32'}, 'registered_name': None}, 'data_format': 'channels_last', 'keepdims': False}, 'registered_name': None, 'name': 'block4b_se_squeeze', 'inbound_nodes': [{'args': [{'class_name': '__keras_tensor__', 'config': {'shape': [None, 15, 15, 480], 'dtype': 'float32', 'keras_history': ['block4b_activation', 0, 0]}}], 'kwargs': {}}]}, {'module': 'keras.layers', 'class_name': 'Reshape', 'config': {'name': 'block4b_se_reshape', 'trainable': False, 'dtype': {'module': 'keras', 'class_name': 'DTypePolicy', 'config': {'name': 'float32'}, 'registered_name': None}, 'target_shape': [1, 1, 480]}, 'registered_name': None, 'name': 'block4b_se_reshape', 'inbound_nodes': [{'args': [{'class_name': '__keras_tensor__', 'config': {'shape': [None, 480], 'dtype': 'float32', 'keras_history': ['block4b_se_squeeze', 0, 0]}}], 'kwargs': {}}]}, {'module': 'keras.layers', 'class_name': 'Conv2D', 'config': {'name': 'block4b_se_reduce', 'trainable': False, 'dtype': {'module': 'keras', 'class_name': 'DTypePolicy', 'config': {'name': 'float32'}, 'registered_name': None}, 'filters': 20, 'kernel_size': [1, 1], 'strides': [1, 1], 'padding': 'same', 'data_format': 'channels_last', 'dilation_rate': [1, 1], 'groups': 1, 'activation': 'silu', 'use_bias': True, 'kernel_initializer': {'module': 'keras.initializers', 'class_name': 'VarianceScaling', 'config': {'seed': None, 'scale': 2.0, 'mode': 'fan_out', 'distribution': 'truncated_normal'}, 'registered_name': None}, 'bias_initializer': {'module': 'keras.initializers', 'class_name': 'Zeros', 'config': {}, 'registered_name': None}, 'kernel_regularizer': None, 'bias_regularizer': None, 'activity_regularizer': None, 'kernel_constraint': None, 'bias_constraint': None}, 'registered_name': None, 'build_config': {'input_shape': [None, 1, 1, 480]}, 'name': 'block4b_se_reduce', 'inbound_nodes': [{'args': [{'class_name': '__keras_tensor__', 'config': {'shape': [None, 1, 1, 480], 'dtype': 'float32', 'keras_history': ['block4b_se_reshape', 0, 0]}}], 'kwargs': {}}]}, {'module': 'keras.layers', 'class_name': 'Conv2D', 'config': {'name': 'block4b_se_expand', 'trainable': False, 'dtype': {'module': 'keras', 'class_name': 'DTypePolicy', 'config': {'name': 'float32'}, 'registered_name': None}, 'filters': 480, 'kernel_size': [1, 1], 'strides': [1, 1], 'padding': 'same', 'data_format': 'channels_last', 'dilation_rate': [1, 1], 'groups': 1, 'activation': 'sigmoid', 'use_bias': True, 'kernel_initializer': {'module': 'keras.initializers', 'class_name': 'VarianceScaling', 'config': {'seed': None, 'scale': 2.0, 'mode': 'fan_out', 'distribution': 'truncated_normal'}, 'registered_name': None}, 'bias_initializer': {'module': 'keras.initializers', 'class_name': 'Zeros', 'config': {}, 'registered_name': None}, 'kernel_regularizer': None, 'bias_regularizer': None, 'activity_regularizer': None, 'kernel_constraint': None, 'bias_constraint': None}, 'registered_name': None, 'build_config': {'input_shape': [None, 1, 1, 20]}, 'name': 'block4b_se_expand', 'inbound_nodes': [{'args': [{'class_name': '__keras_tensor__', 'config': {'shape': [None, 1, 1, 20], 'dtype': 'float32', 'keras_history': ['block4b_se_reduce', 0, 0]}}], 'kwargs': {}}]}, {'module': 'keras.layers', 'class_name': 'Multiply', 'config': {'name': 'block4b_se_excite', 'trainable': False, 'dtype': {'module': 'keras', 'class_name': 'DTypePolicy', 'config': {'name': 'float32'}, 'registered_name': None}}, 'registered_name': None, 'build_config': {'input_shape': [[None, 15, 15, 480], [None, 1, 1, 480]]}, 'name': 'block4b_se_excite', 'inbound_nodes': [{'args': [[{'class_name': '__keras_tensor__', 'config': {'shape': [None, 15, 15, 480], 'dtype': 'float32', 'keras_history': ['block4b_activation', 0, 0]}}, {'class_name': '__keras_tensor__', 'config': {'shape': [None, 1, 1, 480], 'dtype': 'float32', 'keras_history': ['block4b_se_expand', 0, 0]}}]], 'kwargs': {}}]}, {'module': 'keras.layers', 'class_name': 'Conv2D', 'config': {'name': 'block4b_project_conv', 'trainable': False, 'dtype': {'module': 'keras', 'class_name': 'DTypePolicy', 'config': {'name': 'float32'}, 'registered_name': None}, 'filters': 80, 'kernel_size': [1, 1], 'strides': [1, 1], 'padding': 'same', 'data_format': 'channels_last', 'dilation_rate': [1, 1], 'groups': 1, 'activation': 'linear', 'use_bias': False, 'kernel_initializer': {'module': 'keras.initializers', 'class_name': 'VarianceScaling', 'config': {'seed': None, 'scale': 2.0, 'mode': 'fan_out', 'distribution': 'truncated_normal'}, 'registered_name': None}, 'bias_initializer': {'module': 'keras.initializers', 'class_name': 'Zeros', 'config': {}, 'registered_name': None}, 'kernel_regularizer': None, 'bias_regularizer': None, 'activity_regularizer': None, 'kernel_constraint': None, 'bias_constraint': None}, 'registered_name': None, 'build_config': {'input_shape': [None, 15, 15, 480]}, 'name': 'block4b_project_conv', 'inbound_nodes': [{'args': [{'class_name': '__keras_tensor__', 'config': {'shape': [None, 15, 15, 480], 'dtype': 'float32', 'keras_history': ['block4b_se_excite', 0, 0]}}], 'kwargs': {}}]}, {'module': 'keras.layers', 'class_name': 'BatchNormalization', 'config': {'name': 'block4b_project_bn', 'trainable': False, 'dtype': {'module': 'keras', 'class_name': 'DTypePolicy', 'config': {'name': 'float32'}, 'registered_name': None}, 'axis': 3, 'momentum': 0.99, 'epsilon': 0.001, 'center': True, 'scale': True, 'beta_initializer': {'module': 'keras.initializers', 'class_name': 'Zeros', 'config': {}, 'registered_name': None}, 'gamma_initializer': {'module': 'keras.initializers', 'class_name': 'Ones', 'config': {}, 'registered_name': None}, 'moving_mean_initializer': {'module': 'keras.initializers', 'class_name': 'Zeros', 'config': {}, 'registered_name': None}, 'moving_variance_initializer': {'module': 'keras.initializers', 'class_name': 'Ones', 'config': {}, 'registered_name': None}, 'beta_regularizer': None, 'gamma_regularizer': None, 'beta_constraint': None, 'gamma_constraint': None, 'synchronized': False}, 'registered_name': None, 'build_config': {'input_shape': [None, 15, 15, 80]}, 'name': 'block4b_project_bn', 'inbound_nodes': [{'args': [{'class_name': '__keras_tensor__', 'config': {'shape': [None, 15, 15, 80], 'dtype': 'float32', 'keras_history': ['block4b_project_conv', 0, 0]}}], 'kwargs': {'mask': None}}]}, {'module': 'keras.layers', 'class_name': 'Dropout', 'config': {'name': 'block4b_drop', 'trainable': False, 'dtype': {'module': 'keras', 'class_name': 'DTypePolicy', 'config': {'name': 'float32'}, 'registered_name': None}, 'rate': 0.0782608695652174, 'seed': None, 'noise_shape': [None, 1, 1, 1]}, 'registered_name': None, 'name': 'block4b_drop', 'inbound_nodes': [{'args': [{'class_name': '__keras_tensor__', 'config': {'shape': [None, 15, 15, 80], 'dtype': 'float32', 'keras_history': ['block4b_project_bn', 0, 0]}}], 'kwargs': {'training': False}}]}, {'module': 'keras.layers', 'class_name': 'Add', 'config': {'name': 'block4b_add', 'trainable': False, 'dtype': {'module': 'keras', 'class_name': 'DTypePolicy', 'config': {'name': 'float32'}, 'registered_name': None}}, 'registered_name': None, 'build_config': {'input_shape': [[None, 15, 15, 80], [None, 15, 15, 80]]}, 'name': 'block4b_add', 'inbound_nodes': [{'args': [[{'class_name': '__keras_tensor__', 'config': {'shape': [None, 15, 15, 80], 'dtype': 'float32', 'keras_history': ['block4b_drop', 0, 0]}}, {'class_name': '__keras_tensor__', 'config': {'shape': [None, 15, 15, 80], 'dtype': 'float32', 'keras_history': ['block4a_project_bn', 0, 0]}}]], 'kwargs': {}}]}, {'module': 'keras.layers', 'class_name': 'Conv2D', 'config': {'name': 'block4c_expand_conv', 'trainable': False, 'dtype': {'module': 'keras', 'class_name': 'DTypePolicy', 'config': {'name': 'float32'}, 'registered_name': None}, 'filters': 480, 'kernel_size': [1, 1], 'strides': [1, 1], 'padding': 'same', 'data_format': 'channels_last', 'dilation_rate': [1, 1], 'groups': 1, 'activation': 'linear', 'use_bias': False, 'kernel_initializer': {'module': 'keras.initializers', 'class_name': 'VarianceScaling', 'config': {'seed': None, 'scale': 2.0, 'mode': 'fan_out', 'distribution': 'truncated_normal'}, 'registered_name': None}, 'bias_initializer': {'module': 'keras.initializers', 'class_name': 'Zeros', 'config': {}, 'registered_name': None}, 'kernel_regularizer': None, 'bias_regularizer': None, 'activity_regularizer': None, 'kernel_constraint': None, 'bias_constraint': None}, 'registered_name': None, 'build_config': {'input_shape': [None, 15, 15, 80]}, 'name': 'block4c_expand_conv', 'inbound_nodes': [{'args': [{'class_name': '__keras_tensor__', 'config': {'shape': [None, 15, 15, 80], 'dtype': 'float32', 'keras_history': ['block4b_add', 0, 0]}}], 'kwargs': {}}]}, {'module': 'keras.layers', 'class_name': 'BatchNormalization', 'config': {'name': 'block4c_expand_bn', 'trainable': False, 'dtype': {'module': 'keras', 'class_name': 'DTypePolicy', 'config': {'name': 'float32'}, 'registered_name': None}, 'axis': 3, 'momentum': 0.99, 'epsilon': 0.001, 'center': True, 'scale': True, 'beta_initializer': {'module': 'keras.initializers', 'class_name': 'Zeros', 'config': {}, 'registered_name': None}, 'gamma_initializer': {'module': 'keras.initializers', 'class_name': 'Ones', 'config': {}, 'registered_name': None}, 'moving_mean_initializer': {'module': 'keras.initializers', 'class_name': 'Zeros', 'config': {}, 'registered_name': None}, 'moving_variance_initializer': {'module': 'keras.initializers', 'class_name': 'Ones', 'config': {}, 'registered_name': None}, 'beta_regularizer': None, 'gamma_regularizer': None, 'beta_constraint': None, 'gamma_constraint': None, 'synchronized': False}, 'registered_name': None, 'build_config': {'input_shape': [None, 15, 15, 480]}, 'name': 'block4c_expand_bn', 'inbound_nodes': [{'args': [{'class_name': '__keras_tensor__', 'config': {'shape': [None, 15, 15, 480], 'dtype': 'float32', 'keras_history': ['block4c_expand_conv', 0, 0]}}], 'kwargs': {'mask': None}}]}, {'module': 'keras.layers', 'class_name': 'Activation', 'config': {'name': 'block4c_expand_activation', 'trainable': False, 'dtype': {'module': 'keras', 'class_name': 'DTypePolicy', 'config': {'name': 'float32'}, 'registered_name': None}, 'activation': 'silu'}, 'registered_name': None, 'name': 'block4c_expand_activation', 'inbound_nodes': [{'args': [{'class_name': '__keras_tensor__', 'config': {'shape': [None, 15, 15, 480], 'dtype': 'float32', 'keras_history': ['block4c_expand_bn', 0, 0]}}], 'kwargs': {}}]}, {'module': 'keras.layers', 'class_name': 'DepthwiseConv2D', 'config': {'name': 'block4c_dwconv', 'trainable': False, 'dtype': {'module': 'keras', 'class_name': 'DTypePolicy', 'config': {'name': 'float32'}, 'registered_name': None}, 'depth_multiplier': 1, 'kernel_size': [3, 3], 'strides': [1, 1], 'padding': 'same', 'data_format': 'channels_last', 'dilation_rate': [1, 1], 'activation': 'linear', 'use_bias': False, 'depthwise_initializer': {'module': 'keras.initializers', 'class_name': 'VarianceScaling', 'config': {'seed': None, 'scale': 2.0, 'mode': 'fan_out', 'distribution': 'truncated_normal'}, 'registered_name': None}, 'bias_initializer': {'module': 'keras.initializers', 'class_name': 'Zeros', 'config': {}, 'registered_name': None}, 'depthwise_regularizer': None, 'bias_regularizer': None, 'activity_regularizer': None, 'depthwise_constraint': None, 'bias_constraint': None}, 'registered_name': None, 'build_config': {'input_shape': [None, 15, 15, 480]}, 'name': 'block4c_dwconv', 'inbound_nodes': [{'args': [{'class_name': '__keras_tensor__', 'config': {'shape': [None, 15, 15, 480], 'dtype': 'float32', 'keras_history': ['block4c_expand_activation', 0, 0]}}], 'kwargs': {}}]}, {'module': 'keras.layers', 'class_name': 'BatchNormalization', 'config': {'name': 'block4c_bn', 'trainable': False, 'dtype': {'module': 'keras', 'class_name': 'DTypePolicy', 'config': {'name': 'float32'}, 'registered_name': None}, 'axis': 3, 'momentum': 0.99, 'epsilon': 0.001, 'center': True, 'scale': True, 'beta_initializer': {'module': 'keras.initializers', 'class_name': 'Zeros', 'config': {}, 'registered_name': None}, 'gamma_initializer': {'module': 'keras.initializers', 'class_name': 'Ones', 'config': {}, 'registered_name': None}, 'moving_mean_initializer': {'module': 'keras.initializers', 'class_name': 'Zeros', 'config': {}, 'registered_name': None}, 'moving_variance_initializer': {'module': 'keras.initializers', 'class_name': 'Ones', 'config': {}, 'registered_name': None}, 'beta_regularizer': None, 'gamma_regularizer': None, 'beta_constraint': None, 'gamma_constraint': None, 'synchronized': False}, 'registered_name': None, 'build_config': {'input_shape': [None, 15, 15, 480]}, 'name': 'block4c_bn', 'inbound_nodes': [{'args': [{'class_name': '__keras_tensor__', 'config': {'shape': [None, 15, 15, 480], 'dtype': 'float32', 'keras_history': ['block4c_dwconv', 0, 0]}}], 'kwargs': {'mask': None}}]}, {'module': 'keras.layers', 'class_name': 'Activation', 'config': {'name': 'block4c_activation', 'trainable': False, 'dtype': {'module': 'keras', 'class_name': 'DTypePolicy', 'config': {'name': 'float32'}, 'registered_name': None}, 'activation': 'silu'}, 'registered_name': None, 'name': 'block4c_activation', 'inbound_nodes': [{'args': [{'class_name': '__keras_tensor__', 'config': {'shape': [None, 15, 15, 480], 'dtype': 'float32', 'keras_history': ['block4c_bn', 0, 0]}}], 'kwargs': {}}]}, {'module': 'keras.layers', 'class_name': 'GlobalAveragePooling2D', 'config': {'name': 'block4c_se_squeeze', 'trainable': False, 'dtype': {'module': 'keras', 'class_name': 'DTypePolicy', 'config': {'name': 'float32'}, 'registered_name': None}, 'data_format': 'channels_last', 'keepdims': False}, 'registered_name': None, 'name': 'block4c_se_squeeze', 'inbound_nodes': [{'args': [{'class_name': '__keras_tensor__', 'config': {'shape': [None, 15, 15, 480], 'dtype': 'float32', 'keras_history': ['block4c_activation', 0, 0]}}], 'kwargs': {}}]}, {'module': 'keras.layers', 'class_name': 'Reshape', 'config': {'name': 'block4c_se_reshape', 'trainable': False, 'dtype': {'module': 'keras', 'class_name': 'DTypePolicy', 'config': {'name': 'float32'}, 'registered_name': None}, 'target_shape': [1, 1, 480]}, 'registered_name': None, 'name': 'block4c_se_reshape', 'inbound_nodes': [{'args': [{'class_name': '__keras_tensor__', 'config': {'shape': [None, 480], 'dtype': 'float32', 'keras_history': ['block4c_se_squeeze', 0, 0]}}], 'kwargs': {}}]}, {'module': 'keras.layers', 'class_name': 'Conv2D', 'config': {'name': 'block4c_se_reduce', 'trainable': False, 'dtype': {'module': 'keras', 'class_name': 'DTypePolicy', 'config': {'name': 'float32'}, 'registered_name': None}, 'filters': 20, 'kernel_size': [1, 1], 'strides': [1, 1], 'padding': 'same', 'data_format': 'channels_last', 'dilation_rate': [1, 1], 'groups': 1, 'activation': 'silu', 'use_bias': True, 'kernel_initializer': {'module': 'keras.initializers', 'class_name': 'VarianceScaling', 'config': {'seed': None, 'scale': 2.0, 'mode': 'fan_out', 'distribution': 'truncated_normal'}, 'registered_name': None}, 'bias_initializer': {'module': 'keras.initializers', 'class_name': 'Zeros', 'config': {}, 'registered_name': None}, 'kernel_regularizer': None, 'bias_regularizer': None, 'activity_regularizer': None, 'kernel_constraint': None, 'bias_constraint': None}, 'registered_name': None, 'build_config': {'input_shape': [None, 1, 1, 480]}, 'name': 'block4c_se_reduce', 'inbound_nodes': [{'args': [{'class_name': '__keras_tensor__', 'config': {'shape': [None, 1, 1, 480], 'dtype': 'float32', 'keras_history': ['block4c_se_reshape', 0, 0]}}], 'kwargs': {}}]}, {'module': 'keras.layers', 'class_name': 'Conv2D', 'config': {'name': 'block4c_se_expand', 'trainable': False, 'dtype': {'module': 'keras', 'class_name': 'DTypePolicy', 'config': {'name': 'float32'}, 'registered_name': None}, 'filters': 480, 'kernel_size': [1, 1], 'strides': [1, 1], 'padding': 'same', 'data_format': 'channels_last', 'dilation_rate': [1, 1], 'groups': 1, 'activation': 'sigmoid', 'use_bias': True, 'kernel_initializer': {'module': 'keras.initializers', 'class_name': 'VarianceScaling', 'config': {'seed': None, 'scale': 2.0, 'mode': 'fan_out', 'distribution': 'truncated_normal'}, 'registered_name': None}, 'bias_initializer': {'module': 'keras.initializers', 'class_name': 'Zeros', 'config': {}, 'registered_name': None}, 'kernel_regularizer': None, 'bias_regularizer': None, 'activity_regularizer': None, 'kernel_constraint': None, 'bias_constraint': None}, 'registered_name': None, 'build_config': {'input_shape': [None, 1, 1, 20]}, 'name': 'block4c_se_expand', 'inbound_nodes': [{'args': [{'class_name': '__keras_tensor__', 'config': {'shape': [None, 1, 1, 20], 'dtype': 'float32', 'keras_history': ['block4c_se_reduce', 0, 0]}}], 'kwargs': {}}]}, {'module': 'keras.layers', 'class_name': 'Multiply', 'config': {'name': 'block4c_se_excite', 'trainable': False, 'dtype': {'module': 'keras', 'class_name': 'DTypePolicy', 'config': {'name': 'float32'}, 'registered_name': None}}, 'registered_name': None, 'build_config': {'input_shape': [[None, 15, 15, 480], [None, 1, 1, 480]]}, 'name': 'block4c_se_excite', 'inbound_nodes': [{'args': [[{'class_name': '__keras_tensor__', 'config': {'shape': [None, 15, 15, 480], 'dtype': 'float32', 'keras_history': ['block4c_activation', 0, 0]}}, {'class_name': '__keras_tensor__', 'config': {'shape': [None, 1, 1, 480], 'dtype': 'float32', 'keras_history': ['block4c_se_expand', 0, 0]}}]], 'kwargs': {}}]}, {'module': 'keras.layers', 'class_name': 'Conv2D', 'config': {'name': 'block4c_project_conv', 'trainable': False, 'dtype': {'module': 'keras', 'class_name': 'DTypePolicy', 'config': {'name': 'float32'}, 'registered_name': None}, 'filters': 80, 'kernel_size': [1, 1], 'strides': [1, 1], 'padding': 'same', 'data_format': 'channels_last', 'dilation_rate': [1, 1], 'groups': 1, 'activation': 'linear', 'use_bias': False, 'kernel_initializer': {'module': 'keras.initializers', 'class_name': 'VarianceScaling', 'config': {'seed': None, 'scale': 2.0, 'mode': 'fan_out', 'distribution': 'truncated_normal'}, 'registered_name': None}, 'bias_initializer': {'module': 'keras.initializers', 'class_name': 'Zeros', 'config': {}, 'registered_name': None}, 'kernel_regularizer': None, 'bias_regularizer': None, 'activity_regularizer': None, 'kernel_constraint': None, 'bias_constraint': None}, 'registered_name': None, 'build_config': {'input_shape': [None, 15, 15, 480]}, 'name': 'block4c_project_conv', 'inbound_nodes': [{'args': [{'class_name': '__keras_tensor__', 'config': {'shape': [None, 15, 15, 480], 'dtype': 'float32', 'keras_history': ['block4c_se_excite', 0, 0]}}], 'kwargs': {}}]}, {'module': 'keras.layers', 'class_name': 'BatchNormalization', 'config': {'name': 'block4c_project_bn', 'trainable': False, 'dtype': {'module': 'keras', 'class_name': 'DTypePolicy', 'config': {'name': 'float32'}, 'registered_name': None}, 'axis': 3, 'momentum': 0.99, 'epsilon': 0.001, 'center': True, 'scale': True, 'beta_initializer': {'module': 'keras.initializers', 'class_name': 'Zeros', 'config': {}, 'registered_name': None}, 'gamma_initializer': {'module': 'keras.initializers', 'class_name': 'Ones', 'config': {}, 'registered_name': None}, 'moving_mean_initializer': {'module': 'keras.initializers', 'class_name': 'Zeros', 'config': {}, 'registered_name': None}, 'moving_variance_initializer': {'module': 'keras.initializers', 'class_name': 'Ones', 'config': {}, 'registered_name': None}, 'beta_regularizer': None, 'gamma_regularizer': None, 'beta_constraint': None, 'gamma_constraint': None, 'synchronized': False}, 'registered_name': None, 'build_config': {'input_shape': [None, 15, 15, 80]}, 'name': 'block4c_project_bn', 'inbound_nodes': [{'args': [{'class_name': '__keras_tensor__', 'config': {'shape': [None, 15, 15, 80], 'dtype': 'float32', 'keras_history': ['block4c_project_conv', 0, 0]}}], 'kwargs': {'mask': None}}]}, {'module': 'keras.layers', 'class_name': 'Dropout', 'config': {'name': 'block4c_drop', 'trainable': False, 'dtype': {'module': 'keras', 'class_name': 'DTypePolicy', 'config': {'name': 'float32'}, 'registered_name': None}, 'rate': 0.08695652173913043, 'seed': None, 'noise_shape': [None, 1, 1, 1]}, 'registered_name': None, 'name': 'block4c_drop', 'inbound_nodes': [{'args': [{'class_name': '__keras_tensor__', 'config': {'shape': [None, 15, 15, 80], 'dtype': 'float32', 'keras_history': ['block4c_project_bn', 0, 0]}}], 'kwargs': {'training': False}}]}, {'module': 'keras.layers', 'class_name': 'Add', 'config': {'name': 'block4c_add', 'trainable': False, 'dtype': {'module': 'keras', 'class_name': 'DTypePolicy', 'config': {'name': 'float32'}, 'registered_name': None}}, 'registered_name': None, 'build_config': {'input_shape': [[None, 15, 15, 80], [None, 15, 15, 80]]}, 'name': 'block4c_add', 'inbound_nodes': [{'args': [[{'class_name': '__keras_tensor__', 'config': {'shape': [None, 15, 15, 80], 'dtype': 'float32', 'keras_history': ['block4c_drop', 0, 0]}}, {'class_name': '__keras_tensor__', 'config': {'shape': [None, 15, 15, 80], 'dtype': 'float32', 'keras_history': ['block4b_add', 0, 0]}}]], 'kwargs': {}}]}, {'module': 'keras.layers', 'class_name': 'Conv2D', 'config': {'name': 'block4d_expand_conv', 'trainable': False, 'dtype': {'module': 'keras', 'class_name': 'DTypePolicy', 'config': {'name': 'float32'}, 'registered_name': None}, 'filters': 480, 'kernel_size': [1, 1], 'strides': [1, 1], 'padding': 'same', 'data_format': 'channels_last', 'dilation_rate': [1, 1], 'groups': 1, 'activation': 'linear', 'use_bias': False, 'kernel_initializer': {'module': 'keras.initializers', 'class_name': 'VarianceScaling', 'config': {'seed': None, 'scale': 2.0, 'mode': 'fan_out', 'distribution': 'truncated_normal'}, 'registered_name': None}, 'bias_initializer': {'module': 'keras.initializers', 'class_name': 'Zeros', 'config': {}, 'registered_name': None}, 'kernel_regularizer': None, 'bias_regularizer': None, 'activity_regularizer': None, 'kernel_constraint': None, 'bias_constraint': None}, 'registered_name': None, 'build_config': {'input_shape': [None, 15, 15, 80]}, 'name': 'block4d_expand_conv', 'inbound_nodes': [{'args': [{'class_name': '__keras_tensor__', 'config': {'shape': [None, 15, 15, 80], 'dtype': 'float32', 'keras_history': ['block4c_add', 0, 0]}}], 'kwargs': {}}]}, {'module': 'keras.layers', 'class_name': 'BatchNormalization', 'config': {'name': 'block4d_expand_bn', 'trainable': False, 'dtype': {'module': 'keras', 'class_name': 'DTypePolicy', 'config': {'name': 'float32'}, 'registered_name': None}, 'axis': 3, 'momentum': 0.99, 'epsilon': 0.001, 'center': True, 'scale': True, 'beta_initializer': {'module': 'keras.initializers', 'class_name': 'Zeros', 'config': {}, 'registered_name': None}, 'gamma_initializer': {'module': 'keras.initializers', 'class_name': 'Ones', 'config': {}, 'registered_name': None}, 'moving_mean_initializer': {'module': 'keras.initializers', 'class_name': 'Zeros', 'config': {}, 'registered_name': None}, 'moving_variance_initializer': {'module': 'keras.initializers', 'class_name': 'Ones', 'config': {}, 'registered_name': None}, 'beta_regularizer': None, 'gamma_regularizer': None, 'beta_constraint': None, 'gamma_constraint': None, 'synchronized': False}, 'registered_name': None, 'build_config': {'input_shape': [None, 15, 15, 480]}, 'name': 'block4d_expand_bn', 'inbound_nodes': [{'args': [{'class_name': '__keras_tensor__', 'config': {'shape': [None, 15, 15, 480], 'dtype': 'float32', 'keras_history': ['block4d_expand_conv', 0, 0]}}], 'kwargs': {'mask': None}}]}, {'module': 'keras.layers', 'class_name': 'Activation', 'config': {'name': 'block4d_expand_activation', 'trainable': False, 'dtype': {'module': 'keras', 'class_name': 'DTypePolicy', 'config': {'name': 'float32'}, 'registered_name': None}, 'activation': 'silu'}, 'registered_name': None, 'name': 'block4d_expand_activation', 'inbound_nodes': [{'args': [{'class_name': '__keras_tensor__', 'config': {'shape': [None, 15, 15, 480], 'dtype': 'float32', 'keras_history': ['block4d_expand_bn', 0, 0]}}], 'kwargs': {}}]}, {'module': 'keras.layers', 'class_name': 'DepthwiseConv2D', 'config': {'name': 'block4d_dwconv', 'trainable': False, 'dtype': {'module': 'keras', 'class_name': 'DTypePolicy', 'config': {'name': 'float32'}, 'registered_name': None}, 'depth_multiplier': 1, 'kernel_size': [3, 3], 'strides': [1, 1], 'padding': 'same', 'data_format': 'channels_last', 'dilation_rate': [1, 1], 'activation': 'linear', 'use_bias': False, 'depthwise_initializer': {'module': 'keras.initializers', 'class_name': 'VarianceScaling', 'config': {'seed': None, 'scale': 2.0, 'mode': 'fan_out', 'distribution': 'truncated_normal'}, 'registered_name': None}, 'bias_initializer': {'module': 'keras.initializers', 'class_name': 'Zeros', 'config': {}, 'registered_name': None}, 'depthwise_regularizer': None, 'bias_regularizer': None, 'activity_regularizer': None, 'depthwise_constraint': None, 'bias_constraint': None}, 'registered_name': None, 'build_config': {'input_shape': [None, 15, 15, 480]}, 'name': 'block4d_dwconv', 'inbound_nodes': [{'args': [{'class_name': '__keras_tensor__', 'config': {'shape': [None, 15, 15, 480], 'dtype': 'float32', 'keras_history': ['block4d_expand_activation', 0, 0]}}], 'kwargs': {}}]}, {'module': 'keras.layers', 'class_name': 'BatchNormalization', 'config': {'name': 'block4d_bn', 'trainable': False, 'dtype': {'module': 'keras', 'class_name': 'DTypePolicy', 'config': {'name': 'float32'}, 'registered_name': None}, 'axis': 3, 'momentum': 0.99, 'epsilon': 0.001, 'center': True, 'scale': True, 'beta_initializer': {'module': 'keras.initializers', 'class_name': 'Zeros', 'config': {}, 'registered_name': None}, 'gamma_initializer': {'module': 'keras.initializers', 'class_name': 'Ones', 'config': {}, 'registered_name': None}, 'moving_mean_initializer': {'module': 'keras.initializers', 'class_name': 'Zeros', 'config': {}, 'registered_name': None}, 'moving_variance_initializer': {'module': 'keras.initializers', 'class_name': 'Ones', 'config': {}, 'registered_name': None}, 'beta_regularizer': None, 'gamma_regularizer': None, 'beta_constraint': None, 'gamma_constraint': None, 'synchronized': False}, 'registered_name': None, 'build_config': {'input_shape': [None, 15, 15, 480]}, 'name': 'block4d_bn', 'inbound_nodes': [{'args': [{'class_name': '__keras_tensor__', 'config': {'shape': [None, 15, 15, 480], 'dtype': 'float32', 'keras_history': ['block4d_dwconv', 0, 0]}}], 'kwargs': {'mask': None}}]}, {'module': 'keras.layers', 'class_name': 'Activation', 'config': {'name': 'block4d_activation', 'trainable': False, 'dtype': {'module': 'keras', 'class_name': 'DTypePolicy', 'config': {'name': 'float32'}, 'registered_name': None}, 'activation': 'silu'}, 'registered_name': None, 'name': 'block4d_activation', 'inbound_nodes': [{'args': [{'class_name': '__keras_tensor__', 'config': {'shape': [None, 15, 15, 480], 'dtype': 'float32', 'keras_history': ['block4d_bn', 0, 0]}}], 'kwargs': {}}]}, {'module': 'keras.layers', 'class_name': 'GlobalAveragePooling2D', 'config': {'name': 'block4d_se_squeeze', 'trainable': False, 'dtype': {'module': 'keras', 'class_name': 'DTypePolicy', 'config': {'name': 'float32'}, 'registered_name': None}, 'data_format': 'channels_last', 'keepdims': False}, 'registered_name': None, 'name': 'block4d_se_squeeze', 'inbound_nodes': [{'args': [{'class_name': '__keras_tensor__', 'config': {'shape': [None, 15, 15, 480], 'dtype': 'float32', 'keras_history': ['block4d_activation', 0, 0]}}], 'kwargs': {}}]}, {'module': 'keras.layers', 'class_name': 'Reshape', 'config': {'name': 'block4d_se_reshape', 'trainable': False, 'dtype': {'module': 'keras', 'class_name': 'DTypePolicy', 'config': {'name': 'float32'}, 'registered_name': None}, 'target_shape': [1, 1, 480]}, 'registered_name': None, 'name': 'block4d_se_reshape', 'inbound_nodes': [{'args': [{'class_name': '__keras_tensor__', 'config': {'shape': [None, 480], 'dtype': 'float32', 'keras_history': ['block4d_se_squeeze', 0, 0]}}], 'kwargs': {}}]}, {'module': 'keras.layers', 'class_name': 'Conv2D', 'config': {'name': 'block4d_se_reduce', 'trainable': False, 'dtype': {'module': 'keras', 'class_name': 'DTypePolicy', 'config': {'name': 'float32'}, 'registered_name': None}, 'filters': 20, 'kernel_size': [1, 1], 'strides': [1, 1], 'padding': 'same', 'data_format': 'channels_last', 'dilation_rate': [1, 1], 'groups': 1, 'activation': 'silu', 'use_bias': True, 'kernel_initializer': {'module': 'keras.initializers', 'class_name': 'VarianceScaling', 'config': {'seed': None, 'scale': 2.0, 'mode': 'fan_out', 'distribution': 'truncated_normal'}, 'registered_name': None}, 'bias_initializer': {'module': 'keras.initializers', 'class_name': 'Zeros', 'config': {}, 'registered_name': None}, 'kernel_regularizer': None, 'bias_regularizer': None, 'activity_regularizer': None, 'kernel_constraint': None, 'bias_constraint': None}, 'registered_name': None, 'build_config': {'input_shape': [None, 1, 1, 480]}, 'name': 'block4d_se_reduce', 'inbound_nodes': [{'args': [{'class_name': '__keras_tensor__', 'config': {'shape': [None, 1, 1, 480], 'dtype': 'float32', 'keras_history': ['block4d_se_reshape', 0, 0]}}], 'kwargs': {}}]}, {'module': 'keras.layers', 'class_name': 'Conv2D', 'config': {'name': 'block4d_se_expand', 'trainable': False, 'dtype': {'module': 'keras', 'class_name': 'DTypePolicy', 'config': {'name': 'float32'}, 'registered_name': None}, 'filters': 480, 'kernel_size': [1, 1], 'strides': [1, 1], 'padding': 'same', 'data_format': 'channels_last', 'dilation_rate': [1, 1], 'groups': 1, 'activation': 'sigmoid', 'use_bias': True, 'kernel_initializer': {'module': 'keras.initializers', 'class_name': 'VarianceScaling', 'config': {'seed': None, 'scale': 2.0, 'mode': 'fan_out', 'distribution': 'truncated_normal'}, 'registered_name': None}, 'bias_initializer': {'module': 'keras.initializers', 'class_name': 'Zeros', 'config': {}, 'registered_name': None}, 'kernel_regularizer': None, 'bias_regularizer': None, 'activity_regularizer': None, 'kernel_constraint': None, 'bias_constraint': None}, 'registered_name': None, 'build_config': {'input_shape': [None, 1, 1, 20]}, 'name': 'block4d_se_expand', 'inbound_nodes': [{'args': [{'class_name': '__keras_tensor__', 'config': {'shape': [None, 1, 1, 20], 'dtype': 'float32', 'keras_history': ['block4d_se_reduce', 0, 0]}}], 'kwargs': {}}]}, {'module': 'keras.layers', 'class_name': 'Multiply', 'config': {'name': 'block4d_se_excite', 'trainable': False, 'dtype': {'module': 'keras', 'class_name': 'DTypePolicy', 'config': {'name': 'float32'}, 'registered_name': None}}, 'registered_name': None, 'build_config': {'input_shape': [[None, 15, 15, 480], [None, 1, 1, 480]]}, 'name': 'block4d_se_excite', 'inbound_nodes': [{'args': [[{'class_name': '__keras_tensor__', 'config': {'shape': [None, 15, 15, 480], 'dtype': 'float32', 'keras_history': ['block4d_activation', 0, 0]}}, {'class_name': '__keras_tensor__', 'config': {'shape': [None, 1, 1, 480], 'dtype': 'float32', 'keras_history': ['block4d_se_expand', 0, 0]}}]], 'kwargs': {}}]}, {'module': 'keras.layers', 'class_name': 'Conv2D', 'config': {'name': 'block4d_project_conv', 'trainable': False, 'dtype': {'module': 'keras', 'class_name': 'DTypePolicy', 'config': {'name': 'float32'}, 'registered_name': None}, 'filters': 80, 'kernel_size': [1, 1], 'strides': [1, 1], 'padding': 'same', 'data_format': 'channels_last', 'dilation_rate': [1, 1], 'groups': 1, 'activation': 'linear', 'use_bias': False, 'kernel_initializer': {'module': 'keras.initializers', 'class_name': 'VarianceScaling', 'config': {'seed': None, 'scale': 2.0, 'mode': 'fan_out', 'distribution': 'truncated_normal'}, 'registered_name': None}, 'bias_initializer': {'module': 'keras.initializers', 'class_name': 'Zeros', 'config': {}, 'registered_name': None}, 'kernel_regularizer': None, 'bias_regularizer': None, 'activity_regularizer': None, 'kernel_constraint': None, 'bias_constraint': None}, 'registered_name': None, 'build_config': {'input_shape': [None, 15, 15, 480]}, 'name': 'block4d_project_conv', 'inbound_nodes': [{'args': [{'class_name': '__keras_tensor__', 'config': {'shape': [None, 15, 15, 480], 'dtype': 'float32', 'keras_history': ['block4d_se_excite', 0, 0]}}], 'kwargs': {}}]}, {'module': 'keras.layers', 'class_name': 'BatchNormalization', 'config': {'name': 'block4d_project_bn', 'trainable': False, 'dtype': {'module': 'keras', 'class_name': 'DTypePolicy', 'config': {'name': 'float32'}, 'registered_name': None}, 'axis': 3, 'momentum': 0.99, 'epsilon': 0.001, 'center': True, 'scale': True, 'beta_initializer': {'module': 'keras.initializers', 'class_name': 'Zeros', 'config': {}, 'registered_name': None}, 'gamma_initializer': {'module': 'keras.initializers', 'class_name': 'Ones', 'config': {}, 'registered_name': None}, 'moving_mean_initializer': {'module': 'keras.initializers', 'class_name': 'Zeros', 'config': {}, 'registered_name': None}, 'moving_variance_initializer': {'module': 'keras.initializers', 'class_name': 'Ones', 'config': {}, 'registered_name': None}, 'beta_regularizer': None, 'gamma_regularizer': None, 'beta_constraint': None, 'gamma_constraint': None, 'synchronized': False}, 'registered_name': None, 'build_config': {'input_shape': [None, 15, 15, 80]}, 'name': 'block4d_project_bn', 'inbound_nodes': [{'args': [{'class_name': '__keras_tensor__', 'config': {'shape': [None, 15, 15, 80], 'dtype': 'float32', 'keras_history': ['block4d_project_conv', 0, 0]}}], 'kwargs': {'mask': None}}]}, {'module': 'keras.layers', 'class_name': 'Dropout', 'config': {'name': 'block4d_drop', 'trainable': False, 'dtype': {'module': 'keras', 'class_name': 'DTypePolicy', 'config': {'name': 'float32'}, 'registered_name': None}, 'rate': 0.09565217391304348, 'seed': None, 'noise_shape': [None, 1, 1, 1]}, 'registered_name': None, 'name': 'block4d_drop', 'inbound_nodes': [{'args': [{'class_name': '__keras_tensor__', 'config': {'shape': [None, 15, 15, 80], 'dtype': 'float32', 'keras_history': ['block4d_project_bn', 0, 0]}}], 'kwargs': {'training': False}}]}, {'module': 'keras.layers', 'class_name': 'Add', 'config': {'name': 'block4d_add', 'trainable': False, 'dtype': {'module': 'keras', 'class_name': 'DTypePolicy', 'config': {'name': 'float32'}, 'registered_name': None}}, 'registered_name': None, 'build_config': {'input_shape': [[None, 15, 15, 80], [None, 15, 15, 80]]}, 'name': 'block4d_add', 'inbound_nodes': [{'args': [[{'class_name': '__keras_tensor__', 'config': {'shape': [None, 15, 15, 80], 'dtype': 'float32', 'keras_history': ['block4d_drop', 0, 0]}}, {'class_name': '__keras_tensor__', 'config': {'shape': [None, 15, 15, 80], 'dtype': 'float32', 'keras_history': ['block4c_add', 0, 0]}}]], 'kwargs': {}}]}, {'module': 'keras.layers', 'class_name': 'Conv2D', 'config': {'name': 'block5a_expand_conv', 'trainable': False, 'dtype': {'module': 'keras', 'class_name': 'DTypePolicy', 'config': {'name': 'float32'}, 'registered_name': None}, 'filters': 480, 'kernel_size': [1, 1], 'strides': [1, 1], 'padding': 'same', 'data_format': 'channels_last', 'dilation_rate': [1, 1], 'groups': 1, 'activation': 'linear', 'use_bias': False, 'kernel_initializer': {'module': 'keras.initializers', 'class_name': 'VarianceScaling', 'config': {'seed': None, 'scale': 2.0, 'mode': 'fan_out', 'distribution': 'truncated_normal'}, 'registered_name': None}, 'bias_initializer': {'module': 'keras.initializers', 'class_name': 'Zeros', 'config': {}, 'registered_name': None}, 'kernel_regularizer': None, 'bias_regularizer': None, 'activity_regularizer': None, 'kernel_constraint': None, 'bias_constraint': None}, 'registered_name': None, 'build_config': {'input_shape': [None, 15, 15, 80]}, 'name': 'block5a_expand_conv', 'inbound_nodes': [{'args': [{'class_name': '__keras_tensor__', 'config': {'shape': [None, 15, 15, 80], 'dtype': 'float32', 'keras_history': ['block4d_add', 0, 0]}}], 'kwargs': {}}]}, {'module': 'keras.layers', 'class_name': 'BatchNormalization', 'config': {'name': 'block5a_expand_bn', 'trainable': False, 'dtype': {'module': 'keras', 'class_name': 'DTypePolicy', 'config': {'name': 'float32'}, 'registered_name': None}, 'axis': 3, 'momentum': 0.99, 'epsilon': 0.001, 'center': True, 'scale': True, 'beta_initializer': {'module': 'keras.initializers', 'class_name': 'Zeros', 'config': {}, 'registered_name': None}, 'gamma_initializer': {'module': 'keras.initializers', 'class_name': 'Ones', 'config': {}, 'registered_name': None}, 'moving_mean_initializer': {'module': 'keras.initializers', 'class_name': 'Zeros', 'config': {}, 'registered_name': None}, 'moving_variance_initializer': {'module': 'keras.initializers', 'class_name': 'Ones', 'config': {}, 'registered_name': None}, 'beta_regularizer': None, 'gamma_regularizer': None, 'beta_constraint': None, 'gamma_constraint': None, 'synchronized': False}, 'registered_name': None, 'build_config': {'input_shape': [None, 15, 15, 480]}, 'name': 'block5a_expand_bn', 'inbound_nodes': [{'args': [{'class_name': '__keras_tensor__', 'config': {'shape': [None, 15, 15, 480], 'dtype': 'float32', 'keras_history': ['block5a_expand_conv', 0, 0]}}], 'kwargs': {'mask': None}}]}, {'module': 'keras.layers', 'class_name': 'Activation', 'config': {'name': 'block5a_expand_activation', 'trainable': False, 'dtype': {'module': 'keras', 'class_name': 'DTypePolicy', 'config': {'name': 'float32'}, 'registered_name': None}, 'activation': 'silu'}, 'registered_name': None, 'name': 'block5a_expand_activation', 'inbound_nodes': [{'args': [{'class_name': '__keras_tensor__', 'config': {'shape': [None, 15, 15, 480], 'dtype': 'float32', 'keras_history': ['block5a_expand_bn', 0, 0]}}], 'kwargs': {}}]}, {'module': 'keras.layers', 'class_name': 'DepthwiseConv2D', 'config': {'name': 'block5a_dwconv', 'trainable': False, 'dtype': {'module': 'keras', 'class_name': 'DTypePolicy', 'config': {'name': 'float32'}, 'registered_name': None}, 'depth_multiplier': 1, 'kernel_size': [5, 5], 'strides': [1, 1], 'padding': 'same', 'data_format': 'channels_last', 'dilation_rate': [1, 1], 'activation': 'linear', 'use_bias': False, 'depthwise_initializer': {'module': 'keras.initializers', 'class_name': 'VarianceScaling', 'config': {'seed': None, 'scale': 2.0, 'mode': 'fan_out', 'distribution': 'truncated_normal'}, 'registered_name': None}, 'bias_initializer': {'module': 'keras.initializers', 'class_name': 'Zeros', 'config': {}, 'registered_name': None}, 'depthwise_regularizer': None, 'bias_regularizer': None, 'activity_regularizer': None, 'depthwise_constraint': None, 'bias_constraint': None}, 'registered_name': None, 'build_config': {'input_shape': [None, 15, 15, 480]}, 'name': 'block5a_dwconv', 'inbound_nodes': [{'args': [{'class_name': '__keras_tensor__', 'config': {'shape': [None, 15, 15, 480], 'dtype': 'float32', 'keras_history': ['block5a_expand_activation', 0, 0]}}], 'kwargs': {}}]}, {'module': 'keras.layers', 'class_name': 'BatchNormalization', 'config': {'name': 'block5a_bn', 'trainable': False, 'dtype': {'module': 'keras', 'class_name': 'DTypePolicy', 'config': {'name': 'float32'}, 'registered_name': None}, 'axis': 3, 'momentum': 0.99, 'epsilon': 0.001, 'center': True, 'scale': True, 'beta_initializer': {'module': 'keras.initializers', 'class_name': 'Zeros', 'config': {}, 'registered_name': None}, 'gamma_initializer': {'module': 'keras.initializers', 'class_name': 'Ones', 'config': {}, 'registered_name': None}, 'moving_mean_initializer': {'module': 'keras.initializers', 'class_name': 'Zeros', 'config': {}, 'registered_name': None}, 'moving_variance_initializer': {'module': 'keras.initializers', 'class_name': 'Ones', 'config': {}, 'registered_name': None}, 'beta_regularizer': None, 'gamma_regularizer': None, 'beta_constraint': None, 'gamma_constraint': None, 'synchronized': False}, 'registered_name': None, 'build_config': {'input_shape': [None, 15, 15, 480]}, 'name': 'block5a_bn', 'inbound_nodes': [{'args': [{'class_name': '__keras_tensor__', 'config': {'shape': [None, 15, 15, 480], 'dtype': 'float32', 'keras_history': ['block5a_dwconv', 0, 0]}}], 'kwargs': {'mask': None}}]}, {'module': 'keras.layers', 'class_name': 'Activation', 'config': {'name': 'block5a_activation', 'trainable': False, 'dtype': {'module': 'keras', 'class_name': 'DTypePolicy', 'config': {'name': 'float32'}, 'registered_name': None}, 'activation': 'silu'}, 'registered_name': None, 'name': 'block5a_activation', 'inbound_nodes': [{'args': [{'class_name': '__keras_tensor__', 'config': {'shape': [None, 15, 15, 480], 'dtype': 'float32', 'keras_history': ['block5a_bn', 0, 0]}}], 'kwargs': {}}]}, {'module': 'keras.layers', 'class_name': 'GlobalAveragePooling2D', 'config': {'name': 'block5a_se_squeeze', 'trainable': False, 'dtype': {'module': 'keras', 'class_name': 'DTypePolicy', 'config': {'name': 'float32'}, 'registered_name': None}, 'data_format': 'channels_last', 'keepdims': False}, 'registered_name': None, 'name': 'block5a_se_squeeze', 'inbound_nodes': [{'args': [{'class_name': '__keras_tensor__', 'config': {'shape': [None, 15, 15, 480], 'dtype': 'float32', 'keras_history': ['block5a_activation', 0, 0]}}], 'kwargs': {}}]}, {'module': 'keras.layers', 'class_name': 'Reshape', 'config': {'name': 'block5a_se_reshape', 'trainable': False, 'dtype': {'module': 'keras', 'class_name': 'DTypePolicy', 'config': {'name': 'float32'}, 'registered_name': None}, 'target_shape': [1, 1, 480]}, 'registered_name': None, 'name': 'block5a_se_reshape', 'inbound_nodes': [{'args': [{'class_name': '__keras_tensor__', 'config': {'shape': [None, 480], 'dtype': 'float32', 'keras_history': ['block5a_se_squeeze', 0, 0]}}], 'kwargs': {}}]}, {'module': 'keras.layers', 'class_name': 'Conv2D', 'config': {'name': 'block5a_se_reduce', 'trainable': False, 'dtype': {'module': 'keras', 'class_name': 'DTypePolicy', 'config': {'name': 'float32'}, 'registered_name': None}, 'filters': 20, 'kernel_size': [1, 1], 'strides': [1, 1], 'padding': 'same', 'data_format': 'channels_last', 'dilation_rate': [1, 1], 'groups': 1, 'activation': 'silu', 'use_bias': True, 'kernel_initializer': {'module': 'keras.initializers', 'class_name': 'VarianceScaling', 'config': {'seed': None, 'scale': 2.0, 'mode': 'fan_out', 'distribution': 'truncated_normal'}, 'registered_name': None}, 'bias_initializer': {'module': 'keras.initializers', 'class_name': 'Zeros', 'config': {}, 'registered_name': None}, 'kernel_regularizer': None, 'bias_regularizer': None, 'activity_regularizer': None, 'kernel_constraint': None, 'bias_constraint': None}, 'registered_name': None, 'build_config': {'input_shape': [None, 1, 1, 480]}, 'name': 'block5a_se_reduce', 'inbound_nodes': [{'args': [{'class_name': '__keras_tensor__', 'config': {'shape': [None, 1, 1, 480], 'dtype': 'float32', 'keras_history': ['block5a_se_reshape', 0, 0]}}], 'kwargs': {}}]}, {'module': 'keras.layers', 'class_name': 'Conv2D', 'config': {'name': 'block5a_se_expand', 'trainable': False, 'dtype': {'module': 'keras', 'class_name': 'DTypePolicy', 'config': {'name': 'float32'}, 'registered_name': None}, 'filters': 480, 'kernel_size': [1, 1], 'strides': [1, 1], 'padding': 'same', 'data_format': 'channels_last', 'dilation_rate': [1, 1], 'groups': 1, 'activation': 'sigmoid', 'use_bias': True, 'kernel_initializer': {'module': 'keras.initializers', 'class_name': 'VarianceScaling', 'config': {'seed': None, 'scale': 2.0, 'mode': 'fan_out', 'distribution': 'truncated_normal'}, 'registered_name': None}, 'bias_initializer': {'module': 'keras.initializers', 'class_name': 'Zeros', 'config': {}, 'registered_name': None}, 'kernel_regularizer': None, 'bias_regularizer': None, 'activity_regularizer': None, 'kernel_constraint': None, 'bias_constraint': None}, 'registered_name': None, 'build_config': {'input_shape': [None, 1, 1, 20]}, 'name': 'block5a_se_expand', 'inbound_nodes': [{'args': [{'class_name': '__keras_tensor__', 'config': {'shape': [None, 1, 1, 20], 'dtype': 'float32', 'keras_history': ['block5a_se_reduce', 0, 0]}}], 'kwargs': {}}]}, {'module': 'keras.layers', 'class_name': 'Multiply', 'config': {'name': 'block5a_se_excite', 'trainable': False, 'dtype': {'module': 'keras', 'class_name': 'DTypePolicy', 'config': {'name': 'float32'}, 'registered_name': None}}, 'registered_name': None, 'build_config': {'input_shape': [[None, 15, 15, 480], [None, 1, 1, 480]]}, 'name': 'block5a_se_excite', 'inbound_nodes': [{'args': [[{'class_name': '__keras_tensor__', 'config': {'shape': [None, 15, 15, 480], 'dtype': 'float32', 'keras_history': ['block5a_activation', 0, 0]}}, {'class_name': '__keras_tensor__', 'config': {'shape': [None, 1, 1, 480], 'dtype': 'float32', 'keras_history': ['block5a_se_expand', 0, 0]}}]], 'kwargs': {}}]}, {'module': 'keras.layers', 'class_name': 'Conv2D', 'config': {'name': 'block5a_project_conv', 'trainable': False, 'dtype': {'module': 'keras', 'class_name': 'DTypePolicy', 'config': {'name': 'float32'}, 'registered_name': None}, 'filters': 112, 'kernel_size': [1, 1], 'strides': [1, 1], 'padding': 'same', 'data_format': 'channels_last', 'dilation_rate': [1, 1], 'groups': 1, 'activation': 'linear', 'use_bias': False, 'kernel_initializer': {'module': 'keras.initializers', 'class_name': 'VarianceScaling', 'config': {'seed': None, 'scale': 2.0, 'mode': 'fan_out', 'distribution': 'truncated_normal'}, 'registered_name': None}, 'bias_initializer': {'module': 'keras.initializers', 'class_name': 'Zeros', 'config': {}, 'registered_name': None}, 'kernel_regularizer': None, 'bias_regularizer': None, 'activity_regularizer': None, 'kernel_constraint': None, 'bias_constraint': None}, 'registered_name': None, 'build_config': {'input_shape': [None, 15, 15, 480]}, 'name': 'block5a_project_conv', 'inbound_nodes': [{'args': [{'class_name': '__keras_tensor__', 'config': {'shape': [None, 15, 15, 480], 'dtype': 'float32', 'keras_history': ['block5a_se_excite', 0, 0]}}], 'kwargs': {}}]}, {'module': 'keras.layers', 'class_name': 'BatchNormalization', 'config': {'name': 'block5a_project_bn', 'trainable': False, 'dtype': {'module': 'keras', 'class_name': 'DTypePolicy', 'config': {'name': 'float32'}, 'registered_name': None}, 'axis': 3, 'momentum': 0.99, 'epsilon': 0.001, 'center': True, 'scale': True, 'beta_initializer': {'module': 'keras.initializers', 'class_name': 'Zeros', 'config': {}, 'registered_name': None}, 'gamma_initializer': {'module': 'keras.initializers', 'class_name': 'Ones', 'config': {}, 'registered_name': None}, 'moving_mean_initializer': {'module': 'keras.initializers', 'class_name': 'Zeros', 'config': {}, 'registered_name': None}, 'moving_variance_initializer': {'module': 'keras.initializers', 'class_name': 'Ones', 'config': {}, 'registered_name': None}, 'beta_regularizer': None, 'gamma_regularizer': None, 'beta_constraint': None, 'gamma_constraint': None, 'synchronized': False}, 'registered_name': None, 'build_config': {'input_shape': [None, 15, 15, 112]}, 'name': 'block5a_project_bn', 'inbound_nodes': [{'args': [{'class_name': '__keras_tensor__', 'config': {'shape': [None, 15, 15, 112], 'dtype': 'float32', 'keras_history': ['block5a_project_conv', 0, 0]}}], 'kwargs': {'mask': None}}]}, {'module': 'keras.layers', 'class_name': 'Conv2D', 'config': {'name': 'block5b_expand_conv', 'trainable': False, 'dtype': {'module': 'keras', 'class_name': 'DTypePolicy', 'config': {'name': 'float32'}, 'registered_name': None}, 'filters': 672, 'kernel_size': [1, 1], 'strides': [1, 1], 'padding': 'same', 'data_format': 'channels_last', 'dilation_rate': [1, 1], 'groups': 1, 'activation': 'linear', 'use_bias': False, 'kernel_initializer': {'module': 'keras.initializers', 'class_name': 'VarianceScaling', 'config': {'seed': None, 'scale': 2.0, 'mode': 'fan_out', 'distribution': 'truncated_normal'}, 'registered_name': None}, 'bias_initializer': {'module': 'keras.initializers', 'class_name': 'Zeros', 'config': {}, 'registered_name': None}, 'kernel_regularizer': None, 'bias_regularizer': None, 'activity_regularizer': None, 'kernel_constraint': None, 'bias_constraint': None}, 'registered_name': None, 'build_config': {'input_shape': [None, 15, 15, 112]}, 'name': 'block5b_expand_conv', 'inbound_nodes': [{'args': [{'class_name': '__keras_tensor__', 'config': {'shape': [None, 15, 15, 112], 'dtype': 'float32', 'keras_history': ['block5a_project_bn', 0, 0]}}], 'kwargs': {}}]}, {'module': 'keras.layers', 'class_name': 'BatchNormalization', 'config': {'name': 'block5b_expand_bn', 'trainable': False, 'dtype': {'module': 'keras', 'class_name': 'DTypePolicy', 'config': {'name': 'float32'}, 'registered_name': None}, 'axis': 3, 'momentum': 0.99, 'epsilon': 0.001, 'center': True, 'scale': True, 'beta_initializer': {'module': 'keras.initializers', 'class_name': 'Zeros', 'config': {}, 'registered_name': None}, 'gamma_initializer': {'module': 'keras.initializers', 'class_name': 'Ones', 'config': {}, 'registered_name': None}, 'moving_mean_initializer': {'module': 'keras.initializers', 'class_name': 'Zeros', 'config': {}, 'registered_name': None}, 'moving_variance_initializer': {'module': 'keras.initializers', 'class_name': 'Ones', 'config': {}, 'registered_name': None}, 'beta_regularizer': None, 'gamma_regularizer': None, 'beta_constraint': None, 'gamma_constraint': None, 'synchronized': False}, 'registered_name': None, 'build_config': {'input_shape': [None, 15, 15, 672]}, 'name': 'block5b_expand_bn', 'inbound_nodes': [{'args': [{'class_name': '__keras_tensor__', 'config': {'shape': [None, 15, 15, 672], 'dtype': 'float32', 'keras_history': ['block5b_expand_conv', 0, 0]}}], 'kwargs': {'mask': None}}]}, {'module': 'keras.layers', 'class_name': 'Activation', 'config': {'name': 'block5b_expand_activation', 'trainable': False, 'dtype': {'module': 'keras', 'class_name': 'DTypePolicy', 'config': {'name': 'float32'}, 'registered_name': None}, 'activation': 'silu'}, 'registered_name': None, 'name': 'block5b_expand_activation', 'inbound_nodes': [{'args': [{'class_name': '__keras_tensor__', 'config': {'shape': [None, 15, 15, 672], 'dtype': 'float32', 'keras_history': ['block5b_expand_bn', 0, 0]}}], 'kwargs': {}}]}, {'module': 'keras.layers', 'class_name': 'DepthwiseConv2D', 'config': {'name': 'block5b_dwconv', 'trainable': False, 'dtype': {'module': 'keras', 'class_name': 'DTypePolicy', 'config': {'name': 'float32'}, 'registered_name': None}, 'depth_multiplier': 1, 'kernel_size': [5, 5], 'strides': [1, 1], 'padding': 'same', 'data_format': 'channels_last', 'dilation_rate': [1, 1], 'activation': 'linear', 'use_bias': False, 'depthwise_initializer': {'module': 'keras.initializers', 'class_name': 'VarianceScaling', 'config': {'seed': None, 'scale': 2.0, 'mode': 'fan_out', 'distribution': 'truncated_normal'}, 'registered_name': None}, 'bias_initializer': {'module': 'keras.initializers', 'class_name': 'Zeros', 'config': {}, 'registered_name': None}, 'depthwise_regularizer': None, 'bias_regularizer': None, 'activity_regularizer': None, 'depthwise_constraint': None, 'bias_constraint': None}, 'registered_name': None, 'build_config': {'input_shape': [None, 15, 15, 672]}, 'name': 'block5b_dwconv', 'inbound_nodes': [{'args': [{'class_name': '__keras_tensor__', 'config': {'shape': [None, 15, 15, 672], 'dtype': 'float32', 'keras_history': ['block5b_expand_activation', 0, 0]}}], 'kwargs': {}}]}, {'module': 'keras.layers', 'class_name': 'BatchNormalization', 'config': {'name': 'block5b_bn', 'trainable': False, 'dtype': {'module': 'keras', 'class_name': 'DTypePolicy', 'config': {'name': 'float32'}, 'registered_name': None}, 'axis': 3, 'momentum': 0.99, 'epsilon': 0.001, 'center': True, 'scale': True, 'beta_initializer': {'module': 'keras.initializers', 'class_name': 'Zeros', 'config': {}, 'registered_name': None}, 'gamma_initializer': {'module': 'keras.initializers', 'class_name': 'Ones', 'config': {}, 'registered_name': None}, 'moving_mean_initializer': {'module': 'keras.initializers', 'class_name': 'Zeros', 'config': {}, 'registered_name': None}, 'moving_variance_initializer': {'module': 'keras.initializers', 'class_name': 'Ones', 'config': {}, 'registered_name': None}, 'beta_regularizer': None, 'gamma_regularizer': None, 'beta_constraint': None, 'gamma_constraint': None, 'synchronized': False}, 'registered_name': None, 'build_config': {'input_shape': [None, 15, 15, 672]}, 'name': 'block5b_bn', 'inbound_nodes': [{'args': [{'class_name': '__keras_tensor__', 'config': {'shape': [None, 15, 15, 672], 'dtype': 'float32', 'keras_history': ['block5b_dwconv', 0, 0]}}], 'kwargs': {'mask': None}}]}, {'module': 'keras.layers', 'class_name': 'Activation', 'config': {'name': 'block5b_activation', 'trainable': False, 'dtype': {'module': 'keras', 'class_name': 'DTypePolicy', 'config': {'name': 'float32'}, 'registered_name': None}, 'activation': 'silu'}, 'registered_name': None, 'name': 'block5b_activation', 'inbound_nodes': [{'args': [{'class_name': '__keras_tensor__', 'config': {'shape': [None, 15, 15, 672], 'dtype': 'float32', 'keras_history': ['block5b_bn', 0, 0]}}], 'kwargs': {}}]}, {'module': 'keras.layers', 'class_name': 'GlobalAveragePooling2D', 'config': {'name': 'block5b_se_squeeze', 'trainable': False, 'dtype': {'module': 'keras', 'class_name': 'DTypePolicy', 'config': {'name': 'float32'}, 'registered_name': None}, 'data_format': 'channels_last', 'keepdims': False}, 'registered_name': None, 'name': 'block5b_se_squeeze', 'inbound_nodes': [{'args': [{'class_name': '__keras_tensor__', 'config': {'shape': [None, 15, 15, 672], 'dtype': 'float32', 'keras_history': ['block5b_activation', 0, 0]}}], 'kwargs': {}}]}, {'module': 'keras.layers', 'class_name': 'Reshape', 'config': {'name': 'block5b_se_reshape', 'trainable': False, 'dtype': {'module': 'keras', 'class_name': 'DTypePolicy', 'config': {'name': 'float32'}, 'registered_name': None}, 'target_shape': [1, 1, 672]}, 'registered_name': None, 'name': 'block5b_se_reshape', 'inbound_nodes': [{'args': [{'class_name': '__keras_tensor__', 'config': {'shape': [None, 672], 'dtype': 'float32', 'keras_history': ['block5b_se_squeeze', 0, 0]}}], 'kwargs': {}}]}, {'module': 'keras.layers', 'class_name': 'Conv2D', 'config': {'name': 'block5b_se_reduce', 'trainable': False, 'dtype': {'module': 'keras', 'class_name': 'DTypePolicy', 'config': {'name': 'float32'}, 'registered_name': None}, 'filters': 28, 'kernel_size': [1, 1], 'strides': [1, 1], 'padding': 'same', 'data_format': 'channels_last', 'dilation_rate': [1, 1], 'groups': 1, 'activation': 'silu', 'use_bias': True, 'kernel_initializer': {'module': 'keras.initializers', 'class_name': 'VarianceScaling', 'config': {'seed': None, 'scale': 2.0, 'mode': 'fan_out', 'distribution': 'truncated_normal'}, 'registered_name': None}, 'bias_initializer': {'module': 'keras.initializers', 'class_name': 'Zeros', 'config': {}, 'registered_name': None}, 'kernel_regularizer': None, 'bias_regularizer': None, 'activity_regularizer': None, 'kernel_constraint': None, 'bias_constraint': None}, 'registered_name': None, 'build_config': {'input_shape': [None, 1, 1, 672]}, 'name': 'block5b_se_reduce', 'inbound_nodes': [{'args': [{'class_name': '__keras_tensor__', 'config': {'shape': [None, 1, 1, 672], 'dtype': 'float32', 'keras_history': ['block5b_se_reshape', 0, 0]}}], 'kwargs': {}}]}, {'module': 'keras.layers', 'class_name': 'Conv2D', 'config': {'name': 'block5b_se_expand', 'trainable': False, 'dtype': {'module': 'keras', 'class_name': 'DTypePolicy', 'config': {'name': 'float32'}, 'registered_name': None}, 'filters': 672, 'kernel_size': [1, 1], 'strides': [1, 1], 'padding': 'same', 'data_format': 'channels_last', 'dilation_rate': [1, 1], 'groups': 1, 'activation': 'sigmoid', 'use_bias': True, 'kernel_initializer': {'module': 'keras.initializers', 'class_name': 'VarianceScaling', 'config': {'seed': None, 'scale': 2.0, 'mode': 'fan_out', 'distribution': 'truncated_normal'}, 'registered_name': None}, 'bias_initializer': {'module': 'keras.initializers', 'class_name': 'Zeros', 'config': {}, 'registered_name': None}, 'kernel_regularizer': None, 'bias_regularizer': None, 'activity_regularizer': None, 'kernel_constraint': None, 'bias_constraint': None}, 'registered_name': None, 'build_config': {'input_shape': [None, 1, 1, 28]}, 'name': 'block5b_se_expand', 'inbound_nodes': [{'args': [{'class_name': '__keras_tensor__', 'config': {'shape': [None, 1, 1, 28], 'dtype': 'float32', 'keras_history': ['block5b_se_reduce', 0, 0]}}], 'kwargs': {}}]}, {'module': 'keras.layers', 'class_name': 'Multiply', 'config': {'name': 'block5b_se_excite', 'trainable': False, 'dtype': {'module': 'keras', 'class_name': 'DTypePolicy', 'config': {'name': 'float32'}, 'registered_name': None}}, 'registered_name': None, 'build_config': {'input_shape': [[None, 15, 15, 672], [None, 1, 1, 672]]}, 'name': 'block5b_se_excite', 'inbound_nodes': [{'args': [[{'class_name': '__keras_tensor__', 'config': {'shape': [None, 15, 15, 672], 'dtype': 'float32', 'keras_history': ['block5b_activation', 0, 0]}}, {'class_name': '__keras_tensor__', 'config': {'shape': [None, 1, 1, 672], 'dtype': 'float32', 'keras_history': ['block5b_se_expand', 0, 0]}}]], 'kwargs': {}}]}, {'module': 'keras.layers', 'class_name': 'Conv2D', 'config': {'name': 'block5b_project_conv', 'trainable': False, 'dtype': {'module': 'keras', 'class_name': 'DTypePolicy', 'config': {'name': 'float32'}, 'registered_name': None}, 'filters': 112, 'kernel_size': [1, 1], 'strides': [1, 1], 'padding': 'same', 'data_format': 'channels_last', 'dilation_rate': [1, 1], 'groups': 1, 'activation': 'linear', 'use_bias': False, 'kernel_initializer': {'module': 'keras.initializers', 'class_name': 'VarianceScaling', 'config': {'seed': None, 'scale': 2.0, 'mode': 'fan_out', 'distribution': 'truncated_normal'}, 'registered_name': None}, 'bias_initializer': {'module': 'keras.initializers', 'class_name': 'Zeros', 'config': {}, 'registered_name': None}, 'kernel_regularizer': None, 'bias_regularizer': None, 'activity_regularizer': None, 'kernel_constraint': None, 'bias_constraint': None}, 'registered_name': None, 'build_config': {'input_shape': [None, 15, 15, 672]}, 'name': 'block5b_project_conv', 'inbound_nodes': [{'args': [{'class_name': '__keras_tensor__', 'config': {'shape': [None, 15, 15, 672], 'dtype': 'float32', 'keras_history': ['block5b_se_excite', 0, 0]}}], 'kwargs': {}}]}, {'module': 'keras.layers', 'class_name': 'BatchNormalization', 'config': {'name': 'block5b_project_bn', 'trainable': False, 'dtype': {'module': 'keras', 'class_name': 'DTypePolicy', 'config': {'name': 'float32'}, 'registered_name': None}, 'axis': 3, 'momentum': 0.99, 'epsilon': 0.001, 'center': True, 'scale': True, 'beta_initializer': {'module': 'keras.initializers', 'class_name': 'Zeros', 'config': {}, 'registered_name': None}, 'gamma_initializer': {'module': 'keras.initializers', 'class_name': 'Ones', 'config': {}, 'registered_name': None}, 'moving_mean_initializer': {'module': 'keras.initializers', 'class_name': 'Zeros', 'config': {}, 'registered_name': None}, 'moving_variance_initializer': {'module': 'keras.initializers', 'class_name': 'Ones', 'config': {}, 'registered_name': None}, 'beta_regularizer': None, 'gamma_regularizer': None, 'beta_constraint': None, 'gamma_constraint': None, 'synchronized': False}, 'registered_name': None, 'build_config': {'input_shape': [None, 15, 15, 112]}, 'name': 'block5b_project_bn', 'inbound_nodes': [{'args': [{'class_name': '__keras_tensor__', 'config': {'shape': [None, 15, 15, 112], 'dtype': 'float32', 'keras_history': ['block5b_project_conv', 0, 0]}}], 'kwargs': {'mask': None}}]}, {'module': 'keras.layers', 'class_name': 'Dropout', 'config': {'name': 'block5b_drop', 'trainable': False, 'dtype': {'module': 'keras', 'class_name': 'DTypePolicy', 'config': {'name': 'float32'}, 'registered_name': None}, 'rate': 0.11304347826086956, 'seed': None, 'noise_shape': [None, 1, 1, 1]}, 'registered_name': None, 'name': 'block5b_drop', 'inbound_nodes': [{'args': [{'class_name': '__keras_tensor__', 'config': {'shape': [None, 15, 15, 112], 'dtype': 'float32', 'keras_history': ['block5b_project_bn', 0, 0]}}], 'kwargs': {'training': False}}]}, {'module': 'keras.layers', 'class_name': 'Add', 'config': {'name': 'block5b_add', 'trainable': False, 'dtype': {'module': 'keras', 'class_name': 'DTypePolicy', 'config': {'name': 'float32'}, 'registered_name': None}}, 'registered_name': None, 'build_config': {'input_shape': [[None, 15, 15, 112], [None, 15, 15, 112]]}, 'name': 'block5b_add', 'inbound_nodes': [{'args': [[{'class_name': '__keras_tensor__', 'config': {'shape': [None, 15, 15, 112], 'dtype': 'float32', 'keras_history': ['block5b_drop', 0, 0]}}, {'class_name': '__keras_tensor__', 'config': {'shape': [None, 15, 15, 112], 'dtype': 'float32', 'keras_history': ['block5a_project_bn', 0, 0]}}]], 'kwargs': {}}]}, {'module': 'keras.layers', 'class_name': 'Conv2D', 'config': {'name': 'block5c_expand_conv', 'trainable': False, 'dtype': {'module': 'keras', 'class_name': 'DTypePolicy', 'config': {'name': 'float32'}, 'registered_name': None}, 'filters': 672, 'kernel_size': [1, 1], 'strides': [1, 1], 'padding': 'same', 'data_format': 'channels_last', 'dilation_rate': [1, 1], 'groups': 1, 'activation': 'linear', 'use_bias': False, 'kernel_initializer': {'module': 'keras.initializers', 'class_name': 'VarianceScaling', 'config': {'seed': None, 'scale': 2.0, 'mode': 'fan_out', 'distribution': 'truncated_normal'}, 'registered_name': None}, 'bias_initializer': {'module': 'keras.initializers', 'class_name': 'Zeros', 'config': {}, 'registered_name': None}, 'kernel_regularizer': None, 'bias_regularizer': None, 'activity_regularizer': None, 'kernel_constraint': None, 'bias_constraint': None}, 'registered_name': None, 'build_config': {'input_shape': [None, 15, 15, 112]}, 'name': 'block5c_expand_conv', 'inbound_nodes': [{'args': [{'class_name': '__keras_tensor__', 'config': {'shape': [None, 15, 15, 112], 'dtype': 'float32', 'keras_history': ['block5b_add', 0, 0]}}], 'kwargs': {}}]}, {'module': 'keras.layers', 'class_name': 'BatchNormalization', 'config': {'name': 'block5c_expand_bn', 'trainable': False, 'dtype': {'module': 'keras', 'class_name': 'DTypePolicy', 'config': {'name': 'float32'}, 'registered_name': None}, 'axis': 3, 'momentum': 0.99, 'epsilon': 0.001, 'center': True, 'scale': True, 'beta_initializer': {'module': 'keras.initializers', 'class_name': 'Zeros', 'config': {}, 'registered_name': None}, 'gamma_initializer': {'module': 'keras.initializers', 'class_name': 'Ones', 'config': {}, 'registered_name': None}, 'moving_mean_initializer': {'module': 'keras.initializers', 'class_name': 'Zeros', 'config': {}, 'registered_name': None}, 'moving_variance_initializer': {'module': 'keras.initializers', 'class_name': 'Ones', 'config': {}, 'registered_name': None}, 'beta_regularizer': None, 'gamma_regularizer': None, 'beta_constraint': None, 'gamma_constraint': None, 'synchronized': False}, 'registered_name': None, 'build_config': {'input_shape': [None, 15, 15, 672]}, 'name': 'block5c_expand_bn', 'inbound_nodes': [{'args': [{'class_name': '__keras_tensor__', 'config': {'shape': [None, 15, 15, 672], 'dtype': 'float32', 'keras_history': ['block5c_expand_conv', 0, 0]}}], 'kwargs': {'mask': None}}]}, {'module': 'keras.layers', 'class_name': 'Activation', 'config': {'name': 'block5c_expand_activation', 'trainable': False, 'dtype': {'module': 'keras', 'class_name': 'DTypePolicy', 'config': {'name': 'float32'}, 'registered_name': None}, 'activation': 'silu'}, 'registered_name': None, 'name': 'block5c_expand_activation', 'inbound_nodes': [{'args': [{'class_name': '__keras_tensor__', 'config': {'shape': [None, 15, 15, 672], 'dtype': 'float32', 'keras_history': ['block5c_expand_bn', 0, 0]}}], 'kwargs': {}}]}, {'module': 'keras.layers', 'class_name': 'DepthwiseConv2D', 'config': {'name': 'block5c_dwconv', 'trainable': False, 'dtype': {'module': 'keras', 'class_name': 'DTypePolicy', 'config': {'name': 'float32'}, 'registered_name': None}, 'depth_multiplier': 1, 'kernel_size': [5, 5], 'strides': [1, 1], 'padding': 'same', 'data_format': 'channels_last', 'dilation_rate': [1, 1], 'activation': 'linear', 'use_bias': False, 'depthwise_initializer': {'module': 'keras.initializers', 'class_name': 'VarianceScaling', 'config': {'seed': None, 'scale': 2.0, 'mode': 'fan_out', 'distribution': 'truncated_normal'}, 'registered_name': None}, 'bias_initializer': {'module': 'keras.initializers', 'class_name': 'Zeros', 'config': {}, 'registered_name': None}, 'depthwise_regularizer': None, 'bias_regularizer': None, 'activity_regularizer': None, 'depthwise_constraint': None, 'bias_constraint': None}, 'registered_name': None, 'build_config': {'input_shape': [None, 15, 15, 672]}, 'name': 'block5c_dwconv', 'inbound_nodes': [{'args': [{'class_name': '__keras_tensor__', 'config': {'shape': [None, 15, 15, 672], 'dtype': 'float32', 'keras_history': ['block5c_expand_activation', 0, 0]}}], 'kwargs': {}}]}, {'module': 'keras.layers', 'class_name': 'BatchNormalization', 'config': {'name': 'block5c_bn', 'trainable': False, 'dtype': {'module': 'keras', 'class_name': 'DTypePolicy', 'config': {'name': 'float32'}, 'registered_name': None}, 'axis': 3, 'momentum': 0.99, 'epsilon': 0.001, 'center': True, 'scale': True, 'beta_initializer': {'module': 'keras.initializers', 'class_name': 'Zeros', 'config': {}, 'registered_name': None}, 'gamma_initializer': {'module': 'keras.initializers', 'class_name': 'Ones', 'config': {}, 'registered_name': None}, 'moving_mean_initializer': {'module': 'keras.initializers', 'class_name': 'Zeros', 'config': {}, 'registered_name': None}, 'moving_variance_initializer': {'module': 'keras.initializers', 'class_name': 'Ones', 'config': {}, 'registered_name': None}, 'beta_regularizer': None, 'gamma_regularizer': None, 'beta_constraint': None, 'gamma_constraint': None, 'synchronized': False}, 'registered_name': None, 'build_config': {'input_shape': [None, 15, 15, 672]}, 'name': 'block5c_bn', 'inbound_nodes': [{'args': [{'class_name': '__keras_tensor__', 'config': {'shape': [None, 15, 15, 672], 'dtype': 'float32', 'keras_history': ['block5c_dwconv', 0, 0]}}], 'kwargs': {'mask': None}}]}, {'module': 'keras.layers', 'class_name': 'Activation', 'config': {'name': 'block5c_activation', 'trainable': False, 'dtype': {'module': 'keras', 'class_name': 'DTypePolicy', 'config': {'name': 'float32'}, 'registered_name': None}, 'activation': 'silu'}, 'registered_name': None, 'name': 'block5c_activation', 'inbound_nodes': [{'args': [{'class_name': '__keras_tensor__', 'config': {'shape': [None, 15, 15, 672], 'dtype': 'float32', 'keras_history': ['block5c_bn', 0, 0]}}], 'kwargs': {}}]}, {'module': 'keras.layers', 'class_name': 'GlobalAveragePooling2D', 'config': {'name': 'block5c_se_squeeze', 'trainable': False, 'dtype': {'module': 'keras', 'class_name': 'DTypePolicy', 'config': {'name': 'float32'}, 'registered_name': None}, 'data_format': 'channels_last', 'keepdims': False}, 'registered_name': None, 'name': 'block5c_se_squeeze', 'inbound_nodes': [{'args': [{'class_name': '__keras_tensor__', 'config': {'shape': [None, 15, 15, 672], 'dtype': 'float32', 'keras_history': ['block5c_activation', 0, 0]}}], 'kwargs': {}}]}, {'module': 'keras.layers', 'class_name': 'Reshape', 'config': {'name': 'block5c_se_reshape', 'trainable': False, 'dtype': {'module': 'keras', 'class_name': 'DTypePolicy', 'config': {'name': 'float32'}, 'registered_name': None}, 'target_shape': [1, 1, 672]}, 'registered_name': None, 'name': 'block5c_se_reshape', 'inbound_nodes': [{'args': [{'class_name': '__keras_tensor__', 'config': {'shape': [None, 672], 'dtype': 'float32', 'keras_history': ['block5c_se_squeeze', 0, 0]}}], 'kwargs': {}}]}, {'module': 'keras.layers', 'class_name': 'Conv2D', 'config': {'name': 'block5c_se_reduce', 'trainable': False, 'dtype': {'module': 'keras', 'class_name': 'DTypePolicy', 'config': {'name': 'float32'}, 'registered_name': None}, 'filters': 28, 'kernel_size': [1, 1], 'strides': [1, 1], 'padding': 'same', 'data_format': 'channels_last', 'dilation_rate': [1, 1], 'groups': 1, 'activation': 'silu', 'use_bias': True, 'kernel_initializer': {'module': 'keras.initializers', 'class_name': 'VarianceScaling', 'config': {'seed': None, 'scale': 2.0, 'mode': 'fan_out', 'distribution': 'truncated_normal'}, 'registered_name': None}, 'bias_initializer': {'module': 'keras.initializers', 'class_name': 'Zeros', 'config': {}, 'registered_name': None}, 'kernel_regularizer': None, 'bias_regularizer': None, 'activity_regularizer': None, 'kernel_constraint': None, 'bias_constraint': None}, 'registered_name': None, 'build_config': {'input_shape': [None, 1, 1, 672]}, 'name': 'block5c_se_reduce', 'inbound_nodes': [{'args': [{'class_name': '__keras_tensor__', 'config': {'shape': [None, 1, 1, 672], 'dtype': 'float32', 'keras_history': ['block5c_se_reshape', 0, 0]}}], 'kwargs': {}}]}, {'module': 'keras.layers', 'class_name': 'Conv2D', 'config': {'name': 'block5c_se_expand', 'trainable': False, 'dtype': {'module': 'keras', 'class_name': 'DTypePolicy', 'config': {'name': 'float32'}, 'registered_name': None}, 'filters': 672, 'kernel_size': [1, 1], 'strides': [1, 1], 'padding': 'same', 'data_format': 'channels_last', 'dilation_rate': [1, 1], 'groups': 1, 'activation': 'sigmoid', 'use_bias': True, 'kernel_initializer': {'module': 'keras.initializers', 'class_name': 'VarianceScaling', 'config': {'seed': None, 'scale': 2.0, 'mode': 'fan_out', 'distribution': 'truncated_normal'}, 'registered_name': None}, 'bias_initializer': {'module': 'keras.initializers', 'class_name': 'Zeros', 'config': {}, 'registered_name': None}, 'kernel_regularizer': None, 'bias_regularizer': None, 'activity_regularizer': None, 'kernel_constraint': None, 'bias_constraint': None}, 'registered_name': None, 'build_config': {'input_shape': [None, 1, 1, 28]}, 'name': 'block5c_se_expand', 'inbound_nodes': [{'args': [{'class_name': '__keras_tensor__', 'config': {'shape': [None, 1, 1, 28], 'dtype': 'float32', 'keras_history': ['block5c_se_reduce', 0, 0]}}], 'kwargs': {}}]}, {'module': 'keras.layers', 'class_name': 'Multiply', 'config': {'name': 'block5c_se_excite', 'trainable': False, 'dtype': {'module': 'keras', 'class_name': 'DTypePolicy', 'config': {'name': 'float32'}, 'registered_name': None}}, 'registered_name': None, 'build_config': {'input_shape': [[None, 15, 15, 672], [None, 1, 1, 672]]}, 'name': 'block5c_se_excite', 'inbound_nodes': [{'args': [[{'class_name': '__keras_tensor__', 'config': {'shape': [None, 15, 15, 672], 'dtype': 'float32', 'keras_history': ['block5c_activation', 0, 0]}}, {'class_name': '__keras_tensor__', 'config': {'shape': [None, 1, 1, 672], 'dtype': 'float32', 'keras_history': ['block5c_se_expand', 0, 0]}}]], 'kwargs': {}}]}, {'module': 'keras.layers', 'class_name': 'Conv2D', 'config': {'name': 'block5c_project_conv', 'trainable': False, 'dtype': {'module': 'keras', 'class_name': 'DTypePolicy', 'config': {'name': 'float32'}, 'registered_name': None}, 'filters': 112, 'kernel_size': [1, 1], 'strides': [1, 1], 'padding': 'same', 'data_format': 'channels_last', 'dilation_rate': [1, 1], 'groups': 1, 'activation': 'linear', 'use_bias': False, 'kernel_initializer': {'module': 'keras.initializers', 'class_name': 'VarianceScaling', 'config': {'seed': None, 'scale': 2.0, 'mode': 'fan_out', 'distribution': 'truncated_normal'}, 'registered_name': None}, 'bias_initializer': {'module': 'keras.initializers', 'class_name': 'Zeros', 'config': {}, 'registered_name': None}, 'kernel_regularizer': None, 'bias_regularizer': None, 'activity_regularizer': None, 'kernel_constraint': None, 'bias_constraint': None}, 'registered_name': None, 'build_config': {'input_shape': [None, 15, 15, 672]}, 'name': 'block5c_project_conv', 'inbound_nodes': [{'args': [{'class_name': '__keras_tensor__', 'config': {'shape': [None, 15, 15, 672], 'dtype': 'float32', 'keras_history': ['block5c_se_excite', 0, 0]}}], 'kwargs': {}}]}, {'module': 'keras.layers', 'class_name': 'BatchNormalization', 'config': {'name': 'block5c_project_bn', 'trainable': False, 'dtype': {'module': 'keras', 'class_name': 'DTypePolicy', 'config': {'name': 'float32'}, 'registered_name': None}, 'axis': 3, 'momentum': 0.99, 'epsilon': 0.001, 'center': True, 'scale': True, 'beta_initializer': {'module': 'keras.initializers', 'class_name': 'Zeros', 'config': {}, 'registered_name': None}, 'gamma_initializer': {'module': 'keras.initializers', 'class_name': 'Ones', 'config': {}, 'registered_name': None}, 'moving_mean_initializer': {'module': 'keras.initializers', 'class_name': 'Zeros', 'config': {}, 'registered_name': None}, 'moving_variance_initializer': {'module': 'keras.initializers', 'class_name': 'Ones', 'config': {}, 'registered_name': None}, 'beta_regularizer': None, 'gamma_regularizer': None, 'beta_constraint': None, 'gamma_constraint': None, 'synchronized': False}, 'registered_name': None, 'build_config': {'input_shape': [None, 15, 15, 112]}, 'name': 'block5c_project_bn', 'inbound_nodes': [{'args': [{'class_name': '__keras_tensor__', 'config': {'shape': [None, 15, 15, 112], 'dtype': 'float32', 'keras_history': ['block5c_project_conv', 0, 0]}}], 'kwargs': {'mask': None}}]}, {'module': 'keras.layers', 'class_name': 'Dropout', 'config': {'name': 'block5c_drop', 'trainable': False, 'dtype': {'module': 'keras', 'class_name': 'DTypePolicy', 'config': {'name': 'float32'}, 'registered_name': None}, 'rate': 0.12173913043478261, 'seed': None, 'noise_shape': [None, 1, 1, 1]}, 'registered_name': None, 'name': 'block5c_drop', 'inbound_nodes': [{'args': [{'class_name': '__keras_tensor__', 'config': {'shape': [None, 15, 15, 112], 'dtype': 'float32', 'keras_history': ['block5c_project_bn', 0, 0]}}], 'kwargs': {'training': False}}]}, {'module': 'keras.layers', 'class_name': 'Add', 'config': {'name': 'block5c_add', 'trainable': False, 'dtype': {'module': 'keras', 'class_name': 'DTypePolicy', 'config': {'name': 'float32'}, 'registered_name': None}}, 'registered_name': None, 'build_config': {'input_shape': [[None, 15, 15, 112], [None, 15, 15, 112]]}, 'name': 'block5c_add', 'inbound_nodes': [{'args': [[{'class_name': '__keras_tensor__', 'config': {'shape': [None, 15, 15, 112], 'dtype': 'float32', 'keras_history': ['block5c_drop', 0, 0]}}, {'class_name': '__keras_tensor__', 'config': {'shape': [None, 15, 15, 112], 'dtype': 'float32', 'keras_history': ['block5b_add', 0, 0]}}]], 'kwargs': {}}]}, {'module': 'keras.layers', 'class_name': 'Conv2D', 'config': {'name': 'block5d_expand_conv', 'trainable': False, 'dtype': {'module': 'keras', 'class_name': 'DTypePolicy', 'config': {'name': 'float32'}, 'registered_name': None}, 'filters': 672, 'kernel_size': [1, 1], 'strides': [1, 1], 'padding': 'same', 'data_format': 'channels_last', 'dilation_rate': [1, 1], 'groups': 1, 'activation': 'linear', 'use_bias': False, 'kernel_initializer': {'module': 'keras.initializers', 'class_name': 'VarianceScaling', 'config': {'seed': None, 'scale': 2.0, 'mode': 'fan_out', 'distribution': 'truncated_normal'}, 'registered_name': None}, 'bias_initializer': {'module': 'keras.initializers', 'class_name': 'Zeros', 'config': {}, 'registered_name': None}, 'kernel_regularizer': None, 'bias_regularizer': None, 'activity_regularizer': None, 'kernel_constraint': None, 'bias_constraint': None}, 'registered_name': None, 'build_config': {'input_shape': [None, 15, 15, 112]}, 'name': 'block5d_expand_conv', 'inbound_nodes': [{'args': [{'class_name': '__keras_tensor__', 'config': {'shape': [None, 15, 15, 112], 'dtype': 'float32', 'keras_history': ['block5c_add', 0, 0]}}], 'kwargs': {}}]}, {'module': 'keras.layers', 'class_name': 'BatchNormalization', 'config': {'name': 'block5d_expand_bn', 'trainable': False, 'dtype': {'module': 'keras', 'class_name': 'DTypePolicy', 'config': {'name': 'float32'}, 'registered_name': None}, 'axis': 3, 'momentum': 0.99, 'epsilon': 0.001, 'center': True, 'scale': True, 'beta_initializer': {'module': 'keras.initializers', 'class_name': 'Zeros', 'config': {}, 'registered_name': None}, 'gamma_initializer': {'module': 'keras.initializers', 'class_name': 'Ones', 'config': {}, 'registered_name': None}, 'moving_mean_initializer': {'module': 'keras.initializers', 'class_name': 'Zeros', 'config': {}, 'registered_name': None}, 'moving_variance_initializer': {'module': 'keras.initializers', 'class_name': 'Ones', 'config': {}, 'registered_name': None}, 'beta_regularizer': None, 'gamma_regularizer': None, 'beta_constraint': None, 'gamma_constraint': None, 'synchronized': False}, 'registered_name': None, 'build_config': {'input_shape': [None, 15, 15, 672]}, 'name': 'block5d_expand_bn', 'inbound_nodes': [{'args': [{'class_name': '__keras_tensor__', 'config': {'shape': [None, 15, 15, 672], 'dtype': 'float32', 'keras_history': ['block5d_expand_conv', 0, 0]}}], 'kwargs': {'mask': None}}]}, {'module': 'keras.layers', 'class_name': 'Activation', 'config': {'name': 'block5d_expand_activation', 'trainable': False, 'dtype': {'module': 'keras', 'class_name': 'DTypePolicy', 'config': {'name': 'float32'}, 'registered_name': None}, 'activation': 'silu'}, 'registered_name': None, 'name': 'block5d_expand_activation', 'inbound_nodes': [{'args': [{'class_name': '__keras_tensor__', 'config': {'shape': [None, 15, 15, 672], 'dtype': 'float32', 'keras_history': ['block5d_expand_bn', 0, 0]}}], 'kwargs': {}}]}, {'module': 'keras.layers', 'class_name': 'DepthwiseConv2D', 'config': {'name': 'block5d_dwconv', 'trainable': False, 'dtype': {'module': 'keras', 'class_name': 'DTypePolicy', 'config': {'name': 'float32'}, 'registered_name': None}, 'depth_multiplier': 1, 'kernel_size': [5, 5], 'strides': [1, 1], 'padding': 'same', 'data_format': 'channels_last', 'dilation_rate': [1, 1], 'activation': 'linear', 'use_bias': False, 'depthwise_initializer': {'module': 'keras.initializers', 'class_name': 'VarianceScaling', 'config': {'seed': None, 'scale': 2.0, 'mode': 'fan_out', 'distribution': 'truncated_normal'}, 'registered_name': None}, 'bias_initializer': {'module': 'keras.initializers', 'class_name': 'Zeros', 'config': {}, 'registered_name': None}, 'depthwise_regularizer': None, 'bias_regularizer': None, 'activity_regularizer': None, 'depthwise_constraint': None, 'bias_constraint': None}, 'registered_name': None, 'build_config': {'input_shape': [None, 15, 15, 672]}, 'name': 'block5d_dwconv', 'inbound_nodes': [{'args': [{'class_name': '__keras_tensor__', 'config': {'shape': [None, 15, 15, 672], 'dtype': 'float32', 'keras_history': ['block5d_expand_activation', 0, 0]}}], 'kwargs': {}}]}, {'module': 'keras.layers', 'class_name': 'BatchNormalization', 'config': {'name': 'block5d_bn', 'trainable': False, 'dtype': {'module': 'keras', 'class_name': 'DTypePolicy', 'config': {'name': 'float32'}, 'registered_name': None}, 'axis': 3, 'momentum': 0.99, 'epsilon': 0.001, 'center': True, 'scale': True, 'beta_initializer': {'module': 'keras.initializers', 'class_name': 'Zeros', 'config': {}, 'registered_name': None}, 'gamma_initializer': {'module': 'keras.initializers', 'class_name': 'Ones', 'config': {}, 'registered_name': None}, 'moving_mean_initializer': {'module': 'keras.initializers', 'class_name': 'Zeros', 'config': {}, 'registered_name': None}, 'moving_variance_initializer': {'module': 'keras.initializers', 'class_name': 'Ones', 'config': {}, 'registered_name': None}, 'beta_regularizer': None, 'gamma_regularizer': None, 'beta_constraint': None, 'gamma_constraint': None, 'synchronized': False}, 'registered_name': None, 'build_config': {'input_shape': [None, 15, 15, 672]}, 'name': 'block5d_bn', 'inbound_nodes': [{'args': [{'class_name': '__keras_tensor__', 'config': {'shape': [None, 15, 15, 672], 'dtype': 'float32', 'keras_history': ['block5d_dwconv', 0, 0]}}], 'kwargs': {'mask': None}}]}, {'module': 'keras.layers', 'class_name': 'Activation', 'config': {'name': 'block5d_activation', 'trainable': False, 'dtype': {'module': 'keras', 'class_name': 'DTypePolicy', 'config': {'name': 'float32'}, 'registered_name': None}, 'activation': 'silu'}, 'registered_name': None, 'name': 'block5d_activation', 'inbound_nodes': [{'args': [{'class_name': '__keras_tensor__', 'config': {'shape': [None, 15, 15, 672], 'dtype': 'float32', 'keras_history': ['block5d_bn', 0, 0]}}], 'kwargs': {}}]}, {'module': 'keras.layers', 'class_name': 'GlobalAveragePooling2D', 'config': {'name': 'block5d_se_squeeze', 'trainable': False, 'dtype': {'module': 'keras', 'class_name': 'DTypePolicy', 'config': {'name': 'float32'}, 'registered_name': None}, 'data_format': 'channels_last', 'keepdims': False}, 'registered_name': None, 'name': 'block5d_se_squeeze', 'inbound_nodes': [{'args': [{'class_name': '__keras_tensor__', 'config': {'shape': [None, 15, 15, 672], 'dtype': 'float32', 'keras_history': ['block5d_activation', 0, 0]}}], 'kwargs': {}}]}, {'module': 'keras.layers', 'class_name': 'Reshape', 'config': {'name': 'block5d_se_reshape', 'trainable': False, 'dtype': {'module': 'keras', 'class_name': 'DTypePolicy', 'config': {'name': 'float32'}, 'registered_name': None}, 'target_shape': [1, 1, 672]}, 'registered_name': None, 'name': 'block5d_se_reshape', 'inbound_nodes': [{'args': [{'class_name': '__keras_tensor__', 'config': {'shape': [None, 672], 'dtype': 'float32', 'keras_history': ['block5d_se_squeeze', 0, 0]}}], 'kwargs': {}}]}, {'module': 'keras.layers', 'class_name': 'Conv2D', 'config': {'name': 'block5d_se_reduce', 'trainable': False, 'dtype': {'module': 'keras', 'class_name': 'DTypePolicy', 'config': {'name': 'float32'}, 'registered_name': None}, 'filters': 28, 'kernel_size': [1, 1], 'strides': [1, 1], 'padding': 'same', 'data_format': 'channels_last', 'dilation_rate': [1, 1], 'groups': 1, 'activation': 'silu', 'use_bias': True, 'kernel_initializer': {'module': 'keras.initializers', 'class_name': 'VarianceScaling', 'config': {'seed': None, 'scale': 2.0, 'mode': 'fan_out', 'distribution': 'truncated_normal'}, 'registered_name': None}, 'bias_initializer': {'module': 'keras.initializers', 'class_name': 'Zeros', 'config': {}, 'registered_name': None}, 'kernel_regularizer': None, 'bias_regularizer': None, 'activity_regularizer': None, 'kernel_constraint': None, 'bias_constraint': None}, 'registered_name': None, 'build_config': {'input_shape': [None, 1, 1, 672]}, 'name': 'block5d_se_reduce', 'inbound_nodes': [{'args': [{'class_name': '__keras_tensor__', 'config': {'shape': [None, 1, 1, 672], 'dtype': 'float32', 'keras_history': ['block5d_se_reshape', 0, 0]}}], 'kwargs': {}}]}, {'module': 'keras.layers', 'class_name': 'Conv2D', 'config': {'name': 'block5d_se_expand', 'trainable': False, 'dtype': {'module': 'keras', 'class_name': 'DTypePolicy', 'config': {'name': 'float32'}, 'registered_name': None}, 'filters': 672, 'kernel_size': [1, 1], 'strides': [1, 1], 'padding': 'same', 'data_format': 'channels_last', 'dilation_rate': [1, 1], 'groups': 1, 'activation': 'sigmoid', 'use_bias': True, 'kernel_initializer': {'module': 'keras.initializers', 'class_name': 'VarianceScaling', 'config': {'seed': None, 'scale': 2.0, 'mode': 'fan_out', 'distribution': 'truncated_normal'}, 'registered_name': None}, 'bias_initializer': {'module': 'keras.initializers', 'class_name': 'Zeros', 'config': {}, 'registered_name': None}, 'kernel_regularizer': None, 'bias_regularizer': None, 'activity_regularizer': None, 'kernel_constraint': None, 'bias_constraint': None}, 'registered_name': None, 'build_config': {'input_shape': [None, 1, 1, 28]}, 'name': 'block5d_se_expand', 'inbound_nodes': [{'args': [{'class_name': '__keras_tensor__', 'config': {'shape': [None, 1, 1, 28], 'dtype': 'float32', 'keras_history': ['block5d_se_reduce', 0, 0]}}], 'kwargs': {}}]}, {'module': 'keras.layers', 'class_name': 'Multiply', 'config': {'name': 'block5d_se_excite', 'trainable': False, 'dtype': {'module': 'keras', 'class_name': 'DTypePolicy', 'config': {'name': 'float32'}, 'registered_name': None}}, 'registered_name': None, 'build_config': {'input_shape': [[None, 15, 15, 672], [None, 1, 1, 672]]}, 'name': 'block5d_se_excite', 'inbound_nodes': [{'args': [[{'class_name': '__keras_tensor__', 'config': {'shape': [None, 15, 15, 672], 'dtype': 'float32', 'keras_history': ['block5d_activation', 0, 0]}}, {'class_name': '__keras_tensor__', 'config': {'shape': [None, 1, 1, 672], 'dtype': 'float32', 'keras_history': ['block5d_se_expand', 0, 0]}}]], 'kwargs': {}}]}, {'module': 'keras.layers', 'class_name': 'Conv2D', 'config': {'name': 'block5d_project_conv', 'trainable': False, 'dtype': {'module': 'keras', 'class_name': 'DTypePolicy', 'config': {'name': 'float32'}, 'registered_name': None}, 'filters': 112, 'kernel_size': [1, 1], 'strides': [1, 1], 'padding': 'same', 'data_format': 'channels_last', 'dilation_rate': [1, 1], 'groups': 1, 'activation': 'linear', 'use_bias': False, 'kernel_initializer': {'module': 'keras.initializers', 'class_name': 'VarianceScaling', 'config': {'seed': None, 'scale': 2.0, 'mode': 'fan_out', 'distribution': 'truncated_normal'}, 'registered_name': None}, 'bias_initializer': {'module': 'keras.initializers', 'class_name': 'Zeros', 'config': {}, 'registered_name': None}, 'kernel_regularizer': None, 'bias_regularizer': None, 'activity_regularizer': None, 'kernel_constraint': None, 'bias_constraint': None}, 'registered_name': None, 'build_config': {'input_shape': [None, 15, 15, 672]}, 'name': 'block5d_project_conv', 'inbound_nodes': [{'args': [{'class_name': '__keras_tensor__', 'config': {'shape': [None, 15, 15, 672], 'dtype': 'float32', 'keras_history': ['block5d_se_excite', 0, 0]}}], 'kwargs': {}}]}, {'module': 'keras.layers', 'class_name': 'BatchNormalization', 'config': {'name': 'block5d_project_bn', 'trainable': False, 'dtype': {'module': 'keras', 'class_name': 'DTypePolicy', 'config': {'name': 'float32'}, 'registered_name': None}, 'axis': 3, 'momentum': 0.99, 'epsilon': 0.001, 'center': True, 'scale': True, 'beta_initializer': {'module': 'keras.initializers', 'class_name': 'Zeros', 'config': {}, 'registered_name': None}, 'gamma_initializer': {'module': 'keras.initializers', 'class_name': 'Ones', 'config': {}, 'registered_name': None}, 'moving_mean_initializer': {'module': 'keras.initializers', 'class_name': 'Zeros', 'config': {}, 'registered_name': None}, 'moving_variance_initializer': {'module': 'keras.initializers', 'class_name': 'Ones', 'config': {}, 'registered_name': None}, 'beta_regularizer': None, 'gamma_regularizer': None, 'beta_constraint': None, 'gamma_constraint': None, 'synchronized': False}, 'registered_name': None, 'build_config': {'input_shape': [None, 15, 15, 112]}, 'name': 'block5d_project_bn', 'inbound_nodes': [{'args': [{'class_name': '__keras_tensor__', 'config': {'shape': [None, 15, 15, 112], 'dtype': 'float32', 'keras_history': ['block5d_project_conv', 0, 0]}}], 'kwargs': {'mask': None}}]}, {'module': 'keras.layers', 'class_name': 'Dropout', 'config': {'name': 'block5d_drop', 'trainable': False, 'dtype': {'module': 'keras', 'class_name': 'DTypePolicy', 'config': {'name': 'float32'}, 'registered_name': None}, 'rate': 0.13043478260869565, 'seed': None, 'noise_shape': [None, 1, 1, 1]}, 'registered_name': None, 'name': 'block5d_drop', 'inbound_nodes': [{'args': [{'class_name': '__keras_tensor__', 'config': {'shape': [None, 15, 15, 112], 'dtype': 'float32', 'keras_history': ['block5d_project_bn', 0, 0]}}], 'kwargs': {'training': False}}]}, {'module': 'keras.layers', 'class_name': 'Add', 'config': {'name': 'block5d_add', 'trainable': False, 'dtype': {'module': 'keras', 'class_name': 'DTypePolicy', 'config': {'name': 'float32'}, 'registered_name': None}}, 'registered_name': None, 'build_config': {'input_shape': [[None, 15, 15, 112], [None, 15, 15, 112]]}, 'name': 'block5d_add', 'inbound_nodes': [{'args': [[{'class_name': '__keras_tensor__', 'config': {'shape': [None, 15, 15, 112], 'dtype': 'float32', 'keras_history': ['block5d_drop', 0, 0]}}, {'class_name': '__keras_tensor__', 'config': {'shape': [None, 15, 15, 112], 'dtype': 'float32', 'keras_history': ['block5c_add', 0, 0]}}]], 'kwargs': {}}]}, {'module': 'keras.layers', 'class_name': 'Conv2D', 'config': {'name': 'block6a_expand_conv', 'trainable': False, 'dtype': {'module': 'keras', 'class_name': 'DTypePolicy', 'config': {'name': 'float32'}, 'registered_name': None}, 'filters': 672, 'kernel_size': [1, 1], 'strides': [1, 1], 'padding': 'same', 'data_format': 'channels_last', 'dilation_rate': [1, 1], 'groups': 1, 'activation': 'linear', 'use_bias': False, 'kernel_initializer': {'module': 'keras.initializers', 'class_name': 'VarianceScaling', 'config': {'seed': None, 'scale': 2.0, 'mode': 'fan_out', 'distribution': 'truncated_normal'}, 'registered_name': None}, 'bias_initializer': {'module': 'keras.initializers', 'class_name': 'Zeros', 'config': {}, 'registered_name': None}, 'kernel_regularizer': None, 'bias_regularizer': None, 'activity_regularizer': None, 'kernel_constraint': None, 'bias_constraint': None}, 'registered_name': None, 'build_config': {'input_shape': [None, 15, 15, 112]}, 'name': 'block6a_expand_conv', 'inbound_nodes': [{'args': [{'class_name': '__keras_tensor__', 'config': {'shape': [None, 15, 15, 112], 'dtype': 'float32', 'keras_history': ['block5d_add', 0, 0]}}], 'kwargs': {}}]}, {'module': 'keras.layers', 'class_name': 'BatchNormalization', 'config': {'name': 'block6a_expand_bn', 'trainable': False, 'dtype': {'module': 'keras', 'class_name': 'DTypePolicy', 'config': {'name': 'float32'}, 'registered_name': None}, 'axis': 3, 'momentum': 0.99, 'epsilon': 0.001, 'center': True, 'scale': True, 'beta_initializer': {'module': 'keras.initializers', 'class_name': 'Zeros', 'config': {}, 'registered_name': None}, 'gamma_initializer': {'module': 'keras.initializers', 'class_name': 'Ones', 'config': {}, 'registered_name': None}, 'moving_mean_initializer': {'module': 'keras.initializers', 'class_name': 'Zeros', 'config': {}, 'registered_name': None}, 'moving_variance_initializer': {'module': 'keras.initializers', 'class_name': 'Ones', 'config': {}, 'registered_name': None}, 'beta_regularizer': None, 'gamma_regularizer': None, 'beta_constraint': None, 'gamma_constraint': None, 'synchronized': False}, 'registered_name': None, 'build_config': {'input_shape': [None, 15, 15, 672]}, 'name': 'block6a_expand_bn', 'inbound_nodes': [{'args': [{'class_name': '__keras_tensor__', 'config': {'shape': [None, 15, 15, 672], 'dtype': 'float32', 'keras_history': ['block6a_expand_conv', 0, 0]}}], 'kwargs': {'mask': None}}]}, {'module': 'keras.layers', 'class_name': 'Activation', 'config': {'name': 'block6a_expand_activation', 'trainable': False, 'dtype': {'module': 'keras', 'class_name': 'DTypePolicy', 'config': {'name': 'float32'}, 'registered_name': None}, 'activation': 'silu'}, 'registered_name': None, 'name': 'block6a_expand_activation', 'inbound_nodes': [{'args': [{'class_name': '__keras_tensor__', 'config': {'shape': [None, 15, 15, 672], 'dtype': 'float32', 'keras_history': ['block6a_expand_bn', 0, 0]}}], 'kwargs': {}}]}, {'module': 'keras.layers', 'class_name': 'ZeroPadding2D', 'config': {'name': 'block6a_dwconv_pad', 'trainable': False, 'dtype': {'module': 'keras', 'class_name': 'DTypePolicy', 'config': {'name': 'float32'}, 'registered_name': None}, 'padding': [[2, 2], [2, 2]], 'data_format': 'channels_last'}, 'registered_name': None, 'build_config': {'input_shape': [None, 15, 15, 672]}, 'name': 'block6a_dwconv_pad', 'inbound_nodes': [{'args': [{'class_name': '__keras_tensor__', 'config': {'shape': [None, 15, 15, 672], 'dtype': 'float32', 'keras_history': ['block6a_expand_activation', 0, 0]}}], 'kwargs': {}}]}, {'module': 'keras.layers', 'class_name': 'DepthwiseConv2D', 'config': {'name': 'block6a_dwconv', 'trainable': False, 'dtype': {'module': 'keras', 'class_name': 'DTypePolicy', 'config': {'name': 'float32'}, 'registered_name': None}, 'depth_multiplier': 1, 'kernel_size': [5, 5], 'strides': [2, 2], 'padding': 'valid', 'data_format': 'channels_last', 'dilation_rate': [1, 1], 'activation': 'linear', 'use_bias': False, 'depthwise_initializer': {'module': 'keras.initializers', 'class_name': 'VarianceScaling', 'config': {'seed': None, 'scale': 2.0, 'mode': 'fan_out', 'distribution': 'truncated_normal'}, 'registered_name': None}, 'bias_initializer': {'module': 'keras.initializers', 'class_name': 'Zeros', 'config': {}, 'registered_name': None}, 'depthwise_regularizer': None, 'bias_regularizer': None, 'activity_regularizer': None, 'depthwise_constraint': None, 'bias_constraint': None}, 'registered_name': None, 'build_config': {'input_shape': [None, 19, 19, 672]}, 'name': 'block6a_dwconv', 'inbound_nodes': [{'args': [{'class_name': '__keras_tensor__', 'config': {'shape': [None, 19, 19, 672], 'dtype': 'float32', 'keras_history': ['block6a_dwconv_pad', 0, 0]}}], 'kwargs': {}}]}, {'module': 'keras.layers', 'class_name': 'BatchNormalization', 'config': {'name': 'block6a_bn', 'trainable': False, 'dtype': {'module': 'keras', 'class_name': 'DTypePolicy', 'config': {'name': 'float32'}, 'registered_name': None}, 'axis': 3, 'momentum': 0.99, 'epsilon': 0.001, 'center': True, 'scale': True, 'beta_initializer': {'module': 'keras.initializers', 'class_name': 'Zeros', 'config': {}, 'registered_name': None}, 'gamma_initializer': {'module': 'keras.initializers', 'class_name': 'Ones', 'config': {}, 'registered_name': None}, 'moving_mean_initializer': {'module': 'keras.initializers', 'class_name': 'Zeros', 'config': {}, 'registered_name': None}, 'moving_variance_initializer': {'module': 'keras.initializers', 'class_name': 'Ones', 'config': {}, 'registered_name': None}, 'beta_regularizer': None, 'gamma_regularizer': None, 'beta_constraint': None, 'gamma_constraint': None, 'synchronized': False}, 'registered_name': None, 'build_config': {'input_shape': [None, 8, 8, 672]}, 'name': 'block6a_bn', 'inbound_nodes': [{'args': [{'class_name': '__keras_tensor__', 'config': {'shape': [None, 8, 8, 672], 'dtype': 'float32', 'keras_history': ['block6a_dwconv', 0, 0]}}], 'kwargs': {'mask': None}}]}, {'module': 'keras.layers', 'class_name': 'Activation', 'config': {'name': 'block6a_activation', 'trainable': False, 'dtype': {'module': 'keras', 'class_name': 'DTypePolicy', 'config': {'name': 'float32'}, 'registered_name': None}, 'activation': 'silu'}, 'registered_name': None, 'name': 'block6a_activation', 'inbound_nodes': [{'args': [{'class_name': '__keras_tensor__', 'config': {'shape': [None, 8, 8, 672], 'dtype': 'float32', 'keras_history': ['block6a_bn', 0, 0]}}], 'kwargs': {}}]}, {'module': 'keras.layers', 'class_name': 'GlobalAveragePooling2D', 'config': {'name': 'block6a_se_squeeze', 'trainable': False, 'dtype': {'module': 'keras', 'class_name': 'DTypePolicy', 'config': {'name': 'float32'}, 'registered_name': None}, 'data_format': 'channels_last', 'keepdims': False}, 'registered_name': None, 'name': 'block6a_se_squeeze', 'inbound_nodes': [{'args': [{'class_name': '__keras_tensor__', 'config': {'shape': [None, 8, 8, 672], 'dtype': 'float32', 'keras_history': ['block6a_activation', 0, 0]}}], 'kwargs': {}}]}, {'module': 'keras.layers', 'class_name': 'Reshape', 'config': {'name': 'block6a_se_reshape', 'trainable': False, 'dtype': {'module': 'keras', 'class_name': 'DTypePolicy', 'config': {'name': 'float32'}, 'registered_name': None}, 'target_shape': [1, 1, 672]}, 'registered_name': None, 'name': 'block6a_se_reshape', 'inbound_nodes': [{'args': [{'class_name': '__keras_tensor__', 'config': {'shape': [None, 672], 'dtype': 'float32', 'keras_history': ['block6a_se_squeeze', 0, 0]}}], 'kwargs': {}}]}, {'module': 'keras.layers', 'class_name': 'Conv2D', 'config': {'name': 'block6a_se_reduce', 'trainable': False, 'dtype': {'module': 'keras', 'class_name': 'DTypePolicy', 'config': {'name': 'float32'}, 'registered_name': None}, 'filters': 28, 'kernel_size': [1, 1], 'strides': [1, 1], 'padding': 'same', 'data_format': 'channels_last', 'dilation_rate': [1, 1], 'groups': 1, 'activation': 'silu', 'use_bias': True, 'kernel_initializer': {'module': 'keras.initializers', 'class_name': 'VarianceScaling', 'config': {'seed': None, 'scale': 2.0, 'mode': 'fan_out', 'distribution': 'truncated_normal'}, 'registered_name': None}, 'bias_initializer': {'module': 'keras.initializers', 'class_name': 'Zeros', 'config': {}, 'registered_name': None}, 'kernel_regularizer': None, 'bias_regularizer': None, 'activity_regularizer': None, 'kernel_constraint': None, 'bias_constraint': None}, 'registered_name': None, 'build_config': {'input_shape': [None, 1, 1, 672]}, 'name': 'block6a_se_reduce', 'inbound_nodes': [{'args': [{'class_name': '__keras_tensor__', 'config': {'shape': [None, 1, 1, 672], 'dtype': 'float32', 'keras_history': ['block6a_se_reshape', 0, 0]}}], 'kwargs': {}}]}, {'module': 'keras.layers', 'class_name': 'Conv2D', 'config': {'name': 'block6a_se_expand', 'trainable': False, 'dtype': {'module': 'keras', 'class_name': 'DTypePolicy', 'config': {'name': 'float32'}, 'registered_name': None}, 'filters': 672, 'kernel_size': [1, 1], 'strides': [1, 1], 'padding': 'same', 'data_format': 'channels_last', 'dilation_rate': [1, 1], 'groups': 1, 'activation': 'sigmoid', 'use_bias': True, 'kernel_initializer': {'module': 'keras.initializers', 'class_name': 'VarianceScaling', 'config': {'seed': None, 'scale': 2.0, 'mode': 'fan_out', 'distribution': 'truncated_normal'}, 'registered_name': None}, 'bias_initializer': {'module': 'keras.initializers', 'class_name': 'Zeros', 'config': {}, 'registered_name': None}, 'kernel_regularizer': None, 'bias_regularizer': None, 'activity_regularizer': None, 'kernel_constraint': None, 'bias_constraint': None}, 'registered_name': None, 'build_config': {'input_shape': [None, 1, 1, 28]}, 'name': 'block6a_se_expand', 'inbound_nodes': [{'args': [{'class_name': '__keras_tensor__', 'config': {'shape': [None, 1, 1, 28], 'dtype': 'float32', 'keras_history': ['block6a_se_reduce', 0, 0]}}], 'kwargs': {}}]}, {'module': 'keras.layers', 'class_name': 'Multiply', 'config': {'name': 'block6a_se_excite', 'trainable': False, 'dtype': {'module': 'keras', 'class_name': 'DTypePolicy', 'config': {'name': 'float32'}, 'registered_name': None}}, 'registered_name': None, 'build_config': {'input_shape': [[None, 8, 8, 672], [None, 1, 1, 672]]}, 'name': 'block6a_se_excite', 'inbound_nodes': [{'args': [[{'class_name': '__keras_tensor__', 'config': {'shape': [None, 8, 8, 672], 'dtype': 'float32', 'keras_history': ['block6a_activation', 0, 0]}}, {'class_name': '__keras_tensor__', 'config': {'shape': [None, 1, 1, 672], 'dtype': 'float32', 'keras_history': ['block6a_se_expand', 0, 0]}}]], 'kwargs': {}}]}, {'module': 'keras.layers', 'class_name': 'Conv2D', 'config': {'name': 'block6a_project_conv', 'trainable': False, 'dtype': {'module': 'keras', 'class_name': 'DTypePolicy', 'config': {'name': 'float32'}, 'registered_name': None}, 'filters': 192, 'kernel_size': [1, 1], 'strides': [1, 1], 'padding': 'same', 'data_format': 'channels_last', 'dilation_rate': [1, 1], 'groups': 1, 'activation': 'linear', 'use_bias': False, 'kernel_initializer': {'module': 'keras.initializers', 'class_name': 'VarianceScaling', 'config': {'seed': None, 'scale': 2.0, 'mode': 'fan_out', 'distribution': 'truncated_normal'}, 'registered_name': None}, 'bias_initializer': {'module': 'keras.initializers', 'class_name': 'Zeros', 'config': {}, 'registered_name': None}, 'kernel_regularizer': None, 'bias_regularizer': None, 'activity_regularizer': None, 'kernel_constraint': None, 'bias_constraint': None}, 'registered_name': None, 'build_config': {'input_shape': [None, 8, 8, 672]}, 'name': 'block6a_project_conv', 'inbound_nodes': [{'args': [{'class_name': '__keras_tensor__', 'config': {'shape': [None, 8, 8, 672], 'dtype': 'float32', 'keras_history': ['block6a_se_excite', 0, 0]}}], 'kwargs': {}}]}, {'module': 'keras.layers', 'class_name': 'BatchNormalization', 'config': {'name': 'block6a_project_bn', 'trainable': False, 'dtype': {'module': 'keras', 'class_name': 'DTypePolicy', 'config': {'name': 'float32'}, 'registered_name': None}, 'axis': 3, 'momentum': 0.99, 'epsilon': 0.001, 'center': True, 'scale': True, 'beta_initializer': {'module': 'keras.initializers', 'class_name': 'Zeros', 'config': {}, 'registered_name': None}, 'gamma_initializer': {'module': 'keras.initializers', 'class_name': 'Ones', 'config': {}, 'registered_name': None}, 'moving_mean_initializer': {'module': 'keras.initializers', 'class_name': 'Zeros', 'config': {}, 'registered_name': None}, 'moving_variance_initializer': {'module': 'keras.initializers', 'class_name': 'Ones', 'config': {}, 'registered_name': None}, 'beta_regularizer': None, 'gamma_regularizer': None, 'beta_constraint': None, 'gamma_constraint': None, 'synchronized': False}, 'registered_name': None, 'build_config': {'input_shape': [None, 8, 8, 192]}, 'name': 'block6a_project_bn', 'inbound_nodes': [{'args': [{'class_name': '__keras_tensor__', 'config': {'shape': [None, 8, 8, 192], 'dtype': 'float32', 'keras_history': ['block6a_project_conv', 0, 0]}}], 'kwargs': {'mask': None}}]}, {'module': 'keras.layers', 'class_name': 'Conv2D', 'config': {'name': 'block6b_expand_conv', 'trainable': False, 'dtype': {'module': 'keras', 'class_name': 'DTypePolicy', 'config': {'name': 'float32'}, 'registered_name': None}, 'filters': 1152, 'kernel_size': [1, 1], 'strides': [1, 1], 'padding': 'same', 'data_format': 'channels_last', 'dilation_rate': [1, 1], 'groups': 1, 'activation': 'linear', 'use_bias': False, 'kernel_initializer': {'module': 'keras.initializers', 'class_name': 'VarianceScaling', 'config': {'seed': None, 'scale': 2.0, 'mode': 'fan_out', 'distribution': 'truncated_normal'}, 'registered_name': None}, 'bias_initializer': {'module': 'keras.initializers', 'class_name': 'Zeros', 'config': {}, 'registered_name': None}, 'kernel_regularizer': None, 'bias_regularizer': None, 'activity_regularizer': None, 'kernel_constraint': None, 'bias_constraint': None}, 'registered_name': None, 'build_config': {'input_shape': [None, 8, 8, 192]}, 'name': 'block6b_expand_conv', 'inbound_nodes': [{'args': [{'class_name': '__keras_tensor__', 'config': {'shape': [None, 8, 8, 192], 'dtype': 'float32', 'keras_history': ['block6a_project_bn', 0, 0]}}], 'kwargs': {}}]}, {'module': 'keras.layers', 'class_name': 'BatchNormalization', 'config': {'name': 'block6b_expand_bn', 'trainable': False, 'dtype': {'module': 'keras', 'class_name': 'DTypePolicy', 'config': {'name': 'float32'}, 'registered_name': None}, 'axis': 3, 'momentum': 0.99, 'epsilon': 0.001, 'center': True, 'scale': True, 'beta_initializer': {'module': 'keras.initializers', 'class_name': 'Zeros', 'config': {}, 'registered_name': None}, 'gamma_initializer': {'module': 'keras.initializers', 'class_name': 'Ones', 'config': {}, 'registered_name': None}, 'moving_mean_initializer': {'module': 'keras.initializers', 'class_name': 'Zeros', 'config': {}, 'registered_name': None}, 'moving_variance_initializer': {'module': 'keras.initializers', 'class_name': 'Ones', 'config': {}, 'registered_name': None}, 'beta_regularizer': None, 'gamma_regularizer': None, 'beta_constraint': None, 'gamma_constraint': None, 'synchronized': False}, 'registered_name': None, 'build_config': {'input_shape': [None, 8, 8, 1152]}, 'name': 'block6b_expand_bn', 'inbound_nodes': [{'args': [{'class_name': '__keras_tensor__', 'config': {'shape': [None, 8, 8, 1152], 'dtype': 'float32', 'keras_history': ['block6b_expand_conv', 0, 0]}}], 'kwargs': {'mask': None}}]}, {'module': 'keras.layers', 'class_name': 'Activation', 'config': {'name': 'block6b_expand_activation', 'trainable': False, 'dtype': {'module': 'keras', 'class_name': 'DTypePolicy', 'config': {'name': 'float32'}, 'registered_name': None}, 'activation': 'silu'}, 'registered_name': None, 'name': 'block6b_expand_activation', 'inbound_nodes': [{'args': [{'class_name': '__keras_tensor__', 'config': {'shape': [None, 8, 8, 1152], 'dtype': 'float32', 'keras_history': ['block6b_expand_bn', 0, 0]}}], 'kwargs': {}}]}, {'module': 'keras.layers', 'class_name': 'DepthwiseConv2D', 'config': {'name': 'block6b_dwconv', 'trainable': False, 'dtype': {'module': 'keras', 'class_name': 'DTypePolicy', 'config': {'name': 'float32'}, 'registered_name': None}, 'depth_multiplier': 1, 'kernel_size': [5, 5], 'strides': [1, 1], 'padding': 'same', 'data_format': 'channels_last', 'dilation_rate': [1, 1], 'activation': 'linear', 'use_bias': False, 'depthwise_initializer': {'module': 'keras.initializers', 'class_name': 'VarianceScaling', 'config': {'seed': None, 'scale': 2.0, 'mode': 'fan_out', 'distribution': 'truncated_normal'}, 'registered_name': None}, 'bias_initializer': {'module': 'keras.initializers', 'class_name': 'Zeros', 'config': {}, 'registered_name': None}, 'depthwise_regularizer': None, 'bias_regularizer': None, 'activity_regularizer': None, 'depthwise_constraint': None, 'bias_constraint': None}, 'registered_name': None, 'build_config': {'input_shape': [None, 8, 8, 1152]}, 'name': 'block6b_dwconv', 'inbound_nodes': [{'args': [{'class_name': '__keras_tensor__', 'config': {'shape': [None, 8, 8, 1152], 'dtype': 'float32', 'keras_history': ['block6b_expand_activation', 0, 0]}}], 'kwargs': {}}]}, {'module': 'keras.layers', 'class_name': 'BatchNormalization', 'config': {'name': 'block6b_bn', 'trainable': False, 'dtype': {'module': 'keras', 'class_name': 'DTypePolicy', 'config': {'name': 'float32'}, 'registered_name': None}, 'axis': 3, 'momentum': 0.99, 'epsilon': 0.001, 'center': True, 'scale': True, 'beta_initializer': {'module': 'keras.initializers', 'class_name': 'Zeros', 'config': {}, 'registered_name': None}, 'gamma_initializer': {'module': 'keras.initializers', 'class_name': 'Ones', 'config': {}, 'registered_name': None}, 'moving_mean_initializer': {'module': 'keras.initializers', 'class_name': 'Zeros', 'config': {}, 'registered_name': None}, 'moving_variance_initializer': {'module': 'keras.initializers', 'class_name': 'Ones', 'config': {}, 'registered_name': None}, 'beta_regularizer': None, 'gamma_regularizer': None, 'beta_constraint': None, 'gamma_constraint': None, 'synchronized': False}, 'registered_name': None, 'build_config': {'input_shape': [None, 8, 8, 1152]}, 'name': 'block6b_bn', 'inbound_nodes': [{'args': [{'class_name': '__keras_tensor__', 'config': {'shape': [None, 8, 8, 1152], 'dtype': 'float32', 'keras_history': ['block6b_dwconv', 0, 0]}}], 'kwargs': {'mask': None}}]}, {'module': 'keras.layers', 'class_name': 'Activation', 'config': {'name': 'block6b_activation', 'trainable': False, 'dtype': {'module': 'keras', 'class_name': 'DTypePolicy', 'config': {'name': 'float32'}, 'registered_name': None}, 'activation': 'silu'}, 'registered_name': None, 'name': 'block6b_activation', 'inbound_nodes': [{'args': [{'class_name': '__keras_tensor__', 'config': {'shape': [None, 8, 8, 1152], 'dtype': 'float32', 'keras_history': ['block6b_bn', 0, 0]}}], 'kwargs': {}}]}, {'module': 'keras.layers', 'class_name': 'GlobalAveragePooling2D', 'config': {'name': 'block6b_se_squeeze', 'trainable': False, 'dtype': {'module': 'keras', 'class_name': 'DTypePolicy', 'config': {'name': 'float32'}, 'registered_name': None}, 'data_format': 'channels_last', 'keepdims': False}, 'registered_name': None, 'name': 'block6b_se_squeeze', 'inbound_nodes': [{'args': [{'class_name': '__keras_tensor__', 'config': {'shape': [None, 8, 8, 1152], 'dtype': 'float32', 'keras_history': ['block6b_activation', 0, 0]}}], 'kwargs': {}}]}, {'module': 'keras.layers', 'class_name': 'Reshape', 'config': {'name': 'block6b_se_reshape', 'trainable': False, 'dtype': {'module': 'keras', 'class_name': 'DTypePolicy', 'config': {'name': 'float32'}, 'registered_name': None}, 'target_shape': [1, 1, 1152]}, 'registered_name': None, 'name': 'block6b_se_reshape', 'inbound_nodes': [{'args': [{'class_name': '__keras_tensor__', 'config': {'shape': [None, 1152], 'dtype': 'float32', 'keras_history': ['block6b_se_squeeze', 0, 0]}}], 'kwargs': {}}]}, {'module': 'keras.layers', 'class_name': 'Conv2D', 'config': {'name': 'block6b_se_reduce', 'trainable': False, 'dtype': {'module': 'keras', 'class_name': 'DTypePolicy', 'config': {'name': 'float32'}, 'registered_name': None}, 'filters': 48, 'kernel_size': [1, 1], 'strides': [1, 1], 'padding': 'same', 'data_format': 'channels_last', 'dilation_rate': [1, 1], 'groups': 1, 'activation': 'silu', 'use_bias': True, 'kernel_initializer': {'module': 'keras.initializers', 'class_name': 'VarianceScaling', 'config': {'seed': None, 'scale': 2.0, 'mode': 'fan_out', 'distribution': 'truncated_normal'}, 'registered_name': None}, 'bias_initializer': {'module': 'keras.initializers', 'class_name': 'Zeros', 'config': {}, 'registered_name': None}, 'kernel_regularizer': None, 'bias_regularizer': None, 'activity_regularizer': None, 'kernel_constraint': None, 'bias_constraint': None}, 'registered_name': None, 'build_config': {'input_shape': [None, 1, 1, 1152]}, 'name': 'block6b_se_reduce', 'inbound_nodes': [{'args': [{'class_name': '__keras_tensor__', 'config': {'shape': [None, 1, 1, 1152], 'dtype': 'float32', 'keras_history': ['block6b_se_reshape', 0, 0]}}], 'kwargs': {}}]}, {'module': 'keras.layers', 'class_name': 'Conv2D', 'config': {'name': 'block6b_se_expand', 'trainable': False, 'dtype': {'module': 'keras', 'class_name': 'DTypePolicy', 'config': {'name': 'float32'}, 'registered_name': None}, 'filters': 1152, 'kernel_size': [1, 1], 'strides': [1, 1], 'padding': 'same', 'data_format': 'channels_last', 'dilation_rate': [1, 1], 'groups': 1, 'activation': 'sigmoid', 'use_bias': True, 'kernel_initializer': {'module': 'keras.initializers', 'class_name': 'VarianceScaling', 'config': {'seed': None, 'scale': 2.0, 'mode': 'fan_out', 'distribution': 'truncated_normal'}, 'registered_name': None}, 'bias_initializer': {'module': 'keras.initializers', 'class_name': 'Zeros', 'config': {}, 'registered_name': None}, 'kernel_regularizer': None, 'bias_regularizer': None, 'activity_regularizer': None, 'kernel_constraint': None, 'bias_constraint': None}, 'registered_name': None, 'build_config': {'input_shape': [None, 1, 1, 48]}, 'name': 'block6b_se_expand', 'inbound_nodes': [{'args': [{'class_name': '__keras_tensor__', 'config': {'shape': [None, 1, 1, 48], 'dtype': 'float32', 'keras_history': ['block6b_se_reduce', 0, 0]}}], 'kwargs': {}}]}, {'module': 'keras.layers', 'class_name': 'Multiply', 'config': {'name': 'block6b_se_excite', 'trainable': False, 'dtype': {'module': 'keras', 'class_name': 'DTypePolicy', 'config': {'name': 'float32'}, 'registered_name': None}}, 'registered_name': None, 'build_config': {'input_shape': [[None, 8, 8, 1152], [None, 1, 1, 1152]]}, 'name': 'block6b_se_excite', 'inbound_nodes': [{'args': [[{'class_name': '__keras_tensor__', 'config': {'shape': [None, 8, 8, 1152], 'dtype': 'float32', 'keras_history': ['block6b_activation', 0, 0]}}, {'class_name': '__keras_tensor__', 'config': {'shape': [None, 1, 1, 1152], 'dtype': 'float32', 'keras_history': ['block6b_se_expand', 0, 0]}}]], 'kwargs': {}}]}, {'module': 'keras.layers', 'class_name': 'Conv2D', 'config': {'name': 'block6b_project_conv', 'trainable': False, 'dtype': {'module': 'keras', 'class_name': 'DTypePolicy', 'config': {'name': 'float32'}, 'registered_name': None}, 'filters': 192, 'kernel_size': [1, 1], 'strides': [1, 1], 'padding': 'same', 'data_format': 'channels_last', 'dilation_rate': [1, 1], 'groups': 1, 'activation': 'linear', 'use_bias': False, 'kernel_initializer': {'module': 'keras.initializers', 'class_name': 'VarianceScaling', 'config': {'seed': None, 'scale': 2.0, 'mode': 'fan_out', 'distribution': 'truncated_normal'}, 'registered_name': None}, 'bias_initializer': {'module': 'keras.initializers', 'class_name': 'Zeros', 'config': {}, 'registered_name': None}, 'kernel_regularizer': None, 'bias_regularizer': None, 'activity_regularizer': None, 'kernel_constraint': None, 'bias_constraint': None}, 'registered_name': None, 'build_config': {'input_shape': [None, 8, 8, 1152]}, 'name': 'block6b_project_conv', 'inbound_nodes': [{'args': [{'class_name': '__keras_tensor__', 'config': {'shape': [None, 8, 8, 1152], 'dtype': 'float32', 'keras_history': ['block6b_se_excite', 0, 0]}}], 'kwargs': {}}]}, {'module': 'keras.layers', 'class_name': 'BatchNormalization', 'config': {'name': 'block6b_project_bn', 'trainable': False, 'dtype': {'module': 'keras', 'class_name': 'DTypePolicy', 'config': {'name': 'float32'}, 'registered_name': None}, 'axis': 3, 'momentum': 0.99, 'epsilon': 0.001, 'center': True, 'scale': True, 'beta_initializer': {'module': 'keras.initializers', 'class_name': 'Zeros', 'config': {}, 'registered_name': None}, 'gamma_initializer': {'module': 'keras.initializers', 'class_name': 'Ones', 'config': {}, 'registered_name': None}, 'moving_mean_initializer': {'module': 'keras.initializers', 'class_name': 'Zeros', 'config': {}, 'registered_name': None}, 'moving_variance_initializer': {'module': 'keras.initializers', 'class_name': 'Ones', 'config': {}, 'registered_name': None}, 'beta_regularizer': None, 'gamma_regularizer': None, 'beta_constraint': None, 'gamma_constraint': None, 'synchronized': False}, 'registered_name': None, 'build_config': {'input_shape': [None, 8, 8, 192]}, 'name': 'block6b_project_bn', 'inbound_nodes': [{'args': [{'class_name': '__keras_tensor__', 'config': {'shape': [None, 8, 8, 192], 'dtype': 'float32', 'keras_history': ['block6b_project_conv', 0, 0]}}], 'kwargs': {'mask': None}}]}, {'module': 'keras.layers', 'class_name': 'Dropout', 'config': {'name': 'block6b_drop', 'trainable': False, 'dtype': {'module': 'keras', 'class_name': 'DTypePolicy', 'config': {'name': 'float32'}, 'registered_name': None}, 'rate': 0.14782608695652175, 'seed': None, 'noise_shape': [None, 1, 1, 1]}, 'registered_name': None, 'name': 'block6b_drop', 'inbound_nodes': [{'args': [{'class_name': '__keras_tensor__', 'config': {'shape': [None, 8, 8, 192], 'dtype': 'float32', 'keras_history': ['block6b_project_bn', 0, 0]}}], 'kwargs': {'training': False}}]}, {'module': 'keras.layers', 'class_name': 'Add', 'config': {'name': 'block6b_add', 'trainable': False, 'dtype': {'module': 'keras', 'class_name': 'DTypePolicy', 'config': {'name': 'float32'}, 'registered_name': None}}, 'registered_name': None, 'build_config': {'input_shape': [[None, 8, 8, 192], [None, 8, 8, 192]]}, 'name': 'block6b_add', 'inbound_nodes': [{'args': [[{'class_name': '__keras_tensor__', 'config': {'shape': [None, 8, 8, 192], 'dtype': 'float32', 'keras_history': ['block6b_drop', 0, 0]}}, {'class_name': '__keras_tensor__', 'config': {'shape': [None, 8, 8, 192], 'dtype': 'float32', 'keras_history': ['block6a_project_bn', 0, 0]}}]], 'kwargs': {}}]}, {'module': 'keras.layers', 'class_name': 'Conv2D', 'config': {'name': 'block6c_expand_conv', 'trainable': False, 'dtype': {'module': 'keras', 'class_name': 'DTypePolicy', 'config': {'name': 'float32'}, 'registered_name': None}, 'filters': 1152, 'kernel_size': [1, 1], 'strides': [1, 1], 'padding': 'same', 'data_format': 'channels_last', 'dilation_rate': [1, 1], 'groups': 1, 'activation': 'linear', 'use_bias': False, 'kernel_initializer': {'module': 'keras.initializers', 'class_name': 'VarianceScaling', 'config': {'seed': None, 'scale': 2.0, 'mode': 'fan_out', 'distribution': 'truncated_normal'}, 'registered_name': None}, 'bias_initializer': {'module': 'keras.initializers', 'class_name': 'Zeros', 'config': {}, 'registered_name': None}, 'kernel_regularizer': None, 'bias_regularizer': None, 'activity_regularizer': None, 'kernel_constraint': None, 'bias_constraint': None}, 'registered_name': None, 'build_config': {'input_shape': [None, 8, 8, 192]}, 'name': 'block6c_expand_conv', 'inbound_nodes': [{'args': [{'class_name': '__keras_tensor__', 'config': {'shape': [None, 8, 8, 192], 'dtype': 'float32', 'keras_history': ['block6b_add', 0, 0]}}], 'kwargs': {}}]}, {'module': 'keras.layers', 'class_name': 'BatchNormalization', 'config': {'name': 'block6c_expand_bn', 'trainable': False, 'dtype': {'module': 'keras', 'class_name': 'DTypePolicy', 'config': {'name': 'float32'}, 'registered_name': None}, 'axis': 3, 'momentum': 0.99, 'epsilon': 0.001, 'center': True, 'scale': True, 'beta_initializer': {'module': 'keras.initializers', 'class_name': 'Zeros', 'config': {}, 'registered_name': None}, 'gamma_initializer': {'module': 'keras.initializers', 'class_name': 'Ones', 'config': {}, 'registered_name': None}, 'moving_mean_initializer': {'module': 'keras.initializers', 'class_name': 'Zeros', 'config': {}, 'registered_name': None}, 'moving_variance_initializer': {'module': 'keras.initializers', 'class_name': 'Ones', 'config': {}, 'registered_name': None}, 'beta_regularizer': None, 'gamma_regularizer': None, 'beta_constraint': None, 'gamma_constraint': None, 'synchronized': False}, 'registered_name': None, 'build_config': {'input_shape': [None, 8, 8, 1152]}, 'name': 'block6c_expand_bn', 'inbound_nodes': [{'args': [{'class_name': '__keras_tensor__', 'config': {'shape': [None, 8, 8, 1152], 'dtype': 'float32', 'keras_history': ['block6c_expand_conv', 0, 0]}}], 'kwargs': {'mask': None}}]}, {'module': 'keras.layers', 'class_name': 'Activation', 'config': {'name': 'block6c_expand_activation', 'trainable': False, 'dtype': {'module': 'keras', 'class_name': 'DTypePolicy', 'config': {'name': 'float32'}, 'registered_name': None}, 'activation': 'silu'}, 'registered_name': None, 'name': 'block6c_expand_activation', 'inbound_nodes': [{'args': [{'class_name': '__keras_tensor__', 'config': {'shape': [None, 8, 8, 1152], 'dtype': 'float32', 'keras_history': ['block6c_expand_bn', 0, 0]}}], 'kwargs': {}}]}, {'module': 'keras.layers', 'class_name': 'DepthwiseConv2D', 'config': {'name': 'block6c_dwconv', 'trainable': False, 'dtype': {'module': 'keras', 'class_name': 'DTypePolicy', 'config': {'name': 'float32'}, 'registered_name': None}, 'depth_multiplier': 1, 'kernel_size': [5, 5], 'strides': [1, 1], 'padding': 'same', 'data_format': 'channels_last', 'dilation_rate': [1, 1], 'activation': 'linear', 'use_bias': False, 'depthwise_initializer': {'module': 'keras.initializers', 'class_name': 'VarianceScaling', 'config': {'seed': None, 'scale': 2.0, 'mode': 'fan_out', 'distribution': 'truncated_normal'}, 'registered_name': None}, 'bias_initializer': {'module': 'keras.initializers', 'class_name': 'Zeros', 'config': {}, 'registered_name': None}, 'depthwise_regularizer': None, 'bias_regularizer': None, 'activity_regularizer': None, 'depthwise_constraint': None, 'bias_constraint': None}, 'registered_name': None, 'build_config': {'input_shape': [None, 8, 8, 1152]}, 'name': 'block6c_dwconv', 'inbound_nodes': [{'args': [{'class_name': '__keras_tensor__', 'config': {'shape': [None, 8, 8, 1152], 'dtype': 'float32', 'keras_history': ['block6c_expand_activation', 0, 0]}}], 'kwargs': {}}]}, {'module': 'keras.layers', 'class_name': 'BatchNormalization', 'config': {'name': 'block6c_bn', 'trainable': False, 'dtype': {'module': 'keras', 'class_name': 'DTypePolicy', 'config': {'name': 'float32'}, 'registered_name': None}, 'axis': 3, 'momentum': 0.99, 'epsilon': 0.001, 'center': True, 'scale': True, 'beta_initializer': {'module': 'keras.initializers', 'class_name': 'Zeros', 'config': {}, 'registered_name': None}, 'gamma_initializer': {'module': 'keras.initializers', 'class_name': 'Ones', 'config': {}, 'registered_name': None}, 'moving_mean_initializer': {'module': 'keras.initializers', 'class_name': 'Zeros', 'config': {}, 'registered_name': None}, 'moving_variance_initializer': {'module': 'keras.initializers', 'class_name': 'Ones', 'config': {}, 'registered_name': None}, 'beta_regularizer': None, 'gamma_regularizer': None, 'beta_constraint': None, 'gamma_constraint': None, 'synchronized': False}, 'registered_name': None, 'build_config': {'input_shape': [None, 8, 8, 1152]}, 'name': 'block6c_bn', 'inbound_nodes': [{'args': [{'class_name': '__keras_tensor__', 'config': {'shape': [None, 8, 8, 1152], 'dtype': 'float32', 'keras_history': ['block6c_dwconv', 0, 0]}}], 'kwargs': {'mask': None}}]}, {'module': 'keras.layers', 'class_name': 'Activation', 'config': {'name': 'block6c_activation', 'trainable': False, 'dtype': {'module': 'keras', 'class_name': 'DTypePolicy', 'config': {'name': 'float32'}, 'registered_name': None}, 'activation': 'silu'}, 'registered_name': None, 'name': 'block6c_activation', 'inbound_nodes': [{'args': [{'class_name': '__keras_tensor__', 'config': {'shape': [None, 8, 8, 1152], 'dtype': 'float32', 'keras_history': ['block6c_bn', 0, 0]}}], 'kwargs': {}}]}, {'module': 'keras.layers', 'class_name': 'GlobalAveragePooling2D', 'config': {'name': 'block6c_se_squeeze', 'trainable': False, 'dtype': {'module': 'keras', 'class_name': 'DTypePolicy', 'config': {'name': 'float32'}, 'registered_name': None}, 'data_format': 'channels_last', 'keepdims': False}, 'registered_name': None, 'name': 'block6c_se_squeeze', 'inbound_nodes': [{'args': [{'class_name': '__keras_tensor__', 'config': {'shape': [None, 8, 8, 1152], 'dtype': 'float32', 'keras_history': ['block6c_activation', 0, 0]}}], 'kwargs': {}}]}, {'module': 'keras.layers', 'class_name': 'Reshape', 'config': {'name': 'block6c_se_reshape', 'trainable': False, 'dtype': {'module': 'keras', 'class_name': 'DTypePolicy', 'config': {'name': 'float32'}, 'registered_name': None}, 'target_shape': [1, 1, 1152]}, 'registered_name': None, 'name': 'block6c_se_reshape', 'inbound_nodes': [{'args': [{'class_name': '__keras_tensor__', 'config': {'shape': [None, 1152], 'dtype': 'float32', 'keras_history': ['block6c_se_squeeze', 0, 0]}}], 'kwargs': {}}]}, {'module': 'keras.layers', 'class_name': 'Conv2D', 'config': {'name': 'block6c_se_reduce', 'trainable': False, 'dtype': {'module': 'keras', 'class_name': 'DTypePolicy', 'config': {'name': 'float32'}, 'registered_name': None}, 'filters': 48, 'kernel_size': [1, 1], 'strides': [1, 1], 'padding': 'same', 'data_format': 'channels_last', 'dilation_rate': [1, 1], 'groups': 1, 'activation': 'silu', 'use_bias': True, 'kernel_initializer': {'module': 'keras.initializers', 'class_name': 'VarianceScaling', 'config': {'seed': None, 'scale': 2.0, 'mode': 'fan_out', 'distribution': 'truncated_normal'}, 'registered_name': None}, 'bias_initializer': {'module': 'keras.initializers', 'class_name': 'Zeros', 'config': {}, 'registered_name': None}, 'kernel_regularizer': None, 'bias_regularizer': None, 'activity_regularizer': None, 'kernel_constraint': None, 'bias_constraint': None}, 'registered_name': None, 'build_config': {'input_shape': [None, 1, 1, 1152]}, 'name': 'block6c_se_reduce', 'inbound_nodes': [{'args': [{'class_name': '__keras_tensor__', 'config': {'shape': [None, 1, 1, 1152], 'dtype': 'float32', 'keras_history': ['block6c_se_reshape', 0, 0]}}], 'kwargs': {}}]}, {'module': 'keras.layers', 'class_name': 'Conv2D', 'config': {'name': 'block6c_se_expand', 'trainable': False, 'dtype': {'module': 'keras', 'class_name': 'DTypePolicy', 'config': {'name': 'float32'}, 'registered_name': None}, 'filters': 1152, 'kernel_size': [1, 1], 'strides': [1, 1], 'padding': 'same', 'data_format': 'channels_last', 'dilation_rate': [1, 1], 'groups': 1, 'activation': 'sigmoid', 'use_bias': True, 'kernel_initializer': {'module': 'keras.initializers', 'class_name': 'VarianceScaling', 'config': {'seed': None, 'scale': 2.0, 'mode': 'fan_out', 'distribution': 'truncated_normal'}, 'registered_name': None}, 'bias_initializer': {'module': 'keras.initializers', 'class_name': 'Zeros', 'config': {}, 'registered_name': None}, 'kernel_regularizer': None, 'bias_regularizer': None, 'activity_regularizer': None, 'kernel_constraint': None, 'bias_constraint': None}, 'registered_name': None, 'build_config': {'input_shape': [None, 1, 1, 48]}, 'name': 'block6c_se_expand', 'inbound_nodes': [{'args': [{'class_name': '__keras_tensor__', 'config': {'shape': [None, 1, 1, 48], 'dtype': 'float32', 'keras_history': ['block6c_se_reduce', 0, 0]}}], 'kwargs': {}}]}, {'module': 'keras.layers', 'class_name': 'Multiply', 'config': {'name': 'block6c_se_excite', 'trainable': False, 'dtype': {'module': 'keras', 'class_name': 'DTypePolicy', 'config': {'name': 'float32'}, 'registered_name': None}}, 'registered_name': None, 'build_config': {'input_shape': [[None, 8, 8, 1152], [None, 1, 1, 1152]]}, 'name': 'block6c_se_excite', 'inbound_nodes': [{'args': [[{'class_name': '__keras_tensor__', 'config': {'shape': [None, 8, 8, 1152], 'dtype': 'float32', 'keras_history': ['block6c_activation', 0, 0]}}, {'class_name': '__keras_tensor__', 'config': {'shape': [None, 1, 1, 1152], 'dtype': 'float32', 'keras_history': ['block6c_se_expand', 0, 0]}}]], 'kwargs': {}}]}, {'module': 'keras.layers', 'class_name': 'Conv2D', 'config': {'name': 'block6c_project_conv', 'trainable': False, 'dtype': {'module': 'keras', 'class_name': 'DTypePolicy', 'config': {'name': 'float32'}, 'registered_name': None}, 'filters': 192, 'kernel_size': [1, 1], 'strides': [1, 1], 'padding': 'same', 'data_format': 'channels_last', 'dilation_rate': [1, 1], 'groups': 1, 'activation': 'linear', 'use_bias': False, 'kernel_initializer': {'module': 'keras.initializers', 'class_name': 'VarianceScaling', 'config': {'seed': None, 'scale': 2.0, 'mode': 'fan_out', 'distribution': 'truncated_normal'}, 'registered_name': None}, 'bias_initializer': {'module': 'keras.initializers', 'class_name': 'Zeros', 'config': {}, 'registered_name': None}, 'kernel_regularizer': None, 'bias_regularizer': None, 'activity_regularizer': None, 'kernel_constraint': None, 'bias_constraint': None}, 'registered_name': None, 'build_config': {'input_shape': [None, 8, 8, 1152]}, 'name': 'block6c_project_conv', 'inbound_nodes': [{'args': [{'class_name': '__keras_tensor__', 'config': {'shape': [None, 8, 8, 1152], 'dtype': 'float32', 'keras_history': ['block6c_se_excite', 0, 0]}}], 'kwargs': {}}]}, {'module': 'keras.layers', 'class_name': 'BatchNormalization', 'config': {'name': 'block6c_project_bn', 'trainable': False, 'dtype': {'module': 'keras', 'class_name': 'DTypePolicy', 'config': {'name': 'float32'}, 'registered_name': None}, 'axis': 3, 'momentum': 0.99, 'epsilon': 0.001, 'center': True, 'scale': True, 'beta_initializer': {'module': 'keras.initializers', 'class_name': 'Zeros', 'config': {}, 'registered_name': None}, 'gamma_initializer': {'module': 'keras.initializers', 'class_name': 'Ones', 'config': {}, 'registered_name': None}, 'moving_mean_initializer': {'module': 'keras.initializers', 'class_name': 'Zeros', 'config': {}, 'registered_name': None}, 'moving_variance_initializer': {'module': 'keras.initializers', 'class_name': 'Ones', 'config': {}, 'registered_name': None}, 'beta_regularizer': None, 'gamma_regularizer': None, 'beta_constraint': None, 'gamma_constraint': None, 'synchronized': False}, 'registered_name': None, 'build_config': {'input_shape': [None, 8, 8, 192]}, 'name': 'block6c_project_bn', 'inbound_nodes': [{'args': [{'class_name': '__keras_tensor__', 'config': {'shape': [None, 8, 8, 192], 'dtype': 'float32', 'keras_history': ['block6c_project_conv', 0, 0]}}], 'kwargs': {'mask': None}}]}, {'module': 'keras.layers', 'class_name': 'Dropout', 'config': {'name': 'block6c_drop', 'trainable': False, 'dtype': {'module': 'keras', 'class_name': 'DTypePolicy', 'config': {'name': 'float32'}, 'registered_name': None}, 'rate': 0.1565217391304348, 'seed': None, 'noise_shape': [None, 1, 1, 1]}, 'registered_name': None, 'name': 'block6c_drop', 'inbound_nodes': [{'args': [{'class_name': '__keras_tensor__', 'config': {'shape': [None, 8, 8, 192], 'dtype': 'float32', 'keras_history': ['block6c_project_bn', 0, 0]}}], 'kwargs': {'training': False}}]}, {'module': 'keras.layers', 'class_name': 'Add', 'config': {'name': 'block6c_add', 'trainable': False, 'dtype': {'module': 'keras', 'class_name': 'DTypePolicy', 'config': {'name': 'float32'}, 'registered_name': None}}, 'registered_name': None, 'build_config': {'input_shape': [[None, 8, 8, 192], [None, 8, 8, 192]]}, 'name': 'block6c_add', 'inbound_nodes': [{'args': [[{'class_name': '__keras_tensor__', 'config': {'shape': [None, 8, 8, 192], 'dtype': 'float32', 'keras_history': ['block6c_drop', 0, 0]}}, {'class_name': '__keras_tensor__', 'config': {'shape': [None, 8, 8, 192], 'dtype': 'float32', 'keras_history': ['block6b_add', 0, 0]}}]], 'kwargs': {}}]}, {'module': 'keras.layers', 'class_name': 'Conv2D', 'config': {'name': 'block6d_expand_conv', 'trainable': False, 'dtype': {'module': 'keras', 'class_name': 'DTypePolicy', 'config': {'name': 'float32'}, 'registered_name': None}, 'filters': 1152, 'kernel_size': [1, 1], 'strides': [1, 1], 'padding': 'same', 'data_format': 'channels_last', 'dilation_rate': [1, 1], 'groups': 1, 'activation': 'linear', 'use_bias': False, 'kernel_initializer': {'module': 'keras.initializers', 'class_name': 'VarianceScaling', 'config': {'seed': None, 'scale': 2.0, 'mode': 'fan_out', 'distribution': 'truncated_normal'}, 'registered_name': None}, 'bias_initializer': {'module': 'keras.initializers', 'class_name': 'Zeros', 'config': {}, 'registered_name': None}, 'kernel_regularizer': None, 'bias_regularizer': None, 'activity_regularizer': None, 'kernel_constraint': None, 'bias_constraint': None}, 'registered_name': None, 'build_config': {'input_shape': [None, 8, 8, 192]}, 'name': 'block6d_expand_conv', 'inbound_nodes': [{'args': [{'class_name': '__keras_tensor__', 'config': {'shape': [None, 8, 8, 192], 'dtype': 'float32', 'keras_history': ['block6c_add', 0, 0]}}], 'kwargs': {}}]}, {'module': 'keras.layers', 'class_name': 'BatchNormalization', 'config': {'name': 'block6d_expand_bn', 'trainable': True, 'dtype': {'module': 'keras', 'class_name': 'DTypePolicy', 'config': {'name': 'float32'}, 'registered_name': None}, 'axis': 3, 'momentum': 0.99, 'epsilon': 0.001, 'center': True, 'scale': True, 'beta_initializer': {'module': 'keras.initializers', 'class_name': 'Zeros', 'config': {}, 'registered_name': None}, 'gamma_initializer': {'module': 'keras.initializers', 'class_name': 'Ones', 'config': {}, 'registered_name': None}, 'moving_mean_initializer': {'module': 'keras.initializers', 'class_name': 'Zeros', 'config': {}, 'registered_name': None}, 'moving_variance_initializer': {'module': 'keras.initializers', 'class_name': 'Ones', 'config': {}, 'registered_name': None}, 'beta_regularizer': None, 'gamma_regularizer': None, 'beta_constraint': None, 'gamma_constraint': None, 'synchronized': False}, 'registered_name': None, 'build_config': {'input_shape': [None, 8, 8, 1152]}, 'name': 'block6d_expand_bn', 'inbound_nodes': [{'args': [{'class_name': '__keras_tensor__', 'config': {'shape': [None, 8, 8, 1152], 'dtype': 'float32', 'keras_history': ['block6d_expand_conv', 0, 0]}}], 'kwargs': {'mask': None}}]}, {'module': 'keras.layers', 'class_name': 'Activation', 'config': {'name': 'block6d_expand_activation', 'trainable': True, 'dtype': {'module': 'keras', 'class_name': 'DTypePolicy', 'config': {'name': 'float32'}, 'registered_name': None}, 'activation': 'silu'}, 'registered_name': None, 'name': 'block6d_expand_activation', 'inbound_nodes': [{'args': [{'class_name': '__keras_tensor__', 'config': {'shape': [None, 8, 8, 1152], 'dtype': 'float32', 'keras_history': ['block6d_expand_bn', 0, 0]}}], 'kwargs': {}}]}, {'module': 'keras.layers', 'class_name': 'DepthwiseConv2D', 'config': {'name': 'block6d_dwconv', 'trainable': True, 'dtype': {'module': 'keras', 'class_name': 'DTypePolicy', 'config': {'name': 'float32'}, 'registered_name': None}, 'depth_multiplier': 1, 'kernel_size': [5, 5], 'strides': [1, 1], 'padding': 'same', 'data_format': 'channels_last', 'dilation_rate': [1, 1], 'activation': 'linear', 'use_bias': False, 'depthwise_initializer': {'module': 'keras.initializers', 'class_name': 'VarianceScaling', 'config': {'seed': None, 'scale': 2.0, 'mode': 'fan_out', 'distribution': 'truncated_normal'}, 'registered_name': None}, 'bias_initializer': {'module': 'keras.initializers', 'class_name': 'Zeros', 'config': {}, 'registered_name': None}, 'depthwise_regularizer': None, 'bias_regularizer': None, 'activity_regularizer': None, 'depthwise_constraint': None, 'bias_constraint': None}, 'registered_name': None, 'build_config': {'input_shape': [None, 8, 8, 1152]}, 'name': 'block6d_dwconv', 'inbound_nodes': [{'args': [{'class_name': '__keras_tensor__', 'config': {'shape': [None, 8, 8, 1152], 'dtype': 'float32', 'keras_history': ['block6d_expand_activation', 0, 0]}}], 'kwargs': {}}]}, {'module': 'keras.layers', 'class_name': 'BatchNormalization', 'config': {'name': 'block6d_bn', 'trainable': True, 'dtype': {'module': 'keras', 'class_name': 'DTypePolicy', 'config': {'name': 'float32'}, 'registered_name': None}, 'axis': 3, 'momentum': 0.99, 'epsilon': 0.001, 'center': True, 'scale': True, 'beta_initializer': {'module': 'keras.initializers', 'class_name': 'Zeros', 'config': {}, 'registered_name': None}, 'gamma_initializer': {'module': 'keras.initializers', 'class_name': 'Ones', 'config': {}, 'registered_name': None}, 'moving_mean_initializer': {'module': 'keras.initializers', 'class_name': 'Zeros', 'config': {}, 'registered_name': None}, 'moving_variance_initializer': {'module': 'keras.initializers', 'class_name': 'Ones', 'config': {}, 'registered_name': None}, 'beta_regularizer': None, 'gamma_regularizer': None, 'beta_constraint': None, 'gamma_constraint': None, 'synchronized': False}, 'registered_name': None, 'build_config': {'input_shape': [None, 8, 8, 1152]}, 'name': 'block6d_bn', 'inbound_nodes': [{'args': [{'class_name': '__keras_tensor__', 'config': {'shape': [None, 8, 8, 1152], 'dtype': 'float32', 'keras_history': ['block6d_dwconv', 0, 0]}}], 'kwargs': {'mask': None}}]}, {'module': 'keras.layers', 'class_name': 'Activation', 'config': {'name': 'block6d_activation', 'trainable': True, 'dtype': {'module': 'keras', 'class_name': 'DTypePolicy', 'config': {'name': 'float32'}, 'registered_name': None}, 'activation': 'silu'}, 'registered_name': None, 'name': 'block6d_activation', 'inbound_nodes': [{'args': [{'class_name': '__keras_tensor__', 'config': {'shape': [None, 8, 8, 1152], 'dtype': 'float32', 'keras_history': ['block6d_bn', 0, 0]}}], 'kwargs': {}}]}, {'module': 'keras.layers', 'class_name': 'GlobalAveragePooling2D', 'config': {'name': 'block6d_se_squeeze', 'trainable': True, 'dtype': {'module': 'keras', 'class_name': 'DTypePolicy', 'config': {'name': 'float32'}, 'registered_name': None}, 'data_format': 'channels_last', 'keepdims': False}, 'registered_name': None, 'name': 'block6d_se_squeeze', 'inbound_nodes': [{'args': [{'class_name': '__keras_tensor__', 'config': {'shape': [None, 8, 8, 1152], 'dtype': 'float32', 'keras_history': ['block6d_activation', 0, 0]}}], 'kwargs': {}}]}, {'module': 'keras.layers', 'class_name': 'Reshape', 'config': {'name': 'block6d_se_reshape', 'trainable': True, 'dtype': {'module': 'keras', 'class_name': 'DTypePolicy', 'config': {'name': 'float32'}, 'registered_name': None}, 'target_shape': [1, 1, 1152]}, 'registered_name': None, 'name': 'block6d_se_reshape', 'inbound_nodes': [{'args': [{'class_name': '__keras_tensor__', 'config': {'shape': [None, 1152], 'dtype': 'float32', 'keras_history': ['block6d_se_squeeze', 0, 0]}}], 'kwargs': {}}]}, {'module': 'keras.layers', 'class_name': 'Conv2D', 'config': {'name': 'block6d_se_reduce', 'trainable': True, 'dtype': {'module': 'keras', 'class_name': 'DTypePolicy', 'config': {'name': 'float32'}, 'registered_name': None}, 'filters': 48, 'kernel_size': [1, 1], 'strides': [1, 1], 'padding': 'same', 'data_format': 'channels_last', 'dilation_rate': [1, 1], 'groups': 1, 'activation': 'silu', 'use_bias': True, 'kernel_initializer': {'module': 'keras.initializers', 'class_name': 'VarianceScaling', 'config': {'seed': None, 'scale': 2.0, 'mode': 'fan_out', 'distribution': 'truncated_normal'}, 'registered_name': None}, 'bias_initializer': {'module': 'keras.initializers', 'class_name': 'Zeros', 'config': {}, 'registered_name': None}, 'kernel_regularizer': None, 'bias_regularizer': None, 'activity_regularizer': None, 'kernel_constraint': None, 'bias_constraint': None}, 'registered_name': None, 'build_config': {'input_shape': [None, 1, 1, 1152]}, 'name': 'block6d_se_reduce', 'inbound_nodes': [{'args': [{'class_name': '__keras_tensor__', 'config': {'shape': [None, 1, 1, 1152], 'dtype': 'float32', 'keras_history': ['block6d_se_reshape', 0, 0]}}], 'kwargs': {}}]}, {'module': 'keras.layers', 'class_name': 'Conv2D', 'config': {'name': 'block6d_se_expand', 'trainable': True, 'dtype': {'module': 'keras', 'class_name': 'DTypePolicy', 'config': {'name': 'float32'}, 'registered_name': None}, 'filters': 1152, 'kernel_size': [1, 1], 'strides': [1, 1], 'padding': 'same', 'data_format': 'channels_last', 'dilation_rate': [1, 1], 'groups': 1, 'activation': 'sigmoid', 'use_bias': True, 'kernel_initializer': {'module': 'keras.initializers', 'class_name': 'VarianceScaling', 'config': {'seed': None, 'scale': 2.0, 'mode': 'fan_out', 'distribution': 'truncated_normal'}, 'registered_name': None}, 'bias_initializer': {'module': 'keras.initializers', 'class_name': 'Zeros', 'config': {}, 'registered_name': None}, 'kernel_regularizer': None, 'bias_regularizer': None, 'activity_regularizer': None, 'kernel_constraint': None, 'bias_constraint': None}, 'registered_name': None, 'build_config': {'input_shape': [None, 1, 1, 48]}, 'name': 'block6d_se_expand', 'inbound_nodes': [{'args': [{'class_name': '__keras_tensor__', 'config': {'shape': [None, 1, 1, 48], 'dtype': 'float32', 'keras_history': ['block6d_se_reduce', 0, 0]}}], 'kwargs': {}}]}, {'module': 'keras.layers', 'class_name': 'Multiply', 'config': {'name': 'block6d_se_excite', 'trainable': True, 'dtype': {'module': 'keras', 'class_name': 'DTypePolicy', 'config': {'name': 'float32'}, 'registered_name': None}}, 'registered_name': None, 'build_config': {'input_shape': [[None, 8, 8, 1152], [None, 1, 1, 1152]]}, 'name': 'block6d_se_excite', 'inbound_nodes': [{'args': [[{'class_name': '__keras_tensor__', 'config': {'shape': [None, 8, 8, 1152], 'dtype': 'float32', 'keras_history': ['block6d_activation', 0, 0]}}, {'class_name': '__keras_tensor__', 'config': {'shape': [None, 1, 1, 1152], 'dtype': 'float32', 'keras_history': ['block6d_se_expand', 0, 0]}}]], 'kwargs': {}}]}, {'module': 'keras.layers', 'class_name': 'Conv2D', 'config': {'name': 'block6d_project_conv', 'trainable': True, 'dtype': {'module': 'keras', 'class_name': 'DTypePolicy', 'config': {'name': 'float32'}, 'registered_name': None}, 'filters': 192, 'kernel_size': [1, 1], 'strides': [1, 1], 'padding': 'same', 'data_format': 'channels_last', 'dilation_rate': [1, 1], 'groups': 1, 'activation': 'linear', 'use_bias': False, 'kernel_initializer': {'module': 'keras.initializers', 'class_name': 'VarianceScaling', 'config': {'seed': None, 'scale': 2.0, 'mode': 'fan_out', 'distribution': 'truncated_normal'}, 'registered_name': None}, 'bias_initializer': {'module': 'keras.initializers', 'class_name': 'Zeros', 'config': {}, 'registered_name': None}, 'kernel_regularizer': None, 'bias_regularizer': None, 'activity_regularizer': None, 'kernel_constraint': None, 'bias_constraint': None}, 'registered_name': None, 'build_config': {'input_shape': [None, 8, 8, 1152]}, 'name': 'block6d_project_conv', 'inbound_nodes': [{'args': [{'class_name': '__keras_tensor__', 'config': {'shape': [None, 8, 8, 1152], 'dtype': 'float32', 'keras_history': ['block6d_se_excite', 0, 0]}}], 'kwargs': {}}]}, {'module': 'keras.layers', 'class_name': 'BatchNormalization', 'config': {'name': 'block6d_project_bn', 'trainable': True, 'dtype': {'module': 'keras', 'class_name': 'DTypePolicy', 'config': {'name': 'float32'}, 'registered_name': None}, 'axis': 3, 'momentum': 0.99, 'epsilon': 0.001, 'center': True, 'scale': True, 'beta_initializer': {'module': 'keras.initializers', 'class_name': 'Zeros', 'config': {}, 'registered_name': None}, 'gamma_initializer': {'module': 'keras.initializers', 'class_name': 'Ones', 'config': {}, 'registered_name': None}, 'moving_mean_initializer': {'module': 'keras.initializers', 'class_name': 'Zeros', 'config': {}, 'registered_name': None}, 'moving_variance_initializer': {'module': 'keras.initializers', 'class_name': 'Ones', 'config': {}, 'registered_name': None}, 'beta_regularizer': None, 'gamma_regularizer': None, 'beta_constraint': None, 'gamma_constraint': None, 'synchronized': False}, 'registered_name': None, 'build_config': {'input_shape': [None, 8, 8, 192]}, 'name': 'block6d_project_bn', 'inbound_nodes': [{'args': [{'class_name': '__keras_tensor__', 'config': {'shape': [None, 8, 8, 192], 'dtype': 'float32', 'keras_history': ['block6d_project_conv', 0, 0]}}], 'kwargs': {'mask': None}}]}, {'module': 'keras.layers', 'class_name': 'Dropout', 'config': {'name': 'block6d_drop', 'trainable': True, 'dtype': {'module': 'keras', 'class_name': 'DTypePolicy', 'config': {'name': 'float32'}, 'registered_name': None}, 'rate': 0.16521739130434784, 'seed': None, 'noise_shape': [None, 1, 1, 1]}, 'registered_name': None, 'name': 'block6d_drop', 'inbound_nodes': [{'args': [{'class_name': '__keras_tensor__', 'config': {'shape': [None, 8, 8, 192], 'dtype': 'float32', 'keras_history': ['block6d_project_bn', 0, 0]}}], 'kwargs': {'training': False}}]}, {'module': 'keras.layers', 'class_name': 'Add', 'config': {'name': 'block6d_add', 'trainable': True, 'dtype': {'module': 'keras', 'class_name': 'DTypePolicy', 'config': {'name': 'float32'}, 'registered_name': None}}, 'registered_name': None, 'build_config': {'input_shape': [[None, 8, 8, 192], [None, 8, 8, 192]]}, 'name': 'block6d_add', 'inbound_nodes': [{'args': [[{'class_name': '__keras_tensor__', 'config': {'shape': [None, 8, 8, 192], 'dtype': 'float32', 'keras_history': ['block6d_drop', 0, 0]}}, {'class_name': '__keras_tensor__', 'config': {'shape': [None, 8, 8, 192], 'dtype': 'float32', 'keras_history': ['block6c_add', 0, 0]}}]], 'kwargs': {}}]}, {'module': 'keras.layers', 'class_name': 'Conv2D', 'config': {'name': 'block6e_expand_conv', 'trainable': True, 'dtype': {'module': 'keras', 'class_name': 'DTypePolicy', 'config': {'name': 'float32'}, 'registered_name': None}, 'filters': 1152, 'kernel_size': [1, 1], 'strides': [1, 1], 'padding': 'same', 'data_format': 'channels_last', 'dilation_rate': [1, 1], 'groups': 1, 'activation': 'linear', 'use_bias': False, 'kernel_initializer': {'module': 'keras.initializers', 'class_name': 'VarianceScaling', 'config': {'seed': None, 'scale': 2.0, 'mode': 'fan_out', 'distribution': 'truncated_normal'}, 'registered_name': None}, 'bias_initializer': {'module': 'keras.initializers', 'class_name': 'Zeros', 'config': {}, 'registered_name': None}, 'kernel_regularizer': None, 'bias_regularizer': None, 'activity_regularizer': None, 'kernel_constraint': None, 'bias_constraint': None}, 'registered_name': None, 'build_config': {'input_shape': [None, 8, 8, 192]}, 'name': 'block6e_expand_conv', 'inbound_nodes': [{'args': [{'class_name': '__keras_tensor__', 'config': {'shape': [None, 8, 8, 192], 'dtype': 'float32', 'keras_history': ['block6d_add', 0, 0]}}], 'kwargs': {}}]}, {'module': 'keras.layers', 'class_name': 'BatchNormalization', 'config': {'name': 'block6e_expand_bn', 'trainable': True, 'dtype': {'module': 'keras', 'class_name': 'DTypePolicy', 'config': {'name': 'float32'}, 'registered_name': None}, 'axis': 3, 'momentum': 0.99, 'epsilon': 0.001, 'center': True, 'scale': True, 'beta_initializer': {'module': 'keras.initializers', 'class_name': 'Zeros', 'config': {}, 'registered_name': None}, 'gamma_initializer': {'module': 'keras.initializers', 'class_name': 'Ones', 'config': {}, 'registered_name': None}, 'moving_mean_initializer': {'module': 'keras.initializers', 'class_name': 'Zeros', 'config': {}, 'registered_name': None}, 'moving_variance_initializer': {'module': 'keras.initializers', 'class_name': 'Ones', 'config': {}, 'registered_name': None}, 'beta_regularizer': None, 'gamma_regularizer': None, 'beta_constraint': None, 'gamma_constraint': None, 'synchronized': False}, 'registered_name': None, 'build_config': {'input_shape': [None, 8, 8, 1152]}, 'name': 'block6e_expand_bn', 'inbound_nodes': [{'args': [{'class_name': '__keras_tensor__', 'config': {'shape': [None, 8, 8, 1152], 'dtype': 'float32', 'keras_history': ['block6e_expand_conv', 0, 0]}}], 'kwargs': {'mask': None}}]}, {'module': 'keras.layers', 'class_name': 'Activation', 'config': {'name': 'block6e_expand_activation', 'trainable': True, 'dtype': {'module': 'keras', 'class_name': 'DTypePolicy', 'config': {'name': 'float32'}, 'registered_name': None}, 'activation': 'silu'}, 'registered_name': None, 'name': 'block6e_expand_activation', 'inbound_nodes': [{'args': [{'class_name': '__keras_tensor__', 'config': {'shape': [None, 8, 8, 1152], 'dtype': 'float32', 'keras_history': ['block6e_expand_bn', 0, 0]}}], 'kwargs': {}}]}, {'module': 'keras.layers', 'class_name': 'DepthwiseConv2D', 'config': {'name': 'block6e_dwconv', 'trainable': True, 'dtype': {'module': 'keras', 'class_name': 'DTypePolicy', 'config': {'name': 'float32'}, 'registered_name': None}, 'depth_multiplier': 1, 'kernel_size': [5, 5], 'strides': [1, 1], 'padding': 'same', 'data_format': 'channels_last', 'dilation_rate': [1, 1], 'activation': 'linear', 'use_bias': False, 'depthwise_initializer': {'module': 'keras.initializers', 'class_name': 'VarianceScaling', 'config': {'seed': None, 'scale': 2.0, 'mode': 'fan_out', 'distribution': 'truncated_normal'}, 'registered_name': None}, 'bias_initializer': {'module': 'keras.initializers', 'class_name': 'Zeros', 'config': {}, 'registered_name': None}, 'depthwise_regularizer': None, 'bias_regularizer': None, 'activity_regularizer': None, 'depthwise_constraint': None, 'bias_constraint': None}, 'registered_name': None, 'build_config': {'input_shape': [None, 8, 8, 1152]}, 'name': 'block6e_dwconv', 'inbound_nodes': [{'args': [{'class_name': '__keras_tensor__', 'config': {'shape': [None, 8, 8, 1152], 'dtype': 'float32', 'keras_history': ['block6e_expand_activation', 0, 0]}}], 'kwargs': {}}]}, {'module': 'keras.layers', 'class_name': 'BatchNormalization', 'config': {'name': 'block6e_bn', 'trainable': True, 'dtype': {'module': 'keras', 'class_name': 'DTypePolicy', 'config': {'name': 'float32'}, 'registered_name': None}, 'axis': 3, 'momentum': 0.99, 'epsilon': 0.001, 'center': True, 'scale': True, 'beta_initializer': {'module': 'keras.initializers', 'class_name': 'Zeros', 'config': {}, 'registered_name': None}, 'gamma_initializer': {'module': 'keras.initializers', 'class_name': 'Ones', 'config': {}, 'registered_name': None}, 'moving_mean_initializer': {'module': 'keras.initializers', 'class_name': 'Zeros', 'config': {}, 'registered_name': None}, 'moving_variance_initializer': {'module': 'keras.initializers', 'class_name': 'Ones', 'config': {}, 'registered_name': None}, 'beta_regularizer': None, 'gamma_regularizer': None, 'beta_constraint': None, 'gamma_constraint': None, 'synchronized': False}, 'registered_name': None, 'build_config': {'input_shape': [None, 8, 8, 1152]}, 'name': 'block6e_bn', 'inbound_nodes': [{'args': [{'class_name': '__keras_tensor__', 'config': {'shape': [None, 8, 8, 1152], 'dtype': 'float32', 'keras_history': ['block6e_dwconv', 0, 0]}}], 'kwargs': {'mask': None}}]}, {'module': 'keras.layers', 'class_name': 'Activation', 'config': {'name': 'block6e_activation', 'trainable': True, 'dtype': {'module': 'keras', 'class_name': 'DTypePolicy', 'config': {'name': 'float32'}, 'registered_name': None}, 'activation': 'silu'}, 'registered_name': None, 'name': 'block6e_activation', 'inbound_nodes': [{'args': [{'class_name': '__keras_tensor__', 'config': {'shape': [None, 8, 8, 1152], 'dtype': 'float32', 'keras_history': ['block6e_bn', 0, 0]}}], 'kwargs': {}}]}, {'module': 'keras.layers', 'class_name': 'GlobalAveragePooling2D', 'config': {'name': 'block6e_se_squeeze', 'trainable': True, 'dtype': {'module': 'keras', 'class_name': 'DTypePolicy', 'config': {'name': 'float32'}, 'registered_name': None}, 'data_format': 'channels_last', 'keepdims': False}, 'registered_name': None, 'name': 'block6e_se_squeeze', 'inbound_nodes': [{'args': [{'class_name': '__keras_tensor__', 'config': {'shape': [None, 8, 8, 1152], 'dtype': 'float32', 'keras_history': ['block6e_activation', 0, 0]}}], 'kwargs': {}}]}, {'module': 'keras.layers', 'class_name': 'Reshape', 'config': {'name': 'block6e_se_reshape', 'trainable': True, 'dtype': {'module': 'keras', 'class_name': 'DTypePolicy', 'config': {'name': 'float32'}, 'registered_name': None}, 'target_shape': [1, 1, 1152]}, 'registered_name': None, 'name': 'block6e_se_reshape', 'inbound_nodes': [{'args': [{'class_name': '__keras_tensor__', 'config': {'shape': [None, 1152], 'dtype': 'float32', 'keras_history': ['block6e_se_squeeze', 0, 0]}}], 'kwargs': {}}]}, {'module': 'keras.layers', 'class_name': 'Conv2D', 'config': {'name': 'block6e_se_reduce', 'trainable': True, 'dtype': {'module': 'keras', 'class_name': 'DTypePolicy', 'config': {'name': 'float32'}, 'registered_name': None}, 'filters': 48, 'kernel_size': [1, 1], 'strides': [1, 1], 'padding': 'same', 'data_format': 'channels_last', 'dilation_rate': [1, 1], 'groups': 1, 'activation': 'silu', 'use_bias': True, 'kernel_initializer': {'module': 'keras.initializers', 'class_name': 'VarianceScaling', 'config': {'seed': None, 'scale': 2.0, 'mode': 'fan_out', 'distribution': 'truncated_normal'}, 'registered_name': None}, 'bias_initializer': {'module': 'keras.initializers', 'class_name': 'Zeros', 'config': {}, 'registered_name': None}, 'kernel_regularizer': None, 'bias_regularizer': None, 'activity_regularizer': None, 'kernel_constraint': None, 'bias_constraint': None}, 'registered_name': None, 'build_config': {'input_shape': [None, 1, 1, 1152]}, 'name': 'block6e_se_reduce', 'inbound_nodes': [{'args': [{'class_name': '__keras_tensor__', 'config': {'shape': [None, 1, 1, 1152], 'dtype': 'float32', 'keras_history': ['block6e_se_reshape', 0, 0]}}], 'kwargs': {}}]}, {'module': 'keras.layers', 'class_name': 'Conv2D', 'config': {'name': 'block6e_se_expand', 'trainable': True, 'dtype': {'module': 'keras', 'class_name': 'DTypePolicy', 'config': {'name': 'float32'}, 'registered_name': None}, 'filters': 1152, 'kernel_size': [1, 1], 'strides': [1, 1], 'padding': 'same', 'data_format': 'channels_last', 'dilation_rate': [1, 1], 'groups': 1, 'activation': 'sigmoid', 'use_bias': True, 'kernel_initializer': {'module': 'keras.initializers', 'class_name': 'VarianceScaling', 'config': {'seed': None, 'scale': 2.0, 'mode': 'fan_out', 'distribution': 'truncated_normal'}, 'registered_name': None}, 'bias_initializer': {'module': 'keras.initializers', 'class_name': 'Zeros', 'config': {}, 'registered_name': None}, 'kernel_regularizer': None, 'bias_regularizer': None, 'activity_regularizer': None, 'kernel_constraint': None, 'bias_constraint': None}, 'registered_name': None, 'build_config': {'input_shape': [None, 1, 1, 48]}, 'name': 'block6e_se_expand', 'inbound_nodes': [{'args': [{'class_name': '__keras_tensor__', 'config': {'shape': [None, 1, 1, 48], 'dtype': 'float32', 'keras_history': ['block6e_se_reduce', 0, 0]}}], 'kwargs': {}}]}, {'module': 'keras.layers', 'class_name': 'Multiply', 'config': {'name': 'block6e_se_excite', 'trainable': True, 'dtype': {'module': 'keras', 'class_name': 'DTypePolicy', 'config': {'name': 'float32'}, 'registered_name': None}}, 'registered_name': None, 'build_config': {'input_shape': [[None, 8, 8, 1152], [None, 1, 1, 1152]]}, 'name': 'block6e_se_excite', 'inbound_nodes': [{'args': [[{'class_name': '__keras_tensor__', 'config': {'shape': [None, 8, 8, 1152], 'dtype': 'float32', 'keras_history': ['block6e_activation', 0, 0]}}, {'class_name': '__keras_tensor__', 'config': {'shape': [None, 1, 1, 1152], 'dtype': 'float32', 'keras_history': ['block6e_se_expand', 0, 0]}}]], 'kwargs': {}}]}, {'module': 'keras.layers', 'class_name': 'Conv2D', 'config': {'name': 'block6e_project_conv', 'trainable': True, 'dtype': {'module': 'keras', 'class_name': 'DTypePolicy', 'config': {'name': 'float32'}, 'registered_name': None}, 'filters': 192, 'kernel_size': [1, 1], 'strides': [1, 1], 'padding': 'same', 'data_format': 'channels_last', 'dilation_rate': [1, 1], 'groups': 1, 'activation': 'linear', 'use_bias': False, 'kernel_initializer': {'module': 'keras.initializers', 'class_name': 'VarianceScaling', 'config': {'seed': None, 'scale': 2.0, 'mode': 'fan_out', 'distribution': 'truncated_normal'}, 'registered_name': None}, 'bias_initializer': {'module': 'keras.initializers', 'class_name': 'Zeros', 'config': {}, 'registered_name': None}, 'kernel_regularizer': None, 'bias_regularizer': None, 'activity_regularizer': None, 'kernel_constraint': None, 'bias_constraint': None}, 'registered_name': None, 'build_config': {'input_shape': [None, 8, 8, 1152]}, 'name': 'block6e_project_conv', 'inbound_nodes': [{'args': [{'class_name': '__keras_tensor__', 'config': {'shape': [None, 8, 8, 1152], 'dtype': 'float32', 'keras_history': ['block6e_se_excite', 0, 0]}}], 'kwargs': {}}]}, {'module': 'keras.layers', 'class_name': 'BatchNormalization', 'config': {'name': 'block6e_project_bn', 'trainable': True, 'dtype': {'module': 'keras', 'class_name': 'DTypePolicy', 'config': {'name': 'float32'}, 'registered_name': None}, 'axis': 3, 'momentum': 0.99, 'epsilon': 0.001, 'center': True, 'scale': True, 'beta_initializer': {'module': 'keras.initializers', 'class_name': 'Zeros', 'config': {}, 'registered_name': None}, 'gamma_initializer': {'module': 'keras.initializers', 'class_name': 'Ones', 'config': {}, 'registered_name': None}, 'moving_mean_initializer': {'module': 'keras.initializers', 'class_name': 'Zeros', 'config': {}, 'registered_name': None}, 'moving_variance_initializer': {'module': 'keras.initializers', 'class_name': 'Ones', 'config': {}, 'registered_name': None}, 'beta_regularizer': None, 'gamma_regularizer': None, 'beta_constraint': None, 'gamma_constraint': None, 'synchronized': False}, 'registered_name': None, 'build_config': {'input_shape': [None, 8, 8, 192]}, 'name': 'block6e_project_bn', 'inbound_nodes': [{'args': [{'class_name': '__keras_tensor__', 'config': {'shape': [None, 8, 8, 192], 'dtype': 'float32', 'keras_history': ['block6e_project_conv', 0, 0]}}], 'kwargs': {'mask': None}}]}, {'module': 'keras.layers', 'class_name': 'Dropout', 'config': {'name': 'block6e_drop', 'trainable': True, 'dtype': {'module': 'keras', 'class_name': 'DTypePolicy', 'config': {'name': 'float32'}, 'registered_name': None}, 'rate': 0.17391304347826086, 'seed': None, 'noise_shape': [None, 1, 1, 1]}, 'registered_name': None, 'name': 'block6e_drop', 'inbound_nodes': [{'args': [{'class_name': '__keras_tensor__', 'config': {'shape': [None, 8, 8, 192], 'dtype': 'float32', 'keras_history': ['block6e_project_bn', 0, 0]}}], 'kwargs': {'training': False}}]}, {'module': 'keras.layers', 'class_name': 'Add', 'config': {'name': 'block6e_add', 'trainable': True, 'dtype': {'module': 'keras', 'class_name': 'DTypePolicy', 'config': {'name': 'float32'}, 'registered_name': None}}, 'registered_name': None, 'build_config': {'input_shape': [[None, 8, 8, 192], [None, 8, 8, 192]]}, 'name': 'block6e_add', 'inbound_nodes': [{'args': [[{'class_name': '__keras_tensor__', 'config': {'shape': [None, 8, 8, 192], 'dtype': 'float32', 'keras_history': ['block6e_drop', 0, 0]}}, {'class_name': '__keras_tensor__', 'config': {'shape': [None, 8, 8, 192], 'dtype': 'float32', 'keras_history': ['block6d_add', 0, 0]}}]], 'kwargs': {}}]}, {'module': 'keras.layers', 'class_name': 'Conv2D', 'config': {'name': 'block7a_expand_conv', 'trainable': True, 'dtype': {'module': 'keras', 'class_name': 'DTypePolicy', 'config': {'name': 'float32'}, 'registered_name': None}, 'filters': 1152, 'kernel_size': [1, 1], 'strides': [1, 1], 'padding': 'same', 'data_format': 'channels_last', 'dilation_rate': [1, 1], 'groups': 1, 'activation': 'linear', 'use_bias': False, 'kernel_initializer': {'module': 'keras.initializers', 'class_name': 'VarianceScaling', 'config': {'seed': None, 'scale': 2.0, 'mode': 'fan_out', 'distribution': 'truncated_normal'}, 'registered_name': None}, 'bias_initializer': {'module': 'keras.initializers', 'class_name': 'Zeros', 'config': {}, 'registered_name': None}, 'kernel_regularizer': None, 'bias_regularizer': None, 'activity_regularizer': None, 'kernel_constraint': None, 'bias_constraint': None}, 'registered_name': None, 'build_config': {'input_shape': [None, 8, 8, 192]}, 'name': 'block7a_expand_conv', 'inbound_nodes': [{'args': [{'class_name': '__keras_tensor__', 'config': {'shape': [None, 8, 8, 192], 'dtype': 'float32', 'keras_history': ['block6e_add', 0, 0]}}], 'kwargs': {}}]}, {'module': 'keras.layers', 'class_name': 'BatchNormalization', 'config': {'name': 'block7a_expand_bn', 'trainable': True, 'dtype': {'module': 'keras', 'class_name': 'DTypePolicy', 'config': {'name': 'float32'}, 'registered_name': None}, 'axis': 3, 'momentum': 0.99, 'epsilon': 0.001, 'center': True, 'scale': True, 'beta_initializer': {'module': 'keras.initializers', 'class_name': 'Zeros', 'config': {}, 'registered_name': None}, 'gamma_initializer': {'module': 'keras.initializers', 'class_name': 'Ones', 'config': {}, 'registered_name': None}, 'moving_mean_initializer': {'module': 'keras.initializers', 'class_name': 'Zeros', 'config': {}, 'registered_name': None}, 'moving_variance_initializer': {'module': 'keras.initializers', 'class_name': 'Ones', 'config': {}, 'registered_name': None}, 'beta_regularizer': None, 'gamma_regularizer': None, 'beta_constraint': None, 'gamma_constraint': None, 'synchronized': False}, 'registered_name': None, 'build_config': {'input_shape': [None, 8, 8, 1152]}, 'name': 'block7a_expand_bn', 'inbound_nodes': [{'args': [{'class_name': '__keras_tensor__', 'config': {'shape': [None, 8, 8, 1152], 'dtype': 'float32', 'keras_history': ['block7a_expand_conv', 0, 0]}}], 'kwargs': {'mask': None}}]}, {'module': 'keras.layers', 'class_name': 'Activation', 'config': {'name': 'block7a_expand_activation', 'trainable': True, 'dtype': {'module': 'keras', 'class_name': 'DTypePolicy', 'config': {'name': 'float32'}, 'registered_name': None}, 'activation': 'silu'}, 'registered_name': None, 'name': 'block7a_expand_activation', 'inbound_nodes': [{'args': [{'class_name': '__keras_tensor__', 'config': {'shape': [None, 8, 8, 1152], 'dtype': 'float32', 'keras_history': ['block7a_expand_bn', 0, 0]}}], 'kwargs': {}}]}, {'module': 'keras.layers', 'class_name': 'DepthwiseConv2D', 'config': {'name': 'block7a_dwconv', 'trainable': True, 'dtype': {'module': 'keras', 'class_name': 'DTypePolicy', 'config': {'name': 'float32'}, 'registered_name': None}, 'depth_multiplier': 1, 'kernel_size': [3, 3], 'strides': [1, 1], 'padding': 'same', 'data_format': 'channels_last', 'dilation_rate': [1, 1], 'activation': 'linear', 'use_bias': False, 'depthwise_initializer': {'module': 'keras.initializers', 'class_name': 'VarianceScaling', 'config': {'seed': None, 'scale': 2.0, 'mode': 'fan_out', 'distribution': 'truncated_normal'}, 'registered_name': None}, 'bias_initializer': {'module': 'keras.initializers', 'class_name': 'Zeros', 'config': {}, 'registered_name': None}, 'depthwise_regularizer': None, 'bias_regularizer': None, 'activity_regularizer': None, 'depthwise_constraint': None, 'bias_constraint': None}, 'registered_name': None, 'build_config': {'input_shape': [None, 8, 8, 1152]}, 'name': 'block7a_dwconv', 'inbound_nodes': [{'args': [{'class_name': '__keras_tensor__', 'config': {'shape': [None, 8, 8, 1152], 'dtype': 'float32', 'keras_history': ['block7a_expand_activation', 0, 0]}}], 'kwargs': {}}]}, {'module': 'keras.layers', 'class_name': 'BatchNormalization', 'config': {'name': 'block7a_bn', 'trainable': True, 'dtype': {'module': 'keras', 'class_name': 'DTypePolicy', 'config': {'name': 'float32'}, 'registered_name': None}, 'axis': 3, 'momentum': 0.99, 'epsilon': 0.001, 'center': True, 'scale': True, 'beta_initializer': {'module': 'keras.initializers', 'class_name': 'Zeros', 'config': {}, 'registered_name': None}, 'gamma_initializer': {'module': 'keras.initializers', 'class_name': 'Ones', 'config': {}, 'registered_name': None}, 'moving_mean_initializer': {'module': 'keras.initializers', 'class_name': 'Zeros', 'config': {}, 'registered_name': None}, 'moving_variance_initializer': {'module': 'keras.initializers', 'class_name': 'Ones', 'config': {}, 'registered_name': None}, 'beta_regularizer': None, 'gamma_regularizer': None, 'beta_constraint': None, 'gamma_constraint': None, 'synchronized': False}, 'registered_name': None, 'build_config': {'input_shape': [None, 8, 8, 1152]}, 'name': 'block7a_bn', 'inbound_nodes': [{'args': [{'class_name': '__keras_tensor__', 'config': {'shape': [None, 8, 8, 1152], 'dtype': 'float32', 'keras_history': ['block7a_dwconv', 0, 0]}}], 'kwargs': {'mask': None}}]}, {'module': 'keras.layers', 'class_name': 'Activation', 'config': {'name': 'block7a_activation', 'trainable': True, 'dtype': {'module': 'keras', 'class_name': 'DTypePolicy', 'config': {'name': 'float32'}, 'registered_name': None}, 'activation': 'silu'}, 'registered_name': None, 'name': 'block7a_activation', 'inbound_nodes': [{'args': [{'class_name': '__keras_tensor__', 'config': {'shape': [None, 8, 8, 1152], 'dtype': 'float32', 'keras_history': ['block7a_bn', 0, 0]}}], 'kwargs': {}}]}, {'module': 'keras.layers', 'class_name': 'GlobalAveragePooling2D', 'config': {'name': 'block7a_se_squeeze', 'trainable': True, 'dtype': {'module': 'keras', 'class_name': 'DTypePolicy', 'config': {'name': 'float32'}, 'registered_name': None}, 'data_format': 'channels_last', 'keepdims': False}, 'registered_name': None, 'name': 'block7a_se_squeeze', 'inbound_nodes': [{'args': [{'class_name': '__keras_tensor__', 'config': {'shape': [None, 8, 8, 1152], 'dtype': 'float32', 'keras_history': ['block7a_activation', 0, 0]}}], 'kwargs': {}}]}, {'module': 'keras.layers', 'class_name': 'Reshape', 'config': {'name': 'block7a_se_reshape', 'trainable': True, 'dtype': {'module': 'keras', 'class_name': 'DTypePolicy', 'config': {'name': 'float32'}, 'registered_name': None}, 'target_shape': [1, 1, 1152]}, 'registered_name': None, 'name': 'block7a_se_reshape', 'inbound_nodes': [{'args': [{'class_name': '__keras_tensor__', 'config': {'shape': [None, 1152], 'dtype': 'float32', 'keras_history': ['block7a_se_squeeze', 0, 0]}}], 'kwargs': {}}]}, {'module': 'keras.layers', 'class_name': 'Conv2D', 'config': {'name': 'block7a_se_reduce', 'trainable': True, 'dtype': {'module': 'keras', 'class_name': 'DTypePolicy', 'config': {'name': 'float32'}, 'registered_name': None}, 'filters': 48, 'kernel_size': [1, 1], 'strides': [1, 1], 'padding': 'same', 'data_format': 'channels_last', 'dilation_rate': [1, 1], 'groups': 1, 'activation': 'silu', 'use_bias': True, 'kernel_initializer': {'module': 'keras.initializers', 'class_name': 'VarianceScaling', 'config': {'seed': None, 'scale': 2.0, 'mode': 'fan_out', 'distribution': 'truncated_normal'}, 'registered_name': None}, 'bias_initializer': {'module': 'keras.initializers', 'class_name': 'Zeros', 'config': {}, 'registered_name': None}, 'kernel_regularizer': None, 'bias_regularizer': None, 'activity_regularizer': None, 'kernel_constraint': None, 'bias_constraint': None}, 'registered_name': None, 'build_config': {'input_shape': [None, 1, 1, 1152]}, 'name': 'block7a_se_reduce', 'inbound_nodes': [{'args': [{'class_name': '__keras_tensor__', 'config': {'shape': [None, 1, 1, 1152], 'dtype': 'float32', 'keras_history': ['block7a_se_reshape', 0, 0]}}], 'kwargs': {}}]}, {'module': 'keras.layers', 'class_name': 'Conv2D', 'config': {'name': 'block7a_se_expand', 'trainable': True, 'dtype': {'module': 'keras', 'class_name': 'DTypePolicy', 'config': {'name': 'float32'}, 'registered_name': None}, 'filters': 1152, 'kernel_size': [1, 1], 'strides': [1, 1], 'padding': 'same', 'data_format': 'channels_last', 'dilation_rate': [1, 1], 'groups': 1, 'activation': 'sigmoid', 'use_bias': True, 'kernel_initializer': {'module': 'keras.initializers', 'class_name': 'VarianceScaling', 'config': {'seed': None, 'scale': 2.0, 'mode': 'fan_out', 'distribution': 'truncated_normal'}, 'registered_name': None}, 'bias_initializer': {'module': 'keras.initializers', 'class_name': 'Zeros', 'config': {}, 'registered_name': None}, 'kernel_regularizer': None, 'bias_regularizer': None, 'activity_regularizer': None, 'kernel_constraint': None, 'bias_constraint': None}, 'registered_name': None, 'build_config': {'input_shape': [None, 1, 1, 48]}, 'name': 'block7a_se_expand', 'inbound_nodes': [{'args': [{'class_name': '__keras_tensor__', 'config': {'shape': [None, 1, 1, 48], 'dtype': 'float32', 'keras_history': ['block7a_se_reduce', 0, 0]}}], 'kwargs': {}}]}, {'module': 'keras.layers', 'class_name': 'Multiply', 'config': {'name': 'block7a_se_excite', 'trainable': True, 'dtype': {'module': 'keras', 'class_name': 'DTypePolicy', 'config': {'name': 'float32'}, 'registered_name': None}}, 'registered_name': None, 'build_config': {'input_shape': [[None, 8, 8, 1152], [None, 1, 1, 1152]]}, 'name': 'block7a_se_excite', 'inbound_nodes': [{'args': [[{'class_name': '__keras_tensor__', 'config': {'shape': [None, 8, 8, 1152], 'dtype': 'float32', 'keras_history': ['block7a_activation', 0, 0]}}, {'class_name': '__keras_tensor__', 'config': {'shape': [None, 1, 1, 1152], 'dtype': 'float32', 'keras_history': ['block7a_se_expand', 0, 0]}}]], 'kwargs': {}}]}, {'module': 'keras.layers', 'class_name': 'Conv2D', 'config': {'name': 'block7a_project_conv', 'trainable': True, 'dtype': {'module': 'keras', 'class_name': 'DTypePolicy', 'config': {'name': 'float32'}, 'registered_name': None}, 'filters': 320, 'kernel_size': [1, 1], 'strides': [1, 1], 'padding': 'same', 'data_format': 'channels_last', 'dilation_rate': [1, 1], 'groups': 1, 'activation': 'linear', 'use_bias': False, 'kernel_initializer': {'module': 'keras.initializers', 'class_name': 'VarianceScaling', 'config': {'seed': None, 'scale': 2.0, 'mode': 'fan_out', 'distribution': 'truncated_normal'}, 'registered_name': None}, 'bias_initializer': {'module': 'keras.initializers', 'class_name': 'Zeros', 'config': {}, 'registered_name': None}, 'kernel_regularizer': None, 'bias_regularizer': None, 'activity_regularizer': None, 'kernel_constraint': None, 'bias_constraint': None}, 'registered_name': None, 'build_config': {'input_shape': [None, 8, 8, 1152]}, 'name': 'block7a_project_conv', 'inbound_nodes': [{'args': [{'class_name': '__keras_tensor__', 'config': {'shape': [None, 8, 8, 1152], 'dtype': 'float32', 'keras_history': ['block7a_se_excite', 0, 0]}}], 'kwargs': {}}]}, {'module': 'keras.layers', 'class_name': 'BatchNormalization', 'config': {'name': 'block7a_project_bn', 'trainable': True, 'dtype': {'module': 'keras', 'class_name': 'DTypePolicy', 'config': {'name': 'float32'}, 'registered_name': None}, 'axis': 3, 'momentum': 0.99, 'epsilon': 0.001, 'center': True, 'scale': True, 'beta_initializer': {'module': 'keras.initializers', 'class_name': 'Zeros', 'config': {}, 'registered_name': None}, 'gamma_initializer': {'module': 'keras.initializers', 'class_name': 'Ones', 'config': {}, 'registered_name': None}, 'moving_mean_initializer': {'module': 'keras.initializers', 'class_name': 'Zeros', 'config': {}, 'registered_name': None}, 'moving_variance_initializer': {'module': 'keras.initializers', 'class_name': 'Ones', 'config': {}, 'registered_name': None}, 'beta_regularizer': None, 'gamma_regularizer': None, 'beta_constraint': None, 'gamma_constraint': None, 'synchronized': False}, 'registered_name': None, 'build_config': {'input_shape': [None, 8, 8, 320]}, 'name': 'block7a_project_bn', 'inbound_nodes': [{'args': [{'class_name': '__keras_tensor__', 'config': {'shape': [None, 8, 8, 320], 'dtype': 'float32', 'keras_history': ['block7a_project_conv', 0, 0]}}], 'kwargs': {'mask': None}}]}, {'module': 'keras.layers', 'class_name': 'Conv2D', 'config': {'name': 'block7b_expand_conv', 'trainable': True, 'dtype': {'module': 'keras', 'class_name': 'DTypePolicy', 'config': {'name': 'float32'}, 'registered_name': None}, 'filters': 1920, 'kernel_size': [1, 1], 'strides': [1, 1], 'padding': 'same', 'data_format': 'channels_last', 'dilation_rate': [1, 1], 'groups': 1, 'activation': 'linear', 'use_bias': False, 'kernel_initializer': {'module': 'keras.initializers', 'class_name': 'VarianceScaling', 'config': {'seed': None, 'scale': 2.0, 'mode': 'fan_out', 'distribution': 'truncated_normal'}, 'registered_name': None}, 'bias_initializer': {'module': 'keras.initializers', 'class_name': 'Zeros', 'config': {}, 'registered_name': None}, 'kernel_regularizer': None, 'bias_regularizer': None, 'activity_regularizer': None, 'kernel_constraint': None, 'bias_constraint': None}, 'registered_name': None, 'build_config': {'input_shape': [None, 8, 8, 320]}, 'name': 'block7b_expand_conv', 'inbound_nodes': [{'args': [{'class_name': '__keras_tensor__', 'config': {'shape': [None, 8, 8, 320], 'dtype': 'float32', 'keras_history': ['block7a_project_bn', 0, 0]}}], 'kwargs': {}}]}, {'module': 'keras.layers', 'class_name': 'BatchNormalization', 'config': {'name': 'block7b_expand_bn', 'trainable': True, 'dtype': {'module': 'keras', 'class_name': 'DTypePolicy', 'config': {'name': 'float32'}, 'registered_name': None}, 'axis': 3, 'momentum': 0.99, 'epsilon': 0.001, 'center': True, 'scale': True, 'beta_initializer': {'module': 'keras.initializers', 'class_name': 'Zeros', 'config': {}, 'registered_name': None}, 'gamma_initializer': {'module': 'keras.initializers', 'class_name': 'Ones', 'config': {}, 'registered_name': None}, 'moving_mean_initializer': {'module': 'keras.initializers', 'class_name': 'Zeros', 'config': {}, 'registered_name': None}, 'moving_variance_initializer': {'module': 'keras.initializers', 'class_name': 'Ones', 'config': {}, 'registered_name': None}, 'beta_regularizer': None, 'gamma_regularizer': None, 'beta_constraint': None, 'gamma_constraint': None, 'synchronized': False}, 'registered_name': None, 'build_config': {'input_shape': [None, 8, 8, 1920]}, 'name': 'block7b_expand_bn', 'inbound_nodes': [{'args': [{'class_name': '__keras_tensor__', 'config': {'shape': [None, 8, 8, 1920], 'dtype': 'float32', 'keras_history': ['block7b_expand_conv', 0, 0]}}], 'kwargs': {'mask': None}}]}, {'module': 'keras.layers', 'class_name': 'Activation', 'config': {'name': 'block7b_expand_activation', 'trainable': True, 'dtype': {'module': 'keras', 'class_name': 'DTypePolicy', 'config': {'name': 'float32'}, 'registered_name': None}, 'activation': 'silu'}, 'registered_name': None, 'name': 'block7b_expand_activation', 'inbound_nodes': [{'args': [{'class_name': '__keras_tensor__', 'config': {'shape': [None, 8, 8, 1920], 'dtype': 'float32', 'keras_history': ['block7b_expand_bn', 0, 0]}}], 'kwargs': {}}]}, {'module': 'keras.layers', 'class_name': 'DepthwiseConv2D', 'config': {'name': 'block7b_dwconv', 'trainable': True, 'dtype': {'module': 'keras', 'class_name': 'DTypePolicy', 'config': {'name': 'float32'}, 'registered_name': None}, 'depth_multiplier': 1, 'kernel_size': [3, 3], 'strides': [1, 1], 'padding': 'same', 'data_format': 'channels_last', 'dilation_rate': [1, 1], 'activation': 'linear', 'use_bias': False, 'depthwise_initializer': {'module': 'keras.initializers', 'class_name': 'VarianceScaling', 'config': {'seed': None, 'scale': 2.0, 'mode': 'fan_out', 'distribution': 'truncated_normal'}, 'registered_name': None}, 'bias_initializer': {'module': 'keras.initializers', 'class_name': 'Zeros', 'config': {}, 'registered_name': None}, 'depthwise_regularizer': None, 'bias_regularizer': None, 'activity_regularizer': None, 'depthwise_constraint': None, 'bias_constraint': None}, 'registered_name': None, 'build_config': {'input_shape': [None, 8, 8, 1920]}, 'name': 'block7b_dwconv', 'inbound_nodes': [{'args': [{'class_name': '__keras_tensor__', 'config': {'shape': [None, 8, 8, 1920], 'dtype': 'float32', 'keras_history': ['block7b_expand_activation', 0, 0]}}], 'kwargs': {}}]}, {'module': 'keras.layers', 'class_name': 'BatchNormalization', 'config': {'name': 'block7b_bn', 'trainable': True, 'dtype': {'module': 'keras', 'class_name': 'DTypePolicy', 'config': {'name': 'float32'}, 'registered_name': None}, 'axis': 3, 'momentum': 0.99, 'epsilon': 0.001, 'center': True, 'scale': True, 'beta_initializer': {'module': 'keras.initializers', 'class_name': 'Zeros', 'config': {}, 'registered_name': None}, 'gamma_initializer': {'module': 'keras.initializers', 'class_name': 'Ones', 'config': {}, 'registered_name': None}, 'moving_mean_initializer': {'module': 'keras.initializers', 'class_name': 'Zeros', 'config': {}, 'registered_name': None}, 'moving_variance_initializer': {'module': 'keras.initializers', 'class_name': 'Ones', 'config': {}, 'registered_name': None}, 'beta_regularizer': None, 'gamma_regularizer': None, 'beta_constraint': None, 'gamma_constraint': None, 'synchronized': False}, 'registered_name': None, 'build_config': {'input_shape': [None, 8, 8, 1920]}, 'name': 'block7b_bn', 'inbound_nodes': [{'args': [{'class_name': '__keras_tensor__', 'config': {'shape': [None, 8, 8, 1920], 'dtype': 'float32', 'keras_history': ['block7b_dwconv', 0, 0]}}], 'kwargs': {'mask': None}}]}, {'module': 'keras.layers', 'class_name': 'Activation', 'config': {'name': 'block7b_activation', 'trainable': True, 'dtype': {'module': 'keras', 'class_name': 'DTypePolicy', 'config': {'name': 'float32'}, 'registered_name': None}, 'activation': 'silu'}, 'registered_name': None, 'name': 'block7b_activation', 'inbound_nodes': [{'args': [{'class_name': '__keras_tensor__', 'config': {'shape': [None, 8, 8, 1920], 'dtype': 'float32', 'keras_history': ['block7b_bn', 0, 0]}}], 'kwargs': {}}]}, {'module': 'keras.layers', 'class_name': 'GlobalAveragePooling2D', 'config': {'name': 'block7b_se_squeeze', 'trainable': True, 'dtype': {'module': 'keras', 'class_name': 'DTypePolicy', 'config': {'name': 'float32'}, 'registered_name': None}, 'data_format': 'channels_last', 'keepdims': False}, 'registered_name': None, 'name': 'block7b_se_squeeze', 'inbound_nodes': [{'args': [{'class_name': '__keras_tensor__', 'config': {'shape': [None, 8, 8, 1920], 'dtype': 'float32', 'keras_history': ['block7b_activation', 0, 0]}}], 'kwargs': {}}]}, {'module': 'keras.layers', 'class_name': 'Reshape', 'config': {'name': 'block7b_se_reshape', 'trainable': True, 'dtype': {'module': 'keras', 'class_name': 'DTypePolicy', 'config': {'name': 'float32'}, 'registered_name': None}, 'target_shape': [1, 1, 1920]}, 'registered_name': None, 'name': 'block7b_se_reshape', 'inbound_nodes': [{'args': [{'class_name': '__keras_tensor__', 'config': {'shape': [None, 1920], 'dtype': 'float32', 'keras_history': ['block7b_se_squeeze', 0, 0]}}], 'kwargs': {}}]}, {'module': 'keras.layers', 'class_name': 'Conv2D', 'config': {'name': 'block7b_se_reduce', 'trainable': True, 'dtype': {'module': 'keras', 'class_name': 'DTypePolicy', 'config': {'name': 'float32'}, 'registered_name': None}, 'filters': 80, 'kernel_size': [1, 1], 'strides': [1, 1], 'padding': 'same', 'data_format': 'channels_last', 'dilation_rate': [1, 1], 'groups': 1, 'activation': 'silu', 'use_bias': True, 'kernel_initializer': {'module': 'keras.initializers', 'class_name': 'VarianceScaling', 'config': {'seed': None, 'scale': 2.0, 'mode': 'fan_out', 'distribution': 'truncated_normal'}, 'registered_name': None}, 'bias_initializer': {'module': 'keras.initializers', 'class_name': 'Zeros', 'config': {}, 'registered_name': None}, 'kernel_regularizer': None, 'bias_regularizer': None, 'activity_regularizer': None, 'kernel_constraint': None, 'bias_constraint': None}, 'registered_name': None, 'build_config': {'input_shape': [None, 1, 1, 1920]}, 'name': 'block7b_se_reduce', 'inbound_nodes': [{'args': [{'class_name': '__keras_tensor__', 'config': {'shape': [None, 1, 1, 1920], 'dtype': 'float32', 'keras_history': ['block7b_se_reshape', 0, 0]}}], 'kwargs': {}}]}, {'module': 'keras.layers', 'class_name': 'Conv2D', 'config': {'name': 'block7b_se_expand', 'trainable': True, 'dtype': {'module': 'keras', 'class_name': 'DTypePolicy', 'config': {'name': 'float32'}, 'registered_name': None}, 'filters': 1920, 'kernel_size': [1, 1], 'strides': [1, 1], 'padding': 'same', 'data_format': 'channels_last', 'dilation_rate': [1, 1], 'groups': 1, 'activation': 'sigmoid', 'use_bias': True, 'kernel_initializer': {'module': 'keras.initializers', 'class_name': 'VarianceScaling', 'config': {'seed': None, 'scale': 2.0, 'mode': 'fan_out', 'distribution': 'truncated_normal'}, 'registered_name': None}, 'bias_initializer': {'module': 'keras.initializers', 'class_name': 'Zeros', 'config': {}, 'registered_name': None}, 'kernel_regularizer': None, 'bias_regularizer': None, 'activity_regularizer': None, 'kernel_constraint': None, 'bias_constraint': None}, 'registered_name': None, 'build_config': {'input_shape': [None, 1, 1, 80]}, 'name': 'block7b_se_expand', 'inbound_nodes': [{'args': [{'class_name': '__keras_tensor__', 'config': {'shape': [None, 1, 1, 80], 'dtype': 'float32', 'keras_history': ['block7b_se_reduce', 0, 0]}}], 'kwargs': {}}]}, {'module': 'keras.layers', 'class_name': 'Multiply', 'config': {'name': 'block7b_se_excite', 'trainable': True, 'dtype': {'module': 'keras', 'class_name': 'DTypePolicy', 'config': {'name': 'float32'}, 'registered_name': None}}, 'registered_name': None, 'build_config': {'input_shape': [[None, 8, 8, 1920], [None, 1, 1, 1920]]}, 'name': 'block7b_se_excite', 'inbound_nodes': [{'args': [[{'class_name': '__keras_tensor__', 'config': {'shape': [None, 8, 8, 1920], 'dtype': 'float32', 'keras_history': ['block7b_activation', 0, 0]}}, {'class_name': '__keras_tensor__', 'config': {'shape': [None, 1, 1, 1920], 'dtype': 'float32', 'keras_history': ['block7b_se_expand', 0, 0]}}]], 'kwargs': {}}]}, {'module': 'keras.layers', 'class_name': 'Conv2D', 'config': {'name': 'block7b_project_conv', 'trainable': True, 'dtype': {'module': 'keras', 'class_name': 'DTypePolicy', 'config': {'name': 'float32'}, 'registered_name': None}, 'filters': 320, 'kernel_size': [1, 1], 'strides': [1, 1], 'padding': 'same', 'data_format': 'channels_last', 'dilation_rate': [1, 1], 'groups': 1, 'activation': 'linear', 'use_bias': False, 'kernel_initializer': {'module': 'keras.initializers', 'class_name': 'VarianceScaling', 'config': {'seed': None, 'scale': 2.0, 'mode': 'fan_out', 'distribution': 'truncated_normal'}, 'registered_name': None}, 'bias_initializer': {'module': 'keras.initializers', 'class_name': 'Zeros', 'config': {}, 'registered_name': None}, 'kernel_regularizer': None, 'bias_regularizer': None, 'activity_regularizer': None, 'kernel_constraint': None, 'bias_constraint': None}, 'registered_name': None, 'build_config': {'input_shape': [None, 8, 8, 1920]}, 'name': 'block7b_project_conv', 'inbound_nodes': [{'args': [{'class_name': '__keras_tensor__', 'config': {'shape': [None, 8, 8, 1920], 'dtype': 'float32', 'keras_history': ['block7b_se_excite', 0, 0]}}], 'kwargs': {}}]}, {'module': 'keras.layers', 'class_name': 'BatchNormalization', 'config': {'name': 'block7b_project_bn', 'trainable': True, 'dtype': {'module': 'keras', 'class_name': 'DTypePolicy', 'config': {'name': 'float32'}, 'registered_name': None}, 'axis': 3, 'momentum': 0.99, 'epsilon': 0.001, 'center': True, 'scale': True, 'beta_initializer': {'module': 'keras.initializers', 'class_name': 'Zeros', 'config': {}, 'registered_name': None}, 'gamma_initializer': {'module': 'keras.initializers', 'class_name': 'Ones', 'config': {}, 'registered_name': None}, 'moving_mean_initializer': {'module': 'keras.initializers', 'class_name': 'Zeros', 'config': {}, 'registered_name': None}, 'moving_variance_initializer': {'module': 'keras.initializers', 'class_name': 'Ones', 'config': {}, 'registered_name': None}, 'beta_regularizer': None, 'gamma_regularizer': None, 'beta_constraint': None, 'gamma_constraint': None, 'synchronized': False}, 'registered_name': None, 'build_config': {'input_shape': [None, 8, 8, 320]}, 'name': 'block7b_project_bn', 'inbound_nodes': [{'args': [{'class_name': '__keras_tensor__', 'config': {'shape': [None, 8, 8, 320], 'dtype': 'float32', 'keras_history': ['block7b_project_conv', 0, 0]}}], 'kwargs': {'mask': None}}]}, {'module': 'keras.layers', 'class_name': 'Dropout', 'config': {'name': 'block7b_drop', 'trainable': True, 'dtype': {'module': 'keras', 'class_name': 'DTypePolicy', 'config': {'name': 'float32'}, 'registered_name': None}, 'rate': 0.19130434782608696, 'seed': None, 'noise_shape': [None, 1, 1, 1]}, 'registered_name': None, 'name': 'block7b_drop', 'inbound_nodes': [{'args': [{'class_name': '__keras_tensor__', 'config': {'shape': [None, 8, 8, 320], 'dtype': 'float32', 'keras_history': ['block7b_project_bn', 0, 0]}}], 'kwargs': {'training': False}}]}, {'module': 'keras.layers', 'class_name': 'Add', 'config': {'name': 'block7b_add', 'trainable': True, 'dtype': {'module': 'keras', 'class_name': 'DTypePolicy', 'config': {'name': 'float32'}, 'registered_name': None}}, 'registered_name': None, 'build_config': {'input_shape': [[None, 8, 8, 320], [None, 8, 8, 320]]}, 'name': 'block7b_add', 'inbound_nodes': [{'args': [[{'class_name': '__keras_tensor__', 'config': {'shape': [None, 8, 8, 320], 'dtype': 'float32', 'keras_history': ['block7b_drop', 0, 0]}}, {'class_name': '__keras_tensor__', 'config': {'shape': [None, 8, 8, 320], 'dtype': 'float32', 'keras_history': ['block7a_project_bn', 0, 0]}}]], 'kwargs': {}}]}, {'module': 'keras.layers', 'class_name': 'Conv2D', 'config': {'name': 'top_conv', 'trainable': True, 'dtype': {'module': 'keras', 'class_name': 'DTypePolicy', 'config': {'name': 'float32'}, 'registered_name': None}, 'filters': 1280, 'kernel_size': [1, 1], 'strides': [1, 1], 'padding': 'same', 'data_format': 'channels_last', 'dilation_rate': [1, 1], 'groups': 1, 'activation': 'linear', 'use_bias': False, 'kernel_initializer': {'module': 'keras.initializers', 'class_name': 'VarianceScaling', 'config': {'seed': None, 'scale': 2.0, 'mode': 'fan_out', 'distribution': 'truncated_normal'}, 'registered_name': None}, 'bias_initializer': {'module': 'keras.initializers', 'class_name': 'Zeros', 'config': {}, 'registered_name': None}, 'kernel_regularizer': None, 'bias_regularizer': None, 'activity_regularizer': None, 'kernel_constraint': None, 'bias_constraint': None}, 'registered_name': None, 'build_config': {'input_shape': [None, 8, 8, 320]}, 'name': 'top_conv', 'inbound_nodes': [{'args': [{'class_name': '__keras_tensor__', 'config': {'shape': [None, 8, 8, 320], 'dtype': 'float32', 'keras_history': ['block7b_add', 0, 0]}}], 'kwargs': {}}]}, {'module': 'keras.layers', 'class_name': 'BatchNormalization', 'config': {'name': 'top_bn', 'trainable': True, 'dtype': {'module': 'keras', 'class_name': 'DTypePolicy', 'config': {'name': 'float32'}, 'registered_name': None}, 'axis': 3, 'momentum': 0.99, 'epsilon': 0.001, 'center': True, 'scale': True, 'beta_initializer': {'module': 'keras.initializers', 'class_name': 'Zeros', 'config': {}, 'registered_name': None}, 'gamma_initializer': {'module': 'keras.initializers', 'class_name': 'Ones', 'config': {}, 'registered_name': None}, 'moving_mean_initializer': {'module': 'keras.initializers', 'class_name': 'Zeros', 'config': {}, 'registered_name': None}, 'moving_variance_initializer': {'module': 'keras.initializers', 'class_name': 'Ones', 'config': {}, 'registered_name': None}, 'beta_regularizer': None, 'gamma_regularizer': None, 'beta_constraint': None, 'gamma_constraint': None, 'synchronized': False}, 'registered_name': None, 'build_config': {'input_shape': [None, 8, 8, 1280]}, 'name': 'top_bn', 'inbound_nodes': [{'args': [{'class_name': '__keras_tensor__', 'config': {'shape': [None, 8, 8, 1280], 'dtype': 'float32', 'keras_history': ['top_conv', 0, 0]}}], 'kwargs': {'mask': None}}]}, {'module': 'keras.layers', 'class_name': 'Activation', 'config': {'name': 'top_activation', 'trainable': True, 'dtype': {'module': 'keras', 'class_name': 'DTypePolicy', 'config': {'name': 'float32'}, 'registered_name': None}, 'activation': 'silu'}, 'registered_name': None, 'name': 'top_activation', 'inbound_nodes': [{'args': [{'class_name': '__keras_tensor__', 'config': {'shape': [None, 8, 8, 1280], 'dtype': 'float32', 'keras_history': ['top_bn', 0, 0]}}], 'kwargs': {}}]}], 'input_layers': ['input_layer_2', 0, 0], 'output_layers': ['top_activation', 0, 0]}, 'registered_name': 'Functional', 'build_config': {'input_shape': None}, 'compile_config': {}, 'name': 'efficientnetb1', 'inbound_nodes': [{'args': [{'class_name': '__keras_tensor__', 'config': {'shape': [None, 240, 240, 3], 'dtype': 'float32', 'keras_history': ['input_layer_3', 0, 0]}}], 'kwargs': {'training': False, 'mask': None}}]}, {'module': 'keras.layers', 'class_name': 'GlobalAveragePooling2D', 'config': {'name': 'global_average_pooling2d_1', 'trainable': True, 'dtype': {'module': 'keras', 'class_name': 'DTypePolicy', 'config': {'name': 'float32'}, 'registered_name': None}, 'data_format': 'channels_last', 'keepdims': False}, 'registered_name': None, 'name': 'global_average_pooling2d_1', 'inbound_nodes': [{'args': [{'class_name': '__keras_tensor__', 'config': {'shape': [None, 8, 8, 1280], 'dtype': 'float32', 'keras_history': ['efficientnetb1', 0, 0]}}], 'kwargs': {}}]}, {'module': 'keras.layers', 'class_name': 'BatchNormalization', 'config': {'name': 'batch_normalization_2', 'trainable': True, 'dtype': {'module': 'keras', 'class_name': 'DTypePolicy', 'config': {'name': 'float32'}, 'registered_name': None}, 'axis': -1, 'momentum': 0.99, 'epsilon': 0.001, 'center': True, 'scale': True, 'beta_initializer': {'module': 'keras.initializers', 'class_name': 'Zeros', 'config': {}, 'registered_name': None}, 'gamma_initializer': {'module': 'keras.initializers', 'class_name': 'Ones', 'config': {}, 'registered_name': None}, 'moving_mean_initializer': {'module': 'keras.initializers', 'class_name': 'Zeros', 'config': {}, 'registered_name': None}, 'moving_variance_initializer': {'module': 'keras.initializers', 'class_name': 'Ones', 'config': {}, 'registered_name': None}, 'beta_regularizer': None, 'gamma_regularizer': None, 'beta_constraint': None, 'gamma_constraint': None, 'synchronized': False}, 'registered_name': None, 'build_config': {'input_shape': [None, 1280]}, 'name': 'batch_normalization_2', 'inbound_nodes': [{'args': [{'class_name': '__keras_tensor__', 'config': {'shape': [None, 1280], 'dtype': 'float32', 'keras_history': ['global_average_pooling2d_1', 0, 0]}}], 'kwargs': {'mask': None}}]}, {'module': 'keras.layers', 'class_name': 'Dropout', 'config': {'name': 'dropout_2', 'trainable': True, 'dtype': {'module': 'keras', 'class_name': 'DTypePolicy', 'config': {'name': 'float32'}, 'registered_name': None}, 'rate': 0.4, 'seed': None, 'noise_shape': None}, 'registered_name': None, 'name': 'dropout_2', 'inbound_nodes': [{'args': [{'class_name': '__keras_tensor__', 'config': {'shape': [None, 1280], 'dtype': 'float32', 'keras_history': ['batch_normalization_2', 0, 0]}}], 'kwargs': {'training': False}}]}, {'module': 'keras.layers', 'class_name': 'Dense', 'config': {'name': 'dense_2', 'trainable': True, 'dtype': {'module': 'keras', 'class_name': 'DTypePolicy', 'config': {'name': 'float32'}, 'registered_name': None}, 'units': 128, 'activation': 'relu', 'use_bias': True, 'kernel_initializer': {'module': 'keras.initializers', 'class_name': 'GlorotUniform', 'config': {'seed': None}, 'registered_name': None}, 'bias_initializer': {'module': 'keras.initializers', 'class_name': 'Zeros', 'config': {}, 'registered_name': None}, 'kernel_regularizer': None, 'bias_regularizer': None, 'kernel_constraint': None, 'bias_constraint': None, 'quantization_config': None}, 'registered_name': None, 'build_config': {'input_shape': [None, 1280]}, 'name': 'dense_2', 'inbound_nodes': [{'args': [{'class_name': '__keras_tensor__', 'config': {'shape': [None, 1280], 'dtype': 'float32', 'keras_history': ['dropout_2', 0, 0]}}], 'kwargs': {}}]}, {'module': 'keras.layers', 'class_name': 'BatchNormalization', 'config': {'name': 'batch_normalization_3', 'trainable': True, 'dtype': {'module': 'keras', 'class_name': 'DTypePolicy', 'config': {'name': 'float32'}, 'registered_name': None}, 'axis': -1, 'momentum': 0.99, 'epsilon': 0.001, 'center': True, 'scale': True, 'beta_initializer': {'module': 'keras.initializers', 'class_name': 'Zeros', 'config': {}, 'registered_name': None}, 'gamma_initializer': {'module': 'keras.initializers', 'class_name': 'Ones', 'config': {}, 'registered_name': None}, 'moving_mean_initializer': {'module': 'keras.initializers', 'class_name': 'Zeros', 'config': {}, 'registered_name': None}, 'moving_variance_initializer': {'module': 'keras.initializers', 'class_name': 'Ones', 'config': {}, 'registered_name': None}, 'beta_regularizer': None, 'gamma_regularizer': None, 'beta_constraint': None, 'gamma_constraint': None, 'synchronized': False}, 'registered_name': None, 'build_config': {'input_shape': [None, 128]}, 'name': 'batch_normalization_3', 'inbound_nodes': [{'args': [{'class_name': '__keras_tensor__', 'config': {'shape': [None, 128], 'dtype': 'float32', 'keras_history': ['dense_2', 0, 0]}}], 'kwargs': {'mask': None}}]}, {'module': 'keras.layers', 'class_name': 'Dropout', 'config': {'name': 'dropout_3', 'trainable': True, 'dtype': {'module': 'keras', 'class_name': 'DTypePolicy', 'config': {'name': 'float32'}, 'registered_name': None}, 'rate': 0.3, 'seed': None, 'noise_shape': None}, 'registered_name': None, 'name': 'dropout_3', 'inbound_nodes': [{'args': [{'class_name': '__keras_tensor__', 'config': {'shape': [None, 128], 'dtype': 'float32', 'keras_history': ['batch_normalization_3', 0, 0]}}], 'kwargs': {'training': False}}]}, {'module': 'keras.layers', 'class_name': 'Dense', 'config': {'name': 'dense_3', 'trainable': True, 'dtype': {'module': 'keras', 'class_name': 'DTypePolicy', 'config': {'name': 'float32'}, 'registered_name': None}, 'units': 1, 'activation': 'sigmoid', 'use_bias': True, 'kernel_initializer': {'module': 'keras.initializers', 'class_name': 'GlorotUniform', 'config': {'seed': None}, 'registered_name': None}, 'bias_initializer': {'module': 'keras.initializers', 'class_name': 'Zeros', 'config': {}, 'registered_name': None}, 'kernel_regularizer': None, 'bias_regularizer': None, 'kernel_constraint': None, 'bias_constraint': None, 'quantization_config': None}, 'registered_name': None, 'build_config': {'input_shape': [None, 128]}, 'name': 'dense_3', 'inbound_nodes': [{'args': [{'class_name': '__keras_tensor__', 'config': {'shape': [None, 128], 'dtype': 'float32', 'keras_history': ['dropout_3', 0, 0]}}], 'kwargs': {}}]}], 'input_layers': ['input_layer_3', 0, 0], 'output_layers': ['dense_3', 0, 0]}, 'registered_name': 'Functional', 'build_config': {'input_shape': None}, 'compile_config': None}.

Exception encountered: <class 'keras.src.models.functional.Functional'> could not be deserialized properly. Please ensure that components that are Python object instances (layers, models, etc.) returned by `get_config()` are explicitly deserialized in the model's `from_config()` method.

config={'module': 'keras.src.models.functional', 'class_name': 'Functional', 'config': {'name': 'efficientnetb1', 'trainable': True, 'layers': [{'module': 'keras.layers', 'class_name': 'InputLayer', 'config': {'batch_shape': [None, 240, 240, 3], 'dtype': 'float32', 'sparse': False, 'ragged': False, 'name': 'input_layer_2', 'optional': False}, 'registered_name': None, 'name': 'input_layer_2', 'inbound_nodes': []}, {'module': 'keras.layers', 'class_name': 'Rescaling', 'config': {'name': 'rescaling_2', 'trainable': False, 'dtype': {'module': 'keras', 'class_name': 'DTypePolicy', 'config': {'name': 'float32'}, 'registered_name': None}, 'scale': 0.00392156862745098, 'offset': 0.0}, 'registered_name': None, 'build_config': {'input_shape': [None, 240, 240, 3]}, 'name': 'rescaling_2', 'inbound_nodes': [{'args': [{'class_name': '__keras_tensor__', 'config': {'shape': [None, 240, 240, 3], 'dtype': 'float32', 'keras_history': ['input_layer_2', 0, 0]}}], 'kwargs': {}}]}, {'module': 'keras.layers', 'class_name': 'Normalization', 'config': {'name': 'normalization_1', 'trainable': False, 'dtype': {'module': 'keras', 'class_name': 'DTypePolicy', 'config': {'name': 'float32'}, 'registered_name': None}, 'axis': [3], 'invert': False, 'mean': None, 'variance': None}, 'registered_name': None, 'build_config': {'input_shape': [None, 240, 240, 3]}, 'name': 'normalization_1', 'inbound_nodes': [{'args': [{'class_name': '__keras_tensor__', 'config': {'shape': [None, 240, 240, 3], 'dtype': 'float32', 'keras_history': ['rescaling_2', 0, 0]}}], 'kwargs': {}}]}, {'module': 'keras.layers', 'class_name': 'Rescaling', 'config': {'name': 'rescaling_3', 'trainable': False, 'dtype': {'module': 'keras', 'class_name': 'DTypePolicy', 'config': {'name': 'float32'}, 'registered_name': None}, 'scale': [2.0896918976428642, 2.1128856368212916, 2.1081851067789197], 'offset': 0.0}, 'registered_name': None, 'build_config': {'input_shape': [None, 240, 240, 3]}, 'name': 'rescaling_3', 'inbound_nodes': [{'args': [{'class_name': '__keras_tensor__', 'config': {'shape': [None, 240, 240, 3], 'dtype': 'float32', 'keras_history': ['normalization_1', 0, 0]}}], 'kwargs': {}}]}, {'module': 'keras.layers', 'class_name': 'ZeroPadding2D', 'config': {'name': 'stem_conv_pad', 'trainable': False, 'dtype': {'module': 'keras', 'class_name': 'DTypePolicy', 'config': {'name': 'float32'}, 'registered_name': None}, 'padding': [[0, 1], [0, 1]], 'data_format': 'channels_last'}, 'registered_name': None, 'build_config': {'input_shape': [None, 240, 240, 3]}, 'name': 'stem_conv_pad', 'inbound_nodes': [{'args': [{'class_name': '__keras_tensor__', 'config': {'shape': [None, 240, 240, 3], 'dtype': 'float32', 'keras_history': ['rescaling_3', 0, 0]}}], 'kwargs': {}}]}, {'module': 'keras.layers', 'class_name': 'Conv2D', 'config': {'name': 'stem_conv', 'trainable': False, 'dtype': {'module': 'keras', 'class_name': 'DTypePolicy', 'config': {'name': 'float32'}, 'registered_name': None}, 'filters': 32, 'kernel_size': [3, 3], 'strides': [2, 2], 'padding': 'valid', 'data_format': 'channels_last', 'dilation_rate': [1, 1], 'groups': 1, 'activation': 'linear', 'use_bias': False, 'kernel_initializer': {'module': 'keras.initializers', 'class_name': 'VarianceScaling', 'config': {'seed': None, 'scale': 2.0, 'mode': 'fan_out', 'distribution': 'truncated_normal'}, 'registered_name': None}, 'bias_initializer': {'module': 'keras.initializers', 'class_name': 'Zeros', 'config': {}, 'registered_name': None}, 'kernel_regularizer': None, 'bias_regularizer': None, 'activity_regularizer': None, 'kernel_constraint': None, 'bias_constraint': None}, 'registered_name': None, 'build_config': {'input_shape': [None, 241, 241, 3]}, 'name': 'stem_conv', 'inbound_nodes': [{'args': [{'class_name': '__keras_tensor__', 'config': {'shape': [None, 241, 241, 3], 'dtype': 'float32', 'keras_history': ['stem_conv_pad', 0, 0]}}], 'kwargs': {}}]}, {'module': 'keras.layers', 'class_name': 'BatchNormalization', 'config': {'name': 'stem_bn', 'trainable': False, 'dtype': {'module': 'keras', 'class_name': 'DTypePolicy', 'config': {'name': 'float32'}, 'registered_name': None}, 'axis': 3, 'momentum': 0.99, 'epsilon': 0.001, 'center': True, 'scale': True, 'beta_initializer': {'module': 'keras.initializers', 'class_name': 'Zeros', 'config': {}, 'registered_name': None}, 'gamma_initializer': {'module': 'keras.initializers', 'class_name': 'Ones', 'config': {}, 'registered_name': None}, 'moving_mean_initializer': {'module': 'keras.initializers', 'class_name': 'Zeros', 'config': {}, 'registered_name': None}, 'moving_variance_initializer': {'module': 'keras.initializers', 'class_name': 'Ones', 'config': {}, 'registered_name': None}, 'beta_regularizer': None, 'gamma_regularizer': None, 'beta_constraint': None, 'gamma_constraint': None, 'synchronized': False}, 'registered_name': None, 'build_config': {'input_shape': [None, 120, 120, 32]}, 'name': 'stem_bn', 'inbound_nodes': [{'args': [{'class_name': '__keras_tensor__', 'config': {'shape': [None, 120, 120, 32], 'dtype': 'float32', 'keras_history': ['stem_conv', 0, 0]}}], 'kwargs': {'mask': None}}]}, {'module': 'keras.layers', 'class_name': 'Activation', 'config': {'name': 'stem_activation', 'trainable': False, 'dtype': {'module': 'keras', 'class_name': 'DTypePolicy', 'config': {'name': 'float32'}, 'registered_name': None}, 'activation': 'silu'}, 'registered_name': None, 'name': 'stem_activation', 'inbound_nodes': [{'args': [{'class_name': '__keras_tensor__', 'config': {'shape': [None, 120, 120, 32], 'dtype': 'float32', 'keras_history': ['stem_bn', 0, 0]}}], 'kwargs': {}}]}, {'module': 'keras.layers', 'class_name': 'DepthwiseConv2D', 'config': {'name': 'block1a_dwconv', 'trainable': False, 'dtype': {'module': 'keras', 'class_name': 'DTypePolicy', 'config': {'name': 'float32'}, 'registered_name': None}, 'depth_multiplier': 1, 'kernel_size': [3, 3], 'strides': [1, 1], 'padding': 'same', 'data_format': 'channels_last', 'dilation_rate': [1, 1], 'activation': 'linear', 'use_bias': False, 'depthwise_initializer': {'module': 'keras.initializers', 'class_name': 'VarianceScaling', 'config': {'seed': None, 'scale': 2.0, 'mode': 'fan_out', 'distribution': 'truncated_normal'}, 'registered_name': None}, 'bias_initializer': {'module': 'keras.initializers', 'class_name': 'Zeros', 'config': {}, 'registered_name': None}, 'depthwise_regularizer': None, 'bias_regularizer': None, 'activity_regularizer': None, 'depthwise_constraint': None, 'bias_constraint': None}, 'registered_name': None, 'build_config': {'input_shape': [None, 120, 120, 32]}, 'name': 'block1a_dwconv', 'inbound_nodes': [{'args': [{'class_name': '__keras_tensor__', 'config': {'shape': [None, 120, 120, 32], 'dtype': 'float32', 'keras_history': ['stem_activation', 0, 0]}}], 'kwargs': {}}]}, {'module': 'keras.layers', 'class_name': 'BatchNormalization', 'config': {'name': 'block1a_bn', 'trainable': False, 'dtype': {'module': 'keras', 'class_name': 'DTypePolicy', 'config': {'name': 'float32'}, 'registered_name': None}, 'axis': 3, 'momentum': 0.99, 'epsilon': 0.001, 'center': True, 'scale': True, 'beta_initializer': {'module': 'keras.initializers', 'class_name': 'Zeros', 'config': {}, 'registered_name': None}, 'gamma_initializer': {'module': 'keras.initializers', 'class_name': 'Ones', 'config': {}, 'registered_name': None}, 'moving_mean_initializer': {'module': 'keras.initializers', 'class_name': 'Zeros', 'config': {}, 'registered_name': None}, 'moving_variance_initializer': {'module': 'keras.initializers', 'class_name': 'Ones', 'config': {}, 'registered_name': None}, 'beta_regularizer': None, 'gamma_regularizer': None, 'beta_constraint': None, 'gamma_constraint': None, 'synchronized': False}, 'registered_name': None, 'build_config': {'input_shape': [None, 120, 120, 32]}, 'name': 'block1a_bn', 'inbound_nodes': [{'args': [{'class_name': '__keras_tensor__', 'config': {'shape': [None, 120, 120, 32], 'dtype': 'float32', 'keras_history': ['block1a_dwconv', 0, 0]}}], 'kwargs': {'mask': None}}]}, {'module': 'keras.layers', 'class_name': 'Activation', 'config': {'name': 'block1a_activation', 'trainable': False, 'dtype': {'module': 'keras', 'class_name': 'DTypePolicy', 'config': {'name': 'float32'}, 'registered_name': None}, 'activation': 'silu'}, 'registered_name': None, 'name': 'block1a_activation', 'inbound_nodes': [{'args': [{'class_name': '__keras_tensor__', 'config': {'shape': [None, 120, 120, 32], 'dtype': 'float32', 'keras_history': ['block1a_bn', 0, 0]}}], 'kwargs': {}}]}, {'module': 'keras.layers', 'class_name': 'GlobalAveragePooling2D', 'config': {'name': 'block1a_se_squeeze', 'trainable': False, 'dtype': {'module': 'keras', 'class_name': 'DTypePolicy', 'config': {'name': 'float32'}, 'registered_name': None}, 'data_format': 'channels_last', 'keepdims': False}, 'registered_name': None, 'name': 'block1a_se_squeeze', 'inbound_nodes': [{'args': [{'class_name': '__keras_tensor__', 'config': {'shape': [None, 120, 120, 32], 'dtype': 'float32', 'keras_history': ['block1a_activation', 0, 0]}}], 'kwargs': {}}]}, {'module': 'keras.layers', 'class_name': 'Reshape', 'config': {'name': 'block1a_se_reshape', 'trainable': False, 'dtype': {'module': 'keras', 'class_name': 'DTypePolicy', 'config': {'name': 'float32'}, 'registered_name': None}, 'target_shape': [1, 1, 32]}, 'registered_name': None, 'name': 'block1a_se_reshape', 'inbound_nodes': [{'args': [{'class_name': '__keras_tensor__', 'config': {'shape': [None, 32], 'dtype': 'float32', 'keras_history': ['block1a_se_squeeze', 0, 0]}}], 'kwargs': {}}]}, {'module': 'keras.layers', 'class_name': 'Conv2D', 'config': {'name': 'block1a_se_reduce', 'trainable': False, 'dtype': {'module': 'keras', 'class_name': 'DTypePolicy', 'config': {'name': 'float32'}, 'registered_name': None}, 'filters': 8, 'kernel_size': [1, 1], 'strides': [1, 1], 'padding': 'same', 'data_format': 'channels_last', 'dilation_rate': [1, 1], 'groups': 1, 'activation': 'silu', 'use_bias': True, 'kernel_initializer': {'module': 'keras.initializers', 'class_name': 'VarianceScaling', 'config': {'seed': None, 'scale': 2.0, 'mode': 'fan_out', 'distribution': 'truncated_normal'}, 'registered_name': None}, 'bias_initializer': {'module': 'keras.initializers', 'class_name': 'Zeros', 'config': {}, 'registered_name': None}, 'kernel_regularizer': None, 'bias_regularizer': None, 'activity_regularizer': None, 'kernel_constraint': None, 'bias_constraint': None}, 'registered_name': None, 'build_config': {'input_shape': [None, 1, 1, 32]}, 'name': 'block1a_se_reduce', 'inbound_nodes': [{'args': [{'class_name': '__keras_tensor__', 'config': {'shape': [None, 1, 1, 32], 'dtype': 'float32', 'keras_history': ['block1a_se_reshape', 0, 0]}}], 'kwargs': {}}]}, {'module': 'keras.layers', 'class_name': 'Conv2D', 'config': {'name': 'block1a_se_expand', 'trainable': False, 'dtype': {'module': 'keras', 'class_name': 'DTypePolicy', 'config': {'name': 'float32'}, 'registered_name': None}, 'filters': 32, 'kernel_size': [1, 1], 'strides': [1, 1], 'padding': 'same', 'data_format': 'channels_last', 'dilation_rate': [1, 1], 'groups': 1, 'activation': 'sigmoid', 'use_bias': True, 'kernel_initializer': {'module': 'keras.initializers', 'class_name': 'VarianceScaling', 'config': {'seed': None, 'scale': 2.0, 'mode': 'fan_out', 'distribution': 'truncated_normal'}, 'registered_name': None}, 'bias_initializer': {'module': 'keras.initializers', 'class_name': 'Zeros', 'config': {}, 'registered_name': None}, 'kernel_regularizer': None, 'bias_regularizer': None, 'activity_regularizer': None, 'kernel_constraint': None, 'bias_constraint': None}, 'registered_name': None, 'build_config': {'input_shape': [None, 1, 1, 8]}, 'name': 'block1a_se_expand', 'inbound_nodes': [{'args': [{'class_name': '__keras_tensor__', 'config': {'shape': [None, 1, 1, 8], 'dtype': 'float32', 'keras_history': ['block1a_se_reduce', 0, 0]}}], 'kwargs': {}}]}, {'module': 'keras.layers', 'class_name': 'Multiply', 'config': {'name': 'block1a_se_excite', 'trainable': False, 'dtype': {'module': 'keras', 'class_name': 'DTypePolicy', 'config': {'name': 'float32'}, 'registered_name': None}}, 'registered_name': None, 'build_config': {'input_shape': [[None, 120, 120, 32], [None, 1, 1, 32]]}, 'name': 'block1a_se_excite', 'inbound_nodes': [{'args': [[{'class_name': '__keras_tensor__', 'config': {'shape': [None, 120, 120, 32], 'dtype': 'float32', 'keras_history': ['block1a_activation', 0, 0]}}, {'class_name': '__keras_tensor__', 'config': {'shape': [None, 1, 1, 32], 'dtype': 'float32', 'keras_history': ['block1a_se_expand', 0, 0]}}]], 'kwargs': {}}]}, {'module': 'keras.layers', 'class_name': 'Conv2D', 'config': {'name': 'block1a_project_conv', 'trainable': False, 'dtype': {'module': 'keras', 'class_name': 'DTypePolicy', 'config': {'name': 'float32'}, 'registered_name': None}, 'filters': 16, 'kernel_size': [1, 1], 'strides': [1, 1], 'padding': 'same', 'data_format': 'channels_last', 'dilation_rate': [1, 1], 'groups': 1, 'activation': 'linear', 'use_bias': False, 'kernel_initializer': {'module': 'keras.initializers', 'class_name': 'VarianceScaling', 'config': {'seed': None, 'scale': 2.0, 'mode': 'fan_out', 'distribution': 'truncated_normal'}, 'registered_name': None}, 'bias_initializer': {'module': 'keras.initializers', 'class_name': 'Zeros', 'config': {}, 'registered_name': None}, 'kernel_regularizer': None, 'bias_regularizer': None, 'activity_regularizer': None, 'kernel_constraint': None, 'bias_constraint': None}, 'registered_name': None, 'build_config': {'input_shape': [None, 120, 120, 32]}, 'name': 'block1a_project_conv', 'inbound_nodes': [{'args': [{'class_name': '__keras_tensor__', 'config': {'shape': [None, 120, 120, 32], 'dtype': 'float32', 'keras_history': ['block1a_se_excite', 0, 0]}}], 'kwargs': {}}]}, {'module': 'keras.layers', 'class_name': 'BatchNormalization', 'config': {'name': 'block1a_project_bn', 'trainable': False, 'dtype': {'module': 'keras', 'class_name': 'DTypePolicy', 'config': {'name': 'float32'}, 'registered_name': None}, 'axis': 3, 'momentum': 0.99, 'epsilon': 0.001, 'center': True, 'scale': True, 'beta_initializer': {'module': 'keras.initializers', 'class_name': 'Zeros', 'config': {}, 'registered_name': None}, 'gamma_initializer': {'module': 'keras.initializers', 'class_name': 'Ones', 'config': {}, 'registered_name': None}, 'moving_mean_initializer': {'module': 'keras.initializers', 'class_name': 'Zeros', 'config': {}, 'registered_name': None}, 'moving_variance_initializer': {'module': 'keras.initializers', 'class_name': 'Ones', 'config': {}, 'registered_name': None}, 'beta_regularizer': None, 'gamma_regularizer': None, 'beta_constraint': None, 'gamma_constraint': None, 'synchronized': False}, 'registered_name': None, 'build_config': {'input_shape': [None, 120, 120, 16]}, 'name': 'block1a_project_bn', 'inbound_nodes': [{'args': [{'class_name': '__keras_tensor__', 'config': {'shape': [None, 120, 120, 16], 'dtype': 'float32', 'keras_history': ['block1a_project_conv', 0, 0]}}], 'kwargs': {'mask': None}}]}, {'module': 'keras.layers', 'class_name': 'DepthwiseConv2D', 'config': {'name': 'block1b_dwconv', 'trainable': False, 'dtype': {'module': 'keras', 'class_name': 'DTypePolicy', 'config': {'name': 'float32'}, 'registered_name': None}, 'depth_multiplier': 1, 'kernel_size': [3, 3], 'strides': [1, 1], 'padding': 'same', 'data_format': 'channels_last', 'dilation_rate': [1, 1], 'activation': 'linear', 'use_bias': False, 'depthwise_initializer': {'module': 'keras.initializers', 'class_name': 'VarianceScaling', 'config': {'seed': None, 'scale': 2.0, 'mode': 'fan_out', 'distribution': 'truncated_normal'}, 'registered_name': None}, 'bias_initializer': {'module': 'keras.initializers', 'class_name': 'Zeros', 'config': {}, 'registered_name': None}, 'depthwise_regularizer': None, 'bias_regularizer': None, 'activity_regularizer': None, 'depthwise_constraint': None, 'bias_constraint': None}, 'registered_name': None, 'build_config': {'input_shape': [None, 120, 120, 16]}, 'name': 'block1b_dwconv', 'inbound_nodes': [{'args': [{'class_name': '__keras_tensor__', 'config': {'shape': [None, 120, 120, 16], 'dtype': 'float32', 'keras_history': ['block1a_project_bn', 0, 0]}}], 'kwargs': {}}]}, {'module': 'keras.layers', 'class_name': 'BatchNormalization', 'config': {'name': 'block1b_bn', 'trainable': False, 'dtype': {'module': 'keras', 'class_name': 'DTypePolicy', 'config': {'name': 'float32'}, 'registered_name': None}, 'axis': 3, 'momentum': 0.99, 'epsilon': 0.001, 'center': True, 'scale': True, 'beta_initializer': {'module': 'keras.initializers', 'class_name': 'Zeros', 'config': {}, 'registered_name': None}, 'gamma_initializer': {'module': 'keras.initializers', 'class_name': 'Ones', 'config': {}, 'registered_name': None}, 'moving_mean_initializer': {'module': 'keras.initializers', 'class_name': 'Zeros', 'config': {}, 'registered_name': None}, 'moving_variance_initializer': {'module': 'keras.initializers', 'class_name': 'Ones', 'config': {}, 'registered_name': None}, 'beta_regularizer': None, 'gamma_regularizer': None, 'beta_constraint': None, 'gamma_constraint': None, 'synchronized': False}, 'registered_name': None, 'build_config': {'input_shape': [None, 120, 120, 16]}, 'name': 'block1b_bn', 'inbound_nodes': [{'args': [{'class_name': '__keras_tensor__', 'config': {'shape': [None, 120, 120, 16], 'dtype': 'float32', 'keras_history': ['block1b_dwconv', 0, 0]}}], 'kwargs': {'mask': None}}]}, {'module': 'keras.layers', 'class_name': 'Activation', 'config': {'name': 'block1b_activation', 'trainable': False, 'dtype': {'module': 'keras', 'class_name': 'DTypePolicy', 'config': {'name': 'float32'}, 'registered_name': None}, 'activation': 'silu'}, 'registered_name': None, 'name': 'block1b_activation', 'inbound_nodes': [{'args': [{'class_name': '__keras_tensor__', 'config': {'shape': [None, 120, 120, 16], 'dtype': 'float32', 'keras_history': ['block1b_bn', 0, 0]}}], 'kwargs': {}}]}, {'module': 'keras.layers', 'class_name': 'GlobalAveragePooling2D', 'config': {'name': 'block1b_se_squeeze', 'trainable': False, 'dtype': {'module': 'keras', 'class_name': 'DTypePolicy', 'config': {'name': 'float32'}, 'registered_name': None}, 'data_format': 'channels_last', 'keepdims': False}, 'registered_name': None, 'name': 'block1b_se_squeeze', 'inbound_nodes': [{'args': [{'class_name': '__keras_tensor__', 'config': {'shape': [None, 120, 120, 16], 'dtype': 'float32', 'keras_history': ['block1b_activation', 0, 0]}}], 'kwargs': {}}]}, {'module': 'keras.layers', 'class_name': 'Reshape', 'config': {'name': 'block1b_se_reshape', 'trainable': False, 'dtype': {'module': 'keras', 'class_name': 'DTypePolicy', 'config': {'name': 'float32'}, 'registered_name': None}, 'target_shape': [1, 1, 16]}, 'registered_name': None, 'name': 'block1b_se_reshape', 'inbound_nodes': [{'args': [{'class_name': '__keras_tensor__', 'config': {'shape': [None, 16], 'dtype': 'float32', 'keras_history': ['block1b_se_squeeze', 0, 0]}}], 'kwargs': {}}]}, {'module': 'keras.layers', 'class_name': 'Conv2D', 'config': {'name': 'block1b_se_reduce', 'trainable': False, 'dtype': {'module': 'keras', 'class_name': 'DTypePolicy', 'config': {'name': 'float32'}, 'registered_name': None}, 'filters': 4, 'kernel_size': [1, 1], 'strides': [1, 1], 'padding': 'same', 'data_format': 'channels_last', 'dilation_rate': [1, 1], 'groups': 1, 'activation': 'silu', 'use_bias': True, 'kernel_initializer': {'module': 'keras.initializers', 'class_name': 'VarianceScaling', 'config': {'seed': None, 'scale': 2.0, 'mode': 'fan_out', 'distribution': 'truncated_normal'}, 'registered_name': None}, 'bias_initializer': {'module': 'keras.initializers', 'class_name': 'Zeros', 'config': {}, 'registered_name': None}, 'kernel_regularizer': None, 'bias_regularizer': None, 'activity_regularizer': None, 'kernel_constraint': None, 'bias_constraint': None}, 'registered_name': None, 'build_config': {'input_shape': [None, 1, 1, 16]}, 'name': 'block1b_se_reduce', 'inbound_nodes': [{'args': [{'class_name': '__keras_tensor__', 'config': {'shape': [None, 1, 1, 16], 'dtype': 'float32', 'keras_history': ['block1b_se_reshape', 0, 0]}}], 'kwargs': {}}]}, {'module': 'keras.layers', 'class_name': 'Conv2D', 'config': {'name': 'block1b_se_expand', 'trainable': False, 'dtype': {'module': 'keras', 'class_name': 'DTypePolicy', 'config': {'name': 'float32'}, 'registered_name': None}, 'filters': 16, 'kernel_size': [1, 1], 'strides': [1, 1], 'padding': 'same', 'data_format': 'channels_last', 'dilation_rate': [1, 1], 'groups': 1, 'activation': 'sigmoid', 'use_bias': True, 'kernel_initializer': {'module': 'keras.initializers', 'class_name': 'VarianceScaling', 'config': {'seed': None, 'scale': 2.0, 'mode': 'fan_out', 'distribution': 'truncated_normal'}, 'registered_name': None}, 'bias_initializer': {'module': 'keras.initializers', 'class_name': 'Zeros', 'config': {}, 'registered_name': None}, 'kernel_regularizer': None, 'bias_regularizer': None, 'activity_regularizer': None, 'kernel_constraint': None, 'bias_constraint': None}, 'registered_name': None, 'build_config': {'input_shape': [None, 1, 1, 4]}, 'name': 'block1b_se_expand', 'inbound_nodes': [{'args': [{'class_name': '__keras_tensor__', 'config': {'shape': [None, 1, 1, 4], 'dtype': 'float32', 'keras_history': ['block1b_se_reduce', 0, 0]}}], 'kwargs': {}}]}, {'module': 'keras.layers', 'class_name': 'Multiply', 'config': {'name': 'block1b_se_excite', 'trainable': False, 'dtype': {'module': 'keras', 'class_name': 'DTypePolicy', 'config': {'name': 'float32'}, 'registered_name': None}}, 'registered_name': None, 'build_config': {'input_shape': [[None, 120, 120, 16], [None, 1, 1, 16]]}, 'name': 'block1b_se_excite', 'inbound_nodes': [{'args': [[{'class_name': '__keras_tensor__', 'config': {'shape': [None, 120, 120, 16], 'dtype': 'float32', 'keras_history': ['block1b_activation', 0, 0]}}, {'class_name': '__keras_tensor__', 'config': {'shape': [None, 1, 1, 16], 'dtype': 'float32', 'keras_history': ['block1b_se_expand', 0, 0]}}]], 'kwargs': {}}]}, {'module': 'keras.layers', 'class_name': 'Conv2D', 'config': {'name': 'block1b_project_conv', 'trainable': False, 'dtype': {'module': 'keras', 'class_name': 'DTypePolicy', 'config': {'name': 'float32'}, 'registered_name': None}, 'filters': 16, 'kernel_size': [1, 1], 'strides': [1, 1], 'padding': 'same', 'data_format': 'channels_last', 'dilation_rate': [1, 1], 'groups': 1, 'activation': 'linear', 'use_bias': False, 'kernel_initializer': {'module': 'keras.initializers', 'class_name': 'VarianceScaling', 'config': {'seed': None, 'scale': 2.0, 'mode': 'fan_out', 'distribution': 'truncated_normal'}, 'registered_name': None}, 'bias_initializer': {'module': 'keras.initializers', 'class_name': 'Zeros', 'config': {}, 'registered_name': None}, 'kernel_regularizer': None, 'bias_regularizer': None, 'activity_regularizer': None, 'kernel_constraint': None, 'bias_constraint': None}, 'registered_name': None, 'build_config': {'input_shape': [None, 120, 120, 16]}, 'name': 'block1b_project_conv', 'inbound_nodes': [{'args': [{'class_name': '__keras_tensor__', 'config': {'shape': [None, 120, 120, 16], 'dtype': 'float32', 'keras_history': ['block1b_se_excite', 0, 0]}}], 'kwargs': {}}]}, {'module': 'keras.layers', 'class_name': 'BatchNormalization', 'config': {'name': 'block1b_project_bn', 'trainable': False, 'dtype': {'module': 'keras', 'class_name': 'DTypePolicy', 'config': {'name': 'float32'}, 'registered_name': None}, 'axis': 3, 'momentum': 0.99, 'epsilon': 0.001, 'center': True, 'scale': True, 'beta_initializer': {'module': 'keras.initializers', 'class_name': 'Zeros', 'config': {}, 'registered_name': None}, 'gamma_initializer': {'module': 'keras.initializers', 'class_name': 'Ones', 'config': {}, 'registered_name': None}, 'moving_mean_initializer': {'module': 'keras.initializers', 'class_name': 'Zeros', 'config': {}, 'registered_name': None}, 'moving_variance_initializer': {'module': 'keras.initializers', 'class_name': 'Ones', 'config': {}, 'registered_name': None}, 'beta_regularizer': None, 'gamma_regularizer': None, 'beta_constraint': None, 'gamma_constraint': None, 'synchronized': False}, 'registered_name': None, 'build_config': {'input_shape': [None, 120, 120, 16]}, 'name': 'block1b_project_bn', 'inbound_nodes': [{'args': [{'class_name': '__keras_tensor__', 'config': {'shape': [None, 120, 120, 16], 'dtype': 'float32', 'keras_history': ['block1b_project_conv', 0, 0]}}], 'kwargs': {'mask': None}}]}, {'module': 'keras.layers', 'class_name': 'Dropout', 'config': {'name': 'block1b_drop', 'trainable': False, 'dtype': {'module': 'keras', 'class_name': 'DTypePolicy', 'config': {'name': 'float32'}, 'registered_name': None}, 'rate': 0.008695652173913044, 'seed': None, 'noise_shape': [None, 1, 1, 1]}, 'registered_name': None, 'name': 'block1b_drop', 'inbound_nodes': [{'args': [{'class_name': '__keras_tensor__', 'config': {'shape': [None, 120, 120, 16], 'dtype': 'float32', 'keras_history': ['block1b_project_bn', 0, 0]}}], 'kwargs': {'training': False}}]}, {'module': 'keras.layers', 'class_name': 'Add', 'config': {'name': 'block1b_add', 'trainable': False, 'dtype': {'module': 'keras', 'class_name': 'DTypePolicy', 'config': {'name': 'float32'}, 'registered_name': None}}, 'registered_name': None, 'build_config': {'input_shape': [[None, 120, 120, 16], [None, 120, 120, 16]]}, 'name': 'block1b_add', 'inbound_nodes': [{'args': [[{'class_name': '__keras_tensor__', 'config': {'shape': [None, 120, 120, 16], 'dtype': 'float32', 'keras_history': ['block1b_drop', 0, 0]}}, {'class_name': '__keras_tensor__', 'config': {'shape': [None, 120, 120, 16], 'dtype': 'float32', 'keras_history': ['block1a_project_bn', 0, 0]}}]], 'kwargs': {}}]}, {'module': 'keras.layers', 'class_name': 'Conv2D', 'config': {'name': 'block2a_expand_conv', 'trainable': False, 'dtype': {'module': 'keras', 'class_name': 'DTypePolicy', 'config': {'name': 'float32'}, 'registered_name': None}, 'filters': 96, 'kernel_size': [1, 1], 'strides': [1, 1], 'padding': 'same', 'data_format': 'channels_last', 'dilation_rate': [1, 1], 'groups': 1, 'activation': 'linear', 'use_bias': False, 'kernel_initializer': {'module': 'keras.initializers', 'class_name': 'VarianceScaling', 'config': {'seed': None, 'scale': 2.0, 'mode': 'fan_out', 'distribution': 'truncated_normal'}, 'registered_name': None}, 'bias_initializer': {'module': 'keras.initializers', 'class_name': 'Zeros', 'config': {}, 'registered_name': None}, 'kernel_regularizer': None, 'bias_regularizer': None, 'activity_regularizer': None, 'kernel_constraint': None, 'bias_constraint': None}, 'registered_name': None, 'build_config': {'input_shape': [None, 120, 120, 16]}, 'name': 'block2a_expand_conv', 'inbound_nodes': [{'args': [{'class_name': '__keras_tensor__', 'config': {'shape': [None, 120, 120, 16], 'dtype': 'float32', 'keras_history': ['block1b_add', 0, 0]}}], 'kwargs': {}}]}, {'module': 'keras.layers', 'class_name': 'BatchNormalization', 'config': {'name': 'block2a_expand_bn', 'trainable': False, 'dtype': {'module': 'keras', 'class_name': 'DTypePolicy', 'config': {'name': 'float32'}, 'registered_name': None}, 'axis': 3, 'momentum': 0.99, 'epsilon': 0.001, 'center': True, 'scale': True, 'beta_initializer': {'module': 'keras.initializers', 'class_name': 'Zeros', 'config': {}, 'registered_name': None}, 'gamma_initializer': {'module': 'keras.initializers', 'class_name': 'Ones', 'config': {}, 'registered_name': None}, 'moving_mean_initializer': {'module': 'keras.initializers', 'class_name': 'Zeros', 'config': {}, 'registered_name': None}, 'moving_variance_initializer': {'module': 'keras.initializers', 'class_name': 'Ones', 'config': {}, 'registered_name': None}, 'beta_regularizer': None, 'gamma_regularizer': None, 'beta_constraint': None, 'gamma_constraint': None, 'synchronized': False}, 'registered_name': None, 'build_config': {'input_shape': [None, 120, 120, 96]}, 'name': 'block2a_expand_bn', 'inbound_nodes': [{'args': [{'class_name': '__keras_tensor__', 'config': {'shape': [None, 120, 120, 96], 'dtype': 'float32', 'keras_history': ['block2a_expand_conv', 0, 0]}}], 'kwargs': {'mask': None}}]}, {'module': 'keras.layers', 'class_name': 'Activation', 'config': {'name': 'block2a_expand_activation', 'trainable': False, 'dtype': {'module': 'keras', 'class_name': 'DTypePolicy', 'config': {'name': 'float32'}, 'registered_name': None}, 'activation': 'silu'}, 'registered_name': None, 'name': 'block2a_expand_activation', 'inbound_nodes': [{'args': [{'class_name': '__keras_tensor__', 'config': {'shape': [None, 120, 120, 96], 'dtype': 'float32', 'keras_history': ['block2a_expand_bn', 0, 0]}}], 'kwargs': {}}]}, {'module': 'keras.layers', 'class_name': 'ZeroPadding2D', 'config': {'name': 'block2a_dwconv_pad', 'trainable': False, 'dtype': {'module': 'keras', 'class_name': 'DTypePolicy', 'config': {'name': 'float32'}, 'registered_name': None}, 'padding': [[0, 1], [0, 1]], 'data_format': 'channels_last'}, 'registered_name': None, 'build_config': {'input_shape': [None, 120, 120, 96]}, 'name': 'block2a_dwconv_pad', 'inbound_nodes': [{'args': [{'class_name': '__keras_tensor__', 'config': {'shape': [None, 120, 120, 96], 'dtype': 'float32', 'keras_history': ['block2a_expand_activation', 0, 0]}}], 'kwargs': {}}]}, {'module': 'keras.layers', 'class_name': 'DepthwiseConv2D', 'config': {'name': 'block2a_dwconv', 'trainable': False, 'dtype': {'module': 'keras', 'class_name': 'DTypePolicy', 'config': {'name': 'float32'}, 'registered_name': None}, 'depth_multiplier': 1, 'kernel_size': [3, 3], 'strides': [2, 2], 'padding': 'valid', 'data_format': 'channels_last', 'dilation_rate': [1, 1], 'activation': 'linear', 'use_bias': False, 'depthwise_initializer': {'module': 'keras.initializers', 'class_name': 'VarianceScaling', 'config': {'seed': None, 'scale': 2.0, 'mode': 'fan_out', 'distribution': 'truncated_normal'}, 'registered_name': None}, 'bias_initializer': {'module': 'keras.initializers', 'class_name': 'Zeros', 'config': {}, 'registered_name': None}, 'depthwise_regularizer': None, 'bias_regularizer': None, 'activity_regularizer': None, 'depthwise_constraint': None, 'bias_constraint': None}, 'registered_name': None, 'build_config': {'input_shape': [None, 121, 121, 96]}, 'name': 'block2a_dwconv', 'inbound_nodes': [{'args': [{'class_name': '__keras_tensor__', 'config': {'shape': [None, 121, 121, 96], 'dtype': 'float32', 'keras_history': ['block2a_dwconv_pad', 0, 0]}}], 'kwargs': {}}]}, {'module': 'keras.layers', 'class_name': 'BatchNormalization', 'config': {'name': 'block2a_bn', 'trainable': False, 'dtype': {'module': 'keras', 'class_name': 'DTypePolicy', 'config': {'name': 'float32'}, 'registered_name': None}, 'axis': 3, 'momentum': 0.99, 'epsilon': 0.001, 'center': True, 'scale': True, 'beta_initializer': {'module': 'keras.initializers', 'class_name': 'Zeros', 'config': {}, 'registered_name': None}, 'gamma_initializer': {'module': 'keras.initializers', 'class_name': 'Ones', 'config': {}, 'registered_name': None}, 'moving_mean_initializer': {'module': 'keras.initializers', 'class_name': 'Zeros', 'config': {}, 'registered_name': None}, 'moving_variance_initializer': {'module': 'keras.initializers', 'class_name': 'Ones', 'config': {}, 'registered_name': None}, 'beta_regularizer': None, 'gamma_regularizer': None, 'beta_constraint': None, 'gamma_constraint': None, 'synchronized': False}, 'registered_name': None, 'build_config': {'input_shape': [None, 60, 60, 96]}, 'name': 'block2a_bn', 'inbound_nodes': [{'args': [{'class_name': '__keras_tensor__', 'config': {'shape': [None, 60, 60, 96], 'dtype': 'float32', 'keras_history': ['block2a_dwconv', 0, 0]}}], 'kwargs': {'mask': None}}]}, {'module': 'keras.layers', 'class_name': 'Activation', 'config': {'name': 'block2a_activation', 'trainable': False, 'dtype': {'module': 'keras', 'class_name': 'DTypePolicy', 'config': {'name': 'float32'}, 'registered_name': None}, 'activation': 'silu'}, 'registered_name': None, 'name': 'block2a_activation', 'inbound_nodes': [{'args': [{'class_name': '__keras_tensor__', 'config': {'shape': [None, 60, 60, 96], 'dtype': 'float32', 'keras_history': ['block2a_bn', 0, 0]}}], 'kwargs': {}}]}, {'module': 'keras.layers', 'class_name': 'GlobalAveragePooling2D', 'config': {'name': 'block2a_se_squeeze', 'trainable': False, 'dtype': {'module': 'keras', 'class_name': 'DTypePolicy', 'config': {'name': 'float32'}, 'registered_name': None}, 'data_format': 'channels_last', 'keepdims': False}, 'registered_name': None, 'name': 'block2a_se_squeeze', 'inbound_nodes': [{'args': [{'class_name': '__keras_tensor__', 'config': {'shape': [None, 60, 60, 96], 'dtype': 'float32', 'keras_history': ['block2a_activation', 0, 0]}}], 'kwargs': {}}]}, {'module': 'keras.layers', 'class_name': 'Reshape', 'config': {'name': 'block2a_se_reshape', 'trainable': False, 'dtype': {'module': 'keras', 'class_name': 'DTypePolicy', 'config': {'name': 'float32'}, 'registered_name': None}, 'target_shape': [1, 1, 96]}, 'registered_name': None, 'name': 'block2a_se_reshape', 'inbound_nodes': [{'args': [{'class_name': '__keras_tensor__', 'config': {'shape': [None, 96], 'dtype': 'float32', 'keras_history': ['block2a_se_squeeze', 0, 0]}}], 'kwargs': {}}]}, {'module': 'keras.layers', 'class_name': 'Conv2D', 'config': {'name': 'block2a_se_reduce', 'trainable': False, 'dtype': {'module': 'keras', 'class_name': 'DTypePolicy', 'config': {'name': 'float32'}, 'registered_name': None}, 'filters': 4, 'kernel_size': [1, 1], 'strides': [1, 1], 'padding': 'same', 'data_format': 'channels_last', 'dilation_rate': [1, 1], 'groups': 1, 'activation': 'silu', 'use_bias': True, 'kernel_initializer': {'module': 'keras.initializers', 'class_name': 'VarianceScaling', 'config': {'seed': None, 'scale': 2.0, 'mode': 'fan_out', 'distribution': 'truncated_normal'}, 'registered_name': None}, 'bias_initializer': {'module': 'keras.initializers', 'class_name': 'Zeros', 'config': {}, 'registered_name': None}, 'kernel_regularizer': None, 'bias_regularizer': None, 'activity_regularizer': None, 'kernel_constraint': None, 'bias_constraint': None}, 'registered_name': None, 'build_config': {'input_shape': [None, 1, 1, 96]}, 'name': 'block2a_se_reduce', 'inbound_nodes': [{'args': [{'class_name': '__keras_tensor__', 'config': {'shape': [None, 1, 1, 96], 'dtype': 'float32', 'keras_history': ['block2a_se_reshape', 0, 0]}}], 'kwargs': {}}]}, {'module': 'keras.layers', 'class_name': 'Conv2D', 'config': {'name': 'block2a_se_expand', 'trainable': False, 'dtype': {'module': 'keras', 'class_name': 'DTypePolicy', 'config': {'name': 'float32'}, 'registered_name': None}, 'filters': 96, 'kernel_size': [1, 1], 'strides': [1, 1], 'padding': 'same', 'data_format': 'channels_last', 'dilation_rate': [1, 1], 'groups': 1, 'activation': 'sigmoid', 'use_bias': True, 'kernel_initializer': {'module': 'keras.initializers', 'class_name': 'VarianceScaling', 'config': {'seed': None, 'scale': 2.0, 'mode': 'fan_out', 'distribution': 'truncated_normal'}, 'registered_name': None}, 'bias_initializer': {'module': 'keras.initializers', 'class_name': 'Zeros', 'config': {}, 'registered_name': None}, 'kernel_regularizer': None, 'bias_regularizer': None, 'activity_regularizer': None, 'kernel_constraint': None, 'bias_constraint': None}, 'registered_name': None, 'build_config': {'input_shape': [None, 1, 1, 4]}, 'name': 'block2a_se_expand', 'inbound_nodes': [{'args': [{'class_name': '__keras_tensor__', 'config': {'shape': [None, 1, 1, 4], 'dtype': 'float32', 'keras_history': ['block2a_se_reduce', 0, 0]}}], 'kwargs': {}}]}, {'module': 'keras.layers', 'class_name': 'Multiply', 'config': {'name': 'block2a_se_excite', 'trainable': False, 'dtype': {'module': 'keras', 'class_name': 'DTypePolicy', 'config': {'name': 'float32'}, 'registered_name': None}}, 'registered_name': None, 'build_config': {'input_shape': [[None, 60, 60, 96], [None, 1, 1, 96]]}, 'name': 'block2a_se_excite', 'inbound_nodes': [{'args': [[{'class_name': '__keras_tensor__', 'config': {'shape': [None, 60, 60, 96], 'dtype': 'float32', 'keras_history': ['block2a_activation', 0, 0]}}, {'class_name': '__keras_tensor__', 'config': {'shape': [None, 1, 1, 96], 'dtype': 'float32', 'keras_history': ['block2a_se_expand', 0, 0]}}]], 'kwargs': {}}]}, {'module': 'keras.layers', 'class_name': 'Conv2D', 'config': {'name': 'block2a_project_conv', 'trainable': False, 'dtype': {'module': 'keras', 'class_name': 'DTypePolicy', 'config': {'name': 'float32'}, 'registered_name': None}, 'filters': 24, 'kernel_size': [1, 1], 'strides': [1, 1], 'padding': 'same', 'data_format': 'channels_last', 'dilation_rate': [1, 1], 'groups': 1, 'activation': 'linear', 'use_bias': False, 'kernel_initializer': {'module': 'keras.initializers', 'class_name': 'VarianceScaling', 'config': {'seed': None, 'scale': 2.0, 'mode': 'fan_out', 'distribution': 'truncated_normal'}, 'registered_name': None}, 'bias_initializer': {'module': 'keras.initializers', 'class_name': 'Zeros', 'config': {}, 'registered_name': None}, 'kernel_regularizer': None, 'bias_regularizer': None, 'activity_regularizer': None, 'kernel_constraint': None, 'bias_constraint': None}, 'registered_name': None, 'build_config': {'input_shape': [None, 60, 60, 96]}, 'name': 'block2a_project_conv', 'inbound_nodes': [{'args': [{'class_name': '__keras_tensor__', 'config': {'shape': [None, 60, 60, 96], 'dtype': 'float32', 'keras_history': ['block2a_se_excite', 0, 0]}}], 'kwargs': {}}]}, {'module': 'keras.layers', 'class_name': 'BatchNormalization', 'config': {'name': 'block2a_project_bn', 'trainable': False, 'dtype': {'module': 'keras', 'class_name': 'DTypePolicy', 'config': {'name': 'float32'}, 'registered_name': None}, 'axis': 3, 'momentum': 0.99, 'epsilon': 0.001, 'center': True, 'scale': True, 'beta_initializer': {'module': 'keras.initializers', 'class_name': 'Zeros', 'config': {}, 'registered_name': None}, 'gamma_initializer': {'module': 'keras.initializers', 'class_name': 'Ones', 'config': {}, 'registered_name': None}, 'moving_mean_initializer': {'module': 'keras.initializers', 'class_name': 'Zeros', 'config': {}, 'registered_name': None}, 'moving_variance_initializer': {'module': 'keras.initializers', 'class_name': 'Ones', 'config': {}, 'registered_name': None}, 'beta_regularizer': None, 'gamma_regularizer': None, 'beta_constraint': None, 'gamma_constraint': None, 'synchronized': False}, 'registered_name': None, 'build_config': {'input_shape': [None, 60, 60, 24]}, 'name': 'block2a_project_bn', 'inbound_nodes': [{'args': [{'class_name': '__keras_tensor__', 'config': {'shape': [None, 60, 60, 24], 'dtype': 'float32', 'keras_history': ['block2a_project_conv', 0, 0]}}], 'kwargs': {'mask': None}}]}, {'module': 'keras.layers', 'class_name': 'Conv2D', 'config': {'name': 'block2b_expand_conv', 'trainable': False, 'dtype': {'module': 'keras', 'class_name': 'DTypePolicy', 'config': {'name': 'float32'}, 'registered_name': None}, 'filters': 144, 'kernel_size': [1, 1], 'strides': [1, 1], 'padding': 'same', 'data_format': 'channels_last', 'dilation_rate': [1, 1], 'groups': 1, 'activation': 'linear', 'use_bias': False, 'kernel_initializer': {'module': 'keras.initializers', 'class_name': 'VarianceScaling', 'config': {'seed': None, 'scale': 2.0, 'mode': 'fan_out', 'distribution': 'truncated_normal'}, 'registered_name': None}, 'bias_initializer': {'module': 'keras.initializers', 'class_name': 'Zeros', 'config': {}, 'registered_name': None}, 'kernel_regularizer': None, 'bias_regularizer': None, 'activity_regularizer': None, 'kernel_constraint': None, 'bias_constraint': None}, 'registered_name': None, 'build_config': {'input_shape': [None, 60, 60, 24]}, 'name': 'block2b_expand_conv', 'inbound_nodes': [{'args': [{'class_name': '__keras_tensor__', 'config': {'shape': [None, 60, 60, 24], 'dtype': 'float32', 'keras_history': ['block2a_project_bn', 0, 0]}}], 'kwargs': {}}]}, {'module': 'keras.layers', 'class_name': 'BatchNormalization', 'config': {'name': 'block2b_expand_bn', 'trainable': False, 'dtype': {'module': 'keras', 'class_name': 'DTypePolicy', 'config': {'name': 'float32'}, 'registered_name': None}, 'axis': 3, 'momentum': 0.99, 'epsilon': 0.001, 'center': True, 'scale': True, 'beta_initializer': {'module': 'keras.initializers', 'class_name': 'Zeros', 'config': {}, 'registered_name': None}, 'gamma_initializer': {'module': 'keras.initializers', 'class_name': 'Ones', 'config': {}, 'registered_name': None}, 'moving_mean_initializer': {'module': 'keras.initializers', 'class_name': 'Zeros', 'config': {}, 'registered_name': None}, 'moving_variance_initializer': {'module': 'keras.initializers', 'class_name': 'Ones', 'config': {}, 'registered_name': None}, 'beta_regularizer': None, 'gamma_regularizer': None, 'beta_constraint': None, 'gamma_constraint': None, 'synchronized': False}, 'registered_name': None, 'build_config': {'input_shape': [None, 60, 60, 144]}, 'name': 'block2b_expand_bn', 'inbound_nodes': [{'args': [{'class_name': '__keras_tensor__', 'config': {'shape': [None, 60, 60, 144], 'dtype': 'float32', 'keras_history': ['block2b_expand_conv', 0, 0]}}], 'kwargs': {'mask': None}}]}, {'module': 'keras.layers', 'class_name': 'Activation', 'config': {'name': 'block2b_expand_activation', 'trainable': False, 'dtype': {'module': 'keras', 'class_name': 'DTypePolicy', 'config': {'name': 'float32'}, 'registered_name': None}, 'activation': 'silu'}, 'registered_name': None, 'name': 'block2b_expand_activation', 'inbound_nodes': [{'args': [{'class_name': '__keras_tensor__', 'config': {'shape': [None, 60, 60, 144], 'dtype': 'float32', 'keras_history': ['block2b_expand_bn', 0, 0]}}], 'kwargs': {}}]}, {'module': 'keras.layers', 'class_name': 'DepthwiseConv2D', 'config': {'name': 'block2b_dwconv', 'trainable': False, 'dtype': {'module': 'keras', 'class_name': 'DTypePolicy', 'config': {'name': 'float32'}, 'registered_name': None}, 'depth_multiplier': 1, 'kernel_size': [3, 3], 'strides': [1, 1], 'padding': 'same', 'data_format': 'channels_last', 'dilation_rate': [1, 1], 'activation': 'linear', 'use_bias': False, 'depthwise_initializer': {'module': 'keras.initializers', 'class_name': 'VarianceScaling', 'config': {'seed': None, 'scale': 2.0, 'mode': 'fan_out', 'distribution': 'truncated_normal'}, 'registered_name': None}, 'bias_initializer': {'module': 'keras.initializers', 'class_name': 'Zeros', 'config': {}, 'registered_name': None}, 'depthwise_regularizer': None, 'bias_regularizer': None, 'activity_regularizer': None, 'depthwise_constraint': None, 'bias_constraint': None}, 'registered_name': None, 'build_config': {'input_shape': [None, 60, 60, 144]}, 'name': 'block2b_dwconv', 'inbound_nodes': [{'args': [{'class_name': '__keras_tensor__', 'config': {'shape': [None, 60, 60, 144], 'dtype': 'float32', 'keras_history': ['block2b_expand_activation', 0, 0]}}], 'kwargs': {}}]}, {'module': 'keras.layers', 'class_name': 'BatchNormalization', 'config': {'name': 'block2b_bn', 'trainable': False, 'dtype': {'module': 'keras', 'class_name': 'DTypePolicy', 'config': {'name': 'float32'}, 'registered_name': None}, 'axis': 3, 'momentum': 0.99, 'epsilon': 0.001, 'center': True, 'scale': True, 'beta_initializer': {'module': 'keras.initializers', 'class_name': 'Zeros', 'config': {}, 'registered_name': None}, 'gamma_initializer': {'module': 'keras.initializers', 'class_name': 'Ones', 'config': {}, 'registered_name': None}, 'moving_mean_initializer': {'module': 'keras.initializers', 'class_name': 'Zeros', 'config': {}, 'registered_name': None}, 'moving_variance_initializer': {'module': 'keras.initializers', 'class_name': 'Ones', 'config': {}, 'registered_name': None}, 'beta_regularizer': None, 'gamma_regularizer': None, 'beta_constraint': None, 'gamma_constraint': None, 'synchronized': False}, 'registered_name': None, 'build_config': {'input_shape': [None, 60, 60, 144]}, 'name': 'block2b_bn', 'inbound_nodes': [{'args': [{'class_name': '__keras_tensor__', 'config': {'shape': [None, 60, 60, 144], 'dtype': 'float32', 'keras_history': ['block2b_dwconv', 0, 0]}}], 'kwargs': {'mask': None}}]}, {'module': 'keras.layers', 'class_name': 'Activation', 'config': {'name': 'block2b_activation', 'trainable': False, 'dtype': {'module': 'keras', 'class_name': 'DTypePolicy', 'config': {'name': 'float32'}, 'registered_name': None}, 'activation': 'silu'}, 'registered_name': None, 'name': 'block2b_activation', 'inbound_nodes': [{'args': [{'class_name': '__keras_tensor__', 'config': {'shape': [None, 60, 60, 144], 'dtype': 'float32', 'keras_history': ['block2b_bn', 0, 0]}}], 'kwargs': {}}]}, {'module': 'keras.layers', 'class_name': 'GlobalAveragePooling2D', 'config': {'name': 'block2b_se_squeeze', 'trainable': False, 'dtype': {'module': 'keras', 'class_name': 'DTypePolicy', 'config': {'name': 'float32'}, 'registered_name': None}, 'data_format': 'channels_last', 'keepdims': False}, 'registered_name': None, 'name': 'block2b_se_squeeze', 'inbound_nodes': [{'args': [{'class_name': '__keras_tensor__', 'config': {'shape': [None, 60, 60, 144], 'dtype': 'float32', 'keras_history': ['block2b_activation', 0, 0]}}], 'kwargs': {}}]}, {'module': 'keras.layers', 'class_name': 'Reshape', 'config': {'name': 'block2b_se_reshape', 'trainable': False, 'dtype': {'module': 'keras', 'class_name': 'DTypePolicy', 'config': {'name': 'float32'}, 'registered_name': None}, 'target_shape': [1, 1, 144]}, 'registered_name': None, 'name': 'block2b_se_reshape', 'inbound_nodes': [{'args': [{'class_name': '__keras_tensor__', 'config': {'shape': [None, 144], 'dtype': 'float32', 'keras_history': ['block2b_se_squeeze', 0, 0]}}], 'kwargs': {}}]}, {'module': 'keras.layers', 'class_name': 'Conv2D', 'config': {'name': 'block2b_se_reduce', 'trainable': False, 'dtype': {'module': 'keras', 'class_name': 'DTypePolicy', 'config': {'name': 'float32'}, 'registered_name': None}, 'filters': 6, 'kernel_size': [1, 1], 'strides': [1, 1], 'padding': 'same', 'data_format': 'channels_last', 'dilation_rate': [1, 1], 'groups': 1, 'activation': 'silu', 'use_bias': True, 'kernel_initializer': {'module': 'keras.initializers', 'class_name': 'VarianceScaling', 'config': {'seed': None, 'scale': 2.0, 'mode': 'fan_out', 'distribution': 'truncated_normal'}, 'registered_name': None}, 'bias_initializer': {'module': 'keras.initializers', 'class_name': 'Zeros', 'config': {}, 'registered_name': None}, 'kernel_regularizer': None, 'bias_regularizer': None, 'activity_regularizer': None, 'kernel_constraint': None, 'bias_constraint': None}, 'registered_name': None, 'build_config': {'input_shape': [None, 1, 1, 144]}, 'name': 'block2b_se_reduce', 'inbound_nodes': [{'args': [{'class_name': '__keras_tensor__', 'config': {'shape': [None, 1, 1, 144], 'dtype': 'float32', 'keras_history': ['block2b_se_reshape', 0, 0]}}], 'kwargs': {}}]}, {'module': 'keras.layers', 'class_name': 'Conv2D', 'config': {'name': 'block2b_se_expand', 'trainable': False, 'dtype': {'module': 'keras', 'class_name': 'DTypePolicy', 'config': {'name': 'float32'}, 'registered_name': None}, 'filters': 144, 'kernel_size': [1, 1], 'strides': [1, 1], 'padding': 'same', 'data_format': 'channels_last', 'dilation_rate': [1, 1], 'groups': 1, 'activation': 'sigmoid', 'use_bias': True, 'kernel_initializer': {'module': 'keras.initializers', 'class_name': 'VarianceScaling', 'config': {'seed': None, 'scale': 2.0, 'mode': 'fan_out', 'distribution': 'truncated_normal'}, 'registered_name': None}, 'bias_initializer': {'module': 'keras.initializers', 'class_name': 'Zeros', 'config': {}, 'registered_name': None}, 'kernel_regularizer': None, 'bias_regularizer': None, 'activity_regularizer': None, 'kernel_constraint': None, 'bias_constraint': None}, 'registered_name': None, 'build_config': {'input_shape': [None, 1, 1, 6]}, 'name': 'block2b_se_expand', 'inbound_nodes': [{'args': [{'class_name': '__keras_tensor__', 'config': {'shape': [None, 1, 1, 6], 'dtype': 'float32', 'keras_history': ['block2b_se_reduce', 0, 0]}}], 'kwargs': {}}]}, {'module': 'keras.layers', 'class_name': 'Multiply', 'config': {'name': 'block2b_se_excite', 'trainable': False, 'dtype': {'module': 'keras', 'class_name': 'DTypePolicy', 'config': {'name': 'float32'}, 'registered_name': None}}, 'registered_name': None, 'build_config': {'input_shape': [[None, 60, 60, 144], [None, 1, 1, 144]]}, 'name': 'block2b_se_excite', 'inbound_nodes': [{'args': [[{'class_name': '__keras_tensor__', 'config': {'shape': [None, 60, 60, 144], 'dtype': 'float32', 'keras_history': ['block2b_activation', 0, 0]}}, {'class_name': '__keras_tensor__', 'config': {'shape': [None, 1, 1, 144], 'dtype': 'float32', 'keras_history': ['block2b_se_expand', 0, 0]}}]], 'kwargs': {}}]}, {'module': 'keras.layers', 'class_name': 'Conv2D', 'config': {'name': 'block2b_project_conv', 'trainable': False, 'dtype': {'module': 'keras', 'class_name': 'DTypePolicy', 'config': {'name': 'float32'}, 'registered_name': None}, 'filters': 24, 'kernel_size': [1, 1], 'strides': [1, 1], 'padding': 'same', 'data_format': 'channels_last', 'dilation_rate': [1, 1], 'groups': 1, 'activation': 'linear', 'use_bias': False, 'kernel_initializer': {'module': 'keras.initializers', 'class_name': 'VarianceScaling', 'config': {'seed': None, 'scale': 2.0, 'mode': 'fan_out', 'distribution': 'truncated_normal'}, 'registered_name': None}, 'bias_initializer': {'module': 'keras.initializers', 'class_name': 'Zeros', 'config': {}, 'registered_name': None}, 'kernel_regularizer': None, 'bias_regularizer': None, 'activity_regularizer': None, 'kernel_constraint': None, 'bias_constraint': None}, 'registered_name': None, 'build_config': {'input_shape': [None, 60, 60, 144]}, 'name': 'block2b_project_conv', 'inbound_nodes': [{'args': [{'class_name': '__keras_tensor__', 'config': {'shape': [None, 60, 60, 144], 'dtype': 'float32', 'keras_history': ['block2b_se_excite', 0, 0]}}], 'kwargs': {}}]}, {'module': 'keras.layers', 'class_name': 'BatchNormalization', 'config': {'name': 'block2b_project_bn', 'trainable': False, 'dtype': {'module': 'keras', 'class_name': 'DTypePolicy', 'config': {'name': 'float32'}, 'registered_name': None}, 'axis': 3, 'momentum': 0.99, 'epsilon': 0.001, 'center': True, 'scale': True, 'beta_initializer': {'module': 'keras.initializers', 'class_name': 'Zeros', 'config': {}, 'registered_name': None}, 'gamma_initializer': {'module': 'keras.initializers', 'class_name': 'Ones', 'config': {}, 'registered_name': None}, 'moving_mean_initializer': {'module': 'keras.initializers', 'class_name': 'Zeros', 'config': {}, 'registered_name': None}, 'moving_variance_initializer': {'module': 'keras.initializers', 'class_name': 'Ones', 'config': {}, 'registered_name': None}, 'beta_regularizer': None, 'gamma_regularizer': None, 'beta_constraint': None, 'gamma_constraint': None, 'synchronized': False}, 'registered_name': None, 'build_config': {'input_shape': [None, 60, 60, 24]}, 'name': 'block2b_project_bn', 'inbound_nodes': [{'args': [{'class_name': '__keras_tensor__', 'config': {'shape': [None, 60, 60, 24], 'dtype': 'float32', 'keras_history': ['block2b_project_conv', 0, 0]}}], 'kwargs': {'mask': None}}]}, {'module': 'keras.layers', 'class_name': 'Dropout', 'config': {'name': 'block2b_drop', 'trainable': False, 'dtype': {'module': 'keras', 'class_name': 'DTypePolicy', 'config': {'name': 'float32'}, 'registered_name': None}, 'rate': 0.026086956521739136, 'seed': None, 'noise_shape': [None, 1, 1, 1]}, 'registered_name': None, 'name': 'block2b_drop', 'inbound_nodes': [{'args': [{'class_name': '__keras_tensor__', 'config': {'shape': [None, 60, 60, 24], 'dtype': 'float32', 'keras_history': ['block2b_project_bn', 0, 0]}}], 'kwargs': {'training': False}}]}, {'module': 'keras.layers', 'class_name': 'Add', 'config': {'name': 'block2b_add', 'trainable': False, 'dtype': {'module': 'keras', 'class_name': 'DTypePolicy', 'config': {'name': 'float32'}, 'registered_name': None}}, 'registered_name': None, 'build_config': {'input_shape': [[None, 60, 60, 24], [None, 60, 60, 24]]}, 'name': 'block2b_add', 'inbound_nodes': [{'args': [[{'class_name': '__keras_tensor__', 'config': {'shape': [None, 60, 60, 24], 'dtype': 'float32', 'keras_history': ['block2b_drop', 0, 0]}}, {'class_name': '__keras_tensor__', 'config': {'shape': [None, 60, 60, 24], 'dtype': 'float32', 'keras_history': ['block2a_project_bn', 0, 0]}}]], 'kwargs': {}}]}, {'module': 'keras.layers', 'class_name': 'Conv2D', 'config': {'name': 'block2c_expand_conv', 'trainable': False, 'dtype': {'module': 'keras', 'class_name': 'DTypePolicy', 'config': {'name': 'float32'}, 'registered_name': None}, 'filters': 144, 'kernel_size': [1, 1], 'strides': [1, 1], 'padding': 'same', 'data_format': 'channels_last', 'dilation_rate': [1, 1], 'groups': 1, 'activation': 'linear', 'use_bias': False, 'kernel_initializer': {'module': 'keras.initializers', 'class_name': 'VarianceScaling', 'config': {'seed': None, 'scale': 2.0, 'mode': 'fan_out', 'distribution': 'truncated_normal'}, 'registered_name': None}, 'bias_initializer': {'module': 'keras.initializers', 'class_name': 'Zeros', 'config': {}, 'registered_name': None}, 'kernel_regularizer': None, 'bias_regularizer': None, 'activity_regularizer': None, 'kernel_constraint': None, 'bias_constraint': None}, 'registered_name': None, 'build_config': {'input_shape': [None, 60, 60, 24]}, 'name': 'block2c_expand_conv', 'inbound_nodes': [{'args': [{'class_name': '__keras_tensor__', 'config': {'shape': [None, 60, 60, 24], 'dtype': 'float32', 'keras_history': ['block2b_add', 0, 0]}}], 'kwargs': {}}]}, {'module': 'keras.layers', 'class_name': 'BatchNormalization', 'config': {'name': 'block2c_expand_bn', 'trainable': False, 'dtype': {'module': 'keras', 'class_name': 'DTypePolicy', 'config': {'name': 'float32'}, 'registered_name': None}, 'axis': 3, 'momentum': 0.99, 'epsilon': 0.001, 'center': True, 'scale': True, 'beta_initializer': {'module': 'keras.initializers', 'class_name': 'Zeros', 'config': {}, 'registered_name': None}, 'gamma_initializer': {'module': 'keras.initializers', 'class_name': 'Ones', 'config': {}, 'registered_name': None}, 'moving_mean_initializer': {'module': 'keras.initializers', 'class_name': 'Zeros', 'config': {}, 'registered_name': None}, 'moving_variance_initializer': {'module': 'keras.initializers', 'class_name': 'Ones', 'config': {}, 'registered_name': None}, 'beta_regularizer': None, 'gamma_regularizer': None, 'beta_constraint': None, 'gamma_constraint': None, 'synchronized': False}, 'registered_name': None, 'build_config': {'input_shape': [None, 60, 60, 144]}, 'name': 'block2c_expand_bn', 'inbound_nodes': [{'args': [{'class_name': '__keras_tensor__', 'config': {'shape': [None, 60, 60, 144], 'dtype': 'float32', 'keras_history': ['block2c_expand_conv', 0, 0]}}], 'kwargs': {'mask': None}}]}, {'module': 'keras.layers', 'class_name': 'Activation', 'config': {'name': 'block2c_expand_activation', 'trainable': False, 'dtype': {'module': 'keras', 'class_name': 'DTypePolicy', 'config': {'name': 'float32'}, 'registered_name': None}, 'activation': 'silu'}, 'registered_name': None, 'name': 'block2c_expand_activation', 'inbound_nodes': [{'args': [{'class_name': '__keras_tensor__', 'config': {'shape': [None, 60, 60, 144], 'dtype': 'float32', 'keras_history': ['block2c_expand_bn', 0, 0]}}], 'kwargs': {}}]}, {'module': 'keras.layers', 'class_name': 'DepthwiseConv2D', 'config': {'name': 'block2c_dwconv', 'trainable': False, 'dtype': {'module': 'keras', 'class_name': 'DTypePolicy', 'config': {'name': 'float32'}, 'registered_name': None}, 'depth_multiplier': 1, 'kernel_size': [3, 3], 'strides': [1, 1], 'padding': 'same', 'data_format': 'channels_last', 'dilation_rate': [1, 1], 'activation': 'linear', 'use_bias': False, 'depthwise_initializer': {'module': 'keras.initializers', 'class_name': 'VarianceScaling', 'config': {'seed': None, 'scale': 2.0, 'mode': 'fan_out', 'distribution': 'truncated_normal'}, 'registered_name': None}, 'bias_initializer': {'module': 'keras.initializers', 'class_name': 'Zeros', 'config': {}, 'registered_name': None}, 'depthwise_regularizer': None, 'bias_regularizer': None, 'activity_regularizer': None, 'depthwise_constraint': None, 'bias_constraint': None}, 'registered_name': None, 'build_config': {'input_shape': [None, 60, 60, 144]}, 'name': 'block2c_dwconv', 'inbound_nodes': [{'args': [{'class_name': '__keras_tensor__', 'config': {'shape': [None, 60, 60, 144], 'dtype': 'float32', 'keras_history': ['block2c_expand_activation', 0, 0]}}], 'kwargs': {}}]}, {'module': 'keras.layers', 'class_name': 'BatchNormalization', 'config': {'name': 'block2c_bn', 'trainable': False, 'dtype': {'module': 'keras', 'class_name': 'DTypePolicy', 'config': {'name': 'float32'}, 'registered_name': None}, 'axis': 3, 'momentum': 0.99, 'epsilon': 0.001, 'center': True, 'scale': True, 'beta_initializer': {'module': 'keras.initializers', 'class_name': 'Zeros', 'config': {}, 'registered_name': None}, 'gamma_initializer': {'module': 'keras.initializers', 'class_name': 'Ones', 'config': {}, 'registered_name': None}, 'moving_mean_initializer': {'module': 'keras.initializers', 'class_name': 'Zeros', 'config': {}, 'registered_name': None}, 'moving_variance_initializer': {'module': 'keras.initializers', 'class_name': 'Ones', 'config': {}, 'registered_name': None}, 'beta_regularizer': None, 'gamma_regularizer': None, 'beta_constraint': None, 'gamma_constraint': None, 'synchronized': False}, 'registered_name': None, 'build_config': {'input_shape': [None, 60, 60, 144]}, 'name': 'block2c_bn', 'inbound_nodes': [{'args': [{'class_name': '__keras_tensor__', 'config': {'shape': [None, 60, 60, 144], 'dtype': 'float32', 'keras_history': ['block2c_dwconv', 0, 0]}}], 'kwargs': {'mask': None}}]}, {'module': 'keras.layers', 'class_name': 'Activation', 'config': {'name': 'block2c_activation', 'trainable': False, 'dtype': {'module': 'keras', 'class_name': 'DTypePolicy', 'config': {'name': 'float32'}, 'registered_name': None}, 'activation': 'silu'}, 'registered_name': None, 'name': 'block2c_activation', 'inbound_nodes': [{'args': [{'class_name': '__keras_tensor__', 'config': {'shape': [None, 60, 60, 144], 'dtype': 'float32', 'keras_history': ['block2c_bn', 0, 0]}}], 'kwargs': {}}]}, {'module': 'keras.layers', 'class_name': 'GlobalAveragePooling2D', 'config': {'name': 'block2c_se_squeeze', 'trainable': False, 'dtype': {'module': 'keras', 'class_name': 'DTypePolicy', 'config': {'name': 'float32'}, 'registered_name': None}, 'data_format': 'channels_last', 'keepdims': False}, 'registered_name': None, 'name': 'block2c_se_squeeze', 'inbound_nodes': [{'args': [{'class_name': '__keras_tensor__', 'config': {'shape': [None, 60, 60, 144], 'dtype': 'float32', 'keras_history': ['block2c_activation', 0, 0]}}], 'kwargs': {}}]}, {'module': 'keras.layers', 'class_name': 'Reshape', 'config': {'name': 'block2c_se_reshape', 'trainable': False, 'dtype': {'module': 'keras', 'class_name': 'DTypePolicy', 'config': {'name': 'float32'}, 'registered_name': None}, 'target_shape': [1, 1, 144]}, 'registered_name': None, 'name': 'block2c_se_reshape', 'inbound_nodes': [{'args': [{'class_name': '__keras_tensor__', 'config': {'shape': [None, 144], 'dtype': 'float32', 'keras_history': ['block2c_se_squeeze', 0, 0]}}], 'kwargs': {}}]}, {'module': 'keras.layers', 'class_name': 'Conv2D', 'config': {'name': 'block2c_se_reduce', 'trainable': False, 'dtype': {'module': 'keras', 'class_name': 'DTypePolicy', 'config': {'name': 'float32'}, 'registered_name': None}, 'filters': 6, 'kernel_size': [1, 1], 'strides': [1, 1], 'padding': 'same', 'data_format': 'channels_last', 'dilation_rate': [1, 1], 'groups': 1, 'activation': 'silu', 'use_bias': True, 'kernel_initializer': {'module': 'keras.initializers', 'class_name': 'VarianceScaling', 'config': {'seed': None, 'scale': 2.0, 'mode': 'fan_out', 'distribution': 'truncated_normal'}, 'registered_name': None}, 'bias_initializer': {'module': 'keras.initializers', 'class_name': 'Zeros', 'config': {}, 'registered_name': None}, 'kernel_regularizer': None, 'bias_regularizer': None, 'activity_regularizer': None, 'kernel_constraint': None, 'bias_constraint': None}, 'registered_name': None, 'build_config': {'input_shape': [None, 1, 1, 144]}, 'name': 'block2c_se_reduce', 'inbound_nodes': [{'args': [{'class_name': '__keras_tensor__', 'config': {'shape': [None, 1, 1, 144], 'dtype': 'float32', 'keras_history': ['block2c_se_reshape', 0, 0]}}], 'kwargs': {}}]}, {'module': 'keras.layers', 'class_name': 'Conv2D', 'config': {'name': 'block2c_se_expand', 'trainable': False, 'dtype': {'module': 'keras', 'class_name': 'DTypePolicy', 'config': {'name': 'float32'}, 'registered_name': None}, 'filters': 144, 'kernel_size': [1, 1], 'strides': [1, 1], 'padding': 'same', 'data_format': 'channels_last', 'dilation_rate': [1, 1], 'groups': 1, 'activation': 'sigmoid', 'use_bias': True, 'kernel_initializer': {'module': 'keras.initializers', 'class_name': 'VarianceScaling', 'config': {'seed': None, 'scale': 2.0, 'mode': 'fan_out', 'distribution': 'truncated_normal'}, 'registered_name': None}, 'bias_initializer': {'module': 'keras.initializers', 'class_name': 'Zeros', 'config': {}, 'registered_name': None}, 'kernel_regularizer': None, 'bias_regularizer': None, 'activity_regularizer': None, 'kernel_constraint': None, 'bias_constraint': None}, 'registered_name': None, 'build_config': {'input_shape': [None, 1, 1, 6]}, 'name': 'block2c_se_expand', 'inbound_nodes': [{'args': [{'class_name': '__keras_tensor__', 'config': {'shape': [None, 1, 1, 6], 'dtype': 'float32', 'keras_history': ['block2c_se_reduce', 0, 0]}}], 'kwargs': {}}]}, {'module': 'keras.layers', 'class_name': 'Multiply', 'config': {'name': 'block2c_se_excite', 'trainable': False, 'dtype': {'module': 'keras', 'class_name': 'DTypePolicy', 'config': {'name': 'float32'}, 'registered_name': None}}, 'registered_name': None, 'build_config': {'input_shape': [[None, 60, 60, 144], [None, 1, 1, 144]]}, 'name': 'block2c_se_excite', 'inbound_nodes': [{'args': [[{'class_name': '__keras_tensor__', 'config': {'shape': [None, 60, 60, 144], 'dtype': 'float32', 'keras_history': ['block2c_activation', 0, 0]}}, {'class_name': '__keras_tensor__', 'config': {'shape': [None, 1, 1, 144], 'dtype': 'float32', 'keras_history': ['block2c_se_expand', 0, 0]}}]], 'kwargs': {}}]}, {'module': 'keras.layers', 'class_name': 'Conv2D', 'config': {'name': 'block2c_project_conv', 'trainable': False, 'dtype': {'module': 'keras', 'class_name': 'DTypePolicy', 'config': {'name': 'float32'}, 'registered_name': None}, 'filters': 24, 'kernel_size': [1, 1], 'strides': [1, 1], 'padding': 'same', 'data_format': 'channels_last', 'dilation_rate': [1, 1], 'groups': 1, 'activation': 'linear', 'use_bias': False, 'kernel_initializer': {'module': 'keras.initializers', 'class_name': 'VarianceScaling', 'config': {'seed': None, 'scale': 2.0, 'mode': 'fan_out', 'distribution': 'truncated_normal'}, 'registered_name': None}, 'bias_initializer': {'module': 'keras.initializers', 'class_name': 'Zeros', 'config': {}, 'registered_name': None}, 'kernel_regularizer': None, 'bias_regularizer': None, 'activity_regularizer': None, 'kernel_constraint': None, 'bias_constraint': None}, 'registered_name': None, 'build_config': {'input_shape': [None, 60, 60, 144]}, 'name': 'block2c_project_conv', 'inbound_nodes': [{'args': [{'class_name': '__keras_tensor__', 'config': {'shape': [None, 60, 60, 144], 'dtype': 'float32', 'keras_history': ['block2c_se_excite', 0, 0]}}], 'kwargs': {}}]}, {'module': 'keras.layers', 'class_name': 'BatchNormalization', 'config': {'name': 'block2c_project_bn', 'trainable': False, 'dtype': {'module': 'keras', 'class_name': 'DTypePolicy', 'config': {'name': 'float32'}, 'registered_name': None}, 'axis': 3, 'momentum': 0.99, 'epsilon': 0.001, 'center': True, 'scale': True, 'beta_initializer': {'module': 'keras.initializers', 'class_name': 'Zeros', 'config': {}, 'registered_name': None}, 'gamma_initializer': {'module': 'keras.initializers', 'class_name': 'Ones', 'config': {}, 'registered_name': None}, 'moving_mean_initializer': {'module': 'keras.initializers', 'class_name': 'Zeros', 'config': {}, 'registered_name': None}, 'moving_variance_initializer': {'module': 'keras.initializers', 'class_name': 'Ones', 'config': {}, 'registered_name': None}, 'beta_regularizer': None, 'gamma_regularizer': None, 'beta_constraint': None, 'gamma_constraint': None, 'synchronized': False}, 'registered_name': None, 'build_config': {'input_shape': [None, 60, 60, 24]}, 'name': 'block2c_project_bn', 'inbound_nodes': [{'args': [{'class_name': '__keras_tensor__', 'config': {'shape': [None, 60, 60, 24], 'dtype': 'float32', 'keras_history': ['block2c_project_conv', 0, 0]}}], 'kwargs': {'mask': None}}]}, {'module': 'keras.layers', 'class_name': 'Dropout', 'config': {'name': 'block2c_drop', 'trainable': False, 'dtype': {'module': 'keras', 'class_name': 'DTypePolicy', 'config': {'name': 'float32'}, 'registered_name': None}, 'rate': 0.034782608695652174, 'seed': None, 'noise_shape': [None, 1, 1, 1]}, 'registered_name': None, 'name': 'block2c_drop', 'inbound_nodes': [{'args': [{'class_name': '__keras_tensor__', 'config': {'shape': [None, 60, 60, 24], 'dtype': 'float32', 'keras_history': ['block2c_project_bn', 0, 0]}}], 'kwargs': {'training': False}}]}, {'module': 'keras.layers', 'class_name': 'Add', 'config': {'name': 'block2c_add', 'trainable': False, 'dtype': {'module': 'keras', 'class_name': 'DTypePolicy', 'config': {'name': 'float32'}, 'registered_name': None}}, 'registered_name': None, 'build_config': {'input_shape': [[None, 60, 60, 24], [None, 60, 60, 24]]}, 'name': 'block2c_add', 'inbound_nodes': [{'args': [[{'class_name': '__keras_tensor__', 'config': {'shape': [None, 60, 60, 24], 'dtype': 'float32', 'keras_history': ['block2c_drop', 0, 0]}}, {'class_name': '__keras_tensor__', 'config': {'shape': [None, 60, 60, 24], 'dtype': 'float32', 'keras_history': ['block2b_add', 0, 0]}}]], 'kwargs': {}}]}, {'module': 'keras.layers', 'class_name': 'Conv2D', 'config': {'name': 'block3a_expand_conv', 'trainable': False, 'dtype': {'module': 'keras', 'class_name': 'DTypePolicy', 'config': {'name': 'float32'}, 'registered_name': None}, 'filters': 144, 'kernel_size': [1, 1], 'strides': [1, 1], 'padding': 'same', 'data_format': 'channels_last', 'dilation_rate': [1, 1], 'groups': 1, 'activation': 'linear', 'use_bias': False, 'kernel_initializer': {'module': 'keras.initializers', 'class_name': 'VarianceScaling', 'config': {'seed': None, 'scale': 2.0, 'mode': 'fan_out', 'distribution': 'truncated_normal'}, 'registered_name': None}, 'bias_initializer': {'module': 'keras.initializers', 'class_name': 'Zeros', 'config': {}, 'registered_name': None}, 'kernel_regularizer': None, 'bias_regularizer': None, 'activity_regularizer': None, 'kernel_constraint': None, 'bias_constraint': None}, 'registered_name': None, 'build_config': {'input_shape': [None, 60, 60, 24]}, 'name': 'block3a_expand_conv', 'inbound_nodes': [{'args': [{'class_name': '__keras_tensor__', 'config': {'shape': [None, 60, 60, 24], 'dtype': 'float32', 'keras_history': ['block2c_add', 0, 0]}}], 'kwargs': {}}]}, {'module': 'keras.layers', 'class_name': 'BatchNormalization', 'config': {'name': 'block3a_expand_bn', 'trainable': False, 'dtype': {'module': 'keras', 'class_name': 'DTypePolicy', 'config': {'name': 'float32'}, 'registered_name': None}, 'axis': 3, 'momentum': 0.99, 'epsilon': 0.001, 'center': True, 'scale': True, 'beta_initializer': {'module': 'keras.initializers', 'class_name': 'Zeros', 'config': {}, 'registered_name': None}, 'gamma_initializer': {'module': 'keras.initializers', 'class_name': 'Ones', 'config': {}, 'registered_name': None}, 'moving_mean_initializer': {'module': 'keras.initializers', 'class_name': 'Zeros', 'config': {}, 'registered_name': None}, 'moving_variance_initializer': {'module': 'keras.initializers', 'class_name': 'Ones', 'config': {}, 'registered_name': None}, 'beta_regularizer': None, 'gamma_regularizer': None, 'beta_constraint': None, 'gamma_constraint': None, 'synchronized': False}, 'registered_name': None, 'build_config': {'input_shape': [None, 60, 60, 144]}, 'name': 'block3a_expand_bn', 'inbound_nodes': [{'args': [{'class_name': '__keras_tensor__', 'config': {'shape': [None, 60, 60, 144], 'dtype': 'float32', 'keras_history': ['block3a_expand_conv', 0, 0]}}], 'kwargs': {'mask': None}}]}, {'module': 'keras.layers', 'class_name': 'Activation', 'config': {'name': 'block3a_expand_activation', 'trainable': False, 'dtype': {'module': 'keras', 'class_name': 'DTypePolicy', 'config': {'name': 'float32'}, 'registered_name': None}, 'activation': 'silu'}, 'registered_name': None, 'name': 'block3a_expand_activation', 'inbound_nodes': [{'args': [{'class_name': '__keras_tensor__', 'config': {'shape': [None, 60, 60, 144], 'dtype': 'float32', 'keras_history': ['block3a_expand_bn', 0, 0]}}], 'kwargs': {}}]}, {'module': 'keras.layers', 'class_name': 'ZeroPadding2D', 'config': {'name': 'block3a_dwconv_pad', 'trainable': False, 'dtype': {'module': 'keras', 'class_name': 'DTypePolicy', 'config': {'name': 'float32'}, 'registered_name': None}, 'padding': [[1, 2], [1, 2]], 'data_format': 'channels_last'}, 'registered_name': None, 'build_config': {'input_shape': [None, 60, 60, 144]}, 'name': 'block3a_dwconv_pad', 'inbound_nodes': [{'args': [{'class_name': '__keras_tensor__', 'config': {'shape': [None, 60, 60, 144], 'dtype': 'float32', 'keras_history': ['block3a_expand_activation', 0, 0]}}], 'kwargs': {}}]}, {'module': 'keras.layers', 'class_name': 'DepthwiseConv2D', 'config': {'name': 'block3a_dwconv', 'trainable': False, 'dtype': {'module': 'keras', 'class_name': 'DTypePolicy', 'config': {'name': 'float32'}, 'registered_name': None}, 'depth_multiplier': 1, 'kernel_size': [5, 5], 'strides': [2, 2], 'padding': 'valid', 'data_format': 'channels_last', 'dilation_rate': [1, 1], 'activation': 'linear', 'use_bias': False, 'depthwise_initializer': {'module': 'keras.initializers', 'class_name': 'VarianceScaling', 'config': {'seed': None, 'scale': 2.0, 'mode': 'fan_out', 'distribution': 'truncated_normal'}, 'registered_name': None}, 'bias_initializer': {'module': 'keras.initializers', 'class_name': 'Zeros', 'config': {}, 'registered_name': None}, 'depthwise_regularizer': None, 'bias_regularizer': None, 'activity_regularizer': None, 'depthwise_constraint': None, 'bias_constraint': None}, 'registered_name': None, 'build_config': {'input_shape': [None, 63, 63, 144]}, 'name': 'block3a_dwconv', 'inbound_nodes': [{'args': [{'class_name': '__keras_tensor__', 'config': {'shape': [None, 63, 63, 144], 'dtype': 'float32', 'keras_history': ['block3a_dwconv_pad', 0, 0]}}], 'kwargs': {}}]}, {'module': 'keras.layers', 'class_name': 'BatchNormalization', 'config': {'name': 'block3a_bn', 'trainable': False, 'dtype': {'module': 'keras', 'class_name': 'DTypePolicy', 'config': {'name': 'float32'}, 'registered_name': None}, 'axis': 3, 'momentum': 0.99, 'epsilon': 0.001, 'center': True, 'scale': True, 'beta_initializer': {'module': 'keras.initializers', 'class_name': 'Zeros', 'config': {}, 'registered_name': None}, 'gamma_initializer': {'module': 'keras.initializers', 'class_name': 'Ones', 'config': {}, 'registered_name': None}, 'moving_mean_initializer': {'module': 'keras.initializers', 'class_name': 'Zeros', 'config': {}, 'registered_name': None}, 'moving_variance_initializer': {'module': 'keras.initializers', 'class_name': 'Ones', 'config': {}, 'registered_name': None}, 'beta_regularizer': None, 'gamma_regularizer': None, 'beta_constraint': None, 'gamma_constraint': None, 'synchronized': False}, 'registered_name': None, 'build_config': {'input_shape': [None, 30, 30, 144]}, 'name': 'block3a_bn', 'inbound_nodes': [{'args': [{'class_name': '__keras_tensor__', 'config': {'shape': [None, 30, 30, 144], 'dtype': 'float32', 'keras_history': ['block3a_dwconv', 0, 0]}}], 'kwargs': {'mask': None}}]}, {'module': 'keras.layers', 'class_name': 'Activation', 'config': {'name': 'block3a_activation', 'trainable': False, 'dtype': {'module': 'keras', 'class_name': 'DTypePolicy', 'config': {'name': 'float32'}, 'registered_name': None}, 'activation': 'silu'}, 'registered_name': None, 'name': 'block3a_activation', 'inbound_nodes': [{'args': [{'class_name': '__keras_tensor__', 'config': {'shape': [None, 30, 30, 144], 'dtype': 'float32', 'keras_history': ['block3a_bn', 0, 0]}}], 'kwargs': {}}]}, {'module': 'keras.layers', 'class_name': 'GlobalAveragePooling2D', 'config': {'name': 'block3a_se_squeeze', 'trainable': False, 'dtype': {'module': 'keras', 'class_name': 'DTypePolicy', 'config': {'name': 'float32'}, 'registered_name': None}, 'data_format': 'channels_last', 'keepdims': False}, 'registered_name': None, 'name': 'block3a_se_squeeze', 'inbound_nodes': [{'args': [{'class_name': '__keras_tensor__', 'config': {'shape': [None, 30, 30, 144], 'dtype': 'float32', 'keras_history': ['block3a_activation', 0, 0]}}], 'kwargs': {}}]}, {'module': 'keras.layers', 'class_name': 'Reshape', 'config': {'name': 'block3a_se_reshape', 'trainable': False, 'dtype': {'module': 'keras', 'class_name': 'DTypePolicy', 'config': {'name': 'float32'}, 'registered_name': None}, 'target_shape': [1, 1, 144]}, 'registered_name': None, 'name': 'block3a_se_reshape', 'inbound_nodes': [{'args': [{'class_name': '__keras_tensor__', 'config': {'shape': [None, 144], 'dtype': 'float32', 'keras_history': ['block3a_se_squeeze', 0, 0]}}], 'kwargs': {}}]}, {'module': 'keras.layers', 'class_name': 'Conv2D', 'config': {'name': 'block3a_se_reduce', 'trainable': False, 'dtype': {'module': 'keras', 'class_name': 'DTypePolicy', 'config': {'name': 'float32'}, 'registered_name': None}, 'filters': 6, 'kernel_size': [1, 1], 'strides': [1, 1], 'padding': 'same', 'data_format': 'channels_last', 'dilation_rate': [1, 1], 'groups': 1, 'activation': 'silu', 'use_bias': True, 'kernel_initializer': {'module': 'keras.initializers', 'class_name': 'VarianceScaling', 'config': {'seed': None, 'scale': 2.0, 'mode': 'fan_out', 'distribution': 'truncated_normal'}, 'registered_name': None}, 'bias_initializer': {'module': 'keras.initializers', 'class_name': 'Zeros', 'config': {}, 'registered_name': None}, 'kernel_regularizer': None, 'bias_regularizer': None, 'activity_regularizer': None, 'kernel_constraint': None, 'bias_constraint': None}, 'registered_name': None, 'build_config': {'input_shape': [None, 1, 1, 144]}, 'name': 'block3a_se_reduce', 'inbound_nodes': [{'args': [{'class_name': '__keras_tensor__', 'config': {'shape': [None, 1, 1, 144], 'dtype': 'float32', 'keras_history': ['block3a_se_reshape', 0, 0]}}], 'kwargs': {}}]}, {'module': 'keras.layers', 'class_name': 'Conv2D', 'config': {'name': 'block3a_se_expand', 'trainable': False, 'dtype': {'module': 'keras', 'class_name': 'DTypePolicy', 'config': {'name': 'float32'}, 'registered_name': None}, 'filters': 144, 'kernel_size': [1, 1], 'strides': [1, 1], 'padding': 'same', 'data_format': 'channels_last', 'dilation_rate': [1, 1], 'groups': 1, 'activation': 'sigmoid', 'use_bias': True, 'kernel_initializer': {'module': 'keras.initializers', 'class_name': 'VarianceScaling', 'config': {'seed': None, 'scale': 2.0, 'mode': 'fan_out', 'distribution': 'truncated_normal'}, 'registered_name': None}, 'bias_initializer': {'module': 'keras.initializers', 'class_name': 'Zeros', 'config': {}, 'registered_name': None}, 'kernel_regularizer': None, 'bias_regularizer': None, 'activity_regularizer': None, 'kernel_constraint': None, 'bias_constraint': None}, 'registered_name': None, 'build_config': {'input_shape': [None, 1, 1, 6]}, 'name': 'block3a_se_expand', 'inbound_nodes': [{'args': [{'class_name': '__keras_tensor__', 'config': {'shape': [None, 1, 1, 6], 'dtype': 'float32', 'keras_history': ['block3a_se_reduce', 0, 0]}}], 'kwargs': {}}]}, {'module': 'keras.layers', 'class_name': 'Multiply', 'config': {'name': 'block3a_se_excite', 'trainable': False, 'dtype': {'module': 'keras', 'class_name': 'DTypePolicy', 'config': {'name': 'float32'}, 'registered_name': None}}, 'registered_name': None, 'build_config': {'input_shape': [[None, 30, 30, 144], [None, 1, 1, 144]]}, 'name': 'block3a_se_excite', 'inbound_nodes': [{'args': [[{'class_name': '__keras_tensor__', 'config': {'shape': [None, 30, 30, 144], 'dtype': 'float32', 'keras_history': ['block3a_activation', 0, 0]}}, {'class_name': '__keras_tensor__', 'config': {'shape': [None, 1, 1, 144], 'dtype': 'float32', 'keras_history': ['block3a_se_expand', 0, 0]}}]], 'kwargs': {}}]}, {'module': 'keras.layers', 'class_name': 'Conv2D', 'config': {'name': 'block3a_project_conv', 'trainable': False, 'dtype': {'module': 'keras', 'class_name': 'DTypePolicy', 'config': {'name': 'float32'}, 'registered_name': None}, 'filters': 40, 'kernel_size': [1, 1], 'strides': [1, 1], 'padding': 'same', 'data_format': 'channels_last', 'dilation_rate': [1, 1], 'groups': 1, 'activation': 'linear', 'use_bias': False, 'kernel_initializer': {'module': 'keras.initializers', 'class_name': 'VarianceScaling', 'config': {'seed': None, 'scale': 2.0, 'mode': 'fan_out', 'distribution': 'truncated_normal'}, 'registered_name': None}, 'bias_initializer': {'module': 'keras.initializers', 'class_name': 'Zeros', 'config': {}, 'registered_name': None}, 'kernel_regularizer': None, 'bias_regularizer': None, 'activity_regularizer': None, 'kernel_constraint': None, 'bias_constraint': None}, 'registered_name': None, 'build_config': {'input_shape': [None, 30, 30, 144]}, 'name': 'block3a_project_conv', 'inbound_nodes': [{'args': [{'class_name': '__keras_tensor__', 'config': {'shape': [None, 30, 30, 144], 'dtype': 'float32', 'keras_history': ['block3a_se_excite', 0, 0]}}], 'kwargs': {}}]}, {'module': 'keras.layers', 'class_name': 'BatchNormalization', 'config': {'name': 'block3a_project_bn', 'trainable': False, 'dtype': {'module': 'keras', 'class_name': 'DTypePolicy', 'config': {'name': 'float32'}, 'registered_name': None}, 'axis': 3, 'momentum': 0.99, 'epsilon': 0.001, 'center': True, 'scale': True, 'beta_initializer': {'module': 'keras.initializers', 'class_name': 'Zeros', 'config': {}, 'registered_name': None}, 'gamma_initializer': {'module': 'keras.initializers', 'class_name': 'Ones', 'config': {}, 'registered_name': None}, 'moving_mean_initializer': {'module': 'keras.initializers', 'class_name': 'Zeros', 'config': {}, 'registered_name': None}, 'moving_variance_initializer': {'module': 'keras.initializers', 'class_name': 'Ones', 'config': {}, 'registered_name': None}, 'beta_regularizer': None, 'gamma_regularizer': None, 'beta_constraint': None, 'gamma_constraint': None, 'synchronized': False}, 'registered_name': None, 'build_config': {'input_shape': [None, 30, 30, 40]}, 'name': 'block3a_project_bn', 'inbound_nodes': [{'args': [{'class_name': '__keras_tensor__', 'config': {'shape': [None, 30, 30, 40], 'dtype': 'float32', 'keras_history': ['block3a_project_conv', 0, 0]}}], 'kwargs': {'mask': None}}]}, {'module': 'keras.layers', 'class_name': 'Conv2D', 'config': {'name': 'block3b_expand_conv', 'trainable': False, 'dtype': {'module': 'keras', 'class_name': 'DTypePolicy', 'config': {'name': 'float32'}, 'registered_name': None}, 'filters': 240, 'kernel_size': [1, 1], 'strides': [1, 1], 'padding': 'same', 'data_format': 'channels_last', 'dilation_rate': [1, 1], 'groups': 1, 'activation': 'linear', 'use_bias': False, 'kernel_initializer': {'module': 'keras.initializers', 'class_name': 'VarianceScaling', 'config': {'seed': None, 'scale': 2.0, 'mode': 'fan_out', 'distribution': 'truncated_normal'}, 'registered_name': None}, 'bias_initializer': {'module': 'keras.initializers', 'class_name': 'Zeros', 'config': {}, 'registered_name': None}, 'kernel_regularizer': None, 'bias_regularizer': None, 'activity_regularizer': None, 'kernel_constraint': None, 'bias_constraint': None}, 'registered_name': None, 'build_config': {'input_shape': [None, 30, 30, 40]}, 'name': 'block3b_expand_conv', 'inbound_nodes': [{'args': [{'class_name': '__keras_tensor__', 'config': {'shape': [None, 30, 30, 40], 'dtype': 'float32', 'keras_history': ['block3a_project_bn', 0, 0]}}], 'kwargs': {}}]}, {'module': 'keras.layers', 'class_name': 'BatchNormalization', 'config': {'name': 'block3b_expand_bn', 'trainable': False, 'dtype': {'module': 'keras', 'class_name': 'DTypePolicy', 'config': {'name': 'float32'}, 'registered_name': None}, 'axis': 3, 'momentum': 0.99, 'epsilon': 0.001, 'center': True, 'scale': True, 'beta_initializer': {'module': 'keras.initializers', 'class_name': 'Zeros', 'config': {}, 'registered_name': None}, 'gamma_initializer': {'module': 'keras.initializers', 'class_name': 'Ones', 'config': {}, 'registered_name': None}, 'moving_mean_initializer': {'module': 'keras.initializers', 'class_name': 'Zeros', 'config': {}, 'registered_name': None}, 'moving_variance_initializer': {'module': 'keras.initializers', 'class_name': 'Ones', 'config': {}, 'registered_name': None}, 'beta_regularizer': None, 'gamma_regularizer': None, 'beta_constraint': None, 'gamma_constraint': None, 'synchronized': False}, 'registered_name': None, 'build_config': {'input_shape': [None, 30, 30, 240]}, 'name': 'block3b_expand_bn', 'inbound_nodes': [{'args': [{'class_name': '__keras_tensor__', 'config': {'shape': [None, 30, 30, 240], 'dtype': 'float32', 'keras_history': ['block3b_expand_conv', 0, 0]}}], 'kwargs': {'mask': None}}]}, {'module': 'keras.layers', 'class_name': 'Activation', 'config': {'name': 'block3b_expand_activation', 'trainable': False, 'dtype': {'module': 'keras', 'class_name': 'DTypePolicy', 'config': {'name': 'float32'}, 'registered_name': None}, 'activation': 'silu'}, 'registered_name': None, 'name': 'block3b_expand_activation', 'inbound_nodes': [{'args': [{'class_name': '__keras_tensor__', 'config': {'shape': [None, 30, 30, 240], 'dtype': 'float32', 'keras_history': ['block3b_expand_bn', 0, 0]}}], 'kwargs': {}}]}, {'module': 'keras.layers', 'class_name': 'DepthwiseConv2D', 'config': {'name': 'block3b_dwconv', 'trainable': False, 'dtype': {'module': 'keras', 'class_name': 'DTypePolicy', 'config': {'name': 'float32'}, 'registered_name': None}, 'depth_multiplier': 1, 'kernel_size': [5, 5], 'strides': [1, 1], 'padding': 'same', 'data_format': 'channels_last', 'dilation_rate': [1, 1], 'activation': 'linear', 'use_bias': False, 'depthwise_initializer': {'module': 'keras.initializers', 'class_name': 'VarianceScaling', 'config': {'seed': None, 'scale': 2.0, 'mode': 'fan_out', 'distribution': 'truncated_normal'}, 'registered_name': None}, 'bias_initializer': {'module': 'keras.initializers', 'class_name': 'Zeros', 'config': {}, 'registered_name': None}, 'depthwise_regularizer': None, 'bias_regularizer': None, 'activity_regularizer': None, 'depthwise_constraint': None, 'bias_constraint': None}, 'registered_name': None, 'build_config': {'input_shape': [None, 30, 30, 240]}, 'name': 'block3b_dwconv', 'inbound_nodes': [{'args': [{'class_name': '__keras_tensor__', 'config': {'shape': [None, 30, 30, 240], 'dtype': 'float32', 'keras_history': ['block3b_expand_activation', 0, 0]}}], 'kwargs': {}}]}, {'module': 'keras.layers', 'class_name': 'BatchNormalization', 'config': {'name': 'block3b_bn', 'trainable': False, 'dtype': {'module': 'keras', 'class_name': 'DTypePolicy', 'config': {'name': 'float32'}, 'registered_name': None}, 'axis': 3, 'momentum': 0.99, 'epsilon': 0.001, 'center': True, 'scale': True, 'beta_initializer': {'module': 'keras.initializers', 'class_name': 'Zeros', 'config': {}, 'registered_name': None}, 'gamma_initializer': {'module': 'keras.initializers', 'class_name': 'Ones', 'config': {}, 'registered_name': None}, 'moving_mean_initializer': {'module': 'keras.initializers', 'class_name': 'Zeros', 'config': {}, 'registered_name': None}, 'moving_variance_initializer': {'module': 'keras.initializers', 'class_name': 'Ones', 'config': {}, 'registered_name': None}, 'beta_regularizer': None, 'gamma_regularizer': None, 'beta_constraint': None, 'gamma_constraint': None, 'synchronized': False}, 'registered_name': None, 'build_config': {'input_shape': [None, 30, 30, 240]}, 'name': 'block3b_bn', 'inbound_nodes': [{'args': [{'class_name': '__keras_tensor__', 'config': {'shape': [None, 30, 30, 240], 'dtype': 'float32', 'keras_history': ['block3b_dwconv', 0, 0]}}], 'kwargs': {'mask': None}}]}, {'module': 'keras.layers', 'class_name': 'Activation', 'config': {'name': 'block3b_activation', 'trainable': False, 'dtype': {'module': 'keras', 'class_name': 'DTypePolicy', 'config': {'name': 'float32'}, 'registered_name': None}, 'activation': 'silu'}, 'registered_name': None, 'name': 'block3b_activation', 'inbound_nodes': [{'args': [{'class_name': '__keras_tensor__', 'config': {'shape': [None, 30, 30, 240], 'dtype': 'float32', 'keras_history': ['block3b_bn', 0, 0]}}], 'kwargs': {}}]}, {'module': 'keras.layers', 'class_name': 'GlobalAveragePooling2D', 'config': {'name': 'block3b_se_squeeze', 'trainable': False, 'dtype': {'module': 'keras', 'class_name': 'DTypePolicy', 'config': {'name': 'float32'}, 'registered_name': None}, 'data_format': 'channels_last', 'keepdims': False}, 'registered_name': None, 'name': 'block3b_se_squeeze', 'inbound_nodes': [{'args': [{'class_name': '__keras_tensor__', 'config': {'shape': [None, 30, 30, 240], 'dtype': 'float32', 'keras_history': ['block3b_activation', 0, 0]}}], 'kwargs': {}}]}, {'module': 'keras.layers', 'class_name': 'Reshape', 'config': {'name': 'block3b_se_reshape', 'trainable': False, 'dtype': {'module': 'keras', 'class_name': 'DTypePolicy', 'config': {'name': 'float32'}, 'registered_name': None}, 'target_shape': [1, 1, 240]}, 'registered_name': None, 'name': 'block3b_se_reshape', 'inbound_nodes': [{'args': [{'class_name': '__keras_tensor__', 'config': {'shape': [None, 240], 'dtype': 'float32', 'keras_history': ['block3b_se_squeeze', 0, 0]}}], 'kwargs': {}}]}, {'module': 'keras.layers', 'class_name': 'Conv2D', 'config': {'name': 'block3b_se_reduce', 'trainable': False, 'dtype': {'module': 'keras', 'class_name': 'DTypePolicy', 'config': {'name': 'float32'}, 'registered_name': None}, 'filters': 10, 'kernel_size': [1, 1], 'strides': [1, 1], 'padding': 'same', 'data_format': 'channels_last', 'dilation_rate': [1, 1], 'groups': 1, 'activation': 'silu', 'use_bias': True, 'kernel_initializer': {'module': 'keras.initializers', 'class_name': 'VarianceScaling', 'config': {'seed': None, 'scale': 2.0, 'mode': 'fan_out', 'distribution': 'truncated_normal'}, 'registered_name': None}, 'bias_initializer': {'module': 'keras.initializers', 'class_name': 'Zeros', 'config': {}, 'registered_name': None}, 'kernel_regularizer': None, 'bias_regularizer': None, 'activity_regularizer': None, 'kernel_constraint': None, 'bias_constraint': None}, 'registered_name': None, 'build_config': {'input_shape': [None, 1, 1, 240]}, 'name': 'block3b_se_reduce', 'inbound_nodes': [{'args': [{'class_name': '__keras_tensor__', 'config': {'shape': [None, 1, 1, 240], 'dtype': 'float32', 'keras_history': ['block3b_se_reshape', 0, 0]}}], 'kwargs': {}}]}, {'module': 'keras.layers', 'class_name': 'Conv2D', 'config': {'name': 'block3b_se_expand', 'trainable': False, 'dtype': {'module': 'keras', 'class_name': 'DTypePolicy', 'config': {'name': 'float32'}, 'registered_name': None}, 'filters': 240, 'kernel_size': [1, 1], 'strides': [1, 1], 'padding': 'same', 'data_format': 'channels_last', 'dilation_rate': [1, 1], 'groups': 1, 'activation': 'sigmoid', 'use_bias': True, 'kernel_initializer': {'module': 'keras.initializers', 'class_name': 'VarianceScaling', 'config': {'seed': None, 'scale': 2.0, 'mode': 'fan_out', 'distribution': 'truncated_normal'}, 'registered_name': None}, 'bias_initializer': {'module': 'keras.initializers', 'class_name': 'Zeros', 'config': {}, 'registered_name': None}, 'kernel_regularizer': None, 'bias_regularizer': None, 'activity_regularizer': None, 'kernel_constraint': None, 'bias_constraint': None}, 'registered_name': None, 'build_config': {'input_shape': [None, 1, 1, 10]}, 'name': 'block3b_se_expand', 'inbound_nodes': [{'args': [{'class_name': '__keras_tensor__', 'config': {'shape': [None, 1, 1, 10], 'dtype': 'float32', 'keras_history': ['block3b_se_reduce', 0, 0]}}], 'kwargs': {}}]}, {'module': 'keras.layers', 'class_name': 'Multiply', 'config': {'name': 'block3b_se_excite', 'trainable': False, 'dtype': {'module': 'keras', 'class_name': 'DTypePolicy', 'config': {'name': 'float32'}, 'registered_name': None}}, 'registered_name': None, 'build_config': {'input_shape': [[None, 30, 30, 240], [None, 1, 1, 240]]}, 'name': 'block3b_se_excite', 'inbound_nodes': [{'args': [[{'class_name': '__keras_tensor__', 'config': {'shape': [None, 30, 30, 240], 'dtype': 'float32', 'keras_history': ['block3b_activation', 0, 0]}}, {'class_name': '__keras_tensor__', 'config': {'shape': [None, 1, 1, 240], 'dtype': 'float32', 'keras_history': ['block3b_se_expand', 0, 0]}}]], 'kwargs': {}}]}, {'module': 'keras.layers', 'class_name': 'Conv2D', 'config': {'name': 'block3b_project_conv', 'trainable': False, 'dtype': {'module': 'keras', 'class_name': 'DTypePolicy', 'config': {'name': 'float32'}, 'registered_name': None}, 'filters': 40, 'kernel_size': [1, 1], 'strides': [1, 1], 'padding': 'same', 'data_format': 'channels_last', 'dilation_rate': [1, 1], 'groups': 1, 'activation': 'linear', 'use_bias': False, 'kernel_initializer': {'module': 'keras.initializers', 'class_name': 'VarianceScaling', 'config': {'seed': None, 'scale': 2.0, 'mode': 'fan_out', 'distribution': 'truncated_normal'}, 'registered_name': None}, 'bias_initializer': {'module': 'keras.initializers', 'class_name': 'Zeros', 'config': {}, 'registered_name': None}, 'kernel_regularizer': None, 'bias_regularizer': None, 'activity_regularizer': None, 'kernel_constraint': None, 'bias_constraint': None}, 'registered_name': None, 'build_config': {'input_shape': [None, 30, 30, 240]}, 'name': 'block3b_project_conv', 'inbound_nodes': [{'args': [{'class_name': '__keras_tensor__', 'config': {'shape': [None, 30, 30, 240], 'dtype': 'float32', 'keras_history': ['block3b_se_excite', 0, 0]}}], 'kwargs': {}}]}, {'module': 'keras.layers', 'class_name': 'BatchNormalization', 'config': {'name': 'block3b_project_bn', 'trainable': False, 'dtype': {'module': 'keras', 'class_name': 'DTypePolicy', 'config': {'name': 'float32'}, 'registered_name': None}, 'axis': 3, 'momentum': 0.99, 'epsilon': 0.001, 'center': True, 'scale': True, 'beta_initializer': {'module': 'keras.initializers', 'class_name': 'Zeros', 'config': {}, 'registered_name': None}, 'gamma_initializer': {'module': 'keras.initializers', 'class_name': 'Ones', 'config': {}, 'registered_name': None}, 'moving_mean_initializer': {'module': 'keras.initializers', 'class_name': 'Zeros', 'config': {}, 'registered_name': None}, 'moving_variance_initializer': {'module': 'keras.initializers', 'class_name': 'Ones', 'config': {}, 'registered_name': None}, 'beta_regularizer': None, 'gamma_regularizer': None, 'beta_constraint': None, 'gamma_constraint': None, 'synchronized': False}, 'registered_name': None, 'build_config': {'input_shape': [None, 30, 30, 40]}, 'name': 'block3b_project_bn', 'inbound_nodes': [{'args': [{'class_name': '__keras_tensor__', 'config': {'shape': [None, 30, 30, 40], 'dtype': 'float32', 'keras_history': ['block3b_project_conv', 0, 0]}}], 'kwargs': {'mask': None}}]}, {'module': 'keras.layers', 'class_name': 'Dropout', 'config': {'name': 'block3b_drop', 'trainable': False, 'dtype': {'module': 'keras', 'class_name': 'DTypePolicy', 'config': {'name': 'float32'}, 'registered_name': None}, 'rate': 0.05217391304347827, 'seed': None, 'noise_shape': [None, 1, 1, 1]}, 'registered_name': None, 'name': 'block3b_drop', 'inbound_nodes': [{'args': [{'class_name': '__keras_tensor__', 'config': {'shape': [None, 30, 30, 40], 'dtype': 'float32', 'keras_history': ['block3b_project_bn', 0, 0]}}], 'kwargs': {'training': False}}]}, {'module': 'keras.layers', 'class_name': 'Add', 'config': {'name': 'block3b_add', 'trainable': False, 'dtype': {'module': 'keras', 'class_name': 'DTypePolicy', 'config': {'name': 'float32'}, 'registered_name': None}}, 'registered_name': None, 'build_config': {'input_shape': [[None, 30, 30, 40], [None, 30, 30, 40]]}, 'name': 'block3b_add', 'inbound_nodes': [{'args': [[{'class_name': '__keras_tensor__', 'config': {'shape': [None, 30, 30, 40], 'dtype': 'float32', 'keras_history': ['block3b_drop', 0, 0]}}, {'class_name': '__keras_tensor__', 'config': {'shape': [None, 30, 30, 40], 'dtype': 'float32', 'keras_history': ['block3a_project_bn', 0, 0]}}]], 'kwargs': {}}]}, {'module': 'keras.layers', 'class_name': 'Conv2D', 'config': {'name': 'block3c_expand_conv', 'trainable': False, 'dtype': {'module': 'keras', 'class_name': 'DTypePolicy', 'config': {'name': 'float32'}, 'registered_name': None}, 'filters': 240, 'kernel_size': [1, 1], 'strides': [1, 1], 'padding': 'same', 'data_format': 'channels_last', 'dilation_rate': [1, 1], 'groups': 1, 'activation': 'linear', 'use_bias': False, 'kernel_initializer': {'module': 'keras.initializers', 'class_name': 'VarianceScaling', 'config': {'seed': None, 'scale': 2.0, 'mode': 'fan_out', 'distribution': 'truncated_normal'}, 'registered_name': None}, 'bias_initializer': {'module': 'keras.initializers', 'class_name': 'Zeros', 'config': {}, 'registered_name': None}, 'kernel_regularizer': None, 'bias_regularizer': None, 'activity_regularizer': None, 'kernel_constraint': None, 'bias_constraint': None}, 'registered_name': None, 'build_config': {'input_shape': [None, 30, 30, 40]}, 'name': 'block3c_expand_conv', 'inbound_nodes': [{'args': [{'class_name': '__keras_tensor__', 'config': {'shape': [None, 30, 30, 40], 'dtype': 'float32', 'keras_history': ['block3b_add', 0, 0]}}], 'kwargs': {}}]}, {'module': 'keras.layers', 'class_name': 'BatchNormalization', 'config': {'name': 'block3c_expand_bn', 'trainable': False, 'dtype': {'module': 'keras', 'class_name': 'DTypePolicy', 'config': {'name': 'float32'}, 'registered_name': None}, 'axis': 3, 'momentum': 0.99, 'epsilon': 0.001, 'center': True, 'scale': True, 'beta_initializer': {'module': 'keras.initializers', 'class_name': 'Zeros', 'config': {}, 'registered_name': None}, 'gamma_initializer': {'module': 'keras.initializers', 'class_name': 'Ones', 'config': {}, 'registered_name': None}, 'moving_mean_initializer': {'module': 'keras.initializers', 'class_name': 'Zeros', 'config': {}, 'registered_name': None}, 'moving_variance_initializer': {'module': 'keras.initializers', 'class_name': 'Ones', 'config': {}, 'registered_name': None}, 'beta_regularizer': None, 'gamma_regularizer': None, 'beta_constraint': None, 'gamma_constraint': None, 'synchronized': False}, 'registered_name': None, 'build_config': {'input_shape': [None, 30, 30, 240]}, 'name': 'block3c_expand_bn', 'inbound_nodes': [{'args': [{'class_name': '__keras_tensor__', 'config': {'shape': [None, 30, 30, 240], 'dtype': 'float32', 'keras_history': ['block3c_expand_conv', 0, 0]}}], 'kwargs': {'mask': None}}]}, {'module': 'keras.layers', 'class_name': 'Activation', 'config': {'name': 'block3c_expand_activation', 'trainable': False, 'dtype': {'module': 'keras', 'class_name': 'DTypePolicy', 'config': {'name': 'float32'}, 'registered_name': None}, 'activation': 'silu'}, 'registered_name': None, 'name': 'block3c_expand_activation', 'inbound_nodes': [{'args': [{'class_name': '__keras_tensor__', 'config': {'shape': [None, 30, 30, 240], 'dtype': 'float32', 'keras_history': ['block3c_expand_bn', 0, 0]}}], 'kwargs': {}}]}, {'module': 'keras.layers', 'class_name': 'DepthwiseConv2D', 'config': {'name': 'block3c_dwconv', 'trainable': False, 'dtype': {'module': 'keras', 'class_name': 'DTypePolicy', 'config': {'name': 'float32'}, 'registered_name': None}, 'depth_multiplier': 1, 'kernel_size': [5, 5], 'strides': [1, 1], 'padding': 'same', 'data_format': 'channels_last', 'dilation_rate': [1, 1], 'activation': 'linear', 'use_bias': False, 'depthwise_initializer': {'module': 'keras.initializers', 'class_name': 'VarianceScaling', 'config': {'seed': None, 'scale': 2.0, 'mode': 'fan_out', 'distribution': 'truncated_normal'}, 'registered_name': None}, 'bias_initializer': {'module': 'keras.initializers', 'class_name': 'Zeros', 'config': {}, 'registered_name': None}, 'depthwise_regularizer': None, 'bias_regularizer': None, 'activity_regularizer': None, 'depthwise_constraint': None, 'bias_constraint': None}, 'registered_name': None, 'build_config': {'input_shape': [None, 30, 30, 240]}, 'name': 'block3c_dwconv', 'inbound_nodes': [{'args': [{'class_name': '__keras_tensor__', 'config': {'shape': [None, 30, 30, 240], 'dtype': 'float32', 'keras_history': ['block3c_expand_activation', 0, 0]}}], 'kwargs': {}}]}, {'module': 'keras.layers', 'class_name': 'BatchNormalization', 'config': {'name': 'block3c_bn', 'trainable': False, 'dtype': {'module': 'keras', 'class_name': 'DTypePolicy', 'config': {'name': 'float32'}, 'registered_name': None}, 'axis': 3, 'momentum': 0.99, 'epsilon': 0.001, 'center': True, 'scale': True, 'beta_initializer': {'module': 'keras.initializers', 'class_name': 'Zeros', 'config': {}, 'registered_name': None}, 'gamma_initializer': {'module': 'keras.initializers', 'class_name': 'Ones', 'config': {}, 'registered_name': None}, 'moving_mean_initializer': {'module': 'keras.initializers', 'class_name': 'Zeros', 'config': {}, 'registered_name': None}, 'moving_variance_initializer': {'module': 'keras.initializers', 'class_name': 'Ones', 'config': {}, 'registered_name': None}, 'beta_regularizer': None, 'gamma_regularizer': None, 'beta_constraint': None, 'gamma_constraint': None, 'synchronized': False}, 'registered_name': None, 'build_config': {'input_shape': [None, 30, 30, 240]}, 'name': 'block3c_bn', 'inbound_nodes': [{'args': [{'class_name': '__keras_tensor__', 'config': {'shape': [None, 30, 30, 240], 'dtype': 'float32', 'keras_history': ['block3c_dwconv', 0, 0]}}], 'kwargs': {'mask': None}}]}, {'module': 'keras.layers', 'class_name': 'Activation', 'config': {'name': 'block3c_activation', 'trainable': False, 'dtype': {'module': 'keras', 'class_name': 'DTypePolicy', 'config': {'name': 'float32'}, 'registered_name': None}, 'activation': 'silu'}, 'registered_name': None, 'name': 'block3c_activation', 'inbound_nodes': [{'args': [{'class_name': '__keras_tensor__', 'config': {'shape': [None, 30, 30, 240], 'dtype': 'float32', 'keras_history': ['block3c_bn', 0, 0]}}], 'kwargs': {}}]}, {'module': 'keras.layers', 'class_name': 'GlobalAveragePooling2D', 'config': {'name': 'block3c_se_squeeze', 'trainable': False, 'dtype': {'module': 'keras', 'class_name': 'DTypePolicy', 'config': {'name': 'float32'}, 'registered_name': None}, 'data_format': 'channels_last', 'keepdims': False}, 'registered_name': None, 'name': 'block3c_se_squeeze', 'inbound_nodes': [{'args': [{'class_name': '__keras_tensor__', 'config': {'shape': [None, 30, 30, 240], 'dtype': 'float32', 'keras_history': ['block3c_activation', 0, 0]}}], 'kwargs': {}}]}, {'module': 'keras.layers', 'class_name': 'Reshape', 'config': {'name': 'block3c_se_reshape', 'trainable': False, 'dtype': {'module': 'keras', 'class_name': 'DTypePolicy', 'config': {'name': 'float32'}, 'registered_name': None}, 'target_shape': [1, 1, 240]}, 'registered_name': None, 'name': 'block3c_se_reshape', 'inbound_nodes': [{'args': [{'class_name': '__keras_tensor__', 'config': {'shape': [None, 240], 'dtype': 'float32', 'keras_history': ['block3c_se_squeeze', 0, 0]}}], 'kwargs': {}}]}, {'module': 'keras.layers', 'class_name': 'Conv2D', 'config': {'name': 'block3c_se_reduce', 'trainable': False, 'dtype': {'module': 'keras', 'class_name': 'DTypePolicy', 'config': {'name': 'float32'}, 'registered_name': None}, 'filters': 10, 'kernel_size': [1, 1], 'strides': [1, 1], 'padding': 'same', 'data_format': 'channels_last', 'dilation_rate': [1, 1], 'groups': 1, 'activation': 'silu', 'use_bias': True, 'kernel_initializer': {'module': 'keras.initializers', 'class_name': 'VarianceScaling', 'config': {'seed': None, 'scale': 2.0, 'mode': 'fan_out', 'distribution': 'truncated_normal'}, 'registered_name': None}, 'bias_initializer': {'module': 'keras.initializers', 'class_name': 'Zeros', 'config': {}, 'registered_name': None}, 'kernel_regularizer': None, 'bias_regularizer': None, 'activity_regularizer': None, 'kernel_constraint': None, 'bias_constraint': None}, 'registered_name': None, 'build_config': {'input_shape': [None, 1, 1, 240]}, 'name': 'block3c_se_reduce', 'inbound_nodes': [{'args': [{'class_name': '__keras_tensor__', 'config': {'shape': [None, 1, 1, 240], 'dtype': 'float32', 'keras_history': ['block3c_se_reshape', 0, 0]}}], 'kwargs': {}}]}, {'module': 'keras.layers', 'class_name': 'Conv2D', 'config': {'name': 'block3c_se_expand', 'trainable': False, 'dtype': {'module': 'keras', 'class_name': 'DTypePolicy', 'config': {'name': 'float32'}, 'registered_name': None}, 'filters': 240, 'kernel_size': [1, 1], 'strides': [1, 1], 'padding': 'same', 'data_format': 'channels_last', 'dilation_rate': [1, 1], 'groups': 1, 'activation': 'sigmoid', 'use_bias': True, 'kernel_initializer': {'module': 'keras.initializers', 'class_name': 'VarianceScaling', 'config': {'seed': None, 'scale': 2.0, 'mode': 'fan_out', 'distribution': 'truncated_normal'}, 'registered_name': None}, 'bias_initializer': {'module': 'keras.initializers', 'class_name': 'Zeros', 'config': {}, 'registered_name': None}, 'kernel_regularizer': None, 'bias_regularizer': None, 'activity_regularizer': None, 'kernel_constraint': None, 'bias_constraint': None}, 'registered_name': None, 'build_config': {'input_shape': [None, 1, 1, 10]}, 'name': 'block3c_se_expand', 'inbound_nodes': [{'args': [{'class_name': '__keras_tensor__', 'config': {'shape': [None, 1, 1, 10], 'dtype': 'float32', 'keras_history': ['block3c_se_reduce', 0, 0]}}], 'kwargs': {}}]}, {'module': 'keras.layers', 'class_name': 'Multiply', 'config': {'name': 'block3c_se_excite', 'trainable': False, 'dtype': {'module': 'keras', 'class_name': 'DTypePolicy', 'config': {'name': 'float32'}, 'registered_name': None}}, 'registered_name': None, 'build_config': {'input_shape': [[None, 30, 30, 240], [None, 1, 1, 240]]}, 'name': 'block3c_se_excite', 'inbound_nodes': [{'args': [[{'class_name': '__keras_tensor__', 'config': {'shape': [None, 30, 30, 240], 'dtype': 'float32', 'keras_history': ['block3c_activation', 0, 0]}}, {'class_name': '__keras_tensor__', 'config': {'shape': [None, 1, 1, 240], 'dtype': 'float32', 'keras_history': ['block3c_se_expand', 0, 0]}}]], 'kwargs': {}}]}, {'module': 'keras.layers', 'class_name': 'Conv2D', 'config': {'name': 'block3c_project_conv', 'trainable': False, 'dtype': {'module': 'keras', 'class_name': 'DTypePolicy', 'config': {'name': 'float32'}, 'registered_name': None}, 'filters': 40, 'kernel_size': [1, 1], 'strides': [1, 1], 'padding': 'same', 'data_format': 'channels_last', 'dilation_rate': [1, 1], 'groups': 1, 'activation': 'linear', 'use_bias': False, 'kernel_initializer': {'module': 'keras.initializers', 'class_name': 'VarianceScaling', 'config': {'seed': None, 'scale': 2.0, 'mode': 'fan_out', 'distribution': 'truncated_normal'}, 'registered_name': None}, 'bias_initializer': {'module': 'keras.initializers', 'class_name': 'Zeros', 'config': {}, 'registered_name': None}, 'kernel_regularizer': None, 'bias_regularizer': None, 'activity_regularizer': None, 'kernel_constraint': None, 'bias_constraint': None}, 'registered_name': None, 'build_config': {'input_shape': [None, 30, 30, 240]}, 'name': 'block3c_project_conv', 'inbound_nodes': [{'args': [{'class_name': '__keras_tensor__', 'config': {'shape': [None, 30, 30, 240], 'dtype': 'float32', 'keras_history': ['block3c_se_excite', 0, 0]}}], 'kwargs': {}}]}, {'module': 'keras.layers', 'class_name': 'BatchNormalization', 'config': {'name': 'block3c_project_bn', 'trainable': False, 'dtype': {'module': 'keras', 'class_name': 'DTypePolicy', 'config': {'name': 'float32'}, 'registered_name': None}, 'axis': 3, 'momentum': 0.99, 'epsilon': 0.001, 'center': True, 'scale': True, 'beta_initializer': {'module': 'keras.initializers', 'class_name': 'Zeros', 'config': {}, 'registered_name': None}, 'gamma_initializer': {'module': 'keras.initializers', 'class_name': 'Ones', 'config': {}, 'registered_name': None}, 'moving_mean_initializer': {'module': 'keras.initializers', 'class_name': 'Zeros', 'config': {}, 'registered_name': None}, 'moving_variance_initializer': {'module': 'keras.initializers', 'class_name': 'Ones', 'config': {}, 'registered_name': None}, 'beta_regularizer': None, 'gamma_regularizer': None, 'beta_constraint': None, 'gamma_constraint': None, 'synchronized': False}, 'registered_name': None, 'build_config': {'input_shape': [None, 30, 30, 40]}, 'name': 'block3c_project_bn', 'inbound_nodes': [{'args': [{'class_name': '__keras_tensor__', 'config': {'shape': [None, 30, 30, 40], 'dtype': 'float32', 'keras_history': ['block3c_project_conv', 0, 0]}}], 'kwargs': {'mask': None}}]}, {'module': 'keras.layers', 'class_name': 'Dropout', 'config': {'name': 'block3c_drop', 'trainable': False, 'dtype': {'module': 'keras', 'class_name': 'DTypePolicy', 'config': {'name': 'float32'}, 'registered_name': None}, 'rate': 0.06086956521739131, 'seed': None, 'noise_shape': [None, 1, 1, 1]}, 'registered_name': None, 'name': 'block3c_drop', 'inbound_nodes': [{'args': [{'class_name': '__keras_tensor__', 'config': {'shape': [None, 30, 30, 40], 'dtype': 'float32', 'keras_history': ['block3c_project_bn', 0, 0]}}], 'kwargs': {'training': False}}]}, {'module': 'keras.layers', 'class_name': 'Add', 'config': {'name': 'block3c_add', 'trainable': False, 'dtype': {'module': 'keras', 'class_name': 'DTypePolicy', 'config': {'name': 'float32'}, 'registered_name': None}}, 'registered_name': None, 'build_config': {'input_shape': [[None, 30, 30, 40], [None, 30, 30, 40]]}, 'name': 'block3c_add', 'inbound_nodes': [{'args': [[{'class_name': '__keras_tensor__', 'config': {'shape': [None, 30, 30, 40], 'dtype': 'float32', 'keras_history': ['block3c_drop', 0, 0]}}, {'class_name': '__keras_tensor__', 'config': {'shape': [None, 30, 30, 40], 'dtype': 'float32', 'keras_history': ['block3b_add', 0, 0]}}]], 'kwargs': {}}]}, {'module': 'keras.layers', 'class_name': 'Conv2D', 'config': {'name': 'block4a_expand_conv', 'trainable': False, 'dtype': {'module': 'keras', 'class_name': 'DTypePolicy', 'config': {'name': 'float32'}, 'registered_name': None}, 'filters': 240, 'kernel_size': [1, 1], 'strides': [1, 1], 'padding': 'same', 'data_format': 'channels_last', 'dilation_rate': [1, 1], 'groups': 1, 'activation': 'linear', 'use_bias': False, 'kernel_initializer': {'module': 'keras.initializers', 'class_name': 'VarianceScaling', 'config': {'seed': None, 'scale': 2.0, 'mode': 'fan_out', 'distribution': 'truncated_normal'}, 'registered_name': None}, 'bias_initializer': {'module': 'keras.initializers', 'class_name': 'Zeros', 'config': {}, 'registered_name': None}, 'kernel_regularizer': None, 'bias_regularizer': None, 'activity_regularizer': None, 'kernel_constraint': None, 'bias_constraint': None}, 'registered_name': None, 'build_config': {'input_shape': [None, 30, 30, 40]}, 'name': 'block4a_expand_conv', 'inbound_nodes': [{'args': [{'class_name': '__keras_tensor__', 'config': {'shape': [None, 30, 30, 40], 'dtype': 'float32', 'keras_history': ['block3c_add', 0, 0]}}], 'kwargs': {}}]}, {'module': 'keras.layers', 'class_name': 'BatchNormalization', 'config': {'name': 'block4a_expand_bn', 'trainable': False, 'dtype': {'module': 'keras', 'class_name': 'DTypePolicy', 'config': {'name': 'float32'}, 'registered_name': None}, 'axis': 3, 'momentum': 0.99, 'epsilon': 0.001, 'center': True, 'scale': True, 'beta_initializer': {'module': 'keras.initializers', 'class_name': 'Zeros', 'config': {}, 'registered_name': None}, 'gamma_initializer': {'module': 'keras.initializers', 'class_name': 'Ones', 'config': {}, 'registered_name': None}, 'moving_mean_initializer': {'module': 'keras.initializers', 'class_name': 'Zeros', 'config': {}, 'registered_name': None}, 'moving_variance_initializer': {'module': 'keras.initializers', 'class_name': 'Ones', 'config': {}, 'registered_name': None}, 'beta_regularizer': None, 'gamma_regularizer': None, 'beta_constraint': None, 'gamma_constraint': None, 'synchronized': False}, 'registered_name': None, 'build_config': {'input_shape': [None, 30, 30, 240]}, 'name': 'block4a_expand_bn', 'inbound_nodes': [{'args': [{'class_name': '__keras_tensor__', 'config': {'shape': [None, 30, 30, 240], 'dtype': 'float32', 'keras_history': ['block4a_expand_conv', 0, 0]}}], 'kwargs': {'mask': None}}]}, {'module': 'keras.layers', 'class_name': 'Activation', 'config': {'name': 'block4a_expand_activation', 'trainable': False, 'dtype': {'module': 'keras', 'class_name': 'DTypePolicy', 'config': {'name': 'float32'}, 'registered_name': None}, 'activation': 'silu'}, 'registered_name': None, 'name': 'block4a_expand_activation', 'inbound_nodes': [{'args': [{'class_name': '__keras_tensor__', 'config': {'shape': [None, 30, 30, 240], 'dtype': 'float32', 'keras_history': ['block4a_expand_bn', 0, 0]}}], 'kwargs': {}}]}, {'module': 'keras.layers', 'class_name': 'ZeroPadding2D', 'config': {'name': 'block4a_dwconv_pad', 'trainable': False, 'dtype': {'module': 'keras', 'class_name': 'DTypePolicy', 'config': {'name': 'float32'}, 'registered_name': None}, 'padding': [[0, 1], [0, 1]], 'data_format': 'channels_last'}, 'registered_name': None, 'build_config': {'input_shape': [None, 30, 30, 240]}, 'name': 'block4a_dwconv_pad', 'inbound_nodes': [{'args': [{'class_name': '__keras_tensor__', 'config': {'shape': [None, 30, 30, 240], 'dtype': 'float32', 'keras_history': ['block4a_expand_activation', 0, 0]}}], 'kwargs': {}}]}, {'module': 'keras.layers', 'class_name': 'DepthwiseConv2D', 'config': {'name': 'block4a_dwconv', 'trainable': False, 'dtype': {'module': 'keras', 'class_name': 'DTypePolicy', 'config': {'name': 'float32'}, 'registered_name': None}, 'depth_multiplier': 1, 'kernel_size': [3, 3], 'strides': [2, 2], 'padding': 'valid', 'data_format': 'channels_last', 'dilation_rate': [1, 1], 'activation': 'linear', 'use_bias': False, 'depthwise_initializer': {'module': 'keras.initializers', 'class_name': 'VarianceScaling', 'config': {'seed': None, 'scale': 2.0, 'mode': 'fan_out', 'distribution': 'truncated_normal'}, 'registered_name': None}, 'bias_initializer': {'module': 'keras.initializers', 'class_name': 'Zeros', 'config': {}, 'registered_name': None}, 'depthwise_regularizer': None, 'bias_regularizer': None, 'activity_regularizer': None, 'depthwise_constraint': None, 'bias_constraint': None}, 'registered_name': None, 'build_config': {'input_shape': [None, 31, 31, 240]}, 'name': 'block4a_dwconv', 'inbound_nodes': [{'args': [{'class_name': '__keras_tensor__', 'config': {'shape': [None, 31, 31, 240], 'dtype': 'float32', 'keras_history': ['block4a_dwconv_pad', 0, 0]}}], 'kwargs': {}}]}, {'module': 'keras.layers', 'class_name': 'BatchNormalization', 'config': {'name': 'block4a_bn', 'trainable': False, 'dtype': {'module': 'keras', 'class_name': 'DTypePolicy', 'config': {'name': 'float32'}, 'registered_name': None}, 'axis': 3, 'momentum': 0.99, 'epsilon': 0.001, 'center': True, 'scale': True, 'beta_initializer': {'module': 'keras.initializers', 'class_name': 'Zeros', 'config': {}, 'registered_name': None}, 'gamma_initializer': {'module': 'keras.initializers', 'class_name': 'Ones', 'config': {}, 'registered_name': None}, 'moving_mean_initializer': {'module': 'keras.initializers', 'class_name': 'Zeros', 'config': {}, 'registered_name': None}, 'moving_variance_initializer': {'module': 'keras.initializers', 'class_name': 'Ones', 'config': {}, 'registered_name': None}, 'beta_regularizer': None, 'gamma_regularizer': None, 'beta_constraint': None, 'gamma_constraint': None, 'synchronized': False}, 'registered_name': None, 'build_config': {'input_shape': [None, 15, 15, 240]}, 'name': 'block4a_bn', 'inbound_nodes': [{'args': [{'class_name': '__keras_tensor__', 'config': {'shape': [None, 15, 15, 240], 'dtype': 'float32', 'keras_history': ['block4a_dwconv', 0, 0]}}], 'kwargs': {'mask': None}}]}, {'module': 'keras.layers', 'class_name': 'Activation', 'config': {'name': 'block4a_activation', 'trainable': False, 'dtype': {'module': 'keras', 'class_name': 'DTypePolicy', 'config': {'name': 'float32'}, 'registered_name': None}, 'activation': 'silu'}, 'registered_name': None, 'name': 'block4a_activation', 'inbound_nodes': [{'args': [{'class_name': '__keras_tensor__', 'config': {'shape': [None, 15, 15, 240], 'dtype': 'float32', 'keras_history': ['block4a_bn', 0, 0]}}], 'kwargs': {}}]}, {'module': 'keras.layers', 'class_name': 'GlobalAveragePooling2D', 'config': {'name': 'block4a_se_squeeze', 'trainable': False, 'dtype': {'module': 'keras', 'class_name': 'DTypePolicy', 'config': {'name': 'float32'}, 'registered_name': None}, 'data_format': 'channels_last', 'keepdims': False}, 'registered_name': None, 'name': 'block4a_se_squeeze', 'inbound_nodes': [{'args': [{'class_name': '__keras_tensor__', 'config': {'shape': [None, 15, 15, 240], 'dtype': 'float32', 'keras_history': ['block4a_activation', 0, 0]}}], 'kwargs': {}}]}, {'module': 'keras.layers', 'class_name': 'Reshape', 'config': {'name': 'block4a_se_reshape', 'trainable': False, 'dtype': {'module': 'keras', 'class_name': 'DTypePolicy', 'config': {'name': 'float32'}, 'registered_name': None}, 'target_shape': [1, 1, 240]}, 'registered_name': None, 'name': 'block4a_se_reshape', 'inbound_nodes': [{'args': [{'class_name': '__keras_tensor__', 'config': {'shape': [None, 240], 'dtype': 'float32', 'keras_history': ['block4a_se_squeeze', 0, 0]}}], 'kwargs': {}}]}, {'module': 'keras.layers', 'class_name': 'Conv2D', 'config': {'name': 'block4a_se_reduce', 'trainable': False, 'dtype': {'module': 'keras', 'class_name': 'DTypePolicy', 'config': {'name': 'float32'}, 'registered_name': None}, 'filters': 10, 'kernel_size': [1, 1], 'strides': [1, 1], 'padding': 'same', 'data_format': 'channels_last', 'dilation_rate': [1, 1], 'groups': 1, 'activation': 'silu', 'use_bias': True, 'kernel_initializer': {'module': 'keras.initializers', 'class_name': 'VarianceScaling', 'config': {'seed': None, 'scale': 2.0, 'mode': 'fan_out', 'distribution': 'truncated_normal'}, 'registered_name': None}, 'bias_initializer': {'module': 'keras.initializers', 'class_name': 'Zeros', 'config': {}, 'registered_name': None}, 'kernel_regularizer': None, 'bias_regularizer': None, 'activity_regularizer': None, 'kernel_constraint': None, 'bias_constraint': None}, 'registered_name': None, 'build_config': {'input_shape': [None, 1, 1, 240]}, 'name': 'block4a_se_reduce', 'inbound_nodes': [{'args': [{'class_name': '__keras_tensor__', 'config': {'shape': [None, 1, 1, 240], 'dtype': 'float32', 'keras_history': ['block4a_se_reshape', 0, 0]}}], 'kwargs': {}}]}, {'module': 'keras.layers', 'class_name': 'Conv2D', 'config': {'name': 'block4a_se_expand', 'trainable': False, 'dtype': {'module': 'keras', 'class_name': 'DTypePolicy', 'config': {'name': 'float32'}, 'registered_name': None}, 'filters': 240, 'kernel_size': [1, 1], 'strides': [1, 1], 'padding': 'same', 'data_format': 'channels_last', 'dilation_rate': [1, 1], 'groups': 1, 'activation': 'sigmoid', 'use_bias': True, 'kernel_initializer': {'module': 'keras.initializers', 'class_name': 'VarianceScaling', 'config': {'seed': None, 'scale': 2.0, 'mode': 'fan_out', 'distribution': 'truncated_normal'}, 'registered_name': None}, 'bias_initializer': {'module': 'keras.initializers', 'class_name': 'Zeros', 'config': {}, 'registered_name': None}, 'kernel_regularizer': None, 'bias_regularizer': None, 'activity_regularizer': None, 'kernel_constraint': None, 'bias_constraint': None}, 'registered_name': None, 'build_config': {'input_shape': [None, 1, 1, 10]}, 'name': 'block4a_se_expand', 'inbound_nodes': [{'args': [{'class_name': '__keras_tensor__', 'config': {'shape': [None, 1, 1, 10], 'dtype': 'float32', 'keras_history': ['block4a_se_reduce', 0, 0]}}], 'kwargs': {}}]}, {'module': 'keras.layers', 'class_name': 'Multiply', 'config': {'name': 'block4a_se_excite', 'trainable': False, 'dtype': {'module': 'keras', 'class_name': 'DTypePolicy', 'config': {'name': 'float32'}, 'registered_name': None}}, 'registered_name': None, 'build_config': {'input_shape': [[None, 15, 15, 240], [None, 1, 1, 240]]}, 'name': 'block4a_se_excite', 'inbound_nodes': [{'args': [[{'class_name': '__keras_tensor__', 'config': {'shape': [None, 15, 15, 240], 'dtype': 'float32', 'keras_history': ['block4a_activation', 0, 0]}}, {'class_name': '__keras_tensor__', 'config': {'shape': [None, 1, 1, 240], 'dtype': 'float32', 'keras_history': ['block4a_se_expand', 0, 0]}}]], 'kwargs': {}}]}, {'module': 'keras.layers', 'class_name': 'Conv2D', 'config': {'name': 'block4a_project_conv', 'trainable': False, 'dtype': {'module': 'keras', 'class_name': 'DTypePolicy', 'config': {'name': 'float32'}, 'registered_name': None}, 'filters': 80, 'kernel_size': [1, 1], 'strides': [1, 1], 'padding': 'same', 'data_format': 'channels_last', 'dilation_rate': [1, 1], 'groups': 1, 'activation': 'linear', 'use_bias': False, 'kernel_initializer': {'module': 'keras.initializers', 'class_name': 'VarianceScaling', 'config': {'seed': None, 'scale': 2.0, 'mode': 'fan_out', 'distribution': 'truncated_normal'}, 'registered_name': None}, 'bias_initializer': {'module': 'keras.initializers', 'class_name': 'Zeros', 'config': {}, 'registered_name': None}, 'kernel_regularizer': None, 'bias_regularizer': None, 'activity_regularizer': None, 'kernel_constraint': None, 'bias_constraint': None}, 'registered_name': None, 'build_config': {'input_shape': [None, 15, 15, 240]}, 'name': 'block4a_project_conv', 'inbound_nodes': [{'args': [{'class_name': '__keras_tensor__', 'config': {'shape': [None, 15, 15, 240], 'dtype': 'float32', 'keras_history': ['block4a_se_excite', 0, 0]}}], 'kwargs': {}}]}, {'module': 'keras.layers', 'class_name': 'BatchNormalization', 'config': {'name': 'block4a_project_bn', 'trainable': False, 'dtype': {'module': 'keras', 'class_name': 'DTypePolicy', 'config': {'name': 'float32'}, 'registered_name': None}, 'axis': 3, 'momentum': 0.99, 'epsilon': 0.001, 'center': True, 'scale': True, 'beta_initializer': {'module': 'keras.initializers', 'class_name': 'Zeros', 'config': {}, 'registered_name': None}, 'gamma_initializer': {'module': 'keras.initializers', 'class_name': 'Ones', 'config': {}, 'registered_name': None}, 'moving_mean_initializer': {'module': 'keras.initializers', 'class_name': 'Zeros', 'config': {}, 'registered_name': None}, 'moving_variance_initializer': {'module': 'keras.initializers', 'class_name': 'Ones', 'config': {}, 'registered_name': None}, 'beta_regularizer': None, 'gamma_regularizer': None, 'beta_constraint': None, 'gamma_constraint': None, 'synchronized': False}, 'registered_name': None, 'build_config': {'input_shape': [None, 15, 15, 80]}, 'name': 'block4a_project_bn', 'inbound_nodes': [{'args': [{'class_name': '__keras_tensor__', 'config': {'shape': [None, 15, 15, 80], 'dtype': 'float32', 'keras_history': ['block4a_project_conv', 0, 0]}}], 'kwargs': {'mask': None}}]}, {'module': 'keras.layers', 'class_name': 'Conv2D', 'config': {'name': 'block4b_expand_conv', 'trainable': False, 'dtype': {'module': 'keras', 'class_name': 'DTypePolicy', 'config': {'name': 'float32'}, 'registered_name': None}, 'filters': 480, 'kernel_size': [1, 1], 'strides': [1, 1], 'padding': 'same', 'data_format': 'channels_last', 'dilation_rate': [1, 1], 'groups': 1, 'activation': 'linear', 'use_bias': False, 'kernel_initializer': {'module': 'keras.initializers', 'class_name': 'VarianceScaling', 'config': {'seed': None, 'scale': 2.0, 'mode': 'fan_out', 'distribution': 'truncated_normal'}, 'registered_name': None}, 'bias_initializer': {'module': 'keras.initializers', 'class_name': 'Zeros', 'config': {}, 'registered_name': None}, 'kernel_regularizer': None, 'bias_regularizer': None, 'activity_regularizer': None, 'kernel_constraint': None, 'bias_constraint': None}, 'registered_name': None, 'build_config': {'input_shape': [None, 15, 15, 80]}, 'name': 'block4b_expand_conv', 'inbound_nodes': [{'args': [{'class_name': '__keras_tensor__', 'config': {'shape': [None, 15, 15, 80], 'dtype': 'float32', 'keras_history': ['block4a_project_bn', 0, 0]}}], 'kwargs': {}}]}, {'module': 'keras.layers', 'class_name': 'BatchNormalization', 'config': {'name': 'block4b_expand_bn', 'trainable': False, 'dtype': {'module': 'keras', 'class_name': 'DTypePolicy', 'config': {'name': 'float32'}, 'registered_name': None}, 'axis': 3, 'momentum': 0.99, 'epsilon': 0.001, 'center': True, 'scale': True, 'beta_initializer': {'module': 'keras.initializers', 'class_name': 'Zeros', 'config': {}, 'registered_name': None}, 'gamma_initializer': {'module': 'keras.initializers', 'class_name': 'Ones', 'config': {}, 'registered_name': None}, 'moving_mean_initializer': {'module': 'keras.initializers', 'class_name': 'Zeros', 'config': {}, 'registered_name': None}, 'moving_variance_initializer': {'module': 'keras.initializers', 'class_name': 'Ones', 'config': {}, 'registered_name': None}, 'beta_regularizer': None, 'gamma_regularizer': None, 'beta_constraint': None, 'gamma_constraint': None, 'synchronized': False}, 'registered_name': None, 'build_config': {'input_shape': [None, 15, 15, 480]}, 'name': 'block4b_expand_bn', 'inbound_nodes': [{'args': [{'class_name': '__keras_tensor__', 'config': {'shape': [None, 15, 15, 480], 'dtype': 'float32', 'keras_history': ['block4b_expand_conv', 0, 0]}}], 'kwargs': {'mask': None}}]}, {'module': 'keras.layers', 'class_name': 'Activation', 'config': {'name': 'block4b_expand_activation', 'trainable': False, 'dtype': {'module': 'keras', 'class_name': 'DTypePolicy', 'config': {'name': 'float32'}, 'registered_name': None}, 'activation': 'silu'}, 'registered_name': None, 'name': 'block4b_expand_activation', 'inbound_nodes': [{'args': [{'class_name': '__keras_tensor__', 'config': {'shape': [None, 15, 15, 480], 'dtype': 'float32', 'keras_history': ['block4b_expand_bn', 0, 0]}}], 'kwargs': {}}]}, {'module': 'keras.layers', 'class_name': 'DepthwiseConv2D', 'config': {'name': 'block4b_dwconv', 'trainable': False, 'dtype': {'module': 'keras', 'class_name': 'DTypePolicy', 'config': {'name': 'float32'}, 'registered_name': None}, 'depth_multiplier': 1, 'kernel_size': [3, 3], 'strides': [1, 1], 'padding': 'same', 'data_format': 'channels_last', 'dilation_rate': [1, 1], 'activation': 'linear', 'use_bias': False, 'depthwise_initializer': {'module': 'keras.initializers', 'class_name': 'VarianceScaling', 'config': {'seed': None, 'scale': 2.0, 'mode': 'fan_out', 'distribution': 'truncated_normal'}, 'registered_name': None}, 'bias_initializer': {'module': 'keras.initializers', 'class_name': 'Zeros', 'config': {}, 'registered_name': None}, 'depthwise_regularizer': None, 'bias_regularizer': None, 'activity_regularizer': None, 'depthwise_constraint': None, 'bias_constraint': None}, 'registered_name': None, 'build_config': {'input_shape': [None, 15, 15, 480]}, 'name': 'block4b_dwconv', 'inbound_nodes': [{'args': [{'class_name': '__keras_tensor__', 'config': {'shape': [None, 15, 15, 480], 'dtype': 'float32', 'keras_history': ['block4b_expand_activation', 0, 0]}}], 'kwargs': {}}]}, {'module': 'keras.layers', 'class_name': 'BatchNormalization', 'config': {'name': 'block4b_bn', 'trainable': False, 'dtype': {'module': 'keras', 'class_name': 'DTypePolicy', 'config': {'name': 'float32'}, 'registered_name': None}, 'axis': 3, 'momentum': 0.99, 'epsilon': 0.001, 'center': True, 'scale': True, 'beta_initializer': {'module': 'keras.initializers', 'class_name': 'Zeros', 'config': {}, 'registered_name': None}, 'gamma_initializer': {'module': 'keras.initializers', 'class_name': 'Ones', 'config': {}, 'registered_name': None}, 'moving_mean_initializer': {'module': 'keras.initializers', 'class_name': 'Zeros', 'config': {}, 'registered_name': None}, 'moving_variance_initializer': {'module': 'keras.initializers', 'class_name': 'Ones', 'config': {}, 'registered_name': None}, 'beta_regularizer': None, 'gamma_regularizer': None, 'beta_constraint': None, 'gamma_constraint': None, 'synchronized': False}, 'registered_name': None, 'build_config': {'input_shape': [None, 15, 15, 480]}, 'name': 'block4b_bn', 'inbound_nodes': [{'args': [{'class_name': '__keras_tensor__', 'config': {'shape': [None, 15, 15, 480], 'dtype': 'float32', 'keras_history': ['block4b_dwconv', 0, 0]}}], 'kwargs': {'mask': None}}]}, {'module': 'keras.layers', 'class_name': 'Activation', 'config': {'name': 'block4b_activation', 'trainable': False, 'dtype': {'module': 'keras', 'class_name': 'DTypePolicy', 'config': {'name': 'float32'}, 'registered_name': None}, 'activation': 'silu'}, 'registered_name': None, 'name': 'block4b_activation', 'inbound_nodes': [{'args': [{'class_name': '__keras_tensor__', 'config': {'shape': [None, 15, 15, 480], 'dtype': 'float32', 'keras_history': ['block4b_bn', 0, 0]}}], 'kwargs': {}}]}, {'module': 'keras.layers', 'class_name': 'GlobalAveragePooling2D', 'config': {'name': 'block4b_se_squeeze', 'trainable': False, 'dtype': {'module': 'keras', 'class_name': 'DTypePolicy', 'config': {'name': 'float32'}, 'registered_name': None}, 'data_format': 'channels_last', 'keepdims': False}, 'registered_name': None, 'name': 'block4b_se_squeeze', 'inbound_nodes': [{'args': [{'class_name': '__keras_tensor__', 'config': {'shape': [None, 15, 15, 480], 'dtype': 'float32', 'keras_history': ['block4b_activation', 0, 0]}}], 'kwargs': {}}]}, {'module': 'keras.layers', 'class_name': 'Reshape', 'config': {'name': 'block4b_se_reshape', 'trainable': False, 'dtype': {'module': 'keras', 'class_name': 'DTypePolicy', 'config': {'name': 'float32'}, 'registered_name': None}, 'target_shape': [1, 1, 480]}, 'registered_name': None, 'name': 'block4b_se_reshape', 'inbound_nodes': [{'args': [{'class_name': '__keras_tensor__', 'config': {'shape': [None, 480], 'dtype': 'float32', 'keras_history': ['block4b_se_squeeze', 0, 0]}}], 'kwargs': {}}]}, {'module': 'keras.layers', 'class_name': 'Conv2D', 'config': {'name': 'block4b_se_reduce', 'trainable': False, 'dtype': {'module': 'keras', 'class_name': 'DTypePolicy', 'config': {'name': 'float32'}, 'registered_name': None}, 'filters': 20, 'kernel_size': [1, 1], 'strides': [1, 1], 'padding': 'same', 'data_format': 'channels_last', 'dilation_rate': [1, 1], 'groups': 1, 'activation': 'silu', 'use_bias': True, 'kernel_initializer': {'module': 'keras.initializers', 'class_name': 'VarianceScaling', 'config': {'seed': None, 'scale': 2.0, 'mode': 'fan_out', 'distribution': 'truncated_normal'}, 'registered_name': None}, 'bias_initializer': {'module': 'keras.initializers', 'class_name': 'Zeros', 'config': {}, 'registered_name': None}, 'kernel_regularizer': None, 'bias_regularizer': None, 'activity_regularizer': None, 'kernel_constraint': None, 'bias_constraint': None}, 'registered_name': None, 'build_config': {'input_shape': [None, 1, 1, 480]}, 'name': 'block4b_se_reduce', 'inbound_nodes': [{'args': [{'class_name': '__keras_tensor__', 'config': {'shape': [None, 1, 1, 480], 'dtype': 'float32', 'keras_history': ['block4b_se_reshape', 0, 0]}}], 'kwargs': {}}]}, {'module': 'keras.layers', 'class_name': 'Conv2D', 'config': {'name': 'block4b_se_expand', 'trainable': False, 'dtype': {'module': 'keras', 'class_name': 'DTypePolicy', 'config': {'name': 'float32'}, 'registered_name': None}, 'filters': 480, 'kernel_size': [1, 1], 'strides': [1, 1], 'padding': 'same', 'data_format': 'channels_last', 'dilation_rate': [1, 1], 'groups': 1, 'activation': 'sigmoid', 'use_bias': True, 'kernel_initializer': {'module': 'keras.initializers', 'class_name': 'VarianceScaling', 'config': {'seed': None, 'scale': 2.0, 'mode': 'fan_out', 'distribution': 'truncated_normal'}, 'registered_name': None}, 'bias_initializer': {'module': 'keras.initializers', 'class_name': 'Zeros', 'config': {}, 'registered_name': None}, 'kernel_regularizer': None, 'bias_regularizer': None, 'activity_regularizer': None, 'kernel_constraint': None, 'bias_constraint': None}, 'registered_name': None, 'build_config': {'input_shape': [None, 1, 1, 20]}, 'name': 'block4b_se_expand', 'inbound_nodes': [{'args': [{'class_name': '__keras_tensor__', 'config': {'shape': [None, 1, 1, 20], 'dtype': 'float32', 'keras_history': ['block4b_se_reduce', 0, 0]}}], 'kwargs': {}}]}, {'module': 'keras.layers', 'class_name': 'Multiply', 'config': {'name': 'block4b_se_excite', 'trainable': False, 'dtype': {'module': 'keras', 'class_name': 'DTypePolicy', 'config': {'name': 'float32'}, 'registered_name': None}}, 'registered_name': None, 'build_config': {'input_shape': [[None, 15, 15, 480], [None, 1, 1, 480]]}, 'name': 'block4b_se_excite', 'inbound_nodes': [{'args': [[{'class_name': '__keras_tensor__', 'config': {'shape': [None, 15, 15, 480], 'dtype': 'float32', 'keras_history': ['block4b_activation', 0, 0]}}, {'class_name': '__keras_tensor__', 'config': {'shape': [None, 1, 1, 480], 'dtype': 'float32', 'keras_history': ['block4b_se_expand', 0, 0]}}]], 'kwargs': {}}]}, {'module': 'keras.layers', 'class_name': 'Conv2D', 'config': {'name': 'block4b_project_conv', 'trainable': False, 'dtype': {'module': 'keras', 'class_name': 'DTypePolicy', 'config': {'name': 'float32'}, 'registered_name': None}, 'filters': 80, 'kernel_size': [1, 1], 'strides': [1, 1], 'padding': 'same', 'data_format': 'channels_last', 'dilation_rate': [1, 1], 'groups': 1, 'activation': 'linear', 'use_bias': False, 'kernel_initializer': {'module': 'keras.initializers', 'class_name': 'VarianceScaling', 'config': {'seed': None, 'scale': 2.0, 'mode': 'fan_out', 'distribution': 'truncated_normal'}, 'registered_name': None}, 'bias_initializer': {'module': 'keras.initializers', 'class_name': 'Zeros', 'config': {}, 'registered_name': None}, 'kernel_regularizer': None, 'bias_regularizer': None, 'activity_regularizer': None, 'kernel_constraint': None, 'bias_constraint': None}, 'registered_name': None, 'build_config': {'input_shape': [None, 15, 15, 480]}, 'name': 'block4b_project_conv', 'inbound_nodes': [{'args': [{'class_name': '__keras_tensor__', 'config': {'shape': [None, 15, 15, 480], 'dtype': 'float32', 'keras_history': ['block4b_se_excite', 0, 0]}}], 'kwargs': {}}]}, {'module': 'keras.layers', 'class_name': 'BatchNormalization', 'config': {'name': 'block4b_project_bn', 'trainable': False, 'dtype': {'module': 'keras', 'class_name': 'DTypePolicy', 'config': {'name': 'float32'}, 'registered_name': None}, 'axis': 3, 'momentum': 0.99, 'epsilon': 0.001, 'center': True, 'scale': True, 'beta_initializer': {'module': 'keras.initializers', 'class_name': 'Zeros', 'config': {}, 'registered_name': None}, 'gamma_initializer': {'module': 'keras.initializers', 'class_name': 'Ones', 'config': {}, 'registered_name': None}, 'moving_mean_initializer': {'module': 'keras.initializers', 'class_name': 'Zeros', 'config': {}, 'registered_name': None}, 'moving_variance_initializer': {'module': 'keras.initializers', 'class_name': 'Ones', 'config': {}, 'registered_name': None}, 'beta_regularizer': None, 'gamma_regularizer': None, 'beta_constraint': None, 'gamma_constraint': None, 'synchronized': False}, 'registered_name': None, 'build_config': {'input_shape': [None, 15, 15, 80]}, 'name': 'block4b_project_bn', 'inbound_nodes': [{'args': [{'class_name': '__keras_tensor__', 'config': {'shape': [None, 15, 15, 80], 'dtype': 'float32', 'keras_history': ['block4b_project_conv', 0, 0]}}], 'kwargs': {'mask': None}}]}, {'module': 'keras.layers', 'class_name': 'Dropout', 'config': {'name': 'block4b_drop', 'trainable': False, 'dtype': {'module': 'keras', 'class_name': 'DTypePolicy', 'config': {'name': 'float32'}, 'registered_name': None}, 'rate': 0.0782608695652174, 'seed': None, 'noise_shape': [None, 1, 1, 1]}, 'registered_name': None, 'name': 'block4b_drop', 'inbound_nodes': [{'args': [{'class_name': '__keras_tensor__', 'config': {'shape': [None, 15, 15, 80], 'dtype': 'float32', 'keras_history': ['block4b_project_bn', 0, 0]}}], 'kwargs': {'training': False}}]}, {'module': 'keras.layers', 'class_name': 'Add', 'config': {'name': 'block4b_add', 'trainable': False, 'dtype': {'module': 'keras', 'class_name': 'DTypePolicy', 'config': {'name': 'float32'}, 'registered_name': None}}, 'registered_name': None, 'build_config': {'input_shape': [[None, 15, 15, 80], [None, 15, 15, 80]]}, 'name': 'block4b_add', 'inbound_nodes': [{'args': [[{'class_name': '__keras_tensor__', 'config': {'shape': [None, 15, 15, 80], 'dtype': 'float32', 'keras_history': ['block4b_drop', 0, 0]}}, {'class_name': '__keras_tensor__', 'config': {'shape': [None, 15, 15, 80], 'dtype': 'float32', 'keras_history': ['block4a_project_bn', 0, 0]}}]], 'kwargs': {}}]}, {'module': 'keras.layers', 'class_name': 'Conv2D', 'config': {'name': 'block4c_expand_conv', 'trainable': False, 'dtype': {'module': 'keras', 'class_name': 'DTypePolicy', 'config': {'name': 'float32'}, 'registered_name': None}, 'filters': 480, 'kernel_size': [1, 1], 'strides': [1, 1], 'padding': 'same', 'data_format': 'channels_last', 'dilation_rate': [1, 1], 'groups': 1, 'activation': 'linear', 'use_bias': False, 'kernel_initializer': {'module': 'keras.initializers', 'class_name': 'VarianceScaling', 'config': {'seed': None, 'scale': 2.0, 'mode': 'fan_out', 'distribution': 'truncated_normal'}, 'registered_name': None}, 'bias_initializer': {'module': 'keras.initializers', 'class_name': 'Zeros', 'config': {}, 'registered_name': None}, 'kernel_regularizer': None, 'bias_regularizer': None, 'activity_regularizer': None, 'kernel_constraint': None, 'bias_constraint': None}, 'registered_name': None, 'build_config': {'input_shape': [None, 15, 15, 80]}, 'name': 'block4c_expand_conv', 'inbound_nodes': [{'args': [{'class_name': '__keras_tensor__', 'config': {'shape': [None, 15, 15, 80], 'dtype': 'float32', 'keras_history': ['block4b_add', 0, 0]}}], 'kwargs': {}}]}, {'module': 'keras.layers', 'class_name': 'BatchNormalization', 'config': {'name': 'block4c_expand_bn', 'trainable': False, 'dtype': {'module': 'keras', 'class_name': 'DTypePolicy', 'config': {'name': 'float32'}, 'registered_name': None}, 'axis': 3, 'momentum': 0.99, 'epsilon': 0.001, 'center': True, 'scale': True, 'beta_initializer': {'module': 'keras.initializers', 'class_name': 'Zeros', 'config': {}, 'registered_name': None}, 'gamma_initializer': {'module': 'keras.initializers', 'class_name': 'Ones', 'config': {}, 'registered_name': None}, 'moving_mean_initializer': {'module': 'keras.initializers', 'class_name': 'Zeros', 'config': {}, 'registered_name': None}, 'moving_variance_initializer': {'module': 'keras.initializers', 'class_name': 'Ones', 'config': {}, 'registered_name': None}, 'beta_regularizer': None, 'gamma_regularizer': None, 'beta_constraint': None, 'gamma_constraint': None, 'synchronized': False}, 'registered_name': None, 'build_config': {'input_shape': [None, 15, 15, 480]}, 'name': 'block4c_expand_bn', 'inbound_nodes': [{'args': [{'class_name': '__keras_tensor__', 'config': {'shape': [None, 15, 15, 480], 'dtype': 'float32', 'keras_history': ['block4c_expand_conv', 0, 0]}}], 'kwargs': {'mask': None}}]}, {'module': 'keras.layers', 'class_name': 'Activation', 'config': {'name': 'block4c_expand_activation', 'trainable': False, 'dtype': {'module': 'keras', 'class_name': 'DTypePolicy', 'config': {'name': 'float32'}, 'registered_name': None}, 'activation': 'silu'}, 'registered_name': None, 'name': 'block4c_expand_activation', 'inbound_nodes': [{'args': [{'class_name': '__keras_tensor__', 'config': {'shape': [None, 15, 15, 480], 'dtype': 'float32', 'keras_history': ['block4c_expand_bn', 0, 0]}}], 'kwargs': {}}]}, {'module': 'keras.layers', 'class_name': 'DepthwiseConv2D', 'config': {'name': 'block4c_dwconv', 'trainable': False, 'dtype': {'module': 'keras', 'class_name': 'DTypePolicy', 'config': {'name': 'float32'}, 'registered_name': None}, 'depth_multiplier': 1, 'kernel_size': [3, 3], 'strides': [1, 1], 'padding': 'same', 'data_format': 'channels_last', 'dilation_rate': [1, 1], 'activation': 'linear', 'use_bias': False, 'depthwise_initializer': {'module': 'keras.initializers', 'class_name': 'VarianceScaling', 'config': {'seed': None, 'scale': 2.0, 'mode': 'fan_out', 'distribution': 'truncated_normal'}, 'registered_name': None}, 'bias_initializer': {'module': 'keras.initializers', 'class_name': 'Zeros', 'config': {}, 'registered_name': None}, 'depthwise_regularizer': None, 'bias_regularizer': None, 'activity_regularizer': None, 'depthwise_constraint': None, 'bias_constraint': None}, 'registered_name': None, 'build_config': {'input_shape': [None, 15, 15, 480]}, 'name': 'block4c_dwconv', 'inbound_nodes': [{'args': [{'class_name': '__keras_tensor__', 'config': {'shape': [None, 15, 15, 480], 'dtype': 'float32', 'keras_history': ['block4c_expand_activation', 0, 0]}}], 'kwargs': {}}]}, {'module': 'keras.layers', 'class_name': 'BatchNormalization', 'config': {'name': 'block4c_bn', 'trainable': False, 'dtype': {'module': 'keras', 'class_name': 'DTypePolicy', 'config': {'name': 'float32'}, 'registered_name': None}, 'axis': 3, 'momentum': 0.99, 'epsilon': 0.001, 'center': True, 'scale': True, 'beta_initializer': {'module': 'keras.initializers', 'class_name': 'Zeros', 'config': {}, 'registered_name': None}, 'gamma_initializer': {'module': 'keras.initializers', 'class_name': 'Ones', 'config': {}, 'registered_name': None}, 'moving_mean_initializer': {'module': 'keras.initializers', 'class_name': 'Zeros', 'config': {}, 'registered_name': None}, 'moving_variance_initializer': {'module': 'keras.initializers', 'class_name': 'Ones', 'config': {}, 'registered_name': None}, 'beta_regularizer': None, 'gamma_regularizer': None, 'beta_constraint': None, 'gamma_constraint': None, 'synchronized': False}, 'registered_name': None, 'build_config': {'input_shape': [None, 15, 15, 480]}, 'name': 'block4c_bn', 'inbound_nodes': [{'args': [{'class_name': '__keras_tensor__', 'config': {'shape': [None, 15, 15, 480], 'dtype': 'float32', 'keras_history': ['block4c_dwconv', 0, 0]}}], 'kwargs': {'mask': None}}]}, {'module': 'keras.layers', 'class_name': 'Activation', 'config': {'name': 'block4c_activation', 'trainable': False, 'dtype': {'module': 'keras', 'class_name': 'DTypePolicy', 'config': {'name': 'float32'}, 'registered_name': None}, 'activation': 'silu'}, 'registered_name': None, 'name': 'block4c_activation', 'inbound_nodes': [{'args': [{'class_name': '__keras_tensor__', 'config': {'shape': [None, 15, 15, 480], 'dtype': 'float32', 'keras_history': ['block4c_bn', 0, 0]}}], 'kwargs': {}}]}, {'module': 'keras.layers', 'class_name': 'GlobalAveragePooling2D', 'config': {'name': 'block4c_se_squeeze', 'trainable': False, 'dtype': {'module': 'keras', 'class_name': 'DTypePolicy', 'config': {'name': 'float32'}, 'registered_name': None}, 'data_format': 'channels_last', 'keepdims': False}, 'registered_name': None, 'name': 'block4c_se_squeeze', 'inbound_nodes': [{'args': [{'class_name': '__keras_tensor__', 'config': {'shape': [None, 15, 15, 480], 'dtype': 'float32', 'keras_history': ['block4c_activation', 0, 0]}}], 'kwargs': {}}]}, {'module': 'keras.layers', 'class_name': 'Reshape', 'config': {'name': 'block4c_se_reshape', 'trainable': False, 'dtype': {'module': 'keras', 'class_name': 'DTypePolicy', 'config': {'name': 'float32'}, 'registered_name': None}, 'target_shape': [1, 1, 480]}, 'registered_name': None, 'name': 'block4c_se_reshape', 'inbound_nodes': [{'args': [{'class_name': '__keras_tensor__', 'config': {'shape': [None, 480], 'dtype': 'float32', 'keras_history': ['block4c_se_squeeze', 0, 0]}}], 'kwargs': {}}]}, {'module': 'keras.layers', 'class_name': 'Conv2D', 'config': {'name': 'block4c_se_reduce', 'trainable': False, 'dtype': {'module': 'keras', 'class_name': 'DTypePolicy', 'config': {'name': 'float32'}, 'registered_name': None}, 'filters': 20, 'kernel_size': [1, 1], 'strides': [1, 1], 'padding': 'same', 'data_format': 'channels_last', 'dilation_rate': [1, 1], 'groups': 1, 'activation': 'silu', 'use_bias': True, 'kernel_initializer': {'module': 'keras.initializers', 'class_name': 'VarianceScaling', 'config': {'seed': None, 'scale': 2.0, 'mode': 'fan_out', 'distribution': 'truncated_normal'}, 'registered_name': None}, 'bias_initializer': {'module': 'keras.initializers', 'class_name': 'Zeros', 'config': {}, 'registered_name': None}, 'kernel_regularizer': None, 'bias_regularizer': None, 'activity_regularizer': None, 'kernel_constraint': None, 'bias_constraint': None}, 'registered_name': None, 'build_config': {'input_shape': [None, 1, 1, 480]}, 'name': 'block4c_se_reduce', 'inbound_nodes': [{'args': [{'class_name': '__keras_tensor__', 'config': {'shape': [None, 1, 1, 480], 'dtype': 'float32', 'keras_history': ['block4c_se_reshape', 0, 0]}}], 'kwargs': {}}]}, {'module': 'keras.layers', 'class_name': 'Conv2D', 'config': {'name': 'block4c_se_expand', 'trainable': False, 'dtype': {'module': 'keras', 'class_name': 'DTypePolicy', 'config': {'name': 'float32'}, 'registered_name': None}, 'filters': 480, 'kernel_size': [1, 1], 'strides': [1, 1], 'padding': 'same', 'data_format': 'channels_last', 'dilation_rate': [1, 1], 'groups': 1, 'activation': 'sigmoid', 'use_bias': True, 'kernel_initializer': {'module': 'keras.initializers', 'class_name': 'VarianceScaling', 'config': {'seed': None, 'scale': 2.0, 'mode': 'fan_out', 'distribution': 'truncated_normal'}, 'registered_name': None}, 'bias_initializer': {'module': 'keras.initializers', 'class_name': 'Zeros', 'config': {}, 'registered_name': None}, 'kernel_regularizer': None, 'bias_regularizer': None, 'activity_regularizer': None, 'kernel_constraint': None, 'bias_constraint': None}, 'registered_name': None, 'build_config': {'input_shape': [None, 1, 1, 20]}, 'name': 'block4c_se_expand', 'inbound_nodes': [{'args': [{'class_name': '__keras_tensor__', 'config': {'shape': [None, 1, 1, 20], 'dtype': 'float32', 'keras_history': ['block4c_se_reduce', 0, 0]}}], 'kwargs': {}}]}, {'module': 'keras.layers', 'class_name': 'Multiply', 'config': {'name': 'block4c_se_excite', 'trainable': False, 'dtype': {'module': 'keras', 'class_name': 'DTypePolicy', 'config': {'name': 'float32'}, 'registered_name': None}}, 'registered_name': None, 'build_config': {'input_shape': [[None, 15, 15, 480], [None, 1, 1, 480]]}, 'name': 'block4c_se_excite', 'inbound_nodes': [{'args': [[{'class_name': '__keras_tensor__', 'config': {'shape': [None, 15, 15, 480], 'dtype': 'float32', 'keras_history': ['block4c_activation', 0, 0]}}, {'class_name': '__keras_tensor__', 'config': {'shape': [None, 1, 1, 480], 'dtype': 'float32', 'keras_history': ['block4c_se_expand', 0, 0]}}]], 'kwargs': {}}]}, {'module': 'keras.layers', 'class_name': 'Conv2D', 'config': {'name': 'block4c_project_conv', 'trainable': False, 'dtype': {'module': 'keras', 'class_name': 'DTypePolicy', 'config': {'name': 'float32'}, 'registered_name': None}, 'filters': 80, 'kernel_size': [1, 1], 'strides': [1, 1], 'padding': 'same', 'data_format': 'channels_last', 'dilation_rate': [1, 1], 'groups': 1, 'activation': 'linear', 'use_bias': False, 'kernel_initializer': {'module': 'keras.initializers', 'class_name': 'VarianceScaling', 'config': {'seed': None, 'scale': 2.0, 'mode': 'fan_out', 'distribution': 'truncated_normal'}, 'registered_name': None}, 'bias_initializer': {'module': 'keras.initializers', 'class_name': 'Zeros', 'config': {}, 'registered_name': None}, 'kernel_regularizer': None, 'bias_regularizer': None, 'activity_regularizer': None, 'kernel_constraint': None, 'bias_constraint': None}, 'registered_name': None, 'build_config': {'input_shape': [None, 15, 15, 480]}, 'name': 'block4c_project_conv', 'inbound_nodes': [{'args': [{'class_name': '__keras_tensor__', 'config': {'shape': [None, 15, 15, 480], 'dtype': 'float32', 'keras_history': ['block4c_se_excite', 0, 0]}}], 'kwargs': {}}]}, {'module': 'keras.layers', 'class_name': 'BatchNormalization', 'config': {'name': 'block4c_project_bn', 'trainable': False, 'dtype': {'module': 'keras', 'class_name': 'DTypePolicy', 'config': {'name': 'float32'}, 'registered_name': None}, 'axis': 3, 'momentum': 0.99, 'epsilon': 0.001, 'center': True, 'scale': True, 'beta_initializer': {'module': 'keras.initializers', 'class_name': 'Zeros', 'config': {}, 'registered_name': None}, 'gamma_initializer': {'module': 'keras.initializers', 'class_name': 'Ones', 'config': {}, 'registered_name': None}, 'moving_mean_initializer': {'module': 'keras.initializers', 'class_name': 'Zeros', 'config': {}, 'registered_name': None}, 'moving_variance_initializer': {'module': 'keras.initializers', 'class_name': 'Ones', 'config': {}, 'registered_name': None}, 'beta_regularizer': None, 'gamma_regularizer': None, 'beta_constraint': None, 'gamma_constraint': None, 'synchronized': False}, 'registered_name': None, 'build_config': {'input_shape': [None, 15, 15, 80]}, 'name': 'block4c_project_bn', 'inbound_nodes': [{'args': [{'class_name': '__keras_tensor__', 'config': {'shape': [None, 15, 15, 80], 'dtype': 'float32', 'keras_history': ['block4c_project_conv', 0, 0]}}], 'kwargs': {'mask': None}}]}, {'module': 'keras.layers', 'class_name': 'Dropout', 'config': {'name': 'block4c_drop', 'trainable': False, 'dtype': {'module': 'keras', 'class_name': 'DTypePolicy', 'config': {'name': 'float32'}, 'registered_name': None}, 'rate': 0.08695652173913043, 'seed': None, 'noise_shape': [None, 1, 1, 1]}, 'registered_name': None, 'name': 'block4c_drop', 'inbound_nodes': [{'args': [{'class_name': '__keras_tensor__', 'config': {'shape': [None, 15, 15, 80], 'dtype': 'float32', 'keras_history': ['block4c_project_bn', 0, 0]}}], 'kwargs': {'training': False}}]}, {'module': 'keras.layers', 'class_name': 'Add', 'config': {'name': 'block4c_add', 'trainable': False, 'dtype': {'module': 'keras', 'class_name': 'DTypePolicy', 'config': {'name': 'float32'}, 'registered_name': None}}, 'registered_name': None, 'build_config': {'input_shape': [[None, 15, 15, 80], [None, 15, 15, 80]]}, 'name': 'block4c_add', 'inbound_nodes': [{'args': [[{'class_name': '__keras_tensor__', 'config': {'shape': [None, 15, 15, 80], 'dtype': 'float32', 'keras_history': ['block4c_drop', 0, 0]}}, {'class_name': '__keras_tensor__', 'config': {'shape': [None, 15, 15, 80], 'dtype': 'float32', 'keras_history': ['block4b_add', 0, 0]}}]], 'kwargs': {}}]}, {'module': 'keras.layers', 'class_name': 'Conv2D', 'config': {'name': 'block4d_expand_conv', 'trainable': False, 'dtype': {'module': 'keras', 'class_name': 'DTypePolicy', 'config': {'name': 'float32'}, 'registered_name': None}, 'filters': 480, 'kernel_size': [1, 1], 'strides': [1, 1], 'padding': 'same', 'data_format': 'channels_last', 'dilation_rate': [1, 1], 'groups': 1, 'activation': 'linear', 'use_bias': False, 'kernel_initializer': {'module': 'keras.initializers', 'class_name': 'VarianceScaling', 'config': {'seed': None, 'scale': 2.0, 'mode': 'fan_out', 'distribution': 'truncated_normal'}, 'registered_name': None}, 'bias_initializer': {'module': 'keras.initializers', 'class_name': 'Zeros', 'config': {}, 'registered_name': None}, 'kernel_regularizer': None, 'bias_regularizer': None, 'activity_regularizer': None, 'kernel_constraint': None, 'bias_constraint': None}, 'registered_name': None, 'build_config': {'input_shape': [None, 15, 15, 80]}, 'name': 'block4d_expand_conv', 'inbound_nodes': [{'args': [{'class_name': '__keras_tensor__', 'config': {'shape': [None, 15, 15, 80], 'dtype': 'float32', 'keras_history': ['block4c_add', 0, 0]}}], 'kwargs': {}}]}, {'module': 'keras.layers', 'class_name': 'BatchNormalization', 'config': {'name': 'block4d_expand_bn', 'trainable': False, 'dtype': {'module': 'keras', 'class_name': 'DTypePolicy', 'config': {'name': 'float32'}, 'registered_name': None}, 'axis': 3, 'momentum': 0.99, 'epsilon': 0.001, 'center': True, 'scale': True, 'beta_initializer': {'module': 'keras.initializers', 'class_name': 'Zeros', 'config': {}, 'registered_name': None}, 'gamma_initializer': {'module': 'keras.initializers', 'class_name': 'Ones', 'config': {}, 'registered_name': None}, 'moving_mean_initializer': {'module': 'keras.initializers', 'class_name': 'Zeros', 'config': {}, 'registered_name': None}, 'moving_variance_initializer': {'module': 'keras.initializers', 'class_name': 'Ones', 'config': {}, 'registered_name': None}, 'beta_regularizer': None, 'gamma_regularizer': None, 'beta_constraint': None, 'gamma_constraint': None, 'synchronized': False}, 'registered_name': None, 'build_config': {'input_shape': [None, 15, 15, 480]}, 'name': 'block4d_expand_bn', 'inbound_nodes': [{'args': [{'class_name': '__keras_tensor__', 'config': {'shape': [None, 15, 15, 480], 'dtype': 'float32', 'keras_history': ['block4d_expand_conv', 0, 0]}}], 'kwargs': {'mask': None}}]}, {'module': 'keras.layers', 'class_name': 'Activation', 'config': {'name': 'block4d_expand_activation', 'trainable': False, 'dtype': {'module': 'keras', 'class_name': 'DTypePolicy', 'config': {'name': 'float32'}, 'registered_name': None}, 'activation': 'silu'}, 'registered_name': None, 'name': 'block4d_expand_activation', 'inbound_nodes': [{'args': [{'class_name': '__keras_tensor__', 'config': {'shape': [None, 15, 15, 480], 'dtype': 'float32', 'keras_history': ['block4d_expand_bn', 0, 0]}}], 'kwargs': {}}]}, {'module': 'keras.layers', 'class_name': 'DepthwiseConv2D', 'config': {'name': 'block4d_dwconv', 'trainable': False, 'dtype': {'module': 'keras', 'class_name': 'DTypePolicy', 'config': {'name': 'float32'}, 'registered_name': None}, 'depth_multiplier': 1, 'kernel_size': [3, 3], 'strides': [1, 1], 'padding': 'same', 'data_format': 'channels_last', 'dilation_rate': [1, 1], 'activation': 'linear', 'use_bias': False, 'depthwise_initializer': {'module': 'keras.initializers', 'class_name': 'VarianceScaling', 'config': {'seed': None, 'scale': 2.0, 'mode': 'fan_out', 'distribution': 'truncated_normal'}, 'registered_name': None}, 'bias_initializer': {'module': 'keras.initializers', 'class_name': 'Zeros', 'config': {}, 'registered_name': None}, 'depthwise_regularizer': None, 'bias_regularizer': None, 'activity_regularizer': None, 'depthwise_constraint': None, 'bias_constraint': None}, 'registered_name': None, 'build_config': {'input_shape': [None, 15, 15, 480]}, 'name': 'block4d_dwconv', 'inbound_nodes': [{'args': [{'class_name': '__keras_tensor__', 'config': {'shape': [None, 15, 15, 480], 'dtype': 'float32', 'keras_history': ['block4d_expand_activation', 0, 0]}}], 'kwargs': {}}]}, {'module': 'keras.layers', 'class_name': 'BatchNormalization', 'config': {'name': 'block4d_bn', 'trainable': False, 'dtype': {'module': 'keras', 'class_name': 'DTypePolicy', 'config': {'name': 'float32'}, 'registered_name': None}, 'axis': 3, 'momentum': 0.99, 'epsilon': 0.001, 'center': True, 'scale': True, 'beta_initializer': {'module': 'keras.initializers', 'class_name': 'Zeros', 'config': {}, 'registered_name': None}, 'gamma_initializer': {'module': 'keras.initializers', 'class_name': 'Ones', 'config': {}, 'registered_name': None}, 'moving_mean_initializer': {'module': 'keras.initializers', 'class_name': 'Zeros', 'config': {}, 'registered_name': None}, 'moving_variance_initializer': {'module': 'keras.initializers', 'class_name': 'Ones', 'config': {}, 'registered_name': None}, 'beta_regularizer': None, 'gamma_regularizer': None, 'beta_constraint': None, 'gamma_constraint': None, 'synchronized': False}, 'registered_name': None, 'build_config': {'input_shape': [None, 15, 15, 480]}, 'name': 'block4d_bn', 'inbound_nodes': [{'args': [{'class_name': '__keras_tensor__', 'config': {'shape': [None, 15, 15, 480], 'dtype': 'float32', 'keras_history': ['block4d_dwconv', 0, 0]}}], 'kwargs': {'mask': None}}]}, {'module': 'keras.layers', 'class_name': 'Activation', 'config': {'name': 'block4d_activation', 'trainable': False, 'dtype': {'module': 'keras', 'class_name': 'DTypePolicy', 'config': {'name': 'float32'}, 'registered_name': None}, 'activation': 'silu'}, 'registered_name': None, 'name': 'block4d_activation', 'inbound_nodes': [{'args': [{'class_name': '__keras_tensor__', 'config': {'shape': [None, 15, 15, 480], 'dtype': 'float32', 'keras_history': ['block4d_bn', 0, 0]}}], 'kwargs': {}}]}, {'module': 'keras.layers', 'class_name': 'GlobalAveragePooling2D', 'config': {'name': 'block4d_se_squeeze', 'trainable': False, 'dtype': {'module': 'keras', 'class_name': 'DTypePolicy', 'config': {'name': 'float32'}, 'registered_name': None}, 'data_format': 'channels_last', 'keepdims': False}, 'registered_name': None, 'name': 'block4d_se_squeeze', 'inbound_nodes': [{'args': [{'class_name': '__keras_tensor__', 'config': {'shape': [None, 15, 15, 480], 'dtype': 'float32', 'keras_history': ['block4d_activation', 0, 0]}}], 'kwargs': {}}]}, {'module': 'keras.layers', 'class_name': 'Reshape', 'config': {'name': 'block4d_se_reshape', 'trainable': False, 'dtype': {'module': 'keras', 'class_name': 'DTypePolicy', 'config': {'name': 'float32'}, 'registered_name': None}, 'target_shape': [1, 1, 480]}, 'registered_name': None, 'name': 'block4d_se_reshape', 'inbound_nodes': [{'args': [{'class_name': '__keras_tensor__', 'config': {'shape': [None, 480], 'dtype': 'float32', 'keras_history': ['block4d_se_squeeze', 0, 0]}}], 'kwargs': {}}]}, {'module': 'keras.layers', 'class_name': 'Conv2D', 'config': {'name': 'block4d_se_reduce', 'trainable': False, 'dtype': {'module': 'keras', 'class_name': 'DTypePolicy', 'config': {'name': 'float32'}, 'registered_name': None}, 'filters': 20, 'kernel_size': [1, 1], 'strides': [1, 1], 'padding': 'same', 'data_format': 'channels_last', 'dilation_rate': [1, 1], 'groups': 1, 'activation': 'silu', 'use_bias': True, 'kernel_initializer': {'module': 'keras.initializers', 'class_name': 'VarianceScaling', 'config': {'seed': None, 'scale': 2.0, 'mode': 'fan_out', 'distribution': 'truncated_normal'}, 'registered_name': None}, 'bias_initializer': {'module': 'keras.initializers', 'class_name': 'Zeros', 'config': {}, 'registered_name': None}, 'kernel_regularizer': None, 'bias_regularizer': None, 'activity_regularizer': None, 'kernel_constraint': None, 'bias_constraint': None}, 'registered_name': None, 'build_config': {'input_shape': [None, 1, 1, 480]}, 'name': 'block4d_se_reduce', 'inbound_nodes': [{'args': [{'class_name': '__keras_tensor__', 'config': {'shape': [None, 1, 1, 480], 'dtype': 'float32', 'keras_history': ['block4d_se_reshape', 0, 0]}}], 'kwargs': {}}]}, {'module': 'keras.layers', 'class_name': 'Conv2D', 'config': {'name': 'block4d_se_expand', 'trainable': False, 'dtype': {'module': 'keras', 'class_name': 'DTypePolicy', 'config': {'name': 'float32'}, 'registered_name': None}, 'filters': 480, 'kernel_size': [1, 1], 'strides': [1, 1], 'padding': 'same', 'data_format': 'channels_last', 'dilation_rate': [1, 1], 'groups': 1, 'activation': 'sigmoid', 'use_bias': True, 'kernel_initializer': {'module': 'keras.initializers', 'class_name': 'VarianceScaling', 'config': {'seed': None, 'scale': 2.0, 'mode': 'fan_out', 'distribution': 'truncated_normal'}, 'registered_name': None}, 'bias_initializer': {'module': 'keras.initializers', 'class_name': 'Zeros', 'config': {}, 'registered_name': None}, 'kernel_regularizer': None, 'bias_regularizer': None, 'activity_regularizer': None, 'kernel_constraint': None, 'bias_constraint': None}, 'registered_name': None, 'build_config': {'input_shape': [None, 1, 1, 20]}, 'name': 'block4d_se_expand', 'inbound_nodes': [{'args': [{'class_name': '__keras_tensor__', 'config': {'shape': [None, 1, 1, 20], 'dtype': 'float32', 'keras_history': ['block4d_se_reduce', 0, 0]}}], 'kwargs': {}}]}, {'module': 'keras.layers', 'class_name': 'Multiply', 'config': {'name': 'block4d_se_excite', 'trainable': False, 'dtype': {'module': 'keras', 'class_name': 'DTypePolicy', 'config': {'name': 'float32'}, 'registered_name': None}}, 'registered_name': None, 'build_config': {'input_shape': [[None, 15, 15, 480], [None, 1, 1, 480]]}, 'name': 'block4d_se_excite', 'inbound_nodes': [{'args': [[{'class_name': '__keras_tensor__', 'config': {'shape': [None, 15, 15, 480], 'dtype': 'float32', 'keras_history': ['block4d_activation', 0, 0]}}, {'class_name': '__keras_tensor__', 'config': {'shape': [None, 1, 1, 480], 'dtype': 'float32', 'keras_history': ['block4d_se_expand', 0, 0]}}]], 'kwargs': {}}]}, {'module': 'keras.layers', 'class_name': 'Conv2D', 'config': {'name': 'block4d_project_conv', 'trainable': False, 'dtype': {'module': 'keras', 'class_name': 'DTypePolicy', 'config': {'name': 'float32'}, 'registered_name': None}, 'filters': 80, 'kernel_size': [1, 1], 'strides': [1, 1], 'padding': 'same', 'data_format': 'channels_last', 'dilation_rate': [1, 1], 'groups': 1, 'activation': 'linear', 'use_bias': False, 'kernel_initializer': {'module': 'keras.initializers', 'class_name': 'VarianceScaling', 'config': {'seed': None, 'scale': 2.0, 'mode': 'fan_out', 'distribution': 'truncated_normal'}, 'registered_name': None}, 'bias_initializer': {'module': 'keras.initializers', 'class_name': 'Zeros', 'config': {}, 'registered_name': None}, 'kernel_regularizer': None, 'bias_regularizer': None, 'activity_regularizer': None, 'kernel_constraint': None, 'bias_constraint': None}, 'registered_name': None, 'build_config': {'input_shape': [None, 15, 15, 480]}, 'name': 'block4d_project_conv', 'inbound_nodes': [{'args': [{'class_name': '__keras_tensor__', 'config': {'shape': [None, 15, 15, 480], 'dtype': 'float32', 'keras_history': ['block4d_se_excite', 0, 0]}}], 'kwargs': {}}]}, {'module': 'keras.layers', 'class_name': 'BatchNormalization', 'config': {'name': 'block4d_project_bn', 'trainable': False, 'dtype': {'module': 'keras', 'class_name': 'DTypePolicy', 'config': {'name': 'float32'}, 'registered_name': None}, 'axis': 3, 'momentum': 0.99, 'epsilon': 0.001, 'center': True, 'scale': True, 'beta_initializer': {'module': 'keras.initializers', 'class_name': 'Zeros', 'config': {}, 'registered_name': None}, 'gamma_initializer': {'module': 'keras.initializers', 'class_name': 'Ones', 'config': {}, 'registered_name': None}, 'moving_mean_initializer': {'module': 'keras.initializers', 'class_name': 'Zeros', 'config': {}, 'registered_name': None}, 'moving_variance_initializer': {'module': 'keras.initializers', 'class_name': 'Ones', 'config': {}, 'registered_name': None}, 'beta_regularizer': None, 'gamma_regularizer': None, 'beta_constraint': None, 'gamma_constraint': None, 'synchronized': False}, 'registered_name': None, 'build_config': {'input_shape': [None, 15, 15, 80]}, 'name': 'block4d_project_bn', 'inbound_nodes': [{'args': [{'class_name': '__keras_tensor__', 'config': {'shape': [None, 15, 15, 80], 'dtype': 'float32', 'keras_history': ['block4d_project_conv', 0, 0]}}], 'kwargs': {'mask': None}}]}, {'module': 'keras.layers', 'class_name': 'Dropout', 'config': {'name': 'block4d_drop', 'trainable': False, 'dtype': {'module': 'keras', 'class_name': 'DTypePolicy', 'config': {'name': 'float32'}, 'registered_name': None}, 'rate': 0.09565217391304348, 'seed': None, 'noise_shape': [None, 1, 1, 1]}, 'registered_name': None, 'name': 'block4d_drop', 'inbound_nodes': [{'args': [{'class_name': '__keras_tensor__', 'config': {'shape': [None, 15, 15, 80], 'dtype': 'float32', 'keras_history': ['block4d_project_bn', 0, 0]}}], 'kwargs': {'training': False}}]}, {'module': 'keras.layers', 'class_name': 'Add', 'config': {'name': 'block4d_add', 'trainable': False, 'dtype': {'module': 'keras', 'class_name': 'DTypePolicy', 'config': {'name': 'float32'}, 'registered_name': None}}, 'registered_name': None, 'build_config': {'input_shape': [[None, 15, 15, 80], [None, 15, 15, 80]]}, 'name': 'block4d_add', 'inbound_nodes': [{'args': [[{'class_name': '__keras_tensor__', 'config': {'shape': [None, 15, 15, 80], 'dtype': 'float32', 'keras_history': ['block4d_drop', 0, 0]}}, {'class_name': '__keras_tensor__', 'config': {'shape': [None, 15, 15, 80], 'dtype': 'float32', 'keras_history': ['block4c_add', 0, 0]}}]], 'kwargs': {}}]}, {'module': 'keras.layers', 'class_name': 'Conv2D', 'config': {'name': 'block5a_expand_conv', 'trainable': False, 'dtype': {'module': 'keras', 'class_name': 'DTypePolicy', 'config': {'name': 'float32'}, 'registered_name': None}, 'filters': 480, 'kernel_size': [1, 1], 'strides': [1, 1], 'padding': 'same', 'data_format': 'channels_last', 'dilation_rate': [1, 1], 'groups': 1, 'activation': 'linear', 'use_bias': False, 'kernel_initializer': {'module': 'keras.initializers', 'class_name': 'VarianceScaling', 'config': {'seed': None, 'scale': 2.0, 'mode': 'fan_out', 'distribution': 'truncated_normal'}, 'registered_name': None}, 'bias_initializer': {'module': 'keras.initializers', 'class_name': 'Zeros', 'config': {}, 'registered_name': None}, 'kernel_regularizer': None, 'bias_regularizer': None, 'activity_regularizer': None, 'kernel_constraint': None, 'bias_constraint': None}, 'registered_name': None, 'build_config': {'input_shape': [None, 15, 15, 80]}, 'name': 'block5a_expand_conv', 'inbound_nodes': [{'args': [{'class_name': '__keras_tensor__', 'config': {'shape': [None, 15, 15, 80], 'dtype': 'float32', 'keras_history': ['block4d_add', 0, 0]}}], 'kwargs': {}}]}, {'module': 'keras.layers', 'class_name': 'BatchNormalization', 'config': {'name': 'block5a_expand_bn', 'trainable': False, 'dtype': {'module': 'keras', 'class_name': 'DTypePolicy', 'config': {'name': 'float32'}, 'registered_name': None}, 'axis': 3, 'momentum': 0.99, 'epsilon': 0.001, 'center': True, 'scale': True, 'beta_initializer': {'module': 'keras.initializers', 'class_name': 'Zeros', 'config': {}, 'registered_name': None}, 'gamma_initializer': {'module': 'keras.initializers', 'class_name': 'Ones', 'config': {}, 'registered_name': None}, 'moving_mean_initializer': {'module': 'keras.initializers', 'class_name': 'Zeros', 'config': {}, 'registered_name': None}, 'moving_variance_initializer': {'module': 'keras.initializers', 'class_name': 'Ones', 'config': {}, 'registered_name': None}, 'beta_regularizer': None, 'gamma_regularizer': None, 'beta_constraint': None, 'gamma_constraint': None, 'synchronized': False}, 'registered_name': None, 'build_config': {'input_shape': [None, 15, 15, 480]}, 'name': 'block5a_expand_bn', 'inbound_nodes': [{'args': [{'class_name': '__keras_tensor__', 'config': {'shape': [None, 15, 15, 480], 'dtype': 'float32', 'keras_history': ['block5a_expand_conv', 0, 0]}}], 'kwargs': {'mask': None}}]}, {'module': 'keras.layers', 'class_name': 'Activation', 'config': {'name': 'block5a_expand_activation', 'trainable': False, 'dtype': {'module': 'keras', 'class_name': 'DTypePolicy', 'config': {'name': 'float32'}, 'registered_name': None}, 'activation': 'silu'}, 'registered_name': None, 'name': 'block5a_expand_activation', 'inbound_nodes': [{'args': [{'class_name': '__keras_tensor__', 'config': {'shape': [None, 15, 15, 480], 'dtype': 'float32', 'keras_history': ['block5a_expand_bn', 0, 0]}}], 'kwargs': {}}]}, {'module': 'keras.layers', 'class_name': 'DepthwiseConv2D', 'config': {'name': 'block5a_dwconv', 'trainable': False, 'dtype': {'module': 'keras', 'class_name': 'DTypePolicy', 'config': {'name': 'float32'}, 'registered_name': None}, 'depth_multiplier': 1, 'kernel_size': [5, 5], 'strides': [1, 1], 'padding': 'same', 'data_format': 'channels_last', 'dilation_rate': [1, 1], 'activation': 'linear', 'use_bias': False, 'depthwise_initializer': {'module': 'keras.initializers', 'class_name': 'VarianceScaling', 'config': {'seed': None, 'scale': 2.0, 'mode': 'fan_out', 'distribution': 'truncated_normal'}, 'registered_name': None}, 'bias_initializer': {'module': 'keras.initializers', 'class_name': 'Zeros', 'config': {}, 'registered_name': None}, 'depthwise_regularizer': None, 'bias_regularizer': None, 'activity_regularizer': None, 'depthwise_constraint': None, 'bias_constraint': None}, 'registered_name': None, 'build_config': {'input_shape': [None, 15, 15, 480]}, 'name': 'block5a_dwconv', 'inbound_nodes': [{'args': [{'class_name': '__keras_tensor__', 'config': {'shape': [None, 15, 15, 480], 'dtype': 'float32', 'keras_history': ['block5a_expand_activation', 0, 0]}}], 'kwargs': {}}]}, {'module': 'keras.layers', 'class_name': 'BatchNormalization', 'config': {'name': 'block5a_bn', 'trainable': False, 'dtype': {'module': 'keras', 'class_name': 'DTypePolicy', 'config': {'name': 'float32'}, 'registered_name': None}, 'axis': 3, 'momentum': 0.99, 'epsilon': 0.001, 'center': True, 'scale': True, 'beta_initializer': {'module': 'keras.initializers', 'class_name': 'Zeros', 'config': {}, 'registered_name': None}, 'gamma_initializer': {'module': 'keras.initializers', 'class_name': 'Ones', 'config': {}, 'registered_name': None}, 'moving_mean_initializer': {'module': 'keras.initializers', 'class_name': 'Zeros', 'config': {}, 'registered_name': None}, 'moving_variance_initializer': {'module': 'keras.initializers', 'class_name': 'Ones', 'config': {}, 'registered_name': None}, 'beta_regularizer': None, 'gamma_regularizer': None, 'beta_constraint': None, 'gamma_constraint': None, 'synchronized': False}, 'registered_name': None, 'build_config': {'input_shape': [None, 15, 15, 480]}, 'name': 'block5a_bn', 'inbound_nodes': [{'args': [{'class_name': '__keras_tensor__', 'config': {'shape': [None, 15, 15, 480], 'dtype': 'float32', 'keras_history': ['block5a_dwconv', 0, 0]}}], 'kwargs': {'mask': None}}]}, {'module': 'keras.layers', 'class_name': 'Activation', 'config': {'name': 'block5a_activation', 'trainable': False, 'dtype': {'module': 'keras', 'class_name': 'DTypePolicy', 'config': {'name': 'float32'}, 'registered_name': None}, 'activation': 'silu'}, 'registered_name': None, 'name': 'block5a_activation', 'inbound_nodes': [{'args': [{'class_name': '__keras_tensor__', 'config': {'shape': [None, 15, 15, 480], 'dtype': 'float32', 'keras_history': ['block5a_bn', 0, 0]}}], 'kwargs': {}}]}, {'module': 'keras.layers', 'class_name': 'GlobalAveragePooling2D', 'config': {'name': 'block5a_se_squeeze', 'trainable': False, 'dtype': {'module': 'keras', 'class_name': 'DTypePolicy', 'config': {'name': 'float32'}, 'registered_name': None}, 'data_format': 'channels_last', 'keepdims': False}, 'registered_name': None, 'name': 'block5a_se_squeeze', 'inbound_nodes': [{'args': [{'class_name': '__keras_tensor__', 'config': {'shape': [None, 15, 15, 480], 'dtype': 'float32', 'keras_history': ['block5a_activation', 0, 0]}}], 'kwargs': {}}]}, {'module': 'keras.layers', 'class_name': 'Reshape', 'config': {'name': 'block5a_se_reshape', 'trainable': False, 'dtype': {'module': 'keras', 'class_name': 'DTypePolicy', 'config': {'name': 'float32'}, 'registered_name': None}, 'target_shape': [1, 1, 480]}, 'registered_name': None, 'name': 'block5a_se_reshape', 'inbound_nodes': [{'args': [{'class_name': '__keras_tensor__', 'config': {'shape': [None, 480], 'dtype': 'float32', 'keras_history': ['block5a_se_squeeze', 0, 0]}}], 'kwargs': {}}]}, {'module': 'keras.layers', 'class_name': 'Conv2D', 'config': {'name': 'block5a_se_reduce', 'trainable': False, 'dtype': {'module': 'keras', 'class_name': 'DTypePolicy', 'config': {'name': 'float32'}, 'registered_name': None}, 'filters': 20, 'kernel_size': [1, 1], 'strides': [1, 1], 'padding': 'same', 'data_format': 'channels_last', 'dilation_rate': [1, 1], 'groups': 1, 'activation': 'silu', 'use_bias': True, 'kernel_initializer': {'module': 'keras.initializers', 'class_name': 'VarianceScaling', 'config': {'seed': None, 'scale': 2.0, 'mode': 'fan_out', 'distribution': 'truncated_normal'}, 'registered_name': None}, 'bias_initializer': {'module': 'keras.initializers', 'class_name': 'Zeros', 'config': {}, 'registered_name': None}, 'kernel_regularizer': None, 'bias_regularizer': None, 'activity_regularizer': None, 'kernel_constraint': None, 'bias_constraint': None}, 'registered_name': None, 'build_config': {'input_shape': [None, 1, 1, 480]}, 'name': 'block5a_se_reduce', 'inbound_nodes': [{'args': [{'class_name': '__keras_tensor__', 'config': {'shape': [None, 1, 1, 480], 'dtype': 'float32', 'keras_history': ['block5a_se_reshape', 0, 0]}}], 'kwargs': {}}]}, {'module': 'keras.layers', 'class_name': 'Conv2D', 'config': {'name': 'block5a_se_expand', 'trainable': False, 'dtype': {'module': 'keras', 'class_name': 'DTypePolicy', 'config': {'name': 'float32'}, 'registered_name': None}, 'filters': 480, 'kernel_size': [1, 1], 'strides': [1, 1], 'padding': 'same', 'data_format': 'channels_last', 'dilation_rate': [1, 1], 'groups': 1, 'activation': 'sigmoid', 'use_bias': True, 'kernel_initializer': {'module': 'keras.initializers', 'class_name': 'VarianceScaling', 'config': {'seed': None, 'scale': 2.0, 'mode': 'fan_out', 'distribution': 'truncated_normal'}, 'registered_name': None}, 'bias_initializer': {'module': 'keras.initializers', 'class_name': 'Zeros', 'config': {}, 'registered_name': None}, 'kernel_regularizer': None, 'bias_regularizer': None, 'activity_regularizer': None, 'kernel_constraint': None, 'bias_constraint': None}, 'registered_name': None, 'build_config': {'input_shape': [None, 1, 1, 20]}, 'name': 'block5a_se_expand', 'inbound_nodes': [{'args': [{'class_name': '__keras_tensor__', 'config': {'shape': [None, 1, 1, 20], 'dtype': 'float32', 'keras_history': ['block5a_se_reduce', 0, 0]}}], 'kwargs': {}}]}, {'module': 'keras.layers', 'class_name': 'Multiply', 'config': {'name': 'block5a_se_excite', 'trainable': False, 'dtype': {'module': 'keras', 'class_name': 'DTypePolicy', 'config': {'name': 'float32'}, 'registered_name': None}}, 'registered_name': None, 'build_config': {'input_shape': [[None, 15, 15, 480], [None, 1, 1, 480]]}, 'name': 'block5a_se_excite', 'inbound_nodes': [{'args': [[{'class_name': '__keras_tensor__', 'config': {'shape': [None, 15, 15, 480], 'dtype': 'float32', 'keras_history': ['block5a_activation', 0, 0]}}, {'class_name': '__keras_tensor__', 'config': {'shape': [None, 1, 1, 480], 'dtype': 'float32', 'keras_history': ['block5a_se_expand', 0, 0]}}]], 'kwargs': {}}]}, {'module': 'keras.layers', 'class_name': 'Conv2D', 'config': {'name': 'block5a_project_conv', 'trainable': False, 'dtype': {'module': 'keras', 'class_name': 'DTypePolicy', 'config': {'name': 'float32'}, 'registered_name': None}, 'filters': 112, 'kernel_size': [1, 1], 'strides': [1, 1], 'padding': 'same', 'data_format': 'channels_last', 'dilation_rate': [1, 1], 'groups': 1, 'activation': 'linear', 'use_bias': False, 'kernel_initializer': {'module': 'keras.initializers', 'class_name': 'VarianceScaling', 'config': {'seed': None, 'scale': 2.0, 'mode': 'fan_out', 'distribution': 'truncated_normal'}, 'registered_name': None}, 'bias_initializer': {'module': 'keras.initializers', 'class_name': 'Zeros', 'config': {}, 'registered_name': None}, 'kernel_regularizer': None, 'bias_regularizer': None, 'activity_regularizer': None, 'kernel_constraint': None, 'bias_constraint': None}, 'registered_name': None, 'build_config': {'input_shape': [None, 15, 15, 480]}, 'name': 'block5a_project_conv', 'inbound_nodes': [{'args': [{'class_name': '__keras_tensor__', 'config': {'shape': [None, 15, 15, 480], 'dtype': 'float32', 'keras_history': ['block5a_se_excite', 0, 0]}}], 'kwargs': {}}]}, {'module': 'keras.layers', 'class_name': 'BatchNormalization', 'config': {'name': 'block5a_project_bn', 'trainable': False, 'dtype': {'module': 'keras', 'class_name': 'DTypePolicy', 'config': {'name': 'float32'}, 'registered_name': None}, 'axis': 3, 'momentum': 0.99, 'epsilon': 0.001, 'center': True, 'scale': True, 'beta_initializer': {'module': 'keras.initializers', 'class_name': 'Zeros', 'config': {}, 'registered_name': None}, 'gamma_initializer': {'module': 'keras.initializers', 'class_name': 'Ones', 'config': {}, 'registered_name': None}, 'moving_mean_initializer': {'module': 'keras.initializers', 'class_name': 'Zeros', 'config': {}, 'registered_name': None}, 'moving_variance_initializer': {'module': 'keras.initializers', 'class_name': 'Ones', 'config': {}, 'registered_name': None}, 'beta_regularizer': None, 'gamma_regularizer': None, 'beta_constraint': None, 'gamma_constraint': None, 'synchronized': False}, 'registered_name': None, 'build_config': {'input_shape': [None, 15, 15, 112]}, 'name': 'block5a_project_bn', 'inbound_nodes': [{'args': [{'class_name': '__keras_tensor__', 'config': {'shape': [None, 15, 15, 112], 'dtype': 'float32', 'keras_history': ['block5a_project_conv', 0, 0]}}], 'kwargs': {'mask': None}}]}, {'module': 'keras.layers', 'class_name': 'Conv2D', 'config': {'name': 'block5b_expand_conv', 'trainable': False, 'dtype': {'module': 'keras', 'class_name': 'DTypePolicy', 'config': {'name': 'float32'}, 'registered_name': None}, 'filters': 672, 'kernel_size': [1, 1], 'strides': [1, 1], 'padding': 'same', 'data_format': 'channels_last', 'dilation_rate': [1, 1], 'groups': 1, 'activation': 'linear', 'use_bias': False, 'kernel_initializer': {'module': 'keras.initializers', 'class_name': 'VarianceScaling', 'config': {'seed': None, 'scale': 2.0, 'mode': 'fan_out', 'distribution': 'truncated_normal'}, 'registered_name': None}, 'bias_initializer': {'module': 'keras.initializers', 'class_name': 'Zeros', 'config': {}, 'registered_name': None}, 'kernel_regularizer': None, 'bias_regularizer': None, 'activity_regularizer': None, 'kernel_constraint': None, 'bias_constraint': None}, 'registered_name': None, 'build_config': {'input_shape': [None, 15, 15, 112]}, 'name': 'block5b_expand_conv', 'inbound_nodes': [{'args': [{'class_name': '__keras_tensor__', 'config': {'shape': [None, 15, 15, 112], 'dtype': 'float32', 'keras_history': ['block5a_project_bn', 0, 0]}}], 'kwargs': {}}]}, {'module': 'keras.layers', 'class_name': 'BatchNormalization', 'config': {'name': 'block5b_expand_bn', 'trainable': False, 'dtype': {'module': 'keras', 'class_name': 'DTypePolicy', 'config': {'name': 'float32'}, 'registered_name': None}, 'axis': 3, 'momentum': 0.99, 'epsilon': 0.001, 'center': True, 'scale': True, 'beta_initializer': {'module': 'keras.initializers', 'class_name': 'Zeros', 'config': {}, 'registered_name': None}, 'gamma_initializer': {'module': 'keras.initializers', 'class_name': 'Ones', 'config': {}, 'registered_name': None}, 'moving_mean_initializer': {'module': 'keras.initializers', 'class_name': 'Zeros', 'config': {}, 'registered_name': None}, 'moving_variance_initializer': {'module': 'keras.initializers', 'class_name': 'Ones', 'config': {}, 'registered_name': None}, 'beta_regularizer': None, 'gamma_regularizer': None, 'beta_constraint': None, 'gamma_constraint': None, 'synchronized': False}, 'registered_name': None, 'build_config': {'input_shape': [None, 15, 15, 672]}, 'name': 'block5b_expand_bn', 'inbound_nodes': [{'args': [{'class_name': '__keras_tensor__', 'config': {'shape': [None, 15, 15, 672], 'dtype': 'float32', 'keras_history': ['block5b_expand_conv', 0, 0]}}], 'kwargs': {'mask': None}}]}, {'module': 'keras.layers', 'class_name': 'Activation', 'config': {'name': 'block5b_expand_activation', 'trainable': False, 'dtype': {'module': 'keras', 'class_name': 'DTypePolicy', 'config': {'name': 'float32'}, 'registered_name': None}, 'activation': 'silu'}, 'registered_name': None, 'name': 'block5b_expand_activation', 'inbound_nodes': [{'args': [{'class_name': '__keras_tensor__', 'config': {'shape': [None, 15, 15, 672], 'dtype': 'float32', 'keras_history': ['block5b_expand_bn', 0, 0]}}], 'kwargs': {}}]}, {'module': 'keras.layers', 'class_name': 'DepthwiseConv2D', 'config': {'name': 'block5b_dwconv', 'trainable': False, 'dtype': {'module': 'keras', 'class_name': 'DTypePolicy', 'config': {'name': 'float32'}, 'registered_name': None}, 'depth_multiplier': 1, 'kernel_size': [5, 5], 'strides': [1, 1], 'padding': 'same', 'data_format': 'channels_last', 'dilation_rate': [1, 1], 'activation': 'linear', 'use_bias': False, 'depthwise_initializer': {'module': 'keras.initializers', 'class_name': 'VarianceScaling', 'config': {'seed': None, 'scale': 2.0, 'mode': 'fan_out', 'distribution': 'truncated_normal'}, 'registered_name': None}, 'bias_initializer': {'module': 'keras.initializers', 'class_name': 'Zeros', 'config': {}, 'registered_name': None}, 'depthwise_regularizer': None, 'bias_regularizer': None, 'activity_regularizer': None, 'depthwise_constraint': None, 'bias_constraint': None}, 'registered_name': None, 'build_config': {'input_shape': [None, 15, 15, 672]}, 'name': 'block5b_dwconv', 'inbound_nodes': [{'args': [{'class_name': '__keras_tensor__', 'config': {'shape': [None, 15, 15, 672], 'dtype': 'float32', 'keras_history': ['block5b_expand_activation', 0, 0]}}], 'kwargs': {}}]}, {'module': 'keras.layers', 'class_name': 'BatchNormalization', 'config': {'name': 'block5b_bn', 'trainable': False, 'dtype': {'module': 'keras', 'class_name': 'DTypePolicy', 'config': {'name': 'float32'}, 'registered_name': None}, 'axis': 3, 'momentum': 0.99, 'epsilon': 0.001, 'center': True, 'scale': True, 'beta_initializer': {'module': 'keras.initializers', 'class_name': 'Zeros', 'config': {}, 'registered_name': None}, 'gamma_initializer': {'module': 'keras.initializers', 'class_name': 'Ones', 'config': {}, 'registered_name': None}, 'moving_mean_initializer': {'module': 'keras.initializers', 'class_name': 'Zeros', 'config': {}, 'registered_name': None}, 'moving_variance_initializer': {'module': 'keras.initializers', 'class_name': 'Ones', 'config': {}, 'registered_name': None}, 'beta_regularizer': None, 'gamma_regularizer': None, 'beta_constraint': None, 'gamma_constraint': None, 'synchronized': False}, 'registered_name': None, 'build_config': {'input_shape': [None, 15, 15, 672]}, 'name': 'block5b_bn', 'inbound_nodes': [{'args': [{'class_name': '__keras_tensor__', 'config': {'shape': [None, 15, 15, 672], 'dtype': 'float32', 'keras_history': ['block5b_dwconv', 0, 0]}}], 'kwargs': {'mask': None}}]}, {'module': 'keras.layers', 'class_name': 'Activation', 'config': {'name': 'block5b_activation', 'trainable': False, 'dtype': {'module': 'keras', 'class_name': 'DTypePolicy', 'config': {'name': 'float32'}, 'registered_name': None}, 'activation': 'silu'}, 'registered_name': None, 'name': 'block5b_activation', 'inbound_nodes': [{'args': [{'class_name': '__keras_tensor__', 'config': {'shape': [None, 15, 15, 672], 'dtype': 'float32', 'keras_history': ['block5b_bn', 0, 0]}}], 'kwargs': {}}]}, {'module': 'keras.layers', 'class_name': 'GlobalAveragePooling2D', 'config': {'name': 'block5b_se_squeeze', 'trainable': False, 'dtype': {'module': 'keras', 'class_name': 'DTypePolicy', 'config': {'name': 'float32'}, 'registered_name': None}, 'data_format': 'channels_last', 'keepdims': False}, 'registered_name': None, 'name': 'block5b_se_squeeze', 'inbound_nodes': [{'args': [{'class_name': '__keras_tensor__', 'config': {'shape': [None, 15, 15, 672], 'dtype': 'float32', 'keras_history': ['block5b_activation', 0, 0]}}], 'kwargs': {}}]}, {'module': 'keras.layers', 'class_name': 'Reshape', 'config': {'name': 'block5b_se_reshape', 'trainable': False, 'dtype': {'module': 'keras', 'class_name': 'DTypePolicy', 'config': {'name': 'float32'}, 'registered_name': None}, 'target_shape': [1, 1, 672]}, 'registered_name': None, 'name': 'block5b_se_reshape', 'inbound_nodes': [{'args': [{'class_name': '__keras_tensor__', 'config': {'shape': [None, 672], 'dtype': 'float32', 'keras_history': ['block5b_se_squeeze', 0, 0]}}], 'kwargs': {}}]}, {'module': 'keras.layers', 'class_name': 'Conv2D', 'config': {'name': 'block5b_se_reduce', 'trainable': False, 'dtype': {'module': 'keras', 'class_name': 'DTypePolicy', 'config': {'name': 'float32'}, 'registered_name': None}, 'filters': 28, 'kernel_size': [1, 1], 'strides': [1, 1], 'padding': 'same', 'data_format': 'channels_last', 'dilation_rate': [1, 1], 'groups': 1, 'activation': 'silu', 'use_bias': True, 'kernel_initializer': {'module': 'keras.initializers', 'class_name': 'VarianceScaling', 'config': {'seed': None, 'scale': 2.0, 'mode': 'fan_out', 'distribution': 'truncated_normal'}, 'registered_name': None}, 'bias_initializer': {'module': 'keras.initializers', 'class_name': 'Zeros', 'config': {}, 'registered_name': None}, 'kernel_regularizer': None, 'bias_regularizer': None, 'activity_regularizer': None, 'kernel_constraint': None, 'bias_constraint': None}, 'registered_name': None, 'build_config': {'input_shape': [None, 1, 1, 672]}, 'name': 'block5b_se_reduce', 'inbound_nodes': [{'args': [{'class_name': '__keras_tensor__', 'config': {'shape': [None, 1, 1, 672], 'dtype': 'float32', 'keras_history': ['block5b_se_reshape', 0, 0]}}], 'kwargs': {}}]}, {'module': 'keras.layers', 'class_name': 'Conv2D', 'config': {'name': 'block5b_se_expand', 'trainable': False, 'dtype': {'module': 'keras', 'class_name': 'DTypePolicy', 'config': {'name': 'float32'}, 'registered_name': None}, 'filters': 672, 'kernel_size': [1, 1], 'strides': [1, 1], 'padding': 'same', 'data_format': 'channels_last', 'dilation_rate': [1, 1], 'groups': 1, 'activation': 'sigmoid', 'use_bias': True, 'kernel_initializer': {'module': 'keras.initializers', 'class_name': 'VarianceScaling', 'config': {'seed': None, 'scale': 2.0, 'mode': 'fan_out', 'distribution': 'truncated_normal'}, 'registered_name': None}, 'bias_initializer': {'module': 'keras.initializers', 'class_name': 'Zeros', 'config': {}, 'registered_name': None}, 'kernel_regularizer': None, 'bias_regularizer': None, 'activity_regularizer': None, 'kernel_constraint': None, 'bias_constraint': None}, 'registered_name': None, 'build_config': {'input_shape': [None, 1, 1, 28]}, 'name': 'block5b_se_expand', 'inbound_nodes': [{'args': [{'class_name': '__keras_tensor__', 'config': {'shape': [None, 1, 1, 28], 'dtype': 'float32', 'keras_history': ['block5b_se_reduce', 0, 0]}}], 'kwargs': {}}]}, {'module': 'keras.layers', 'class_name': 'Multiply', 'config': {'name': 'block5b_se_excite', 'trainable': False, 'dtype': {'module': 'keras', 'class_name': 'DTypePolicy', 'config': {'name': 'float32'}, 'registered_name': None}}, 'registered_name': None, 'build_config': {'input_shape': [[None, 15, 15, 672], [None, 1, 1, 672]]}, 'name': 'block5b_se_excite', 'inbound_nodes': [{'args': [[{'class_name': '__keras_tensor__', 'config': {'shape': [None, 15, 15, 672], 'dtype': 'float32', 'keras_history': ['block5b_activation', 0, 0]}}, {'class_name': '__keras_tensor__', 'config': {'shape': [None, 1, 1, 672], 'dtype': 'float32', 'keras_history': ['block5b_se_expand', 0, 0]}}]], 'kwargs': {}}]}, {'module': 'keras.layers', 'class_name': 'Conv2D', 'config': {'name': 'block5b_project_conv', 'trainable': False, 'dtype': {'module': 'keras', 'class_name': 'DTypePolicy', 'config': {'name': 'float32'}, 'registered_name': None}, 'filters': 112, 'kernel_size': [1, 1], 'strides': [1, 1], 'padding': 'same', 'data_format': 'channels_last', 'dilation_rate': [1, 1], 'groups': 1, 'activation': 'linear', 'use_bias': False, 'kernel_initializer': {'module': 'keras.initializers', 'class_name': 'VarianceScaling', 'config': {'seed': None, 'scale': 2.0, 'mode': 'fan_out', 'distribution': 'truncated_normal'}, 'registered_name': None}, 'bias_initializer': {'module': 'keras.initializers', 'class_name': 'Zeros', 'config': {}, 'registered_name': None}, 'kernel_regularizer': None, 'bias_regularizer': None, 'activity_regularizer': None, 'kernel_constraint': None, 'bias_constraint': None}, 'registered_name': None, 'build_config': {'input_shape': [None, 15, 15, 672]}, 'name': 'block5b_project_conv', 'inbound_nodes': [{'args': [{'class_name': '__keras_tensor__', 'config': {'shape': [None, 15, 15, 672], 'dtype': 'float32', 'keras_history': ['block5b_se_excite', 0, 0]}}], 'kwargs': {}}]}, {'module': 'keras.layers', 'class_name': 'BatchNormalization', 'config': {'name': 'block5b_project_bn', 'trainable': False, 'dtype': {'module': 'keras', 'class_name': 'DTypePolicy', 'config': {'name': 'float32'}, 'registered_name': None}, 'axis': 3, 'momentum': 0.99, 'epsilon': 0.001, 'center': True, 'scale': True, 'beta_initializer': {'module': 'keras.initializers', 'class_name': 'Zeros', 'config': {}, 'registered_name': None}, 'gamma_initializer': {'module': 'keras.initializers', 'class_name': 'Ones', 'config': {}, 'registered_name': None}, 'moving_mean_initializer': {'module': 'keras.initializers', 'class_name': 'Zeros', 'config': {}, 'registered_name': None}, 'moving_variance_initializer': {'module': 'keras.initializers', 'class_name': 'Ones', 'config': {}, 'registered_name': None}, 'beta_regularizer': None, 'gamma_regularizer': None, 'beta_constraint': None, 'gamma_constraint': None, 'synchronized': False}, 'registered_name': None, 'build_config': {'input_shape': [None, 15, 15, 112]}, 'name': 'block5b_project_bn', 'inbound_nodes': [{'args': [{'class_name': '__keras_tensor__', 'config': {'shape': [None, 15, 15, 112], 'dtype': 'float32', 'keras_history': ['block5b_project_conv', 0, 0]}}], 'kwargs': {'mask': None}}]}, {'module': 'keras.layers', 'class_name': 'Dropout', 'config': {'name': 'block5b_drop', 'trainable': False, 'dtype': {'module': 'keras', 'class_name': 'DTypePolicy', 'config': {'name': 'float32'}, 'registered_name': None}, 'rate': 0.11304347826086956, 'seed': None, 'noise_shape': [None, 1, 1, 1]}, 'registered_name': None, 'name': 'block5b_drop', 'inbound_nodes': [{'args': [{'class_name': '__keras_tensor__', 'config': {'shape': [None, 15, 15, 112], 'dtype': 'float32', 'keras_history': ['block5b_project_bn', 0, 0]}}], 'kwargs': {'training': False}}]}, {'module': 'keras.layers', 'class_name': 'Add', 'config': {'name': 'block5b_add', 'trainable': False, 'dtype': {'module': 'keras', 'class_name': 'DTypePolicy', 'config': {'name': 'float32'}, 'registered_name': None}}, 'registered_name': None, 'build_config': {'input_shape': [[None, 15, 15, 112], [None, 15, 15, 112]]}, 'name': 'block5b_add', 'inbound_nodes': [{'args': [[{'class_name': '__keras_tensor__', 'config': {'shape': [None, 15, 15, 112], 'dtype': 'float32', 'keras_history': ['block5b_drop', 0, 0]}}, {'class_name': '__keras_tensor__', 'config': {'shape': [None, 15, 15, 112], 'dtype': 'float32', 'keras_history': ['block5a_project_bn', 0, 0]}}]], 'kwargs': {}}]}, {'module': 'keras.layers', 'class_name': 'Conv2D', 'config': {'name': 'block5c_expand_conv', 'trainable': False, 'dtype': {'module': 'keras', 'class_name': 'DTypePolicy', 'config': {'name': 'float32'}, 'registered_name': None}, 'filters': 672, 'kernel_size': [1, 1], 'strides': [1, 1], 'padding': 'same', 'data_format': 'channels_last', 'dilation_rate': [1, 1], 'groups': 1, 'activation': 'linear', 'use_bias': False, 'kernel_initializer': {'module': 'keras.initializers', 'class_name': 'VarianceScaling', 'config': {'seed': None, 'scale': 2.0, 'mode': 'fan_out', 'distribution': 'truncated_normal'}, 'registered_name': None}, 'bias_initializer': {'module': 'keras.initializers', 'class_name': 'Zeros', 'config': {}, 'registered_name': None}, 'kernel_regularizer': None, 'bias_regularizer': None, 'activity_regularizer': None, 'kernel_constraint': None, 'bias_constraint': None}, 'registered_name': None, 'build_config': {'input_shape': [None, 15, 15, 112]}, 'name': 'block5c_expand_conv', 'inbound_nodes': [{'args': [{'class_name': '__keras_tensor__', 'config': {'shape': [None, 15, 15, 112], 'dtype': 'float32', 'keras_history': ['block5b_add', 0, 0]}}], 'kwargs': {}}]}, {'module': 'keras.layers', 'class_name': 'BatchNormalization', 'config': {'name': 'block5c_expand_bn', 'trainable': False, 'dtype': {'module': 'keras', 'class_name': 'DTypePolicy', 'config': {'name': 'float32'}, 'registered_name': None}, 'axis': 3, 'momentum': 0.99, 'epsilon': 0.001, 'center': True, 'scale': True, 'beta_initializer': {'module': 'keras.initializers', 'class_name': 'Zeros', 'config': {}, 'registered_name': None}, 'gamma_initializer': {'module': 'keras.initializers', 'class_name': 'Ones', 'config': {}, 'registered_name': None}, 'moving_mean_initializer': {'module': 'keras.initializers', 'class_name': 'Zeros', 'config': {}, 'registered_name': None}, 'moving_variance_initializer': {'module': 'keras.initializers', 'class_name': 'Ones', 'config': {}, 'registered_name': None}, 'beta_regularizer': None, 'gamma_regularizer': None, 'beta_constraint': None, 'gamma_constraint': None, 'synchronized': False}, 'registered_name': None, 'build_config': {'input_shape': [None, 15, 15, 672]}, 'name': 'block5c_expand_bn', 'inbound_nodes': [{'args': [{'class_name': '__keras_tensor__', 'config': {'shape': [None, 15, 15, 672], 'dtype': 'float32', 'keras_history': ['block5c_expand_conv', 0, 0]}}], 'kwargs': {'mask': None}}]}, {'module': 'keras.layers', 'class_name': 'Activation', 'config': {'name': 'block5c_expand_activation', 'trainable': False, 'dtype': {'module': 'keras', 'class_name': 'DTypePolicy', 'config': {'name': 'float32'}, 'registered_name': None}, 'activation': 'silu'}, 'registered_name': None, 'name': 'block5c_expand_activation', 'inbound_nodes': [{'args': [{'class_name': '__keras_tensor__', 'config': {'shape': [None, 15, 15, 672], 'dtype': 'float32', 'keras_history': ['block5c_expand_bn', 0, 0]}}], 'kwargs': {}}]}, {'module': 'keras.layers', 'class_name': 'DepthwiseConv2D', 'config': {'name': 'block5c_dwconv', 'trainable': False, 'dtype': {'module': 'keras', 'class_name': 'DTypePolicy', 'config': {'name': 'float32'}, 'registered_name': None}, 'depth_multiplier': 1, 'kernel_size': [5, 5], 'strides': [1, 1], 'padding': 'same', 'data_format': 'channels_last', 'dilation_rate': [1, 1], 'activation': 'linear', 'use_bias': False, 'depthwise_initializer': {'module': 'keras.initializers', 'class_name': 'VarianceScaling', 'config': {'seed': None, 'scale': 2.0, 'mode': 'fan_out', 'distribution': 'truncated_normal'}, 'registered_name': None}, 'bias_initializer': {'module': 'keras.initializers', 'class_name': 'Zeros', 'config': {}, 'registered_name': None}, 'depthwise_regularizer': None, 'bias_regularizer': None, 'activity_regularizer': None, 'depthwise_constraint': None, 'bias_constraint': None}, 'registered_name': None, 'build_config': {'input_shape': [None, 15, 15, 672]}, 'name': 'block5c_dwconv', 'inbound_nodes': [{'args': [{'class_name': '__keras_tensor__', 'config': {'shape': [None, 15, 15, 672], 'dtype': 'float32', 'keras_history': ['block5c_expand_activation', 0, 0]}}], 'kwargs': {}}]}, {'module': 'keras.layers', 'class_name': 'BatchNormalization', 'config': {'name': 'block5c_bn', 'trainable': False, 'dtype': {'module': 'keras', 'class_name': 'DTypePolicy', 'config': {'name': 'float32'}, 'registered_name': None}, 'axis': 3, 'momentum': 0.99, 'epsilon': 0.001, 'center': True, 'scale': True, 'beta_initializer': {'module': 'keras.initializers', 'class_name': 'Zeros', 'config': {}, 'registered_name': None}, 'gamma_initializer': {'module': 'keras.initializers', 'class_name': 'Ones', 'config': {}, 'registered_name': None}, 'moving_mean_initializer': {'module': 'keras.initializers', 'class_name': 'Zeros', 'config': {}, 'registered_name': None}, 'moving_variance_initializer': {'module': 'keras.initializers', 'class_name': 'Ones', 'config': {}, 'registered_name': None}, 'beta_regularizer': None, 'gamma_regularizer': None, 'beta_constraint': None, 'gamma_constraint': None, 'synchronized': False}, 'registered_name': None, 'build_config': {'input_shape': [None, 15, 15, 672]}, 'name': 'block5c_bn', 'inbound_nodes': [{'args': [{'class_name': '__keras_tensor__', 'config': {'shape': [None, 15, 15, 672], 'dtype': 'float32', 'keras_history': ['block5c_dwconv', 0, 0]}}], 'kwargs': {'mask': None}}]}, {'module': 'keras.layers', 'class_name': 'Activation', 'config': {'name': 'block5c_activation', 'trainable': False, 'dtype': {'module': 'keras', 'class_name': 'DTypePolicy', 'config': {'name': 'float32'}, 'registered_name': None}, 'activation': 'silu'}, 'registered_name': None, 'name': 'block5c_activation', 'inbound_nodes': [{'args': [{'class_name': '__keras_tensor__', 'config': {'shape': [None, 15, 15, 672], 'dtype': 'float32', 'keras_history': ['block5c_bn', 0, 0]}}], 'kwargs': {}}]}, {'module': 'keras.layers', 'class_name': 'GlobalAveragePooling2D', 'config': {'name': 'block5c_se_squeeze', 'trainable': False, 'dtype': {'module': 'keras', 'class_name': 'DTypePolicy', 'config': {'name': 'float32'}, 'registered_name': None}, 'data_format': 'channels_last', 'keepdims': False}, 'registered_name': None, 'name': 'block5c_se_squeeze', 'inbound_nodes': [{'args': [{'class_name': '__keras_tensor__', 'config': {'shape': [None, 15, 15, 672], 'dtype': 'float32', 'keras_history': ['block5c_activation', 0, 0]}}], 'kwargs': {}}]}, {'module': 'keras.layers', 'class_name': 'Reshape', 'config': {'name': 'block5c_se_reshape', 'trainable': False, 'dtype': {'module': 'keras', 'class_name': 'DTypePolicy', 'config': {'name': 'float32'}, 'registered_name': None}, 'target_shape': [1, 1, 672]}, 'registered_name': None, 'name': 'block5c_se_reshape', 'inbound_nodes': [{'args': [{'class_name': '__keras_tensor__', 'config': {'shape': [None, 672], 'dtype': 'float32', 'keras_history': ['block5c_se_squeeze', 0, 0]}}], 'kwargs': {}}]}, {'module': 'keras.layers', 'class_name': 'Conv2D', 'config': {'name': 'block5c_se_reduce', 'trainable': False, 'dtype': {'module': 'keras', 'class_name': 'DTypePolicy', 'config': {'name': 'float32'}, 'registered_name': None}, 'filters': 28, 'kernel_size': [1, 1], 'strides': [1, 1], 'padding': 'same', 'data_format': 'channels_last', 'dilation_rate': [1, 1], 'groups': 1, 'activation': 'silu', 'use_bias': True, 'kernel_initializer': {'module': 'keras.initializers', 'class_name': 'VarianceScaling', 'config': {'seed': None, 'scale': 2.0, 'mode': 'fan_out', 'distribution': 'truncated_normal'}, 'registered_name': None}, 'bias_initializer': {'module': 'keras.initializers', 'class_name': 'Zeros', 'config': {}, 'registered_name': None}, 'kernel_regularizer': None, 'bias_regularizer': None, 'activity_regularizer': None, 'kernel_constraint': None, 'bias_constraint': None}, 'registered_name': None, 'build_config': {'input_shape': [None, 1, 1, 672]}, 'name': 'block5c_se_reduce', 'inbound_nodes': [{'args': [{'class_name': '__keras_tensor__', 'config': {'shape': [None, 1, 1, 672], 'dtype': 'float32', 'keras_history': ['block5c_se_reshape', 0, 0]}}], 'kwargs': {}}]}, {'module': 'keras.layers', 'class_name': 'Conv2D', 'config': {'name': 'block5c_se_expand', 'trainable': False, 'dtype': {'module': 'keras', 'class_name': 'DTypePolicy', 'config': {'name': 'float32'}, 'registered_name': None}, 'filters': 672, 'kernel_size': [1, 1], 'strides': [1, 1], 'padding': 'same', 'data_format': 'channels_last', 'dilation_rate': [1, 1], 'groups': 1, 'activation': 'sigmoid', 'use_bias': True, 'kernel_initializer': {'module': 'keras.initializers', 'class_name': 'VarianceScaling', 'config': {'seed': None, 'scale': 2.0, 'mode': 'fan_out', 'distribution': 'truncated_normal'}, 'registered_name': None}, 'bias_initializer': {'module': 'keras.initializers', 'class_name': 'Zeros', 'config': {}, 'registered_name': None}, 'kernel_regularizer': None, 'bias_regularizer': None, 'activity_regularizer': None, 'kernel_constraint': None, 'bias_constraint': None}, 'registered_name': None, 'build_config': {'input_shape': [None, 1, 1, 28]}, 'name': 'block5c_se_expand', 'inbound_nodes': [{'args': [{'class_name': '__keras_tensor__', 'config': {'shape': [None, 1, 1, 28], 'dtype': 'float32', 'keras_history': ['block5c_se_reduce', 0, 0]}}], 'kwargs': {}}]}, {'module': 'keras.layers', 'class_name': 'Multiply', 'config': {'name': 'block5c_se_excite', 'trainable': False, 'dtype': {'module': 'keras', 'class_name': 'DTypePolicy', 'config': {'name': 'float32'}, 'registered_name': None}}, 'registered_name': None, 'build_config': {'input_shape': [[None, 15, 15, 672], [None, 1, 1, 672]]}, 'name': 'block5c_se_excite', 'inbound_nodes': [{'args': [[{'class_name': '__keras_tensor__', 'config': {'shape': [None, 15, 15, 672], 'dtype': 'float32', 'keras_history': ['block5c_activation', 0, 0]}}, {'class_name': '__keras_tensor__', 'config': {'shape': [None, 1, 1, 672], 'dtype': 'float32', 'keras_history': ['block5c_se_expand', 0, 0]}}]], 'kwargs': {}}]}, {'module': 'keras.layers', 'class_name': 'Conv2D', 'config': {'name': 'block5c_project_conv', 'trainable': False, 'dtype': {'module': 'keras', 'class_name': 'DTypePolicy', 'config': {'name': 'float32'}, 'registered_name': None}, 'filters': 112, 'kernel_size': [1, 1], 'strides': [1, 1], 'padding': 'same', 'data_format': 'channels_last', 'dilation_rate': [1, 1], 'groups': 1, 'activation': 'linear', 'use_bias': False, 'kernel_initializer': {'module': 'keras.initializers', 'class_name': 'VarianceScaling', 'config': {'seed': None, 'scale': 2.0, 'mode': 'fan_out', 'distribution': 'truncated_normal'}, 'registered_name': None}, 'bias_initializer': {'module': 'keras.initializers', 'class_name': 'Zeros', 'config': {}, 'registered_name': None}, 'kernel_regularizer': None, 'bias_regularizer': None, 'activity_regularizer': None, 'kernel_constraint': None, 'bias_constraint': None}, 'registered_name': None, 'build_config': {'input_shape': [None, 15, 15, 672]}, 'name': 'block5c_project_conv', 'inbound_nodes': [{'args': [{'class_name': '__keras_tensor__', 'config': {'shape': [None, 15, 15, 672], 'dtype': 'float32', 'keras_history': ['block5c_se_excite', 0, 0]}}], 'kwargs': {}}]}, {'module': 'keras.layers', 'class_name': 'BatchNormalization', 'config': {'name': 'block5c_project_bn', 'trainable': False, 'dtype': {'module': 'keras', 'class_name': 'DTypePolicy', 'config': {'name': 'float32'}, 'registered_name': None}, 'axis': 3, 'momentum': 0.99, 'epsilon': 0.001, 'center': True, 'scale': True, 'beta_initializer': {'module': 'keras.initializers', 'class_name': 'Zeros', 'config': {}, 'registered_name': None}, 'gamma_initializer': {'module': 'keras.initializers', 'class_name': 'Ones', 'config': {}, 'registered_name': None}, 'moving_mean_initializer': {'module': 'keras.initializers', 'class_name': 'Zeros', 'config': {}, 'registered_name': None}, 'moving_variance_initializer': {'module': 'keras.initializers', 'class_name': 'Ones', 'config': {}, 'registered_name': None}, 'beta_regularizer': None, 'gamma_regularizer': None, 'beta_constraint': None, 'gamma_constraint': None, 'synchronized': False}, 'registered_name': None, 'build_config': {'input_shape': [None, 15, 15, 112]}, 'name': 'block5c_project_bn', 'inbound_nodes': [{'args': [{'class_name': '__keras_tensor__', 'config': {'shape': [None, 15, 15, 112], 'dtype': 'float32', 'keras_history': ['block5c_project_conv', 0, 0]}}], 'kwargs': {'mask': None}}]}, {'module': 'keras.layers', 'class_name': 'Dropout', 'config': {'name': 'block5c_drop', 'trainable': False, 'dtype': {'module': 'keras', 'class_name': 'DTypePolicy', 'config': {'name': 'float32'}, 'registered_name': None}, 'rate': 0.12173913043478261, 'seed': None, 'noise_shape': [None, 1, 1, 1]}, 'registered_name': None, 'name': 'block5c_drop', 'inbound_nodes': [{'args': [{'class_name': '__keras_tensor__', 'config': {'shape': [None, 15, 15, 112], 'dtype': 'float32', 'keras_history': ['block5c_project_bn', 0, 0]}}], 'kwargs': {'training': False}}]}, {'module': 'keras.layers', 'class_name': 'Add', 'config': {'name': 'block5c_add', 'trainable': False, 'dtype': {'module': 'keras', 'class_name': 'DTypePolicy', 'config': {'name': 'float32'}, 'registered_name': None}}, 'registered_name': None, 'build_config': {'input_shape': [[None, 15, 15, 112], [None, 15, 15, 112]]}, 'name': 'block5c_add', 'inbound_nodes': [{'args': [[{'class_name': '__keras_tensor__', 'config': {'shape': [None, 15, 15, 112], 'dtype': 'float32', 'keras_history': ['block5c_drop', 0, 0]}}, {'class_name': '__keras_tensor__', 'config': {'shape': [None, 15, 15, 112], 'dtype': 'float32', 'keras_history': ['block5b_add', 0, 0]}}]], 'kwargs': {}}]}, {'module': 'keras.layers', 'class_name': 'Conv2D', 'config': {'name': 'block5d_expand_conv', 'trainable': False, 'dtype': {'module': 'keras', 'class_name': 'DTypePolicy', 'config': {'name': 'float32'}, 'registered_name': None}, 'filters': 672, 'kernel_size': [1, 1], 'strides': [1, 1], 'padding': 'same', 'data_format': 'channels_last', 'dilation_rate': [1, 1], 'groups': 1, 'activation': 'linear', 'use_bias': False, 'kernel_initializer': {'module': 'keras.initializers', 'class_name': 'VarianceScaling', 'config': {'seed': None, 'scale': 2.0, 'mode': 'fan_out', 'distribution': 'truncated_normal'}, 'registered_name': None}, 'bias_initializer': {'module': 'keras.initializers', 'class_name': 'Zeros', 'config': {}, 'registered_name': None}, 'kernel_regularizer': None, 'bias_regularizer': None, 'activity_regularizer': None, 'kernel_constraint': None, 'bias_constraint': None}, 'registered_name': None, 'build_config': {'input_shape': [None, 15, 15, 112]}, 'name': 'block5d_expand_conv', 'inbound_nodes': [{'args': [{'class_name': '__keras_tensor__', 'config': {'shape': [None, 15, 15, 112], 'dtype': 'float32', 'keras_history': ['block5c_add', 0, 0]}}], 'kwargs': {}}]}, {'module': 'keras.layers', 'class_name': 'BatchNormalization', 'config': {'name': 'block5d_expand_bn', 'trainable': False, 'dtype': {'module': 'keras', 'class_name': 'DTypePolicy', 'config': {'name': 'float32'}, 'registered_name': None}, 'axis': 3, 'momentum': 0.99, 'epsilon': 0.001, 'center': True, 'scale': True, 'beta_initializer': {'module': 'keras.initializers', 'class_name': 'Zeros', 'config': {}, 'registered_name': None}, 'gamma_initializer': {'module': 'keras.initializers', 'class_name': 'Ones', 'config': {}, 'registered_name': None}, 'moving_mean_initializer': {'module': 'keras.initializers', 'class_name': 'Zeros', 'config': {}, 'registered_name': None}, 'moving_variance_initializer': {'module': 'keras.initializers', 'class_name': 'Ones', 'config': {}, 'registered_name': None}, 'beta_regularizer': None, 'gamma_regularizer': None, 'beta_constraint': None, 'gamma_constraint': None, 'synchronized': False}, 'registered_name': None, 'build_config': {'input_shape': [None, 15, 15, 672]}, 'name': 'block5d_expand_bn', 'inbound_nodes': [{'args': [{'class_name': '__keras_tensor__', 'config': {'shape': [None, 15, 15, 672], 'dtype': 'float32', 'keras_history': ['block5d_expand_conv', 0, 0]}}], 'kwargs': {'mask': None}}]}, {'module': 'keras.layers', 'class_name': 'Activation', 'config': {'name': 'block5d_expand_activation', 'trainable': False, 'dtype': {'module': 'keras', 'class_name': 'DTypePolicy', 'config': {'name': 'float32'}, 'registered_name': None}, 'activation': 'silu'}, 'registered_name': None, 'name': 'block5d_expand_activation', 'inbound_nodes': [{'args': [{'class_name': '__keras_tensor__', 'config': {'shape': [None, 15, 15, 672], 'dtype': 'float32', 'keras_history': ['block5d_expand_bn', 0, 0]}}], 'kwargs': {}}]}, {'module': 'keras.layers', 'class_name': 'DepthwiseConv2D', 'config': {'name': 'block5d_dwconv', 'trainable': False, 'dtype': {'module': 'keras', 'class_name': 'DTypePolicy', 'config': {'name': 'float32'}, 'registered_name': None}, 'depth_multiplier': 1, 'kernel_size': [5, 5], 'strides': [1, 1], 'padding': 'same', 'data_format': 'channels_last', 'dilation_rate': [1, 1], 'activation': 'linear', 'use_bias': False, 'depthwise_initializer': {'module': 'keras.initializers', 'class_name': 'VarianceScaling', 'config': {'seed': None, 'scale': 2.0, 'mode': 'fan_out', 'distribution': 'truncated_normal'}, 'registered_name': None}, 'bias_initializer': {'module': 'keras.initializers', 'class_name': 'Zeros', 'config': {}, 'registered_name': None}, 'depthwise_regularizer': None, 'bias_regularizer': None, 'activity_regularizer': None, 'depthwise_constraint': None, 'bias_constraint': None}, 'registered_name': None, 'build_config': {'input_shape': [None, 15, 15, 672]}, 'name': 'block5d_dwconv', 'inbound_nodes': [{'args': [{'class_name': '__keras_tensor__', 'config': {'shape': [None, 15, 15, 672], 'dtype': 'float32', 'keras_history': ['block5d_expand_activation', 0, 0]}}], 'kwargs': {}}]}, {'module': 'keras.layers', 'class_name': 'BatchNormalization', 'config': {'name': 'block5d_bn', 'trainable': False, 'dtype': {'module': 'keras', 'class_name': 'DTypePolicy', 'config': {'name': 'float32'}, 'registered_name': None}, 'axis': 3, 'momentum': 0.99, 'epsilon': 0.001, 'center': True, 'scale': True, 'beta_initializer': {'module': 'keras.initializers', 'class_name': 'Zeros', 'config': {}, 'registered_name': None}, 'gamma_initializer': {'module': 'keras.initializers', 'class_name': 'Ones', 'config': {}, 'registered_name': None}, 'moving_mean_initializer': {'module': 'keras.initializers', 'class_name': 'Zeros', 'config': {}, 'registered_name': None}, 'moving_variance_initializer': {'module': 'keras.initializers', 'class_name': 'Ones', 'config': {}, 'registered_name': None}, 'beta_regularizer': None, 'gamma_regularizer': None, 'beta_constraint': None, 'gamma_constraint': None, 'synchronized': False}, 'registered_name': None, 'build_config': {'input_shape': [None, 15, 15, 672]}, 'name': 'block5d_bn', 'inbound_nodes': [{'args': [{'class_name': '__keras_tensor__', 'config': {'shape': [None, 15, 15, 672], 'dtype': 'float32', 'keras_history': ['block5d_dwconv', 0, 0]}}], 'kwargs': {'mask': None}}]}, {'module': 'keras.layers', 'class_name': 'Activation', 'config': {'name': 'block5d_activation', 'trainable': False, 'dtype': {'module': 'keras', 'class_name': 'DTypePolicy', 'config': {'name': 'float32'}, 'registered_name': None}, 'activation': 'silu'}, 'registered_name': None, 'name': 'block5d_activation', 'inbound_nodes': [{'args': [{'class_name': '__keras_tensor__', 'config': {'shape': [None, 15, 15, 672], 'dtype': 'float32', 'keras_history': ['block5d_bn', 0, 0]}}], 'kwargs': {}}]}, {'module': 'keras.layers', 'class_name': 'GlobalAveragePooling2D', 'config': {'name': 'block5d_se_squeeze', 'trainable': False, 'dtype': {'module': 'keras', 'class_name': 'DTypePolicy', 'config': {'name': 'float32'}, 'registered_name': None}, 'data_format': 'channels_last', 'keepdims': False}, 'registered_name': None, 'name': 'block5d_se_squeeze', 'inbound_nodes': [{'args': [{'class_name': '__keras_tensor__', 'config': {'shape': [None, 15, 15, 672], 'dtype': 'float32', 'keras_history': ['block5d_activation', 0, 0]}}], 'kwargs': {}}]}, {'module': 'keras.layers', 'class_name': 'Reshape', 'config': {'name': 'block5d_se_reshape', 'trainable': False, 'dtype': {'module': 'keras', 'class_name': 'DTypePolicy', 'config': {'name': 'float32'}, 'registered_name': None}, 'target_shape': [1, 1, 672]}, 'registered_name': None, 'name': 'block5d_se_reshape', 'inbound_nodes': [{'args': [{'class_name': '__keras_tensor__', 'config': {'shape': [None, 672], 'dtype': 'float32', 'keras_history': ['block5d_se_squeeze', 0, 0]}}], 'kwargs': {}}]}, {'module': 'keras.layers', 'class_name': 'Conv2D', 'config': {'name': 'block5d_se_reduce', 'trainable': False, 'dtype': {'module': 'keras', 'class_name': 'DTypePolicy', 'config': {'name': 'float32'}, 'registered_name': None}, 'filters': 28, 'kernel_size': [1, 1], 'strides': [1, 1], 'padding': 'same', 'data_format': 'channels_last', 'dilation_rate': [1, 1], 'groups': 1, 'activation': 'silu', 'use_bias': True, 'kernel_initializer': {'module': 'keras.initializers', 'class_name': 'VarianceScaling', 'config': {'seed': None, 'scale': 2.0, 'mode': 'fan_out', 'distribution': 'truncated_normal'}, 'registered_name': None}, 'bias_initializer': {'module': 'keras.initializers', 'class_name': 'Zeros', 'config': {}, 'registered_name': None}, 'kernel_regularizer': None, 'bias_regularizer': None, 'activity_regularizer': None, 'kernel_constraint': None, 'bias_constraint': None}, 'registered_name': None, 'build_config': {'input_shape': [None, 1, 1, 672]}, 'name': 'block5d_se_reduce', 'inbound_nodes': [{'args': [{'class_name': '__keras_tensor__', 'config': {'shape': [None, 1, 1, 672], 'dtype': 'float32', 'keras_history': ['block5d_se_reshape', 0, 0]}}], 'kwargs': {}}]}, {'module': 'keras.layers', 'class_name': 'Conv2D', 'config': {'name': 'block5d_se_expand', 'trainable': False, 'dtype': {'module': 'keras', 'class_name': 'DTypePolicy', 'config': {'name': 'float32'}, 'registered_name': None}, 'filters': 672, 'kernel_size': [1, 1], 'strides': [1, 1], 'padding': 'same', 'data_format': 'channels_last', 'dilation_rate': [1, 1], 'groups': 1, 'activation': 'sigmoid', 'use_bias': True, 'kernel_initializer': {'module': 'keras.initializers', 'class_name': 'VarianceScaling', 'config': {'seed': None, 'scale': 2.0, 'mode': 'fan_out', 'distribution': 'truncated_normal'}, 'registered_name': None}, 'bias_initializer': {'module': 'keras.initializers', 'class_name': 'Zeros', 'config': {}, 'registered_name': None}, 'kernel_regularizer': None, 'bias_regularizer': None, 'activity_regularizer': None, 'kernel_constraint': None, 'bias_constraint': None}, 'registered_name': None, 'build_config': {'input_shape': [None, 1, 1, 28]}, 'name': 'block5d_se_expand', 'inbound_nodes': [{'args': [{'class_name': '__keras_tensor__', 'config': {'shape': [None, 1, 1, 28], 'dtype': 'float32', 'keras_history': ['block5d_se_reduce', 0, 0]}}], 'kwargs': {}}]}, {'module': 'keras.layers', 'class_name': 'Multiply', 'config': {'name': 'block5d_se_excite', 'trainable': False, 'dtype': {'module': 'keras', 'class_name': 'DTypePolicy', 'config': {'name': 'float32'}, 'registered_name': None}}, 'registered_name': None, 'build_config': {'input_shape': [[None, 15, 15, 672], [None, 1, 1, 672]]}, 'name': 'block5d_se_excite', 'inbound_nodes': [{'args': [[{'class_name': '__keras_tensor__', 'config': {'shape': [None, 15, 15, 672], 'dtype': 'float32', 'keras_history': ['block5d_activation', 0, 0]}}, {'class_name': '__keras_tensor__', 'config': {'shape': [None, 1, 1, 672], 'dtype': 'float32', 'keras_history': ['block5d_se_expand', 0, 0]}}]], 'kwargs': {}}]}, {'module': 'keras.layers', 'class_name': 'Conv2D', 'config': {'name': 'block5d_project_conv', 'trainable': False, 'dtype': {'module': 'keras', 'class_name': 'DTypePolicy', 'config': {'name': 'float32'}, 'registered_name': None}, 'filters': 112, 'kernel_size': [1, 1], 'strides': [1, 1], 'padding': 'same', 'data_format': 'channels_last', 'dilation_rate': [1, 1], 'groups': 1, 'activation': 'linear', 'use_bias': False, 'kernel_initializer': {'module': 'keras.initializers', 'class_name': 'VarianceScaling', 'config': {'seed': None, 'scale': 2.0, 'mode': 'fan_out', 'distribution': 'truncated_normal'}, 'registered_name': None}, 'bias_initializer': {'module': 'keras.initializers', 'class_name': 'Zeros', 'config': {}, 'registered_name': None}, 'kernel_regularizer': None, 'bias_regularizer': None, 'activity_regularizer': None, 'kernel_constraint': None, 'bias_constraint': None}, 'registered_name': None, 'build_config': {'input_shape': [None, 15, 15, 672]}, 'name': 'block5d_project_conv', 'inbound_nodes': [{'args': [{'class_name': '__keras_tensor__', 'config': {'shape': [None, 15, 15, 672], 'dtype': 'float32', 'keras_history': ['block5d_se_excite', 0, 0]}}], 'kwargs': {}}]}, {'module': 'keras.layers', 'class_name': 'BatchNormalization', 'config': {'name': 'block5d_project_bn', 'trainable': False, 'dtype': {'module': 'keras', 'class_name': 'DTypePolicy', 'config': {'name': 'float32'}, 'registered_name': None}, 'axis': 3, 'momentum': 0.99, 'epsilon': 0.001, 'center': True, 'scale': True, 'beta_initializer': {'module': 'keras.initializers', 'class_name': 'Zeros', 'config': {}, 'registered_name': None}, 'gamma_initializer': {'module': 'keras.initializers', 'class_name': 'Ones', 'config': {}, 'registered_name': None}, 'moving_mean_initializer': {'module': 'keras.initializers', 'class_name': 'Zeros', 'config': {}, 'registered_name': None}, 'moving_variance_initializer': {'module': 'keras.initializers', 'class_name': 'Ones', 'config': {}, 'registered_name': None}, 'beta_regularizer': None, 'gamma_regularizer': None, 'beta_constraint': None, 'gamma_constraint': None, 'synchronized': False}, 'registered_name': None, 'build_config': {'input_shape': [None, 15, 15, 112]}, 'name': 'block5d_project_bn', 'inbound_nodes': [{'args': [{'class_name': '__keras_tensor__', 'config': {'shape': [None, 15, 15, 112], 'dtype': 'float32', 'keras_history': ['block5d_project_conv', 0, 0]}}], 'kwargs': {'mask': None}}]}, {'module': 'keras.layers', 'class_name': 'Dropout', 'config': {'name': 'block5d_drop', 'trainable': False, 'dtype': {'module': 'keras', 'class_name': 'DTypePolicy', 'config': {'name': 'float32'}, 'registered_name': None}, 'rate': 0.13043478260869565, 'seed': None, 'noise_shape': [None, 1, 1, 1]}, 'registered_name': None, 'name': 'block5d_drop', 'inbound_nodes': [{'args': [{'class_name': '__keras_tensor__', 'config': {'shape': [None, 15, 15, 112], 'dtype': 'float32', 'keras_history': ['block5d_project_bn', 0, 0]}}], 'kwargs': {'training': False}}]}, {'module': 'keras.layers', 'class_name': 'Add', 'config': {'name': 'block5d_add', 'trainable': False, 'dtype': {'module': 'keras', 'class_name': 'DTypePolicy', 'config': {'name': 'float32'}, 'registered_name': None}}, 'registered_name': None, 'build_config': {'input_shape': [[None, 15, 15, 112], [None, 15, 15, 112]]}, 'name': 'block5d_add', 'inbound_nodes': [{'args': [[{'class_name': '__keras_tensor__', 'config': {'shape': [None, 15, 15, 112], 'dtype': 'float32', 'keras_history': ['block5d_drop', 0, 0]}}, {'class_name': '__keras_tensor__', 'config': {'shape': [None, 15, 15, 112], 'dtype': 'float32', 'keras_history': ['block5c_add', 0, 0]}}]], 'kwargs': {}}]}, {'module': 'keras.layers', 'class_name': 'Conv2D', 'config': {'name': 'block6a_expand_conv', 'trainable': False, 'dtype': {'module': 'keras', 'class_name': 'DTypePolicy', 'config': {'name': 'float32'}, 'registered_name': None}, 'filters': 672, 'kernel_size': [1, 1], 'strides': [1, 1], 'padding': 'same', 'data_format': 'channels_last', 'dilation_rate': [1, 1], 'groups': 1, 'activation': 'linear', 'use_bias': False, 'kernel_initializer': {'module': 'keras.initializers', 'class_name': 'VarianceScaling', 'config': {'seed': None, 'scale': 2.0, 'mode': 'fan_out', 'distribution': 'truncated_normal'}, 'registered_name': None}, 'bias_initializer': {'module': 'keras.initializers', 'class_name': 'Zeros', 'config': {}, 'registered_name': None}, 'kernel_regularizer': None, 'bias_regularizer': None, 'activity_regularizer': None, 'kernel_constraint': None, 'bias_constraint': None}, 'registered_name': None, 'build_config': {'input_shape': [None, 15, 15, 112]}, 'name': 'block6a_expand_conv', 'inbound_nodes': [{'args': [{'class_name': '__keras_tensor__', 'config': {'shape': [None, 15, 15, 112], 'dtype': 'float32', 'keras_history': ['block5d_add', 0, 0]}}], 'kwargs': {}}]}, {'module': 'keras.layers', 'class_name': 'BatchNormalization', 'config': {'name': 'block6a_expand_bn', 'trainable': False, 'dtype': {'module': 'keras', 'class_name': 'DTypePolicy', 'config': {'name': 'float32'}, 'registered_name': None}, 'axis': 3, 'momentum': 0.99, 'epsilon': 0.001, 'center': True, 'scale': True, 'beta_initializer': {'module': 'keras.initializers', 'class_name': 'Zeros', 'config': {}, 'registered_name': None}, 'gamma_initializer': {'module': 'keras.initializers', 'class_name': 'Ones', 'config': {}, 'registered_name': None}, 'moving_mean_initializer': {'module': 'keras.initializers', 'class_name': 'Zeros', 'config': {}, 'registered_name': None}, 'moving_variance_initializer': {'module': 'keras.initializers', 'class_name': 'Ones', 'config': {}, 'registered_name': None}, 'beta_regularizer': None, 'gamma_regularizer': None, 'beta_constraint': None, 'gamma_constraint': None, 'synchronized': False}, 'registered_name': None, 'build_config': {'input_shape': [None, 15, 15, 672]}, 'name': 'block6a_expand_bn', 'inbound_nodes': [{'args': [{'class_name': '__keras_tensor__', 'config': {'shape': [None, 15, 15, 672], 'dtype': 'float32', 'keras_history': ['block6a_expand_conv', 0, 0]}}], 'kwargs': {'mask': None}}]}, {'module': 'keras.layers', 'class_name': 'Activation', 'config': {'name': 'block6a_expand_activation', 'trainable': False, 'dtype': {'module': 'keras', 'class_name': 'DTypePolicy', 'config': {'name': 'float32'}, 'registered_name': None}, 'activation': 'silu'}, 'registered_name': None, 'name': 'block6a_expand_activation', 'inbound_nodes': [{'args': [{'class_name': '__keras_tensor__', 'config': {'shape': [None, 15, 15, 672], 'dtype': 'float32', 'keras_history': ['block6a_expand_bn', 0, 0]}}], 'kwargs': {}}]}, {'module': 'keras.layers', 'class_name': 'ZeroPadding2D', 'config': {'name': 'block6a_dwconv_pad', 'trainable': False, 'dtype': {'module': 'keras', 'class_name': 'DTypePolicy', 'config': {'name': 'float32'}, 'registered_name': None}, 'padding': [[2, 2], [2, 2]], 'data_format': 'channels_last'}, 'registered_name': None, 'build_config': {'input_shape': [None, 15, 15, 672]}, 'name': 'block6a_dwconv_pad', 'inbound_nodes': [{'args': [{'class_name': '__keras_tensor__', 'config': {'shape': [None, 15, 15, 672], 'dtype': 'float32', 'keras_history': ['block6a_expand_activation', 0, 0]}}], 'kwargs': {}}]}, {'module': 'keras.layers', 'class_name': 'DepthwiseConv2D', 'config': {'name': 'block6a_dwconv', 'trainable': False, 'dtype': {'module': 'keras', 'class_name': 'DTypePolicy', 'config': {'name': 'float32'}, 'registered_name': None}, 'depth_multiplier': 1, 'kernel_size': [5, 5], 'strides': [2, 2], 'padding': 'valid', 'data_format': 'channels_last', 'dilation_rate': [1, 1], 'activation': 'linear', 'use_bias': False, 'depthwise_initializer': {'module': 'keras.initializers', 'class_name': 'VarianceScaling', 'config': {'seed': None, 'scale': 2.0, 'mode': 'fan_out', 'distribution': 'truncated_normal'}, 'registered_name': None}, 'bias_initializer': {'module': 'keras.initializers', 'class_name': 'Zeros', 'config': {}, 'registered_name': None}, 'depthwise_regularizer': None, 'bias_regularizer': None, 'activity_regularizer': None, 'depthwise_constraint': None, 'bias_constraint': None}, 'registered_name': None, 'build_config': {'input_shape': [None, 19, 19, 672]}, 'name': 'block6a_dwconv', 'inbound_nodes': [{'args': [{'class_name': '__keras_tensor__', 'config': {'shape': [None, 19, 19, 672], 'dtype': 'float32', 'keras_history': ['block6a_dwconv_pad', 0, 0]}}], 'kwargs': {}}]}, {'module': 'keras.layers', 'class_name': 'BatchNormalization', 'config': {'name': 'block6a_bn', 'trainable': False, 'dtype': {'module': 'keras', 'class_name': 'DTypePolicy', 'config': {'name': 'float32'}, 'registered_name': None}, 'axis': 3, 'momentum': 0.99, 'epsilon': 0.001, 'center': True, 'scale': True, 'beta_initializer': {'module': 'keras.initializers', 'class_name': 'Zeros', 'config': {}, 'registered_name': None}, 'gamma_initializer': {'module': 'keras.initializers', 'class_name': 'Ones', 'config': {}, 'registered_name': None}, 'moving_mean_initializer': {'module': 'keras.initializers', 'class_name': 'Zeros', 'config': {}, 'registered_name': None}, 'moving_variance_initializer': {'module': 'keras.initializers', 'class_name': 'Ones', 'config': {}, 'registered_name': None}, 'beta_regularizer': None, 'gamma_regularizer': None, 'beta_constraint': None, 'gamma_constraint': None, 'synchronized': False}, 'registered_name': None, 'build_config': {'input_shape': [None, 8, 8, 672]}, 'name': 'block6a_bn', 'inbound_nodes': [{'args': [{'class_name': '__keras_tensor__', 'config': {'shape': [None, 8, 8, 672], 'dtype': 'float32', 'keras_history': ['block6a_dwconv', 0, 0]}}], 'kwargs': {'mask': None}}]}, {'module': 'keras.layers', 'class_name': 'Activation', 'config': {'name': 'block6a_activation', 'trainable': False, 'dtype': {'module': 'keras', 'class_name': 'DTypePolicy', 'config': {'name': 'float32'}, 'registered_name': None}, 'activation': 'silu'}, 'registered_name': None, 'name': 'block6a_activation', 'inbound_nodes': [{'args': [{'class_name': '__keras_tensor__', 'config': {'shape': [None, 8, 8, 672], 'dtype': 'float32', 'keras_history': ['block6a_bn', 0, 0]}}], 'kwargs': {}}]}, {'module': 'keras.layers', 'class_name': 'GlobalAveragePooling2D', 'config': {'name': 'block6a_se_squeeze', 'trainable': False, 'dtype': {'module': 'keras', 'class_name': 'DTypePolicy', 'config': {'name': 'float32'}, 'registered_name': None}, 'data_format': 'channels_last', 'keepdims': False}, 'registered_name': None, 'name': 'block6a_se_squeeze', 'inbound_nodes': [{'args': [{'class_name': '__keras_tensor__', 'config': {'shape': [None, 8, 8, 672], 'dtype': 'float32', 'keras_history': ['block6a_activation', 0, 0]}}], 'kwargs': {}}]}, {'module': 'keras.layers', 'class_name': 'Reshape', 'config': {'name': 'block6a_se_reshape', 'trainable': False, 'dtype': {'module': 'keras', 'class_name': 'DTypePolicy', 'config': {'name': 'float32'}, 'registered_name': None}, 'target_shape': [1, 1, 672]}, 'registered_name': None, 'name': 'block6a_se_reshape', 'inbound_nodes': [{'args': [{'class_name': '__keras_tensor__', 'config': {'shape': [None, 672], 'dtype': 'float32', 'keras_history': ['block6a_se_squeeze', 0, 0]}}], 'kwargs': {}}]}, {'module': 'keras.layers', 'class_name': 'Conv2D', 'config': {'name': 'block6a_se_reduce', 'trainable': False, 'dtype': {'module': 'keras', 'class_name': 'DTypePolicy', 'config': {'name': 'float32'}, 'registered_name': None}, 'filters': 28, 'kernel_size': [1, 1], 'strides': [1, 1], 'padding': 'same', 'data_format': 'channels_last', 'dilation_rate': [1, 1], 'groups': 1, 'activation': 'silu', 'use_bias': True, 'kernel_initializer': {'module': 'keras.initializers', 'class_name': 'VarianceScaling', 'config': {'seed': None, 'scale': 2.0, 'mode': 'fan_out', 'distribution': 'truncated_normal'}, 'registered_name': None}, 'bias_initializer': {'module': 'keras.initializers', 'class_name': 'Zeros', 'config': {}, 'registered_name': None}, 'kernel_regularizer': None, 'bias_regularizer': None, 'activity_regularizer': None, 'kernel_constraint': None, 'bias_constraint': None}, 'registered_name': None, 'build_config': {'input_shape': [None, 1, 1, 672]}, 'name': 'block6a_se_reduce', 'inbound_nodes': [{'args': [{'class_name': '__keras_tensor__', 'config': {'shape': [None, 1, 1, 672], 'dtype': 'float32', 'keras_history': ['block6a_se_reshape', 0, 0]}}], 'kwargs': {}}]}, {'module': 'keras.layers', 'class_name': 'Conv2D', 'config': {'name': 'block6a_se_expand', 'trainable': False, 'dtype': {'module': 'keras', 'class_name': 'DTypePolicy', 'config': {'name': 'float32'}, 'registered_name': None}, 'filters': 672, 'kernel_size': [1, 1], 'strides': [1, 1], 'padding': 'same', 'data_format': 'channels_last', 'dilation_rate': [1, 1], 'groups': 1, 'activation': 'sigmoid', 'use_bias': True, 'kernel_initializer': {'module': 'keras.initializers', 'class_name': 'VarianceScaling', 'config': {'seed': None, 'scale': 2.0, 'mode': 'fan_out', 'distribution': 'truncated_normal'}, 'registered_name': None}, 'bias_initializer': {'module': 'keras.initializers', 'class_name': 'Zeros', 'config': {}, 'registered_name': None}, 'kernel_regularizer': None, 'bias_regularizer': None, 'activity_regularizer': None, 'kernel_constraint': None, 'bias_constraint': None}, 'registered_name': None, 'build_config': {'input_shape': [None, 1, 1, 28]}, 'name': 'block6a_se_expand', 'inbound_nodes': [{'args': [{'class_name': '__keras_tensor__', 'config': {'shape': [None, 1, 1, 28], 'dtype': 'float32', 'keras_history': ['block6a_se_reduce', 0, 0]}}], 'kwargs': {}}]}, {'module': 'keras.layers', 'class_name': 'Multiply', 'config': {'name': 'block6a_se_excite', 'trainable': False, 'dtype': {'module': 'keras', 'class_name': 'DTypePolicy', 'config': {'name': 'float32'}, 'registered_name': None}}, 'registered_name': None, 'build_config': {'input_shape': [[None, 8, 8, 672], [None, 1, 1, 672]]}, 'name': 'block6a_se_excite', 'inbound_nodes': [{'args': [[{'class_name': '__keras_tensor__', 'config': {'shape': [None, 8, 8, 672], 'dtype': 'float32', 'keras_history': ['block6a_activation', 0, 0]}}, {'class_name': '__keras_tensor__', 'config': {'shape': [None, 1, 1, 672], 'dtype': 'float32', 'keras_history': ['block6a_se_expand', 0, 0]}}]], 'kwargs': {}}]}, {'module': 'keras.layers', 'class_name': 'Conv2D', 'config': {'name': 'block6a_project_conv', 'trainable': False, 'dtype': {'module': 'keras', 'class_name': 'DTypePolicy', 'config': {'name': 'float32'}, 'registered_name': None}, 'filters': 192, 'kernel_size': [1, 1], 'strides': [1, 1], 'padding': 'same', 'data_format': 'channels_last', 'dilation_rate': [1, 1], 'groups': 1, 'activation': 'linear', 'use_bias': False, 'kernel_initializer': {'module': 'keras.initializers', 'class_name': 'VarianceScaling', 'config': {'seed': None, 'scale': 2.0, 'mode': 'fan_out', 'distribution': 'truncated_normal'}, 'registered_name': None}, 'bias_initializer': {'module': 'keras.initializers', 'class_name': 'Zeros', 'config': {}, 'registered_name': None}, 'kernel_regularizer': None, 'bias_regularizer': None, 'activity_regularizer': None, 'kernel_constraint': None, 'bias_constraint': None}, 'registered_name': None, 'build_config': {'input_shape': [None, 8, 8, 672]}, 'name': 'block6a_project_conv', 'inbound_nodes': [{'args': [{'class_name': '__keras_tensor__', 'config': {'shape': [None, 8, 8, 672], 'dtype': 'float32', 'keras_history': ['block6a_se_excite', 0, 0]}}], 'kwargs': {}}]}, {'module': 'keras.layers', 'class_name': 'BatchNormalization', 'config': {'name': 'block6a_project_bn', 'trainable': False, 'dtype': {'module': 'keras', 'class_name': 'DTypePolicy', 'config': {'name': 'float32'}, 'registered_name': None}, 'axis': 3, 'momentum': 0.99, 'epsilon': 0.001, 'center': True, 'scale': True, 'beta_initializer': {'module': 'keras.initializers', 'class_name': 'Zeros', 'config': {}, 'registered_name': None}, 'gamma_initializer': {'module': 'keras.initializers', 'class_name': 'Ones', 'config': {}, 'registered_name': None}, 'moving_mean_initializer': {'module': 'keras.initializers', 'class_name': 'Zeros', 'config': {}, 'registered_name': None}, 'moving_variance_initializer': {'module': 'keras.initializers', 'class_name': 'Ones', 'config': {}, 'registered_name': None}, 'beta_regularizer': None, 'gamma_regularizer': None, 'beta_constraint': None, 'gamma_constraint': None, 'synchronized': False}, 'registered_name': None, 'build_config': {'input_shape': [None, 8, 8, 192]}, 'name': 'block6a_project_bn', 'inbound_nodes': [{'args': [{'class_name': '__keras_tensor__', 'config': {'shape': [None, 8, 8, 192], 'dtype': 'float32', 'keras_history': ['block6a_project_conv', 0, 0]}}], 'kwargs': {'mask': None}}]}, {'module': 'keras.layers', 'class_name': 'Conv2D', 'config': {'name': 'block6b_expand_conv', 'trainable': False, 'dtype': {'module': 'keras', 'class_name': 'DTypePolicy', 'config': {'name': 'float32'}, 'registered_name': None}, 'filters': 1152, 'kernel_size': [1, 1], 'strides': [1, 1], 'padding': 'same', 'data_format': 'channels_last', 'dilation_rate': [1, 1], 'groups': 1, 'activation': 'linear', 'use_bias': False, 'kernel_initializer': {'module': 'keras.initializers', 'class_name': 'VarianceScaling', 'config': {'seed': None, 'scale': 2.0, 'mode': 'fan_out', 'distribution': 'truncated_normal'}, 'registered_name': None}, 'bias_initializer': {'module': 'keras.initializers', 'class_name': 'Zeros', 'config': {}, 'registered_name': None}, 'kernel_regularizer': None, 'bias_regularizer': None, 'activity_regularizer': None, 'kernel_constraint': None, 'bias_constraint': None}, 'registered_name': None, 'build_config': {'input_shape': [None, 8, 8, 192]}, 'name': 'block6b_expand_conv', 'inbound_nodes': [{'args': [{'class_name': '__keras_tensor__', 'config': {'shape': [None, 8, 8, 192], 'dtype': 'float32', 'keras_history': ['block6a_project_bn', 0, 0]}}], 'kwargs': {}}]}, {'module': 'keras.layers', 'class_name': 'BatchNormalization', 'config': {'name': 'block6b_expand_bn', 'trainable': False, 'dtype': {'module': 'keras', 'class_name': 'DTypePolicy', 'config': {'name': 'float32'}, 'registered_name': None}, 'axis': 3, 'momentum': 0.99, 'epsilon': 0.001, 'center': True, 'scale': True, 'beta_initializer': {'module': 'keras.initializers', 'class_name': 'Zeros', 'config': {}, 'registered_name': None}, 'gamma_initializer': {'module': 'keras.initializers', 'class_name': 'Ones', 'config': {}, 'registered_name': None}, 'moving_mean_initializer': {'module': 'keras.initializers', 'class_name': 'Zeros', 'config': {}, 'registered_name': None}, 'moving_variance_initializer': {'module': 'keras.initializers', 'class_name': 'Ones', 'config': {}, 'registered_name': None}, 'beta_regularizer': None, 'gamma_regularizer': None, 'beta_constraint': None, 'gamma_constraint': None, 'synchronized': False}, 'registered_name': None, 'build_config': {'input_shape': [None, 8, 8, 1152]}, 'name': 'block6b_expand_bn', 'inbound_nodes': [{'args': [{'class_name': '__keras_tensor__', 'config': {'shape': [None, 8, 8, 1152], 'dtype': 'float32', 'keras_history': ['block6b_expand_conv', 0, 0]}}], 'kwargs': {'mask': None}}]}, {'module': 'keras.layers', 'class_name': 'Activation', 'config': {'name': 'block6b_expand_activation', 'trainable': False, 'dtype': {'module': 'keras', 'class_name': 'DTypePolicy', 'config': {'name': 'float32'}, 'registered_name': None}, 'activation': 'silu'}, 'registered_name': None, 'name': 'block6b_expand_activation', 'inbound_nodes': [{'args': [{'class_name': '__keras_tensor__', 'config': {'shape': [None, 8, 8, 1152], 'dtype': 'float32', 'keras_history': ['block6b_expand_bn', 0, 0]}}], 'kwargs': {}}]}, {'module': 'keras.layers', 'class_name': 'DepthwiseConv2D', 'config': {'name': 'block6b_dwconv', 'trainable': False, 'dtype': {'module': 'keras', 'class_name': 'DTypePolicy', 'config': {'name': 'float32'}, 'registered_name': None}, 'depth_multiplier': 1, 'kernel_size': [5, 5], 'strides': [1, 1], 'padding': 'same', 'data_format': 'channels_last', 'dilation_rate': [1, 1], 'activation': 'linear', 'use_bias': False, 'depthwise_initializer': {'module': 'keras.initializers', 'class_name': 'VarianceScaling', 'config': {'seed': None, 'scale': 2.0, 'mode': 'fan_out', 'distribution': 'truncated_normal'}, 'registered_name': None}, 'bias_initializer': {'module': 'keras.initializers', 'class_name': 'Zeros', 'config': {}, 'registered_name': None}, 'depthwise_regularizer': None, 'bias_regularizer': None, 'activity_regularizer': None, 'depthwise_constraint': None, 'bias_constraint': None}, 'registered_name': None, 'build_config': {'input_shape': [None, 8, 8, 1152]}, 'name': 'block6b_dwconv', 'inbound_nodes': [{'args': [{'class_name': '__keras_tensor__', 'config': {'shape': [None, 8, 8, 1152], 'dtype': 'float32', 'keras_history': ['block6b_expand_activation', 0, 0]}}], 'kwargs': {}}]}, {'module': 'keras.layers', 'class_name': 'BatchNormalization', 'config': {'name': 'block6b_bn', 'trainable': False, 'dtype': {'module': 'keras', 'class_name': 'DTypePolicy', 'config': {'name': 'float32'}, 'registered_name': None}, 'axis': 3, 'momentum': 0.99, 'epsilon': 0.001, 'center': True, 'scale': True, 'beta_initializer': {'module': 'keras.initializers', 'class_name': 'Zeros', 'config': {}, 'registered_name': None}, 'gamma_initializer': {'module': 'keras.initializers', 'class_name': 'Ones', 'config': {}, 'registered_name': None}, 'moving_mean_initializer': {'module': 'keras.initializers', 'class_name': 'Zeros', 'config': {}, 'registered_name': None}, 'moving_variance_initializer': {'module': 'keras.initializers', 'class_name': 'Ones', 'config': {}, 'registered_name': None}, 'beta_regularizer': None, 'gamma_regularizer': None, 'beta_constraint': None, 'gamma_constraint': None, 'synchronized': False}, 'registered_name': None, 'build_config': {'input_shape': [None, 8, 8, 1152]}, 'name': 'block6b_bn', 'inbound_nodes': [{'args': [{'class_name': '__keras_tensor__', 'config': {'shape': [None, 8, 8, 1152], 'dtype': 'float32', 'keras_history': ['block6b_dwconv', 0, 0]}}], 'kwargs': {'mask': None}}]}, {'module': 'keras.layers', 'class_name': 'Activation', 'config': {'name': 'block6b_activation', 'trainable': False, 'dtype': {'module': 'keras', 'class_name': 'DTypePolicy', 'config': {'name': 'float32'}, 'registered_name': None}, 'activation': 'silu'}, 'registered_name': None, 'name': 'block6b_activation', 'inbound_nodes': [{'args': [{'class_name': '__keras_tensor__', 'config': {'shape': [None, 8, 8, 1152], 'dtype': 'float32', 'keras_history': ['block6b_bn', 0, 0]}}], 'kwargs': {}}]}, {'module': 'keras.layers', 'class_name': 'GlobalAveragePooling2D', 'config': {'name': 'block6b_se_squeeze', 'trainable': False, 'dtype': {'module': 'keras', 'class_name': 'DTypePolicy', 'config': {'name': 'float32'}, 'registered_name': None}, 'data_format': 'channels_last', 'keepdims': False}, 'registered_name': None, 'name': 'block6b_se_squeeze', 'inbound_nodes': [{'args': [{'class_name': '__keras_tensor__', 'config': {'shape': [None, 8, 8, 1152], 'dtype': 'float32', 'keras_history': ['block6b_activation', 0, 0]}}], 'kwargs': {}}]}, {'module': 'keras.layers', 'class_name': 'Reshape', 'config': {'name': 'block6b_se_reshape', 'trainable': False, 'dtype': {'module': 'keras', 'class_name': 'DTypePolicy', 'config': {'name': 'float32'}, 'registered_name': None}, 'target_shape': [1, 1, 1152]}, 'registered_name': None, 'name': 'block6b_se_reshape', 'inbound_nodes': [{'args': [{'class_name': '__keras_tensor__', 'config': {'shape': [None, 1152], 'dtype': 'float32', 'keras_history': ['block6b_se_squeeze', 0, 0]}}], 'kwargs': {}}]}, {'module': 'keras.layers', 'class_name': 'Conv2D', 'config': {'name': 'block6b_se_reduce', 'trainable': False, 'dtype': {'module': 'keras', 'class_name': 'DTypePolicy', 'config': {'name': 'float32'}, 'registered_name': None}, 'filters': 48, 'kernel_size': [1, 1], 'strides': [1, 1], 'padding': 'same', 'data_format': 'channels_last', 'dilation_rate': [1, 1], 'groups': 1, 'activation': 'silu', 'use_bias': True, 'kernel_initializer': {'module': 'keras.initializers', 'class_name': 'VarianceScaling', 'config': {'seed': None, 'scale': 2.0, 'mode': 'fan_out', 'distribution': 'truncated_normal'}, 'registered_name': None}, 'bias_initializer': {'module': 'keras.initializers', 'class_name': 'Zeros', 'config': {}, 'registered_name': None}, 'kernel_regularizer': None, 'bias_regularizer': None, 'activity_regularizer': None, 'kernel_constraint': None, 'bias_constraint': None}, 'registered_name': None, 'build_config': {'input_shape': [None, 1, 1, 1152]}, 'name': 'block6b_se_reduce', 'inbound_nodes': [{'args': [{'class_name': '__keras_tensor__', 'config': {'shape': [None, 1, 1, 1152], 'dtype': 'float32', 'keras_history': ['block6b_se_reshape', 0, 0]}}], 'kwargs': {}}]}, {'module': 'keras.layers', 'class_name': 'Conv2D', 'config': {'name': 'block6b_se_expand', 'trainable': False, 'dtype': {'module': 'keras', 'class_name': 'DTypePolicy', 'config': {'name': 'float32'}, 'registered_name': None}, 'filters': 1152, 'kernel_size': [1, 1], 'strides': [1, 1], 'padding': 'same', 'data_format': 'channels_last', 'dilation_rate': [1, 1], 'groups': 1, 'activation': 'sigmoid', 'use_bias': True, 'kernel_initializer': {'module': 'keras.initializers', 'class_name': 'VarianceScaling', 'config': {'seed': None, 'scale': 2.0, 'mode': 'fan_out', 'distribution': 'truncated_normal'}, 'registered_name': None}, 'bias_initializer': {'module': 'keras.initializers', 'class_name': 'Zeros', 'config': {}, 'registered_name': None}, 'kernel_regularizer': None, 'bias_regularizer': None, 'activity_regularizer': None, 'kernel_constraint': None, 'bias_constraint': None}, 'registered_name': None, 'build_config': {'input_shape': [None, 1, 1, 48]}, 'name': 'block6b_se_expand', 'inbound_nodes': [{'args': [{'class_name': '__keras_tensor__', 'config': {'shape': [None, 1, 1, 48], 'dtype': 'float32', 'keras_history': ['block6b_se_reduce', 0, 0]}}], 'kwargs': {}}]}, {'module': 'keras.layers', 'class_name': 'Multiply', 'config': {'name': 'block6b_se_excite', 'trainable': False, 'dtype': {'module': 'keras', 'class_name': 'DTypePolicy', 'config': {'name': 'float32'}, 'registered_name': None}}, 'registered_name': None, 'build_config': {'input_shape': [[None, 8, 8, 1152], [None, 1, 1, 1152]]}, 'name': 'block6b_se_excite', 'inbound_nodes': [{'args': [[{'class_name': '__keras_tensor__', 'config': {'shape': [None, 8, 8, 1152], 'dtype': 'float32', 'keras_history': ['block6b_activation', 0, 0]}}, {'class_name': '__keras_tensor__', 'config': {'shape': [None, 1, 1, 1152], 'dtype': 'float32', 'keras_history': ['block6b_se_expand', 0, 0]}}]], 'kwargs': {}}]}, {'module': 'keras.layers', 'class_name': 'Conv2D', 'config': {'name': 'block6b_project_conv', 'trainable': False, 'dtype': {'module': 'keras', 'class_name': 'DTypePolicy', 'config': {'name': 'float32'}, 'registered_name': None}, 'filters': 192, 'kernel_size': [1, 1], 'strides': [1, 1], 'padding': 'same', 'data_format': 'channels_last', 'dilation_rate': [1, 1], 'groups': 1, 'activation': 'linear', 'use_bias': False, 'kernel_initializer': {'module': 'keras.initializers', 'class_name': 'VarianceScaling', 'config': {'seed': None, 'scale': 2.0, 'mode': 'fan_out', 'distribution': 'truncated_normal'}, 'registered_name': None}, 'bias_initializer': {'module': 'keras.initializers', 'class_name': 'Zeros', 'config': {}, 'registered_name': None}, 'kernel_regularizer': None, 'bias_regularizer': None, 'activity_regularizer': None, 'kernel_constraint': None, 'bias_constraint': None}, 'registered_name': None, 'build_config': {'input_shape': [None, 8, 8, 1152]}, 'name': 'block6b_project_conv', 'inbound_nodes': [{'args': [{'class_name': '__keras_tensor__', 'config': {'shape': [None, 8, 8, 1152], 'dtype': 'float32', 'keras_history': ['block6b_se_excite', 0, 0]}}], 'kwargs': {}}]}, {'module': 'keras.layers', 'class_name': 'BatchNormalization', 'config': {'name': 'block6b_project_bn', 'trainable': False, 'dtype': {'module': 'keras', 'class_name': 'DTypePolicy', 'config': {'name': 'float32'}, 'registered_name': None}, 'axis': 3, 'momentum': 0.99, 'epsilon': 0.001, 'center': True, 'scale': True, 'beta_initializer': {'module': 'keras.initializers', 'class_name': 'Zeros', 'config': {}, 'registered_name': None}, 'gamma_initializer': {'module': 'keras.initializers', 'class_name': 'Ones', 'config': {}, 'registered_name': None}, 'moving_mean_initializer': {'module': 'keras.initializers', 'class_name': 'Zeros', 'config': {}, 'registered_name': None}, 'moving_variance_initializer': {'module': 'keras.initializers', 'class_name': 'Ones', 'config': {}, 'registered_name': None}, 'beta_regularizer': None, 'gamma_regularizer': None, 'beta_constraint': None, 'gamma_constraint': None, 'synchronized': False}, 'registered_name': None, 'build_config': {'input_shape': [None, 8, 8, 192]}, 'name': 'block6b_project_bn', 'inbound_nodes': [{'args': [{'class_name': '__keras_tensor__', 'config': {'shape': [None, 8, 8, 192], 'dtype': 'float32', 'keras_history': ['block6b_project_conv', 0, 0]}}], 'kwargs': {'mask': None}}]}, {'module': 'keras.layers', 'class_name': 'Dropout', 'config': {'name': 'block6b_drop', 'trainable': False, 'dtype': {'module': 'keras', 'class_name': 'DTypePolicy', 'config': {'name': 'float32'}, 'registered_name': None}, 'rate': 0.14782608695652175, 'seed': None, 'noise_shape': [None, 1, 1, 1]}, 'registered_name': None, 'name': 'block6b_drop', 'inbound_nodes': [{'args': [{'class_name': '__keras_tensor__', 'config': {'shape': [None, 8, 8, 192], 'dtype': 'float32', 'keras_history': ['block6b_project_bn', 0, 0]}}], 'kwargs': {'training': False}}]}, {'module': 'keras.layers', 'class_name': 'Add', 'config': {'name': 'block6b_add', 'trainable': False, 'dtype': {'module': 'keras', 'class_name': 'DTypePolicy', 'config': {'name': 'float32'}, 'registered_name': None}}, 'registered_name': None, 'build_config': {'input_shape': [[None, 8, 8, 192], [None, 8, 8, 192]]}, 'name': 'block6b_add', 'inbound_nodes': [{'args': [[{'class_name': '__keras_tensor__', 'config': {'shape': [None, 8, 8, 192], 'dtype': 'float32', 'keras_history': ['block6b_drop', 0, 0]}}, {'class_name': '__keras_tensor__', 'config': {'shape': [None, 8, 8, 192], 'dtype': 'float32', 'keras_history': ['block6a_project_bn', 0, 0]}}]], 'kwargs': {}}]}, {'module': 'keras.layers', 'class_name': 'Conv2D', 'config': {'name': 'block6c_expand_conv', 'trainable': False, 'dtype': {'module': 'keras', 'class_name': 'DTypePolicy', 'config': {'name': 'float32'}, 'registered_name': None}, 'filters': 1152, 'kernel_size': [1, 1], 'strides': [1, 1], 'padding': 'same', 'data_format': 'channels_last', 'dilation_rate': [1, 1], 'groups': 1, 'activation': 'linear', 'use_bias': False, 'kernel_initializer': {'module': 'keras.initializers', 'class_name': 'VarianceScaling', 'config': {'seed': None, 'scale': 2.0, 'mode': 'fan_out', 'distribution': 'truncated_normal'}, 'registered_name': None}, 'bias_initializer': {'module': 'keras.initializers', 'class_name': 'Zeros', 'config': {}, 'registered_name': None}, 'kernel_regularizer': None, 'bias_regularizer': None, 'activity_regularizer': None, 'kernel_constraint': None, 'bias_constraint': None}, 'registered_name': None, 'build_config': {'input_shape': [None, 8, 8, 192]}, 'name': 'block6c_expand_conv', 'inbound_nodes': [{'args': [{'class_name': '__keras_tensor__', 'config': {'shape': [None, 8, 8, 192], 'dtype': 'float32', 'keras_history': ['block6b_add', 0, 0]}}], 'kwargs': {}}]}, {'module': 'keras.layers', 'class_name': 'BatchNormalization', 'config': {'name': 'block6c_expand_bn', 'trainable': False, 'dtype': {'module': 'keras', 'class_name': 'DTypePolicy', 'config': {'name': 'float32'}, 'registered_name': None}, 'axis': 3, 'momentum': 0.99, 'epsilon': 0.001, 'center': True, 'scale': True, 'beta_initializer': {'module': 'keras.initializers', 'class_name': 'Zeros', 'config': {}, 'registered_name': None}, 'gamma_initializer': {'module': 'keras.initializers', 'class_name': 'Ones', 'config': {}, 'registered_name': None}, 'moving_mean_initializer': {'module': 'keras.initializers', 'class_name': 'Zeros', 'config': {}, 'registered_name': None}, 'moving_variance_initializer': {'module': 'keras.initializers', 'class_name': 'Ones', 'config': {}, 'registered_name': None}, 'beta_regularizer': None, 'gamma_regularizer': None, 'beta_constraint': None, 'gamma_constraint': None, 'synchronized': False}, 'registered_name': None, 'build_config': {'input_shape': [None, 8, 8, 1152]}, 'name': 'block6c_expand_bn', 'inbound_nodes': [{'args': [{'class_name': '__keras_tensor__', 'config': {'shape': [None, 8, 8, 1152], 'dtype': 'float32', 'keras_history': ['block6c_expand_conv', 0, 0]}}], 'kwargs': {'mask': None}}]}, {'module': 'keras.layers', 'class_name': 'Activation', 'config': {'name': 'block6c_expand_activation', 'trainable': False, 'dtype': {'module': 'keras', 'class_name': 'DTypePolicy', 'config': {'name': 'float32'}, 'registered_name': None}, 'activation': 'silu'}, 'registered_name': None, 'name': 'block6c_expand_activation', 'inbound_nodes': [{'args': [{'class_name': '__keras_tensor__', 'config': {'shape': [None, 8, 8, 1152], 'dtype': 'float32', 'keras_history': ['block6c_expand_bn', 0, 0]}}], 'kwargs': {}}]}, {'module': 'keras.layers', 'class_name': 'DepthwiseConv2D', 'config': {'name': 'block6c_dwconv', 'trainable': False, 'dtype': {'module': 'keras', 'class_name': 'DTypePolicy', 'config': {'name': 'float32'}, 'registered_name': None}, 'depth_multiplier': 1, 'kernel_size': [5, 5], 'strides': [1, 1], 'padding': 'same', 'data_format': 'channels_last', 'dilation_rate': [1, 1], 'activation': 'linear', 'use_bias': False, 'depthwise_initializer': {'module': 'keras.initializers', 'class_name': 'VarianceScaling', 'config': {'seed': None, 'scale': 2.0, 'mode': 'fan_out', 'distribution': 'truncated_normal'}, 'registered_name': None}, 'bias_initializer': {'module': 'keras.initializers', 'class_name': 'Zeros', 'config': {}, 'registered_name': None}, 'depthwise_regularizer': None, 'bias_regularizer': None, 'activity_regularizer': None, 'depthwise_constraint': None, 'bias_constraint': None}, 'registered_name': None, 'build_config': {'input_shape': [None, 8, 8, 1152]}, 'name': 'block6c_dwconv', 'inbound_nodes': [{'args': [{'class_name': '__keras_tensor__', 'config': {'shape': [None, 8, 8, 1152], 'dtype': 'float32', 'keras_history': ['block6c_expand_activation', 0, 0]}}], 'kwargs': {}}]}, {'module': 'keras.layers', 'class_name': 'BatchNormalization', 'config': {'name': 'block6c_bn', 'trainable': False, 'dtype': {'module': 'keras', 'class_name': 'DTypePolicy', 'config': {'name': 'float32'}, 'registered_name': None}, 'axis': 3, 'momentum': 0.99, 'epsilon': 0.001, 'center': True, 'scale': True, 'beta_initializer': {'module': 'keras.initializers', 'class_name': 'Zeros', 'config': {}, 'registered_name': None}, 'gamma_initializer': {'module': 'keras.initializers', 'class_name': 'Ones', 'config': {}, 'registered_name': None}, 'moving_mean_initializer': {'module': 'keras.initializers', 'class_name': 'Zeros', 'config': {}, 'registered_name': None}, 'moving_variance_initializer': {'module': 'keras.initializers', 'class_name': 'Ones', 'config': {}, 'registered_name': None}, 'beta_regularizer': None, 'gamma_regularizer': None, 'beta_constraint': None, 'gamma_constraint': None, 'synchronized': False}, 'registered_name': None, 'build_config': {'input_shape': [None, 8, 8, 1152]}, 'name': 'block6c_bn', 'inbound_nodes': [{'args': [{'class_name': '__keras_tensor__', 'config': {'shape': [None, 8, 8, 1152], 'dtype': 'float32', 'keras_history': ['block6c_dwconv', 0, 0]}}], 'kwargs': {'mask': None}}]}, {'module': 'keras.layers', 'class_name': 'Activation', 'config': {'name': 'block6c_activation', 'trainable': False, 'dtype': {'module': 'keras', 'class_name': 'DTypePolicy', 'config': {'name': 'float32'}, 'registered_name': None}, 'activation': 'silu'}, 'registered_name': None, 'name': 'block6c_activation', 'inbound_nodes': [{'args': [{'class_name': '__keras_tensor__', 'config': {'shape': [None, 8, 8, 1152], 'dtype': 'float32', 'keras_history': ['block6c_bn', 0, 0]}}], 'kwargs': {}}]}, {'module': 'keras.layers', 'class_name': 'GlobalAveragePooling2D', 'config': {'name': 'block6c_se_squeeze', 'trainable': False, 'dtype': {'module': 'keras', 'class_name': 'DTypePolicy', 'config': {'name': 'float32'}, 'registered_name': None}, 'data_format': 'channels_last', 'keepdims': False}, 'registered_name': None, 'name': 'block6c_se_squeeze', 'inbound_nodes': [{'args': [{'class_name': '__keras_tensor__', 'config': {'shape': [None, 8, 8, 1152], 'dtype': 'float32', 'keras_history': ['block6c_activation', 0, 0]}}], 'kwargs': {}}]}, {'module': 'keras.layers', 'class_name': 'Reshape', 'config': {'name': 'block6c_se_reshape', 'trainable': False, 'dtype': {'module': 'keras', 'class_name': 'DTypePolicy', 'config': {'name': 'float32'}, 'registered_name': None}, 'target_shape': [1, 1, 1152]}, 'registered_name': None, 'name': 'block6c_se_reshape', 'inbound_nodes': [{'args': [{'class_name': '__keras_tensor__', 'config': {'shape': [None, 1152], 'dtype': 'float32', 'keras_history': ['block6c_se_squeeze', 0, 0]}}], 'kwargs': {}}]}, {'module': 'keras.layers', 'class_name': 'Conv2D', 'config': {'name': 'block6c_se_reduce', 'trainable': False, 'dtype': {'module': 'keras', 'class_name': 'DTypePolicy', 'config': {'name': 'float32'}, 'registered_name': None}, 'filters': 48, 'kernel_size': [1, 1], 'strides': [1, 1], 'padding': 'same', 'data_format': 'channels_last', 'dilation_rate': [1, 1], 'groups': 1, 'activation': 'silu', 'use_bias': True, 'kernel_initializer': {'module': 'keras.initializers', 'class_name': 'VarianceScaling', 'config': {'seed': None, 'scale': 2.0, 'mode': 'fan_out', 'distribution': 'truncated_normal'}, 'registered_name': None}, 'bias_initializer': {'module': 'keras.initializers', 'class_name': 'Zeros', 'config': {}, 'registered_name': None}, 'kernel_regularizer': None, 'bias_regularizer': None, 'activity_regularizer': None, 'kernel_constraint': None, 'bias_constraint': None}, 'registered_name': None, 'build_config': {'input_shape': [None, 1, 1, 1152]}, 'name': 'block6c_se_reduce', 'inbound_nodes': [{'args': [{'class_name': '__keras_tensor__', 'config': {'shape': [None, 1, 1, 1152], 'dtype': 'float32', 'keras_history': ['block6c_se_reshape', 0, 0]}}], 'kwargs': {}}]}, {'module': 'keras.layers', 'class_name': 'Conv2D', 'config': {'name': 'block6c_se_expand', 'trainable': False, 'dtype': {'module': 'keras', 'class_name': 'DTypePolicy', 'config': {'name': 'float32'}, 'registered_name': None}, 'filters': 1152, 'kernel_size': [1, 1], 'strides': [1, 1], 'padding': 'same', 'data_format': 'channels_last', 'dilation_rate': [1, 1], 'groups': 1, 'activation': 'sigmoid', 'use_bias': True, 'kernel_initializer': {'module': 'keras.initializers', 'class_name': 'VarianceScaling', 'config': {'seed': None, 'scale': 2.0, 'mode': 'fan_out', 'distribution': 'truncated_normal'}, 'registered_name': None}, 'bias_initializer': {'module': 'keras.initializers', 'class_name': 'Zeros', 'config': {}, 'registered_name': None}, 'kernel_regularizer': None, 'bias_regularizer': None, 'activity_regularizer': None, 'kernel_constraint': None, 'bias_constraint': None}, 'registered_name': None, 'build_config': {'input_shape': [None, 1, 1, 48]}, 'name': 'block6c_se_expand', 'inbound_nodes': [{'args': [{'class_name': '__keras_tensor__', 'config': {'shape': [None, 1, 1, 48], 'dtype': 'float32', 'keras_history': ['block6c_se_reduce', 0, 0]}}], 'kwargs': {}}]}, {'module': 'keras.layers', 'class_name': 'Multiply', 'config': {'name': 'block6c_se_excite', 'trainable': False, 'dtype': {'module': 'keras', 'class_name': 'DTypePolicy', 'config': {'name': 'float32'}, 'registered_name': None}}, 'registered_name': None, 'build_config': {'input_shape': [[None, 8, 8, 1152], [None, 1, 1, 1152]]}, 'name': 'block6c_se_excite', 'inbound_nodes': [{'args': [[{'class_name': '__keras_tensor__', 'config': {'shape': [None, 8, 8, 1152], 'dtype': 'float32', 'keras_history': ['block6c_activation', 0, 0]}}, {'class_name': '__keras_tensor__', 'config': {'shape': [None, 1, 1, 1152], 'dtype': 'float32', 'keras_history': ['block6c_se_expand', 0, 0]}}]], 'kwargs': {}}]}, {'module': 'keras.layers', 'class_name': 'Conv2D', 'config': {'name': 'block6c_project_conv', 'trainable': False, 'dtype': {'module': 'keras', 'class_name': 'DTypePolicy', 'config': {'name': 'float32'}, 'registered_name': None}, 'filters': 192, 'kernel_size': [1, 1], 'strides': [1, 1], 'padding': 'same', 'data_format': 'channels_last', 'dilation_rate': [1, 1], 'groups': 1, 'activation': 'linear', 'use_bias': False, 'kernel_initializer': {'module': 'keras.initializers', 'class_name': 'VarianceScaling', 'config': {'seed': None, 'scale': 2.0, 'mode': 'fan_out', 'distribution': 'truncated_normal'}, 'registered_name': None}, 'bias_initializer': {'module': 'keras.initializers', 'class_name': 'Zeros', 'config': {}, 'registered_name': None}, 'kernel_regularizer': None, 'bias_regularizer': None, 'activity_regularizer': None, 'kernel_constraint': None, 'bias_constraint': None}, 'registered_name': None, 'build_config': {'input_shape': [None, 8, 8, 1152]}, 'name': 'block6c_project_conv', 'inbound_nodes': [{'args': [{'class_name': '__keras_tensor__', 'config': {'shape': [None, 8, 8, 1152], 'dtype': 'float32', 'keras_history': ['block6c_se_excite', 0, 0]}}], 'kwargs': {}}]}, {'module': 'keras.layers', 'class_name': 'BatchNormalization', 'config': {'name': 'block6c_project_bn', 'trainable': False, 'dtype': {'module': 'keras', 'class_name': 'DTypePolicy', 'config': {'name': 'float32'}, 'registered_name': None}, 'axis': 3, 'momentum': 0.99, 'epsilon': 0.001, 'center': True, 'scale': True, 'beta_initializer': {'module': 'keras.initializers', 'class_name': 'Zeros', 'config': {}, 'registered_name': None}, 'gamma_initializer': {'module': 'keras.initializers', 'class_name': 'Ones', 'config': {}, 'registered_name': None}, 'moving_mean_initializer': {'module': 'keras.initializers', 'class_name': 'Zeros', 'config': {}, 'registered_name': None}, 'moving_variance_initializer': {'module': 'keras.initializers', 'class_name': 'Ones', 'config': {}, 'registered_name': None}, 'beta_regularizer': None, 'gamma_regularizer': None, 'beta_constraint': None, 'gamma_constraint': None, 'synchronized': False}, 'registered_name': None, 'build_config': {'input_shape': [None, 8, 8, 192]}, 'name': 'block6c_project_bn', 'inbound_nodes': [{'args': [{'class_name': '__keras_tensor__', 'config': {'shape': [None, 8, 8, 192], 'dtype': 'float32', 'keras_history': ['block6c_project_conv', 0, 0]}}], 'kwargs': {'mask': None}}]}, {'module': 'keras.layers', 'class_name': 'Dropout', 'config': {'name': 'block6c_drop', 'trainable': False, 'dtype': {'module': 'keras', 'class_name': 'DTypePolicy', 'config': {'name': 'float32'}, 'registered_name': None}, 'rate': 0.1565217391304348, 'seed': None, 'noise_shape': [None, 1, 1, 1]}, 'registered_name': None, 'name': 'block6c_drop', 'inbound_nodes': [{'args': [{'class_name': '__keras_tensor__', 'config': {'shape': [None, 8, 8, 192], 'dtype': 'float32', 'keras_history': ['block6c_project_bn', 0, 0]}}], 'kwargs': {'training': False}}]}, {'module': 'keras.layers', 'class_name': 'Add', 'config': {'name': 'block6c_add', 'trainable': False, 'dtype': {'module': 'keras', 'class_name': 'DTypePolicy', 'config': {'name': 'float32'}, 'registered_name': None}}, 'registered_name': None, 'build_config': {'input_shape': [[None, 8, 8, 192], [None, 8, 8, 192]]}, 'name': 'block6c_add', 'inbound_nodes': [{'args': [[{'class_name': '__keras_tensor__', 'config': {'shape': [None, 8, 8, 192], 'dtype': 'float32', 'keras_history': ['block6c_drop', 0, 0]}}, {'class_name': '__keras_tensor__', 'config': {'shape': [None, 8, 8, 192], 'dtype': 'float32', 'keras_history': ['block6b_add', 0, 0]}}]], 'kwargs': {}}]}, {'module': 'keras.layers', 'class_name': 'Conv2D', 'config': {'name': 'block6d_expand_conv', 'trainable': False, 'dtype': {'module': 'keras', 'class_name': 'DTypePolicy', 'config': {'name': 'float32'}, 'registered_name': None}, 'filters': 1152, 'kernel_size': [1, 1], 'strides': [1, 1], 'padding': 'same', 'data_format': 'channels_last', 'dilation_rate': [1, 1], 'groups': 1, 'activation': 'linear', 'use_bias': False, 'kernel_initializer': {'module': 'keras.initializers', 'class_name': 'VarianceScaling', 'config': {'seed': None, 'scale': 2.0, 'mode': 'fan_out', 'distribution': 'truncated_normal'}, 'registered_name': None}, 'bias_initializer': {'module': 'keras.initializers', 'class_name': 'Zeros', 'config': {}, 'registered_name': None}, 'kernel_regularizer': None, 'bias_regularizer': None, 'activity_regularizer': None, 'kernel_constraint': None, 'bias_constraint': None}, 'registered_name': None, 'build_config': {'input_shape': [None, 8, 8, 192]}, 'name': 'block6d_expand_conv', 'inbound_nodes': [{'args': [{'class_name': '__keras_tensor__', 'config': {'shape': [None, 8, 8, 192], 'dtype': 'float32', 'keras_history': ['block6c_add', 0, 0]}}], 'kwargs': {}}]}, {'module': 'keras.layers', 'class_name': 'BatchNormalization', 'config': {'name': 'block6d_expand_bn', 'trainable': True, 'dtype': {'module': 'keras', 'class_name': 'DTypePolicy', 'config': {'name': 'float32'}, 'registered_name': None}, 'axis': 3, 'momentum': 0.99, 'epsilon': 0.001, 'center': True, 'scale': True, 'beta_initializer': {'module': 'keras.initializers', 'class_name': 'Zeros', 'config': {}, 'registered_name': None}, 'gamma_initializer': {'module': 'keras.initializers', 'class_name': 'Ones', 'config': {}, 'registered_name': None}, 'moving_mean_initializer': {'module': 'keras.initializers', 'class_name': 'Zeros', 'config': {}, 'registered_name': None}, 'moving_variance_initializer': {'module': 'keras.initializers', 'class_name': 'Ones', 'config': {}, 'registered_name': None}, 'beta_regularizer': None, 'gamma_regularizer': None, 'beta_constraint': None, 'gamma_constraint': None, 'synchronized': False}, 'registered_name': None, 'build_config': {'input_shape': [None, 8, 8, 1152]}, 'name': 'block6d_expand_bn', 'inbound_nodes': [{'args': [{'class_name': '__keras_tensor__', 'config': {'shape': [None, 8, 8, 1152], 'dtype': 'float32', 'keras_history': ['block6d_expand_conv', 0, 0]}}], 'kwargs': {'mask': None}}]}, {'module': 'keras.layers', 'class_name': 'Activation', 'config': {'name': 'block6d_expand_activation', 'trainable': True, 'dtype': {'module': 'keras', 'class_name': 'DTypePolicy', 'config': {'name': 'float32'}, 'registered_name': None}, 'activation': 'silu'}, 'registered_name': None, 'name': 'block6d_expand_activation', 'inbound_nodes': [{'args': [{'class_name': '__keras_tensor__', 'config': {'shape': [None, 8, 8, 1152], 'dtype': 'float32', 'keras_history': ['block6d_expand_bn', 0, 0]}}], 'kwargs': {}}]}, {'module': 'keras.layers', 'class_name': 'DepthwiseConv2D', 'config': {'name': 'block6d_dwconv', 'trainable': True, 'dtype': {'module': 'keras', 'class_name': 'DTypePolicy', 'config': {'name': 'float32'}, 'registered_name': None}, 'depth_multiplier': 1, 'kernel_size': [5, 5], 'strides': [1, 1], 'padding': 'same', 'data_format': 'channels_last', 'dilation_rate': [1, 1], 'activation': 'linear', 'use_bias': False, 'depthwise_initializer': {'module': 'keras.initializers', 'class_name': 'VarianceScaling', 'config': {'seed': None, 'scale': 2.0, 'mode': 'fan_out', 'distribution': 'truncated_normal'}, 'registered_name': None}, 'bias_initializer': {'module': 'keras.initializers', 'class_name': 'Zeros', 'config': {}, 'registered_name': None}, 'depthwise_regularizer': None, 'bias_regularizer': None, 'activity_regularizer': None, 'depthwise_constraint': None, 'bias_constraint': None}, 'registered_name': None, 'build_config': {'input_shape': [None, 8, 8, 1152]}, 'name': 'block6d_dwconv', 'inbound_nodes': [{'args': [{'class_name': '__keras_tensor__', 'config': {'shape': [None, 8, 8, 1152], 'dtype': 'float32', 'keras_history': ['block6d_expand_activation', 0, 0]}}], 'kwargs': {}}]}, {'module': 'keras.layers', 'class_name': 'BatchNormalization', 'config': {'name': 'block6d_bn', 'trainable': True, 'dtype': {'module': 'keras', 'class_name': 'DTypePolicy', 'config': {'name': 'float32'}, 'registered_name': None}, 'axis': 3, 'momentum': 0.99, 'epsilon': 0.001, 'center': True, 'scale': True, 'beta_initializer': {'module': 'keras.initializers', 'class_name': 'Zeros', 'config': {}, 'registered_name': None}, 'gamma_initializer': {'module': 'keras.initializers', 'class_name': 'Ones', 'config': {}, 'registered_name': None}, 'moving_mean_initializer': {'module': 'keras.initializers', 'class_name': 'Zeros', 'config': {}, 'registered_name': None}, 'moving_variance_initializer': {'module': 'keras.initializers', 'class_name': 'Ones', 'config': {}, 'registered_name': None}, 'beta_regularizer': None, 'gamma_regularizer': None, 'beta_constraint': None, 'gamma_constraint': None, 'synchronized': False}, 'registered_name': None, 'build_config': {'input_shape': [None, 8, 8, 1152]}, 'name': 'block6d_bn', 'inbound_nodes': [{'args': [{'class_name': '__keras_tensor__', 'config': {'shape': [None, 8, 8, 1152], 'dtype': 'float32', 'keras_history': ['block6d_dwconv', 0, 0]}}], 'kwargs': {'mask': None}}]}, {'module': 'keras.layers', 'class_name': 'Activation', 'config': {'name': 'block6d_activation', 'trainable': True, 'dtype': {'module': 'keras', 'class_name': 'DTypePolicy', 'config': {'name': 'float32'}, 'registered_name': None}, 'activation': 'silu'}, 'registered_name': None, 'name': 'block6d_activation', 'inbound_nodes': [{'args': [{'class_name': '__keras_tensor__', 'config': {'shape': [None, 8, 8, 1152], 'dtype': 'float32', 'keras_history': ['block6d_bn', 0, 0]}}], 'kwargs': {}}]}, {'module': 'keras.layers', 'class_name': 'GlobalAveragePooling2D', 'config': {'name': 'block6d_se_squeeze', 'trainable': True, 'dtype': {'module': 'keras', 'class_name': 'DTypePolicy', 'config': {'name': 'float32'}, 'registered_name': None}, 'data_format': 'channels_last', 'keepdims': False}, 'registered_name': None, 'name': 'block6d_se_squeeze', 'inbound_nodes': [{'args': [{'class_name': '__keras_tensor__', 'config': {'shape': [None, 8, 8, 1152], 'dtype': 'float32', 'keras_history': ['block6d_activation', 0, 0]}}], 'kwargs': {}}]}, {'module': 'keras.layers', 'class_name': 'Reshape', 'config': {'name': 'block6d_se_reshape', 'trainable': True, 'dtype': {'module': 'keras', 'class_name': 'DTypePolicy', 'config': {'name': 'float32'}, 'registered_name': None}, 'target_shape': [1, 1, 1152]}, 'registered_name': None, 'name': 'block6d_se_reshape', 'inbound_nodes': [{'args': [{'class_name': '__keras_tensor__', 'config': {'shape': [None, 1152], 'dtype': 'float32', 'keras_history': ['block6d_se_squeeze', 0, 0]}}], 'kwargs': {}}]}, {'module': 'keras.layers', 'class_name': 'Conv2D', 'config': {'name': 'block6d_se_reduce', 'trainable': True, 'dtype': {'module': 'keras', 'class_name': 'DTypePolicy', 'config': {'name': 'float32'}, 'registered_name': None}, 'filters': 48, 'kernel_size': [1, 1], 'strides': [1, 1], 'padding': 'same', 'data_format': 'channels_last', 'dilation_rate': [1, 1], 'groups': 1, 'activation': 'silu', 'use_bias': True, 'kernel_initializer': {'module': 'keras.initializers', 'class_name': 'VarianceScaling', 'config': {'seed': None, 'scale': 2.0, 'mode': 'fan_out', 'distribution': 'truncated_normal'}, 'registered_name': None}, 'bias_initializer': {'module': 'keras.initializers', 'class_name': 'Zeros', 'config': {}, 'registered_name': None}, 'kernel_regularizer': None, 'bias_regularizer': None, 'activity_regularizer': None, 'kernel_constraint': None, 'bias_constraint': None}, 'registered_name': None, 'build_config': {'input_shape': [None, 1, 1, 1152]}, 'name': 'block6d_se_reduce', 'inbound_nodes': [{'args': [{'class_name': '__keras_tensor__', 'config': {'shape': [None, 1, 1, 1152], 'dtype': 'float32', 'keras_history': ['block6d_se_reshape', 0, 0]}}], 'kwargs': {}}]}, {'module': 'keras.layers', 'class_name': 'Conv2D', 'config': {'name': 'block6d_se_expand', 'trainable': True, 'dtype': {'module': 'keras', 'class_name': 'DTypePolicy', 'config': {'name': 'float32'}, 'registered_name': None}, 'filters': 1152, 'kernel_size': [1, 1], 'strides': [1, 1], 'padding': 'same', 'data_format': 'channels_last', 'dilation_rate': [1, 1], 'groups': 1, 'activation': 'sigmoid', 'use_bias': True, 'kernel_initializer': {'module': 'keras.initializers', 'class_name': 'VarianceScaling', 'config': {'seed': None, 'scale': 2.0, 'mode': 'fan_out', 'distribution': 'truncated_normal'}, 'registered_name': None}, 'bias_initializer': {'module': 'keras.initializers', 'class_name': 'Zeros', 'config': {}, 'registered_name': None}, 'kernel_regularizer': None, 'bias_regularizer': None, 'activity_regularizer': None, 'kernel_constraint': None, 'bias_constraint': None}, 'registered_name': None, 'build_config': {'input_shape': [None, 1, 1, 48]}, 'name': 'block6d_se_expand', 'inbound_nodes': [{'args': [{'class_name': '__keras_tensor__', 'config': {'shape': [None, 1, 1, 48], 'dtype': 'float32', 'keras_history': ['block6d_se_reduce', 0, 0]}}], 'kwargs': {}}]}, {'module': 'keras.layers', 'class_name': 'Multiply', 'config': {'name': 'block6d_se_excite', 'trainable': True, 'dtype': {'module': 'keras', 'class_name': 'DTypePolicy', 'config': {'name': 'float32'}, 'registered_name': None}}, 'registered_name': None, 'build_config': {'input_shape': [[None, 8, 8, 1152], [None, 1, 1, 1152]]}, 'name': 'block6d_se_excite', 'inbound_nodes': [{'args': [[{'class_name': '__keras_tensor__', 'config': {'shape': [None, 8, 8, 1152], 'dtype': 'float32', 'keras_history': ['block6d_activation', 0, 0]}}, {'class_name': '__keras_tensor__', 'config': {'shape': [None, 1, 1, 1152], 'dtype': 'float32', 'keras_history': ['block6d_se_expand', 0, 0]}}]], 'kwargs': {}}]}, {'module': 'keras.layers', 'class_name': 'Conv2D', 'config': {'name': 'block6d_project_conv', 'trainable': True, 'dtype': {'module': 'keras', 'class_name': 'DTypePolicy', 'config': {'name': 'float32'}, 'registered_name': None}, 'filters': 192, 'kernel_size': [1, 1], 'strides': [1, 1], 'padding': 'same', 'data_format': 'channels_last', 'dilation_rate': [1, 1], 'groups': 1, 'activation': 'linear', 'use_bias': False, 'kernel_initializer': {'module': 'keras.initializers', 'class_name': 'VarianceScaling', 'config': {'seed': None, 'scale': 2.0, 'mode': 'fan_out', 'distribution': 'truncated_normal'}, 'registered_name': None}, 'bias_initializer': {'module': 'keras.initializers', 'class_name': 'Zeros', 'config': {}, 'registered_name': None}, 'kernel_regularizer': None, 'bias_regularizer': None, 'activity_regularizer': None, 'kernel_constraint': None, 'bias_constraint': None}, 'registered_name': None, 'build_config': {'input_shape': [None, 8, 8, 1152]}, 'name': 'block6d_project_conv', 'inbound_nodes': [{'args': [{'class_name': '__keras_tensor__', 'config': {'shape': [None, 8, 8, 1152], 'dtype': 'float32', 'keras_history': ['block6d_se_excite', 0, 0]}}], 'kwargs': {}}]}, {'module': 'keras.layers', 'class_name': 'BatchNormalization', 'config': {'name': 'block6d_project_bn', 'trainable': True, 'dtype': {'module': 'keras', 'class_name': 'DTypePolicy', 'config': {'name': 'float32'}, 'registered_name': None}, 'axis': 3, 'momentum': 0.99, 'epsilon': 0.001, 'center': True, 'scale': True, 'beta_initializer': {'module': 'keras.initializers', 'class_name': 'Zeros', 'config': {}, 'registered_name': None}, 'gamma_initializer': {'module': 'keras.initializers', 'class_name': 'Ones', 'config': {}, 'registered_name': None}, 'moving_mean_initializer': {'module': 'keras.initializers', 'class_name': 'Zeros', 'config': {}, 'registered_name': None}, 'moving_variance_initializer': {'module': 'keras.initializers', 'class_name': 'Ones', 'config': {}, 'registered_name': None}, 'beta_regularizer': None, 'gamma_regularizer': None, 'beta_constraint': None, 'gamma_constraint': None, 'synchronized': False}, 'registered_name': None, 'build_config': {'input_shape': [None, 8, 8, 192]}, 'name': 'block6d_project_bn', 'inbound_nodes': [{'args': [{'class_name': '__keras_tensor__', 'config': {'shape': [None, 8, 8, 192], 'dtype': 'float32', 'keras_history': ['block6d_project_conv', 0, 0]}}], 'kwargs': {'mask': None}}]}, {'module': 'keras.layers', 'class_name': 'Dropout', 'config': {'name': 'block6d_drop', 'trainable': True, 'dtype': {'module': 'keras', 'class_name': 'DTypePolicy', 'config': {'name': 'float32'}, 'registered_name': None}, 'rate': 0.16521739130434784, 'seed': None, 'noise_shape': [None, 1, 1, 1]}, 'registered_name': None, 'name': 'block6d_drop', 'inbound_nodes': [{'args': [{'class_name': '__keras_tensor__', 'config': {'shape': [None, 8, 8, 192], 'dtype': 'float32', 'keras_history': ['block6d_project_bn', 0, 0]}}], 'kwargs': {'training': False}}]}, {'module': 'keras.layers', 'class_name': 'Add', 'config': {'name': 'block6d_add', 'trainable': True, 'dtype': {'module': 'keras', 'class_name': 'DTypePolicy', 'config': {'name': 'float32'}, 'registered_name': None}}, 'registered_name': None, 'build_config': {'input_shape': [[None, 8, 8, 192], [None, 8, 8, 192]]}, 'name': 'block6d_add', 'inbound_nodes': [{'args': [[{'class_name': '__keras_tensor__', 'config': {'shape': [None, 8, 8, 192], 'dtype': 'float32', 'keras_history': ['block6d_drop', 0, 0]}}, {'class_name': '__keras_tensor__', 'config': {'shape': [None, 8, 8, 192], 'dtype': 'float32', 'keras_history': ['block6c_add', 0, 0]}}]], 'kwargs': {}}]}, {'module': 'keras.layers', 'class_name': 'Conv2D', 'config': {'name': 'block6e_expand_conv', 'trainable': True, 'dtype': {'module': 'keras', 'class_name': 'DTypePolicy', 'config': {'name': 'float32'}, 'registered_name': None}, 'filters': 1152, 'kernel_size': [1, 1], 'strides': [1, 1], 'padding': 'same', 'data_format': 'channels_last', 'dilation_rate': [1, 1], 'groups': 1, 'activation': 'linear', 'use_bias': False, 'kernel_initializer': {'module': 'keras.initializers', 'class_name': 'VarianceScaling', 'config': {'seed': None, 'scale': 2.0, 'mode': 'fan_out', 'distribution': 'truncated_normal'}, 'registered_name': None}, 'bias_initializer': {'module': 'keras.initializers', 'class_name': 'Zeros', 'config': {}, 'registered_name': None}, 'kernel_regularizer': None, 'bias_regularizer': None, 'activity_regularizer': None, 'kernel_constraint': None, 'bias_constraint': None}, 'registered_name': None, 'build_config': {'input_shape': [None, 8, 8, 192]}, 'name': 'block6e_expand_conv', 'inbound_nodes': [{'args': [{'class_name': '__keras_tensor__', 'config': {'shape': [None, 8, 8, 192], 'dtype': 'float32', 'keras_history': ['block6d_add', 0, 0]}}], 'kwargs': {}}]}, {'module': 'keras.layers', 'class_name': 'BatchNormalization', 'config': {'name': 'block6e_expand_bn', 'trainable': True, 'dtype': {'module': 'keras', 'class_name': 'DTypePolicy', 'config': {'name': 'float32'}, 'registered_name': None}, 'axis': 3, 'momentum': 0.99, 'epsilon': 0.001, 'center': True, 'scale': True, 'beta_initializer': {'module': 'keras.initializers', 'class_name': 'Zeros', 'config': {}, 'registered_name': None}, 'gamma_initializer': {'module': 'keras.initializers', 'class_name': 'Ones', 'config': {}, 'registered_name': None}, 'moving_mean_initializer': {'module': 'keras.initializers', 'class_name': 'Zeros', 'config': {}, 'registered_name': None}, 'moving_variance_initializer': {'module': 'keras.initializers', 'class_name': 'Ones', 'config': {}, 'registered_name': None}, 'beta_regularizer': None, 'gamma_regularizer': None, 'beta_constraint': None, 'gamma_constraint': None, 'synchronized': False}, 'registered_name': None, 'build_config': {'input_shape': [None, 8, 8, 1152]}, 'name': 'block6e_expand_bn', 'inbound_nodes': [{'args': [{'class_name': '__keras_tensor__', 'config': {'shape': [None, 8, 8, 1152], 'dtype': 'float32', 'keras_history': ['block6e_expand_conv', 0, 0]}}], 'kwargs': {'mask': None}}]}, {'module': 'keras.layers', 'class_name': 'Activation', 'config': {'name': 'block6e_expand_activation', 'trainable': True, 'dtype': {'module': 'keras', 'class_name': 'DTypePolicy', 'config': {'name': 'float32'}, 'registered_name': None}, 'activation': 'silu'}, 'registered_name': None, 'name': 'block6e_expand_activation', 'inbound_nodes': [{'args': [{'class_name': '__keras_tensor__', 'config': {'shape': [None, 8, 8, 1152], 'dtype': 'float32', 'keras_history': ['block6e_expand_bn', 0, 0]}}], 'kwargs': {}}]}, {'module': 'keras.layers', 'class_name': 'DepthwiseConv2D', 'config': {'name': 'block6e_dwconv', 'trainable': True, 'dtype': {'module': 'keras', 'class_name': 'DTypePolicy', 'config': {'name': 'float32'}, 'registered_name': None}, 'depth_multiplier': 1, 'kernel_size': [5, 5], 'strides': [1, 1], 'padding': 'same', 'data_format': 'channels_last', 'dilation_rate': [1, 1], 'activation': 'linear', 'use_bias': False, 'depthwise_initializer': {'module': 'keras.initializers', 'class_name': 'VarianceScaling', 'config': {'seed': None, 'scale': 2.0, 'mode': 'fan_out', 'distribution': 'truncated_normal'}, 'registered_name': None}, 'bias_initializer': {'module': 'keras.initializers', 'class_name': 'Zeros', 'config': {}, 'registered_name': None}, 'depthwise_regularizer': None, 'bias_regularizer': None, 'activity_regularizer': None, 'depthwise_constraint': None, 'bias_constraint': None}, 'registered_name': None, 'build_config': {'input_shape': [None, 8, 8, 1152]}, 'name': 'block6e_dwconv', 'inbound_nodes': [{'args': [{'class_name': '__keras_tensor__', 'config': {'shape': [None, 8, 8, 1152], 'dtype': 'float32', 'keras_history': ['block6e_expand_activation', 0, 0]}}], 'kwargs': {}}]}, {'module': 'keras.layers', 'class_name': 'BatchNormalization', 'config': {'name': 'block6e_bn', 'trainable': True, 'dtype': {'module': 'keras', 'class_name': 'DTypePolicy', 'config': {'name': 'float32'}, 'registered_name': None}, 'axis': 3, 'momentum': 0.99, 'epsilon': 0.001, 'center': True, 'scale': True, 'beta_initializer': {'module': 'keras.initializers', 'class_name': 'Zeros', 'config': {}, 'registered_name': None}, 'gamma_initializer': {'module': 'keras.initializers', 'class_name': 'Ones', 'config': {}, 'registered_name': None}, 'moving_mean_initializer': {'module': 'keras.initializers', 'class_name': 'Zeros', 'config': {}, 'registered_name': None}, 'moving_variance_initializer': {'module': 'keras.initializers', 'class_name': 'Ones', 'config': {}, 'registered_name': None}, 'beta_regularizer': None, 'gamma_regularizer': None, 'beta_constraint': None, 'gamma_constraint': None, 'synchronized': False}, 'registered_name': None, 'build_config': {'input_shape': [None, 8, 8, 1152]}, 'name': 'block6e_bn', 'inbound_nodes': [{'args': [{'class_name': '__keras_tensor__', 'config': {'shape': [None, 8, 8, 1152], 'dtype': 'float32', 'keras_history': ['block6e_dwconv', 0, 0]}}], 'kwargs': {'mask': None}}]}, {'module': 'keras.layers', 'class_name': 'Activation', 'config': {'name': 'block6e_activation', 'trainable': True, 'dtype': {'module': 'keras', 'class_name': 'DTypePolicy', 'config': {'name': 'float32'}, 'registered_name': None}, 'activation': 'silu'}, 'registered_name': None, 'name': 'block6e_activation', 'inbound_nodes': [{'args': [{'class_name': '__keras_tensor__', 'config': {'shape': [None, 8, 8, 1152], 'dtype': 'float32', 'keras_history': ['block6e_bn', 0, 0]}}], 'kwargs': {}}]}, {'module': 'keras.layers', 'class_name': 'GlobalAveragePooling2D', 'config': {'name': 'block6e_se_squeeze', 'trainable': True, 'dtype': {'module': 'keras', 'class_name': 'DTypePolicy', 'config': {'name': 'float32'}, 'registered_name': None}, 'data_format': 'channels_last', 'keepdims': False}, 'registered_name': None, 'name': 'block6e_se_squeeze', 'inbound_nodes': [{'args': [{'class_name': '__keras_tensor__', 'config': {'shape': [None, 8, 8, 1152], 'dtype': 'float32', 'keras_history': ['block6e_activation', 0, 0]}}], 'kwargs': {}}]}, {'module': 'keras.layers', 'class_name': 'Reshape', 'config': {'name': 'block6e_se_reshape', 'trainable': True, 'dtype': {'module': 'keras', 'class_name': 'DTypePolicy', 'config': {'name': 'float32'}, 'registered_name': None}, 'target_shape': [1, 1, 1152]}, 'registered_name': None, 'name': 'block6e_se_reshape', 'inbound_nodes': [{'args': [{'class_name': '__keras_tensor__', 'config': {'shape': [None, 1152], 'dtype': 'float32', 'keras_history': ['block6e_se_squeeze', 0, 0]}}], 'kwargs': {}}]}, {'module': 'keras.layers', 'class_name': 'Conv2D', 'config': {'name': 'block6e_se_reduce', 'trainable': True, 'dtype': {'module': 'keras', 'class_name': 'DTypePolicy', 'config': {'name': 'float32'}, 'registered_name': None}, 'filters': 48, 'kernel_size': [1, 1], 'strides': [1, 1], 'padding': 'same', 'data_format': 'channels_last', 'dilation_rate': [1, 1], 'groups': 1, 'activation': 'silu', 'use_bias': True, 'kernel_initializer': {'module': 'keras.initializers', 'class_name': 'VarianceScaling', 'config': {'seed': None, 'scale': 2.0, 'mode': 'fan_out', 'distribution': 'truncated_normal'}, 'registered_name': None}, 'bias_initializer': {'module': 'keras.initializers', 'class_name': 'Zeros', 'config': {}, 'registered_name': None}, 'kernel_regularizer': None, 'bias_regularizer': None, 'activity_regularizer': None, 'kernel_constraint': None, 'bias_constraint': None}, 'registered_name': None, 'build_config': {'input_shape': [None, 1, 1, 1152]}, 'name': 'block6e_se_reduce', 'inbound_nodes': [{'args': [{'class_name': '__keras_tensor__', 'config': {'shape': [None, 1, 1, 1152], 'dtype': 'float32', 'keras_history': ['block6e_se_reshape', 0, 0]}}], 'kwargs': {}}]}, {'module': 'keras.layers', 'class_name': 'Conv2D', 'config': {'name': 'block6e_se_expand', 'trainable': True, 'dtype': {'module': 'keras', 'class_name': 'DTypePolicy', 'config': {'name': 'float32'}, 'registered_name': None}, 'filters': 1152, 'kernel_size': [1, 1], 'strides': [1, 1], 'padding': 'same', 'data_format': 'channels_last', 'dilation_rate': [1, 1], 'groups': 1, 'activation': 'sigmoid', 'use_bias': True, 'kernel_initializer': {'module': 'keras.initializers', 'class_name': 'VarianceScaling', 'config': {'seed': None, 'scale': 2.0, 'mode': 'fan_out', 'distribution': 'truncated_normal'}, 'registered_name': None}, 'bias_initializer': {'module': 'keras.initializers', 'class_name': 'Zeros', 'config': {}, 'registered_name': None}, 'kernel_regularizer': None, 'bias_regularizer': None, 'activity_regularizer': None, 'kernel_constraint': None, 'bias_constraint': None}, 'registered_name': None, 'build_config': {'input_shape': [None, 1, 1, 48]}, 'name': 'block6e_se_expand', 'inbound_nodes': [{'args': [{'class_name': '__keras_tensor__', 'config': {'shape': [None, 1, 1, 48], 'dtype': 'float32', 'keras_history': ['block6e_se_reduce', 0, 0]}}], 'kwargs': {}}]}, {'module': 'keras.layers', 'class_name': 'Multiply', 'config': {'name': 'block6e_se_excite', 'trainable': True, 'dtype': {'module': 'keras', 'class_name': 'DTypePolicy', 'config': {'name': 'float32'}, 'registered_name': None}}, 'registered_name': None, 'build_config': {'input_shape': [[None, 8, 8, 1152], [None, 1, 1, 1152]]}, 'name': 'block6e_se_excite', 'inbound_nodes': [{'args': [[{'class_name': '__keras_tensor__', 'config': {'shape': [None, 8, 8, 1152], 'dtype': 'float32', 'keras_history': ['block6e_activation', 0, 0]}}, {'class_name': '__keras_tensor__', 'config': {'shape': [None, 1, 1, 1152], 'dtype': 'float32', 'keras_history': ['block6e_se_expand', 0, 0]}}]], 'kwargs': {}}]}, {'module': 'keras.layers', 'class_name': 'Conv2D', 'config': {'name': 'block6e_project_conv', 'trainable': True, 'dtype': {'module': 'keras', 'class_name': 'DTypePolicy', 'config': {'name': 'float32'}, 'registered_name': None}, 'filters': 192, 'kernel_size': [1, 1], 'strides': [1, 1], 'padding': 'same', 'data_format': 'channels_last', 'dilation_rate': [1, 1], 'groups': 1, 'activation': 'linear', 'use_bias': False, 'kernel_initializer': {'module': 'keras.initializers', 'class_name': 'VarianceScaling', 'config': {'seed': None, 'scale': 2.0, 'mode': 'fan_out', 'distribution': 'truncated_normal'}, 'registered_name': None}, 'bias_initializer': {'module': 'keras.initializers', 'class_name': 'Zeros', 'config': {}, 'registered_name': None}, 'kernel_regularizer': None, 'bias_regularizer': None, 'activity_regularizer': None, 'kernel_constraint': None, 'bias_constraint': None}, 'registered_name': None, 'build_config': {'input_shape': [None, 8, 8, 1152]}, 'name': 'block6e_project_conv', 'inbound_nodes': [{'args': [{'class_name': '__keras_tensor__', 'config': {'shape': [None, 8, 8, 1152], 'dtype': 'float32', 'keras_history': ['block6e_se_excite', 0, 0]}}], 'kwargs': {}}]}, {'module': 'keras.layers', 'class_name': 'BatchNormalization', 'config': {'name': 'block6e_project_bn', 'trainable': True, 'dtype': {'module': 'keras', 'class_name': 'DTypePolicy', 'config': {'name': 'float32'}, 'registered_name': None}, 'axis': 3, 'momentum': 0.99, 'epsilon': 0.001, 'center': True, 'scale': True, 'beta_initializer': {'module': 'keras.initializers', 'class_name': 'Zeros', 'config': {}, 'registered_name': None}, 'gamma_initializer': {'module': 'keras.initializers', 'class_name': 'Ones', 'config': {}, 'registered_name': None}, 'moving_mean_initializer': {'module': 'keras.initializers', 'class_name': 'Zeros', 'config': {}, 'registered_name': None}, 'moving_variance_initializer': {'module': 'keras.initializers', 'class_name': 'Ones', 'config': {}, 'registered_name': None}, 'beta_regularizer': None, 'gamma_regularizer': None, 'beta_constraint': None, 'gamma_constraint': None, 'synchronized': False}, 'registered_name': None, 'build_config': {'input_shape': [None, 8, 8, 192]}, 'name': 'block6e_project_bn', 'inbound_nodes': [{'args': [{'class_name': '__keras_tensor__', 'config': {'shape': [None, 8, 8, 192], 'dtype': 'float32', 'keras_history': ['block6e_project_conv', 0, 0]}}], 'kwargs': {'mask': None}}]}, {'module': 'keras.layers', 'class_name': 'Dropout', 'config': {'name': 'block6e_drop', 'trainable': True, 'dtype': {'module': 'keras', 'class_name': 'DTypePolicy', 'config': {'name': 'float32'}, 'registered_name': None}, 'rate': 0.17391304347826086, 'seed': None, 'noise_shape': [None, 1, 1, 1]}, 'registered_name': None, 'name': 'block6e_drop', 'inbound_nodes': [{'args': [{'class_name': '__keras_tensor__', 'config': {'shape': [None, 8, 8, 192], 'dtype': 'float32', 'keras_history': ['block6e_project_bn', 0, 0]}}], 'kwargs': {'training': False}}]}, {'module': 'keras.layers', 'class_name': 'Add', 'config': {'name': 'block6e_add', 'trainable': True, 'dtype': {'module': 'keras', 'class_name': 'DTypePolicy', 'config': {'name': 'float32'}, 'registered_name': None}}, 'registered_name': None, 'build_config': {'input_shape': [[None, 8, 8, 192], [None, 8, 8, 192]]}, 'name': 'block6e_add', 'inbound_nodes': [{'args': [[{'class_name': '__keras_tensor__', 'config': {'shape': [None, 8, 8, 192], 'dtype': 'float32', 'keras_history': ['block6e_drop', 0, 0]}}, {'class_name': '__keras_tensor__', 'config': {'shape': [None, 8, 8, 192], 'dtype': 'float32', 'keras_history': ['block6d_add', 0, 0]}}]], 'kwargs': {}}]}, {'module': 'keras.layers', 'class_name': 'Conv2D', 'config': {'name': 'block7a_expand_conv', 'trainable': True, 'dtype': {'module': 'keras', 'class_name': 'DTypePolicy', 'config': {'name': 'float32'}, 'registered_name': None}, 'filters': 1152, 'kernel_size': [1, 1], 'strides': [1, 1], 'padding': 'same', 'data_format': 'channels_last', 'dilation_rate': [1, 1], 'groups': 1, 'activation': 'linear', 'use_bias': False, 'kernel_initializer': {'module': 'keras.initializers', 'class_name': 'VarianceScaling', 'config': {'seed': None, 'scale': 2.0, 'mode': 'fan_out', 'distribution': 'truncated_normal'}, 'registered_name': None}, 'bias_initializer': {'module': 'keras.initializers', 'class_name': 'Zeros', 'config': {}, 'registered_name': None}, 'kernel_regularizer': None, 'bias_regularizer': None, 'activity_regularizer': None, 'kernel_constraint': None, 'bias_constraint': None}, 'registered_name': None, 'build_config': {'input_shape': [None, 8, 8, 192]}, 'name': 'block7a_expand_conv', 'inbound_nodes': [{'args': [{'class_name': '__keras_tensor__', 'config': {'shape': [None, 8, 8, 192], 'dtype': 'float32', 'keras_history': ['block6e_add', 0, 0]}}], 'kwargs': {}}]}, {'module': 'keras.layers', 'class_name': 'BatchNormalization', 'config': {'name': 'block7a_expand_bn', 'trainable': True, 'dtype': {'module': 'keras', 'class_name': 'DTypePolicy', 'config': {'name': 'float32'}, 'registered_name': None}, 'axis': 3, 'momentum': 0.99, 'epsilon': 0.001, 'center': True, 'scale': True, 'beta_initializer': {'module': 'keras.initializers', 'class_name': 'Zeros', 'config': {}, 'registered_name': None}, 'gamma_initializer': {'module': 'keras.initializers', 'class_name': 'Ones', 'config': {}, 'registered_name': None}, 'moving_mean_initializer': {'module': 'keras.initializers', 'class_name': 'Zeros', 'config': {}, 'registered_name': None}, 'moving_variance_initializer': {'module': 'keras.initializers', 'class_name': 'Ones', 'config': {}, 'registered_name': None}, 'beta_regularizer': None, 'gamma_regularizer': None, 'beta_constraint': None, 'gamma_constraint': None, 'synchronized': False}, 'registered_name': None, 'build_config': {'input_shape': [None, 8, 8, 1152]}, 'name': 'block7a_expand_bn', 'inbound_nodes': [{'args': [{'class_name': '__keras_tensor__', 'config': {'shape': [None, 8, 8, 1152], 'dtype': 'float32', 'keras_history': ['block7a_expand_conv', 0, 0]}}], 'kwargs': {'mask': None}}]}, {'module': 'keras.layers', 'class_name': 'Activation', 'config': {'name': 'block7a_expand_activation', 'trainable': True, 'dtype': {'module': 'keras', 'class_name': 'DTypePolicy', 'config': {'name': 'float32'}, 'registered_name': None}, 'activation': 'silu'}, 'registered_name': None, 'name': 'block7a_expand_activation', 'inbound_nodes': [{'args': [{'class_name': '__keras_tensor__', 'config': {'shape': [None, 8, 8, 1152], 'dtype': 'float32', 'keras_history': ['block7a_expand_bn', 0, 0]}}], 'kwargs': {}}]}, {'module': 'keras.layers', 'class_name': 'DepthwiseConv2D', 'config': {'name': 'block7a_dwconv', 'trainable': True, 'dtype': {'module': 'keras', 'class_name': 'DTypePolicy', 'config': {'name': 'float32'}, 'registered_name': None}, 'depth_multiplier': 1, 'kernel_size': [3, 3], 'strides': [1, 1], 'padding': 'same', 'data_format': 'channels_last', 'dilation_rate': [1, 1], 'activation': 'linear', 'use_bias': False, 'depthwise_initializer': {'module': 'keras.initializers', 'class_name': 'VarianceScaling', 'config': {'seed': None, 'scale': 2.0, 'mode': 'fan_out', 'distribution': 'truncated_normal'}, 'registered_name': None}, 'bias_initializer': {'module': 'keras.initializers', 'class_name': 'Zeros', 'config': {}, 'registered_name': None}, 'depthwise_regularizer': None, 'bias_regularizer': None, 'activity_regularizer': None, 'depthwise_constraint': None, 'bias_constraint': None}, 'registered_name': None, 'build_config': {'input_shape': [None, 8, 8, 1152]}, 'name': 'block7a_dwconv', 'inbound_nodes': [{'args': [{'class_name': '__keras_tensor__', 'config': {'shape': [None, 8, 8, 1152], 'dtype': 'float32', 'keras_history': ['block7a_expand_activation', 0, 0]}}], 'kwargs': {}}]}, {'module': 'keras.layers', 'class_name': 'BatchNormalization', 'config': {'name': 'block7a_bn', 'trainable': True, 'dtype': {'module': 'keras', 'class_name': 'DTypePolicy', 'config': {'name': 'float32'}, 'registered_name': None}, 'axis': 3, 'momentum': 0.99, 'epsilon': 0.001, 'center': True, 'scale': True, 'beta_initializer': {'module': 'keras.initializers', 'class_name': 'Zeros', 'config': {}, 'registered_name': None}, 'gamma_initializer': {'module': 'keras.initializers', 'class_name': 'Ones', 'config': {}, 'registered_name': None}, 'moving_mean_initializer': {'module': 'keras.initializers', 'class_name': 'Zeros', 'config': {}, 'registered_name': None}, 'moving_variance_initializer': {'module': 'keras.initializers', 'class_name': 'Ones', 'config': {}, 'registered_name': None}, 'beta_regularizer': None, 'gamma_regularizer': None, 'beta_constraint': None, 'gamma_constraint': None, 'synchronized': False}, 'registered_name': None, 'build_config': {'input_shape': [None, 8, 8, 1152]}, 'name': 'block7a_bn', 'inbound_nodes': [{'args': [{'class_name': '__keras_tensor__', 'config': {'shape': [None, 8, 8, 1152], 'dtype': 'float32', 'keras_history': ['block7a_dwconv', 0, 0]}}], 'kwargs': {'mask': None}}]}, {'module': 'keras.layers', 'class_name': 'Activation', 'config': {'name': 'block7a_activation', 'trainable': True, 'dtype': {'module': 'keras', 'class_name': 'DTypePolicy', 'config': {'name': 'float32'}, 'registered_name': None}, 'activation': 'silu'}, 'registered_name': None, 'name': 'block7a_activation', 'inbound_nodes': [{'args': [{'class_name': '__keras_tensor__', 'config': {'shape': [None, 8, 8, 1152], 'dtype': 'float32', 'keras_history': ['block7a_bn', 0, 0]}}], 'kwargs': {}}]}, {'module': 'keras.layers', 'class_name': 'GlobalAveragePooling2D', 'config': {'name': 'block7a_se_squeeze', 'trainable': True, 'dtype': {'module': 'keras', 'class_name': 'DTypePolicy', 'config': {'name': 'float32'}, 'registered_name': None}, 'data_format': 'channels_last', 'keepdims': False}, 'registered_name': None, 'name': 'block7a_se_squeeze', 'inbound_nodes': [{'args': [{'class_name': '__keras_tensor__', 'config': {'shape': [None, 8, 8, 1152], 'dtype': 'float32', 'keras_history': ['block7a_activation', 0, 0]}}], 'kwargs': {}}]}, {'module': 'keras.layers', 'class_name': 'Reshape', 'config': {'name': 'block7a_se_reshape', 'trainable': True, 'dtype': {'module': 'keras', 'class_name': 'DTypePolicy', 'config': {'name': 'float32'}, 'registered_name': None}, 'target_shape': [1, 1, 1152]}, 'registered_name': None, 'name': 'block7a_se_reshape', 'inbound_nodes': [{'args': [{'class_name': '__keras_tensor__', 'config': {'shape': [None, 1152], 'dtype': 'float32', 'keras_history': ['block7a_se_squeeze', 0, 0]}}], 'kwargs': {}}]}, {'module': 'keras.layers', 'class_name': 'Conv2D', 'config': {'name': 'block7a_se_reduce', 'trainable': True, 'dtype': {'module': 'keras', 'class_name': 'DTypePolicy', 'config': {'name': 'float32'}, 'registered_name': None}, 'filters': 48, 'kernel_size': [1, 1], 'strides': [1, 1], 'padding': 'same', 'data_format': 'channels_last', 'dilation_rate': [1, 1], 'groups': 1, 'activation': 'silu', 'use_bias': True, 'kernel_initializer': {'module': 'keras.initializers', 'class_name': 'VarianceScaling', 'config': {'seed': None, 'scale': 2.0, 'mode': 'fan_out', 'distribution': 'truncated_normal'}, 'registered_name': None}, 'bias_initializer': {'module': 'keras.initializers', 'class_name': 'Zeros', 'config': {}, 'registered_name': None}, 'kernel_regularizer': None, 'bias_regularizer': None, 'activity_regularizer': None, 'kernel_constraint': None, 'bias_constraint': None}, 'registered_name': None, 'build_config': {'input_shape': [None, 1, 1, 1152]}, 'name': 'block7a_se_reduce', 'inbound_nodes': [{'args': [{'class_name': '__keras_tensor__', 'config': {'shape': [None, 1, 1, 1152], 'dtype': 'float32', 'keras_history': ['block7a_se_reshape', 0, 0]}}], 'kwargs': {}}]}, {'module': 'keras.layers', 'class_name': 'Conv2D', 'config': {'name': 'block7a_se_expand', 'trainable': True, 'dtype': {'module': 'keras', 'class_name': 'DTypePolicy', 'config': {'name': 'float32'}, 'registered_name': None}, 'filters': 1152, 'kernel_size': [1, 1], 'strides': [1, 1], 'padding': 'same', 'data_format': 'channels_last', 'dilation_rate': [1, 1], 'groups': 1, 'activation': 'sigmoid', 'use_bias': True, 'kernel_initializer': {'module': 'keras.initializers', 'class_name': 'VarianceScaling', 'config': {'seed': None, 'scale': 2.0, 'mode': 'fan_out', 'distribution': 'truncated_normal'}, 'registered_name': None}, 'bias_initializer': {'module': 'keras.initializers', 'class_name': 'Zeros', 'config': {}, 'registered_name': None}, 'kernel_regularizer': None, 'bias_regularizer': None, 'activity_regularizer': None, 'kernel_constraint': None, 'bias_constraint': None}, 'registered_name': None, 'build_config': {'input_shape': [None, 1, 1, 48]}, 'name': 'block7a_se_expand', 'inbound_nodes': [{'args': [{'class_name': '__keras_tensor__', 'config': {'shape': [None, 1, 1, 48], 'dtype': 'float32', 'keras_history': ['block7a_se_reduce', 0, 0]}}], 'kwargs': {}}]}, {'module': 'keras.layers', 'class_name': 'Multiply', 'config': {'name': 'block7a_se_excite', 'trainable': True, 'dtype': {'module': 'keras', 'class_name': 'DTypePolicy', 'config': {'name': 'float32'}, 'registered_name': None}}, 'registered_name': None, 'build_config': {'input_shape': [[None, 8, 8, 1152], [None, 1, 1, 1152]]}, 'name': 'block7a_se_excite', 'inbound_nodes': [{'args': [[{'class_name': '__keras_tensor__', 'config': {'shape': [None, 8, 8, 1152], 'dtype': 'float32', 'keras_history': ['block7a_activation', 0, 0]}}, {'class_name': '__keras_tensor__', 'config': {'shape': [None, 1, 1, 1152], 'dtype': 'float32', 'keras_history': ['block7a_se_expand', 0, 0]}}]], 'kwargs': {}}]}, {'module': 'keras.layers', 'class_name': 'Conv2D', 'config': {'name': 'block7a_project_conv', 'trainable': True, 'dtype': {'module': 'keras', 'class_name': 'DTypePolicy', 'config': {'name': 'float32'}, 'registered_name': None}, 'filters': 320, 'kernel_size': [1, 1], 'strides': [1, 1], 'padding': 'same', 'data_format': 'channels_last', 'dilation_rate': [1, 1], 'groups': 1, 'activation': 'linear', 'use_bias': False, 'kernel_initializer': {'module': 'keras.initializers', 'class_name': 'VarianceScaling', 'config': {'seed': None, 'scale': 2.0, 'mode': 'fan_out', 'distribution': 'truncated_normal'}, 'registered_name': None}, 'bias_initializer': {'module': 'keras.initializers', 'class_name': 'Zeros', 'config': {}, 'registered_name': None}, 'kernel_regularizer': None, 'bias_regularizer': None, 'activity_regularizer': None, 'kernel_constraint': None, 'bias_constraint': None}, 'registered_name': None, 'build_config': {'input_shape': [None, 8, 8, 1152]}, 'name': 'block7a_project_conv', 'inbound_nodes': [{'args': [{'class_name': '__keras_tensor__', 'config': {'shape': [None, 8, 8, 1152], 'dtype': 'float32', 'keras_history': ['block7a_se_excite', 0, 0]}}], 'kwargs': {}}]}, {'module': 'keras.layers', 'class_name': 'BatchNormalization', 'config': {'name': 'block7a_project_bn', 'trainable': True, 'dtype': {'module': 'keras', 'class_name': 'DTypePolicy', 'config': {'name': 'float32'}, 'registered_name': None}, 'axis': 3, 'momentum': 0.99, 'epsilon': 0.001, 'center': True, 'scale': True, 'beta_initializer': {'module': 'keras.initializers', 'class_name': 'Zeros', 'config': {}, 'registered_name': None}, 'gamma_initializer': {'module': 'keras.initializers', 'class_name': 'Ones', 'config': {}, 'registered_name': None}, 'moving_mean_initializer': {'module': 'keras.initializers', 'class_name': 'Zeros', 'config': {}, 'registered_name': None}, 'moving_variance_initializer': {'module': 'keras.initializers', 'class_name': 'Ones', 'config': {}, 'registered_name': None}, 'beta_regularizer': None, 'gamma_regularizer': None, 'beta_constraint': None, 'gamma_constraint': None, 'synchronized': False}, 'registered_name': None, 'build_config': {'input_shape': [None, 8, 8, 320]}, 'name': 'block7a_project_bn', 'inbound_nodes': [{'args': [{'class_name': '__keras_tensor__', 'config': {'shape': [None, 8, 8, 320], 'dtype': 'float32', 'keras_history': ['block7a_project_conv', 0, 0]}}], 'kwargs': {'mask': None}}]}, {'module': 'keras.layers', 'class_name': 'Conv2D', 'config': {'name': 'block7b_expand_conv', 'trainable': True, 'dtype': {'module': 'keras', 'class_name': 'DTypePolicy', 'config': {'name': 'float32'}, 'registered_name': None}, 'filters': 1920, 'kernel_size': [1, 1], 'strides': [1, 1], 'padding': 'same', 'data_format': 'channels_last', 'dilation_rate': [1, 1], 'groups': 1, 'activation': 'linear', 'use_bias': False, 'kernel_initializer': {'module': 'keras.initializers', 'class_name': 'VarianceScaling', 'config': {'seed': None, 'scale': 2.0, 'mode': 'fan_out', 'distribution': 'truncated_normal'}, 'registered_name': None}, 'bias_initializer': {'module': 'keras.initializers', 'class_name': 'Zeros', 'config': {}, 'registered_name': None}, 'kernel_regularizer': None, 'bias_regularizer': None, 'activity_regularizer': None, 'kernel_constraint': None, 'bias_constraint': None}, 'registered_name': None, 'build_config': {'input_shape': [None, 8, 8, 320]}, 'name': 'block7b_expand_conv', 'inbound_nodes': [{'args': [{'class_name': '__keras_tensor__', 'config': {'shape': [None, 8, 8, 320], 'dtype': 'float32', 'keras_history': ['block7a_project_bn', 0, 0]}}], 'kwargs': {}}]}, {'module': 'keras.layers', 'class_name': 'BatchNormalization', 'config': {'name': 'block7b_expand_bn', 'trainable': True, 'dtype': {'module': 'keras', 'class_name': 'DTypePolicy', 'config': {'name': 'float32'}, 'registered_name': None}, 'axis': 3, 'momentum': 0.99, 'epsilon': 0.001, 'center': True, 'scale': True, 'beta_initializer': {'module': 'keras.initializers', 'class_name': 'Zeros', 'config': {}, 'registered_name': None}, 'gamma_initializer': {'module': 'keras.initializers', 'class_name': 'Ones', 'config': {}, 'registered_name': None}, 'moving_mean_initializer': {'module': 'keras.initializers', 'class_name': 'Zeros', 'config': {}, 'registered_name': None}, 'moving_variance_initializer': {'module': 'keras.initializers', 'class_name': 'Ones', 'config': {}, 'registered_name': None}, 'beta_regularizer': None, 'gamma_regularizer': None, 'beta_constraint': None, 'gamma_constraint': None, 'synchronized': False}, 'registered_name': None, 'build_config': {'input_shape': [None, 8, 8, 1920]}, 'name': 'block7b_expand_bn', 'inbound_nodes': [{'args': [{'class_name': '__keras_tensor__', 'config': {'shape': [None, 8, 8, 1920], 'dtype': 'float32', 'keras_history': ['block7b_expand_conv', 0, 0]}}], 'kwargs': {'mask': None}}]}, {'module': 'keras.layers', 'class_name': 'Activation', 'config': {'name': 'block7b_expand_activation', 'trainable': True, 'dtype': {'module': 'keras', 'class_name': 'DTypePolicy', 'config': {'name': 'float32'}, 'registered_name': None}, 'activation': 'silu'}, 'registered_name': None, 'name': 'block7b_expand_activation', 'inbound_nodes': [{'args': [{'class_name': '__keras_tensor__', 'config': {'shape': [None, 8, 8, 1920], 'dtype': 'float32', 'keras_history': ['block7b_expand_bn', 0, 0]}}], 'kwargs': {}}]}, {'module': 'keras.layers', 'class_name': 'DepthwiseConv2D', 'config': {'name': 'block7b_dwconv', 'trainable': True, 'dtype': {'module': 'keras', 'class_name': 'DTypePolicy', 'config': {'name': 'float32'}, 'registered_name': None}, 'depth_multiplier': 1, 'kernel_size': [3, 3], 'strides': [1, 1], 'padding': 'same', 'data_format': 'channels_last', 'dilation_rate': [1, 1], 'activation': 'linear', 'use_bias': False, 'depthwise_initializer': {'module': 'keras.initializers', 'class_name': 'VarianceScaling', 'config': {'seed': None, 'scale': 2.0, 'mode': 'fan_out', 'distribution': 'truncated_normal'}, 'registered_name': None}, 'bias_initializer': {'module': 'keras.initializers', 'class_name': 'Zeros', 'config': {}, 'registered_name': None}, 'depthwise_regularizer': None, 'bias_regularizer': None, 'activity_regularizer': None, 'depthwise_constraint': None, 'bias_constraint': None}, 'registered_name': None, 'build_config': {'input_shape': [None, 8, 8, 1920]}, 'name': 'block7b_dwconv', 'inbound_nodes': [{'args': [{'class_name': '__keras_tensor__', 'config': {'shape': [None, 8, 8, 1920], 'dtype': 'float32', 'keras_history': ['block7b_expand_activation', 0, 0]}}], 'kwargs': {}}]}, {'module': 'keras.layers', 'class_name': 'BatchNormalization', 'config': {'name': 'block7b_bn', 'trainable': True, 'dtype': {'module': 'keras', 'class_name': 'DTypePolicy', 'config': {'name': 'float32'}, 'registered_name': None}, 'axis': 3, 'momentum': 0.99, 'epsilon': 0.001, 'center': True, 'scale': True, 'beta_initializer': {'module': 'keras.initializers', 'class_name': 'Zeros', 'config': {}, 'registered_name': None}, 'gamma_initializer': {'module': 'keras.initializers', 'class_name': 'Ones', 'config': {}, 'registered_name': None}, 'moving_mean_initializer': {'module': 'keras.initializers', 'class_name': 'Zeros', 'config': {}, 'registered_name': None}, 'moving_variance_initializer': {'module': 'keras.initializers', 'class_name': 'Ones', 'config': {}, 'registered_name': None}, 'beta_regularizer': None, 'gamma_regularizer': None, 'beta_constraint': None, 'gamma_constraint': None, 'synchronized': False}, 'registered_name': None, 'build_config': {'input_shape': [None, 8, 8, 1920]}, 'name': 'block7b_bn', 'inbound_nodes': [{'args': [{'class_name': '__keras_tensor__', 'config': {'shape': [None, 8, 8, 1920], 'dtype': 'float32', 'keras_history': ['block7b_dwconv', 0, 0]}}], 'kwargs': {'mask': None}}]}, {'module': 'keras.layers', 'class_name': 'Activation', 'config': {'name': 'block7b_activation', 'trainable': True, 'dtype': {'module': 'keras', 'class_name': 'DTypePolicy', 'config': {'name': 'float32'}, 'registered_name': None}, 'activation': 'silu'}, 'registered_name': None, 'name': 'block7b_activation', 'inbound_nodes': [{'args': [{'class_name': '__keras_tensor__', 'config': {'shape': [None, 8, 8, 1920], 'dtype': 'float32', 'keras_history': ['block7b_bn', 0, 0]}}], 'kwargs': {}}]}, {'module': 'keras.layers', 'class_name': 'GlobalAveragePooling2D', 'config': {'name': 'block7b_se_squeeze', 'trainable': True, 'dtype': {'module': 'keras', 'class_name': 'DTypePolicy', 'config': {'name': 'float32'}, 'registered_name': None}, 'data_format': 'channels_last', 'keepdims': False}, 'registered_name': None, 'name': 'block7b_se_squeeze', 'inbound_nodes': [{'args': [{'class_name': '__keras_tensor__', 'config': {'shape': [None, 8, 8, 1920], 'dtype': 'float32', 'keras_history': ['block7b_activation', 0, 0]}}], 'kwargs': {}}]}, {'module': 'keras.layers', 'class_name': 'Reshape', 'config': {'name': 'block7b_se_reshape', 'trainable': True, 'dtype': {'module': 'keras', 'class_name': 'DTypePolicy', 'config': {'name': 'float32'}, 'registered_name': None}, 'target_shape': [1, 1, 1920]}, 'registered_name': None, 'name': 'block7b_se_reshape', 'inbound_nodes': [{'args': [{'class_name': '__keras_tensor__', 'config': {'shape': [None, 1920], 'dtype': 'float32', 'keras_history': ['block7b_se_squeeze', 0, 0]}}], 'kwargs': {}}]}, {'module': 'keras.layers', 'class_name': 'Conv2D', 'config': {'name': 'block7b_se_reduce', 'trainable': True, 'dtype': {'module': 'keras', 'class_name': 'DTypePolicy', 'config': {'name': 'float32'}, 'registered_name': None}, 'filters': 80, 'kernel_size': [1, 1], 'strides': [1, 1], 'padding': 'same', 'data_format': 'channels_last', 'dilation_rate': [1, 1], 'groups': 1, 'activation': 'silu', 'use_bias': True, 'kernel_initializer': {'module': 'keras.initializers', 'class_name': 'VarianceScaling', 'config': {'seed': None, 'scale': 2.0, 'mode': 'fan_out', 'distribution': 'truncated_normal'}, 'registered_name': None}, 'bias_initializer': {'module': 'keras.initializers', 'class_name': 'Zeros', 'config': {}, 'registered_name': None}, 'kernel_regularizer': None, 'bias_regularizer': None, 'activity_regularizer': None, 'kernel_constraint': None, 'bias_constraint': None}, 'registered_name': None, 'build_config': {'input_shape': [None, 1, 1, 1920]}, 'name': 'block7b_se_reduce', 'inbound_nodes': [{'args': [{'class_name': '__keras_tensor__', 'config': {'shape': [None, 1, 1, 1920], 'dtype': 'float32', 'keras_history': ['block7b_se_reshape', 0, 0]}}], 'kwargs': {}}]}, {'module': 'keras.layers', 'class_name': 'Conv2D', 'config': {'name': 'block7b_se_expand', 'trainable': True, 'dtype': {'module': 'keras', 'class_name': 'DTypePolicy', 'config': {'name': 'float32'}, 'registered_name': None}, 'filters': 1920, 'kernel_size': [1, 1], 'strides': [1, 1], 'padding': 'same', 'data_format': 'channels_last', 'dilation_rate': [1, 1], 'groups': 1, 'activation': 'sigmoid', 'use_bias': True, 'kernel_initializer': {'module': 'keras.initializers', 'class_name': 'VarianceScaling', 'config': {'seed': None, 'scale': 2.0, 'mode': 'fan_out', 'distribution': 'truncated_normal'}, 'registered_name': None}, 'bias_initializer': {'module': 'keras.initializers', 'class_name': 'Zeros', 'config': {}, 'registered_name': None}, 'kernel_regularizer': None, 'bias_regularizer': None, 'activity_regularizer': None, 'kernel_constraint': None, 'bias_constraint': None}, 'registered_name': None, 'build_config': {'input_shape': [None, 1, 1, 80]}, 'name': 'block7b_se_expand', 'inbound_nodes': [{'args': [{'class_name': '__keras_tensor__', 'config': {'shape': [None, 1, 1, 80], 'dtype': 'float32', 'keras_history': ['block7b_se_reduce', 0, 0]}}], 'kwargs': {}}]}, {'module': 'keras.layers', 'class_name': 'Multiply', 'config': {'name': 'block7b_se_excite', 'trainable': True, 'dtype': {'module': 'keras', 'class_name': 'DTypePolicy', 'config': {'name': 'float32'}, 'registered_name': None}}, 'registered_name': None, 'build_config': {'input_shape': [[None, 8, 8, 1920], [None, 1, 1, 1920]]}, 'name': 'block7b_se_excite', 'inbound_nodes': [{'args': [[{'class_name': '__keras_tensor__', 'config': {'shape': [None, 8, 8, 1920], 'dtype': 'float32', 'keras_history': ['block7b_activation', 0, 0]}}, {'class_name': '__keras_tensor__', 'config': {'shape': [None, 1, 1, 1920], 'dtype': 'float32', 'keras_history': ['block7b_se_expand', 0, 0]}}]], 'kwargs': {}}]}, {'module': 'keras.layers', 'class_name': 'Conv2D', 'config': {'name': 'block7b_project_conv', 'trainable': True, 'dtype': {'module': 'keras', 'class_name': 'DTypePolicy', 'config': {'name': 'float32'}, 'registered_name': None}, 'filters': 320, 'kernel_size': [1, 1], 'strides': [1, 1], 'padding': 'same', 'data_format': 'channels_last', 'dilation_rate': [1, 1], 'groups': 1, 'activation': 'linear', 'use_bias': False, 'kernel_initializer': {'module': 'keras.initializers', 'class_name': 'VarianceScaling', 'config': {'seed': None, 'scale': 2.0, 'mode': 'fan_out', 'distribution': 'truncated_normal'}, 'registered_name': None}, 'bias_initializer': {'module': 'keras.initializers', 'class_name': 'Zeros', 'config': {}, 'registered_name': None}, 'kernel_regularizer': None, 'bias_regularizer': None, 'activity_regularizer': None, 'kernel_constraint': None, 'bias_constraint': None}, 'registered_name': None, 'build_config': {'input_shape': [None, 8, 8, 1920]}, 'name': 'block7b_project_conv', 'inbound_nodes': [{'args': [{'class_name': '__keras_tensor__', 'config': {'shape': [None, 8, 8, 1920], 'dtype': 'float32', 'keras_history': ['block7b_se_excite', 0, 0]}}], 'kwargs': {}}]}, {'module': 'keras.layers', 'class_name': 'BatchNormalization', 'config': {'name': 'block7b_project_bn', 'trainable': True, 'dtype': {'module': 'keras', 'class_name': 'DTypePolicy', 'config': {'name': 'float32'}, 'registered_name': None}, 'axis': 3, 'momentum': 0.99, 'epsilon': 0.001, 'center': True, 'scale': True, 'beta_initializer': {'module': 'keras.initializers', 'class_name': 'Zeros', 'config': {}, 'registered_name': None}, 'gamma_initializer': {'module': 'keras.initializers', 'class_name': 'Ones', 'config': {}, 'registered_name': None}, 'moving_mean_initializer': {'module': 'keras.initializers', 'class_name': 'Zeros', 'config': {}, 'registered_name': None}, 'moving_variance_initializer': {'module': 'keras.initializers', 'class_name': 'Ones', 'config': {}, 'registered_name': None}, 'beta_regularizer': None, 'gamma_regularizer': None, 'beta_constraint': None, 'gamma_constraint': None, 'synchronized': False}, 'registered_name': None, 'build_config': {'input_shape': [None, 8, 8, 320]}, 'name': 'block7b_project_bn', 'inbound_nodes': [{'args': [{'class_name': '__keras_tensor__', 'config': {'shape': [None, 8, 8, 320], 'dtype': 'float32', 'keras_history': ['block7b_project_conv', 0, 0]}}], 'kwargs': {'mask': None}}]}, {'module': 'keras.layers', 'class_name': 'Dropout', 'config': {'name': 'block7b_drop', 'trainable': True, 'dtype': {'module': 'keras', 'class_name': 'DTypePolicy', 'config': {'name': 'float32'}, 'registered_name': None}, 'rate': 0.19130434782608696, 'seed': None, 'noise_shape': [None, 1, 1, 1]}, 'registered_name': None, 'name': 'block7b_drop', 'inbound_nodes': [{'args': [{'class_name': '__keras_tensor__', 'config': {'shape': [None, 8, 8, 320], 'dtype': 'float32', 'keras_history': ['block7b_project_bn', 0, 0]}}], 'kwargs': {'training': False}}]}, {'module': 'keras.layers', 'class_name': 'Add', 'config': {'name': 'block7b_add', 'trainable': True, 'dtype': {'module': 'keras', 'class_name': 'DTypePolicy', 'config': {'name': 'float32'}, 'registered_name': None}}, 'registered_name': None, 'build_config': {'input_shape': [[None, 8, 8, 320], [None, 8, 8, 320]]}, 'name': 'block7b_add', 'inbound_nodes': [{'args': [[{'class_name': '__keras_tensor__', 'config': {'shape': [None, 8, 8, 320], 'dtype': 'float32', 'keras_history': ['block7b_drop', 0, 0]}}, {'class_name': '__keras_tensor__', 'config': {'shape': [None, 8, 8, 320], 'dtype': 'float32', 'keras_history': ['block7a_project_bn', 0, 0]}}]], 'kwargs': {}}]}, {'module': 'keras.layers', 'class_name': 'Conv2D', 'config': {'name': 'top_conv', 'trainable': True, 'dtype': {'module': 'keras', 'class_name': 'DTypePolicy', 'config': {'name': 'float32'}, 'registered_name': None}, 'filters': 1280, 'kernel_size': [1, 1], 'strides': [1, 1], 'padding': 'same', 'data_format': 'channels_last', 'dilation_rate': [1, 1], 'groups': 1, 'activation': 'linear', 'use_bias': False, 'kernel_initializer': {'module': 'keras.initializers', 'class_name': 'VarianceScaling', 'config': {'seed': None, 'scale': 2.0, 'mode': 'fan_out', 'distribution': 'truncated_normal'}, 'registered_name': None}, 'bias_initializer': {'module': 'keras.initializers', 'class_name': 'Zeros', 'config': {}, 'registered_name': None}, 'kernel_regularizer': None, 'bias_regularizer': None, 'activity_regularizer': None, 'kernel_constraint': None, 'bias_constraint': None}, 'registered_name': None, 'build_config': {'input_shape': [None, 8, 8, 320]}, 'name': 'top_conv', 'inbound_nodes': [{'args': [{'class_name': '__keras_tensor__', 'config': {'shape': [None, 8, 8, 320], 'dtype': 'float32', 'keras_history': ['block7b_add', 0, 0]}}], 'kwargs': {}}]}, {'module': 'keras.layers', 'class_name': 'BatchNormalization', 'config': {'name': 'top_bn', 'trainable': True, 'dtype': {'module': 'keras', 'class_name': 'DTypePolicy', 'config': {'name': 'float32'}, 'registered_name': None}, 'axis': 3, 'momentum': 0.99, 'epsilon': 0.001, 'center': True, 'scale': True, 'beta_initializer': {'module': 'keras.initializers', 'class_name': 'Zeros', 'config': {}, 'registered_name': None}, 'gamma_initializer': {'module': 'keras.initializers', 'class_name': 'Ones', 'config': {}, 'registered_name': None}, 'moving_mean_initializer': {'module': 'keras.initializers', 'class_name': 'Zeros', 'config': {}, 'registered_name': None}, 'moving_variance_initializer': {'module': 'keras.initializers', 'class_name': 'Ones', 'config': {}, 'registered_name': None}, 'beta_regularizer': None, 'gamma_regularizer': None, 'beta_constraint': None, 'gamma_constraint': None, 'synchronized': False}, 'registered_name': None, 'build_config': {'input_shape': [None, 8, 8, 1280]}, 'name': 'top_bn', 'inbound_nodes': [{'args': [{'class_name': '__keras_tensor__', 'config': {'shape': [None, 8, 8, 1280], 'dtype': 'float32', 'keras_history': ['top_conv', 0, 0]}}], 'kwargs': {'mask': None}}]}, {'module': 'keras.layers', 'class_name': 'Activation', 'config': {'name': 'top_activation', 'trainable': True, 'dtype': {'module': 'keras', 'class_name': 'DTypePolicy', 'config': {'name': 'float32'}, 'registered_name': None}, 'activation': 'silu'}, 'registered_name': None, 'name': 'top_activation', 'inbound_nodes': [{'args': [{'class_name': '__keras_tensor__', 'config': {'shape': [None, 8, 8, 1280], 'dtype': 'float32', 'keras_history': ['top_bn', 0, 0]}}], 'kwargs': {}}]}], 'input_layers': ['input_layer_2', 0, 0], 'output_layers': ['top_activation', 0, 0]}, 'registered_name': 'Functional', 'build_config': {'input_shape': None}, 'compile_config': {}, 'name': 'efficientnetb1', 'inbound_nodes': [{'args': [{'class_name': '__keras_tensor__', 'config': {'shape': [None, 240, 240, 3], 'dtype': 'float32', 'keras_history': ['input_layer_3', 0, 0]}}], 'kwargs': {'training': False, 'mask': None}}]}.

Exception encountered: functional_from_config.<locals>.get_tensor() takes 3 positional arguments but 13 were given
INFO:     Started server process [10193]
INFO:     Waiting for application startup.
INFO:     Application startup complete.
INFO:     Uvicorn running on http://0.0.0.0:8000 (Press CTRL+C to quit)
